******************************************************************************
                  TI ARM Linker PC v5.1.6                      
******************************************************************************
>> Linked Tue Sep 15 13:57:27 2015

OUTPUT FILE NAME:   <FRT.out>
ENTRY POINT SYMBOL: "_c_int00"  address: 000041b5


MEMORY CONFIGURATION

         name            origin    length      used     unused   attr    fill
----------------------  --------  ---------  --------  --------  ----  --------
  FLASH                 00000000   00040000  00004a40  0003b5c0  R  X
  SRAM                  20000000   00010000  0000abb0  00005450  RW X


SEGMENT ALLOCATION MAP

run origin  load origin   length   init length attrs members
----------  ----------- ---------- ----------- ----- -------
00000000    00000000    00004a40   00004a40    r-x
  00000000    00000000    000000f0   000000f0    r-- .intvecs
  000000f0    000000f0    000043d8   000043d8    r-x .text
  000044c8    000044c8    00000528   00000528    r-- .const
  000049f0    000049f0    00000050   00000050    r-- .cinit
20000000    20000000    0000abb4   00000000    rw-
  20000000    20000000    0000026c   00000000    rw- .vtable
  2000026c    2000026c    00004000   00000000    rw- .stack
  20004270    20004270    00004000   00000000    rw- .sysmem
  20008270    20008270    000028f4   00000000    rw- .bss
  2000ab64    2000ab64    00000050   00000000    rw- .data


SECTION ALLOCATION MAP

 output                                  attributes/
section   page    origin      length       input sections
--------  ----  ----------  ----------   ----------------
.intvecs   0    00000000    000000f0     
                  00000000    000000f0     startup_ccs.obj (.intvecs)

.text      0    000000f0    000043d8     
                  000000f0    00000ebc     rtsv7M3_T_le_eabi.lib : _printfi.obj (.text)
                  00000fac    00000c74     tasks.obj (.text)
                  00001c20    00000614     queue.obj (.text)
                  00002234    00000510     rit128x96x4.obj (.text)
                  00002744    000002ec     main.obj (.text)
                  00002a30    000001f4     rtsv7M3_T_le_eabi.lib : ull_div_t2.obj (.text)
                  00002c24    000001d8     driverlib-cm3.lib : sysctl.obj (.text:SysCtlClockGet)
                  00002dfc    000001bc     heap_2.obj (.text)
                  00002fb8    000001b6     rtsv7M3_T_le_eabi.lib : fd_add_t2.obj (.text)
                  0000316e    00000002     --HOLE-- [fill = 0]
                  00003170    00000144     driverlib-cm3.lib : sysctl.obj (.text:SysCtlClockSet)
                  000032b4    00000136     rtsv7M3_T_le_eabi.lib : fd_div_t2.obj (.text)
                  000033ea    0000012e     list.obj (.text)
                  00003518    00000118     stopwatch.obj (.text)
                  00003630    000000fc     rtsv7M3_T_le_eabi.lib : fd_mul_t2.obj (.text)
                  0000372c    000000e4     port.obj (.text)
                  00003810    000000d8     UART.obj (.text)
                  000038e8    000000c8     driverlib-cm3.lib : gpio.obj (.text:GPIOPadConfigSet)
                  000039b0    0000009c     portasm.obj (.text)
                  00003a4c    0000009c     rtsv7M3_T_le_eabi.lib : memcpy_t2.obj (.text)
                  00003ae8    00000094                           : auto_init.obj (.text)
                  00003b7c    00000086                           : fd_cmp_t2.obj (.text:__aeabi_cdcmple)
                  00003c02    00000086                           : fd_cmp_t2.obj (.text:__aeabi_cdrcmple)
                  00003c88    0000007c     uut_gpio.obj (.text)
                  00003d04    00000078     rtsv7M3_T_le_eabi.lib : memset_t2.obj (.text)
                  00003d7c    00000064     driverlib-cm3.lib : interrupt.obj (.text:IntEnable)
                  00003de0    00000060     rtsv7M3_T_le_eabi.lib : sprintf.obj (.text)
                  00003e40    0000005e                           : copy_decompress_rle.obj (.text)
                  00003e9e    0000005a                           : ltoa.obj (.text)
                  00003ef8    00000058     driverlib-cm3.lib : sysctl.obj (.text:SysCtlPeripheralEnable)
                  00003f50    0000004c     rtsv7M3_T_le_eabi.lib : atoi.obj (.text)
                  00003f9c    00000048     driverlib-cm3.lib : gpio.obj (.text:GPIOPinConfigure)
                  00003fe4    00000048     rtsv7M3_T_le_eabi.lib : fd_toi_t2.obj (.text)
                  0000402c    00000044     driverlib-cm3.lib : ssi.obj (.text:SSIConfigSetExpClk)
                  00004070    00000044     rtsv7M3_T_le_eabi.lib : cpy_tbl.obj (.text)
                  000040b4    00000044                           : exit.obj (.text)
                  000040f8    00000044                           : xdtest.obj (.text)
                  0000413c    00000042     driverlib-cm3.lib : uart.obj (.text:UARTConfigSetExpClk)
                  0000417e    00000002     --HOLE-- [fill = 0]
                  00004180    00000034                       : interrupt.obj (.text:IntRegister)
                  000041b4    00000034     rtsv7M3_T_le_eabi.lib : boot.obj (.text)
                  000041e8    00000030                           : strncpy.obj (.text)
                  00004218    0000002e     driverlib-cm3.lib : gpio.obj (.text:GPIODirModeSet)
                  00004246    0000002e     rtsv7M3_T_le_eabi.lib : i_tofd_t2.obj (.text)
                  00004274    00000026                           : strncmp.obj (.text)
                  0000429a    00000022                           : memcmp.obj (.text)
                  000042bc    00000020     driverlib-cm3.lib : uart.obj (.text:UARTIntNumberGet)
                  000042dc    0000001c                       : uart.obj (.text:UARTDisable)
                  000042f8    0000001a     rtsv7M3_T_le_eabi.lib : memccpy.obj (.text)
                  00004312    00000018     driverlib-cm3.lib : uart.obj (.text:UARTIntRegister)
                  0000432a    00000002     --HOLE-- [fill = 0]
                  0000432c    00000018     rtsv7M3_T_le_eabi.lib : args_main.obj (.text)
                  00004344    00000018                           : ll_mul_t2.obj (.text)
                  0000435c    00000014     driverlib-cm3.lib : uart.obj (.text:UARTEnable)
                  00004370    00000014     rtsv7M3_T_le_eabi.lib : _lock.obj (.text)
                  00004384    00000014                           : strlen.obj (.text)
                  00004398    00000012     driverlib-cm3.lib : gpio.obj (.text:GPIOPinTypeGPIOOutput)
                  000043aa    00000012                       : gpio.obj (.text:GPIOPinTypeSSI)
                  000043bc    00000012                       : gpio.obj (.text:GPIOPinTypeUART)
                  000043ce    00000012                       : ssi.obj (.text:SSIDataGetNonBlocking)
                  000043e0    00000012     rtsv7M3_T_le_eabi.lib : copy_zero_init.obj (.text:decompress:ZI)
                  000043f2    00000002     --HOLE-- [fill = 0]
                  000043f4    00000010     driverlib-cm3.lib : systick.obj (.text:SysTickPeriodGet)
                  00004404    00000010                       : uart.obj (.text:UARTCharGetNonBlocking)
                  00004414    00000010                       : uart.obj (.text:UARTCharPutNonBlocking)
                  00004424    0000000e     rtsv7M3_T_le_eabi.lib : copy_decompress_none.obj (.text:decompress:none)
                  00004432    0000000e                           : xdclass.obj (.text)
                  00004440    0000000c     driverlib-cm3.lib : cpu.obj (.text:CPUcpsie)
                  0000444c    0000000c                       : systick.obj (.text:SysTickValueGet)
                  00004458    0000000c                       : uart.obj (.text:UARTCharsAvail)
                  00004464    0000000c     startup_ccs.obj (.text)
                  00004470    0000000a     driverlib-cm3.lib : interrupt.obj (.text:IntMasterEnable)
                  0000447a    0000000a                       : ssi.obj (.text:SSIDataPut)
                  00004484    0000000a                       : ssi.obj (.text:SSIDisable)
                  0000448e    0000000a                       : ssi.obj (.text:SSIEnable)
                  00004498    0000000a                       : uart.obj (.text:UARTIntStatus)
                  000044a2    00000008                       : ssi.obj (.text:SSIBusy)
                  000044aa    00000008                       : uart.obj (.text:UARTIntEnable)
                  000044b2    00000006                       : gpio.obj (.text:GPIOPinWrite)
                  000044b8    00000006                       : sysctl.obj (.text:SysCtlDelay)
                  000044be    00000006     rtsv7M3_T_le_eabi.lib : copy_decompress_rle.obj (.text:decompress:rle24)
                  000044c4    00000004     driverlib-cm3.lib : uart.obj (.text:UARTIntClear)

.const     0    000044c8    00000528     
                  000044c8    000001e0     rit128x96x4.obj (.const:g_pucFont)
                  000046a8    00000102     rtsv7M3_T_le_eabi.lib : ctype.obj (.const:.string:_ctypes_)
                  000047aa    00000002     heap_2.obj (.const)
                  000047ac    00000078     driverlib-cm3.lib : gpio.obj (.const:g_pulGPIOBaseAddrs)
                  00004824    00000070                       : interrupt.obj (.const)
                  00004894    0000006c                       : sysctl.obj (.const:g_pulXtals)
                  00004900    0000004f     rit128x96x4.obj (.const:.string:g_pucRIT128x96x4Init)
                  0000494f    00000001     --HOLE-- [fill = 0]
                  00004950    00000040     driverlib-cm3.lib : sysctl.obj (.const)
                  00004990    00000040                       : uart.obj (.const:g_ppulUARTIntMap)
                  000049d0    00000014     tasks.obj (.const:.string)
                  000049e4    0000000c     rit128x96x4.obj (.const:.string)

.cinit     0    000049f0    00000050     
                  000049f0    0000001c     (.cinit..data.load) [load image, compression = rle]
                  00004a0c    0000000c     (__TI_handler_table)
                  00004a18    00000008     (.cinit..bss.load) [load image, compression = zero_init]
                  00004a20    00000008     (.cinit..vtable.load) [load image, compression = zero_init]
                  00004a28    00000018     (__TI_cinit_table)

.vtable    0    20000000    0000026c     UNINITIALIZED
                  20000000    0000026c     driverlib-cm3.lib : interrupt.obj (.vtable)

.stack     0    2000026c    00004000     UNINITIALIZED
                  2000026c    00004000     --HOLE--

.sysmem    0    20004270    00004000     UNINITIALIZED
                  20004270    00000008     rtsv7M3_T_le_eabi.lib : memory.obj (.sysmem)
                  20004278    00003ff8     --HOLE--

.bss       0    20008270    000028f4     UNINITIALIZED
                  20008270    00002800     heap_2.obj (.bss:xHeap)
                  2000aa70    00000064     tasks.obj (.bss:pxReadyTasksLists)
                  2000aad4    00000014     (.common:xDelayedTaskList1)
                  2000aae8    00000014     (.common:xDelayedTaskList2)
                  2000aafc    00000014     (.common:xPendingReadyList)
                  2000ab10    00000014     (.common:xSuspendedTaskList)
                  2000ab24    00000014     (.common:xTasksWaitingTermination)
                  2000ab38    00000008     (.common:g_pucBuffer)
                  2000ab40    00000008     (.common:xEnd)
                  2000ab48    00000008     (.common:xStart)
                  2000ab50    00000004     (.common:g_ulSSIFlags)
                  2000ab54    00000004     (.common:pxDelayedTaskList)
                  2000ab58    00000004     (.common:pxOverflowDelayedTaskList)
                  2000ab5c    00000004     (.common:xToTimeout)
                  2000ab60    00000004     (.common:xUARTReadQueue)

.data      0    2000ab64    00000050     UNINITIALIZED
                  2000ab64    00000030     tasks.obj (.data)
                  2000ab94    00000008     heap_2.obj (.data)
                  2000ab9c    00000008     rtsv7M3_T_le_eabi.lib : _lock.obj (.data)
                  2000aba4    00000008                           : exit.obj (.data)
                  2000abac    00000004     port.obj (.data)
                  2000abb0    00000004     rtsv7M3_T_le_eabi.lib : stkdepth_vars.obj (.data)


LINKER GENERATED COPY TABLES

__TI_cinit_table @ 00004a28 records: 3, size/record: 8, table size: 24
	.data: load addr=000049f0, load size=0000001c bytes, run addr=2000ab64, run size=00000050 bytes, compression=rle
	.bss: load addr=00004a18, load size=00000008 bytes, run addr=20008270, run size=000028f4 bytes, compression=zero_init
	.vtable: load addr=00004a20, load size=00000008 bytes, run addr=20000000, run size=0000026c bytes, compression=zero_init


LINKER GENERATED HANDLER TABLE

__TI_handler_table @ 00004a0c records: 3, size/record: 4, table size: 12
	index: 0, handler: __TI_zero_init
	index: 1, handler: __TI_decompress_rle24
	index: 2, handler: __TI_decompress_none


GLOBAL SYMBOLS: SORTED ALPHABETICALLY BY Name 

address    name
--------   ----
000040b5   C$$EXIT
00004441   CPUcpsie
00004219   GPIODirModeSet
000038e9   GPIOPadConfigSet
00003f9d   GPIOPinConfigure
00004399   GPIOPinTypeGPIOOutput
000043ab   GPIOPinTypeSSI
000043bd   GPIOPinTypeUART
000044b3   GPIOPinWrite
00003c89   InitGPIO
00003873   InitUART
00003d7d   IntEnable
00004471   IntMasterEnable
00004181   IntRegister
0000233d   RIT128x96x4Clear
000025bb   RIT128x96x4Disable
0000270d   RIT128x96x4DisplayOff
000026d9   RIT128x96x4DisplayOn
00002561   RIT128x96x4Enable
000024d9   RIT128x96x4ImageDraw
00002635   RIT128x96x4Init
00002399   RIT128x96x4StringDraw
00004465   ResetISR
UNDEFED    SHT$$INIT_ARRAY$$Base
UNDEFED    SHT$$INIT_ARRAY$$Limit
000044a3   SSIBusy
0000402d   SSIConfigSetExpClk
000043cf   SSIDataGetNonBlocking
0000447b   SSIDataPut
00004485   SSIDisable
0000448f   SSIEnable
00002c25   SysCtlClockGet
00003171   SysCtlClockSet
000044b9   SysCtlDelay
00003ef9   SysCtlPeripheralEnable
000043f5   SysTickPeriodGet
0000444d   SysTickValueGet
00004405   UARTCharGetNonBlocking
00004415   UARTCharPutNonBlocking
00004459   UARTCharsAvail
0000413d   UARTConfigSetExpClk
000042dd   UARTDisable
0000435d   UARTEnable
000044c5   UARTIntClear
000044ab   UARTIntEnable
00003811   UARTIntHandler
00004313   UARTIntRegister
00004499   UARTIntStatus
0000384b   UARTSend
00004433   _Dclass
000040f9   _Dtest
2000426c   __STACK_END
00004000   __STACK_SIZE
2000036c   __STACK_TOP
00004000   __SYSMEM_SIZE
00004a28   __TI_CINIT_Base
00004a40   __TI_CINIT_Limit
00004a0c   __TI_Handler_Table_Base
00004a18   __TI_Handler_Table_Limit
00000001   __TI_args_main
00003ae9   __TI_auto_init
2000aba4   __TI_cleanup_ptr
00004425   __TI_decompress_none
000044bf   __TI_decompress_rle24
2000aba8   __TI_dtors_ptr
00000ca3   __TI_printfi
00000000   __TI_static_base__
000043e1   __TI_zero_init
00003b7d   __aeabi_cdcmpeq
00003b7d   __aeabi_cdcmple
00003c03   __aeabi_cdrcmple
00003fe5   __aeabi_d2iz
00002fc3   __aeabi_dadd
000032b5   __aeabi_ddiv
00003631   __aeabi_dmul
00002fb9   __aeabi_dsub
00004247   __aeabi_i2d
00004345   __aeabi_lmul
00003d05   __aeabi_memclr
00003d05   __aeabi_memclr4
00003d05   __aeabi_memclr8
00003a4d   __aeabi_memcpy
00003a4d   __aeabi_memcpy4
00003a4d   __aeabi_memcpy8
00003d07   __aeabi_memset
00003d07   __aeabi_memset4
00003d07   __aeabi_memset8
00002a31   __aeabi_uldivmod
ffffffff   __binit__
ffffffff   __c_args__
2000026c   __stack
0000432d   _args_main
000041b5   _c_int00
000046a8   _ctypes_
2000ab9c   _lock
0000437f   _nop
00004377   _register_lock
00004371   _register_unlock
20004270   _sys_memory
2000aba0   _unlock
000040b9   abort
00003f51   atoi
ffffffff   binit
00004071   copy_in
000040c1   exit
20000000   g_pfnRAMVectors
00000000   g_pfnVectors
00003e9f   ltoa
00002745   main
2000abb0   main_func_sp
000042f9   memccpy
0000429b   memcmp
00003a4d   memcpy
00003d0d   memset
00002dfd   pvPortMalloc
2000ab64   pxCurrentTCB
0000372d   pxPortInitialiseStack
00003ca9   reset_uut
00003de1   sprintf
000035a9   stopwatch_get_subticks
000035e1   stopwatch_get_time_ms
000035f5   stopwatch_get_time_us
0000357d   stopwatch_start
00003593   stopwatch_stop
00004385   strlen
00004275   strncmp
000041e9   strncpy
0000203b   uxQueueMessagesWaiting
00002051   uxQueueMessagesWaitingFromISR
00001635   uxTaskGetNumberOfTasks
0000123d   uxTaskPriorityGet
0000298b   vApplicationIdleHook
0000297f   vApplicationMallocFailedHook
00002981   vApplicationStackOverflowHook
0000298d   vApplicationTickHook
000033eb   vListInitialise
0000341b   vListInitialiseItem
0000346f   vListInsert
0000342b   vListInsertEnd
000034d5   vListRemove
000028d7   vMirrorTX
000039fd   vPortClearInterruptMask
00003a3b   vPortEnableVFP
0000379d   vPortEndScheduler
000037a9   vPortEnterCritical
000037b9   vPortExitCritical
00002f2f   vPortFree
00002f97   vPortInitialiseBlocks
00003a0b   vPortSVCHandler
000039ef   vPortSetInterruptMask
00003a29   vPortStartFirstTask
0000379f   vPortYieldFromISR
00002063   vQueueDelete
00002881   vSend
000011d9   vTaskDelay
00001129   vTaskDelayUntil
000010c1   vTaskDelete
00001535   vTaskEndScheduler
00001645   vTaskIncrementTick
00001949   vTaskMissedYield
000017ad   vTaskPlaceOnEventList
00001b8f   vTaskPriorityDisinherit
00001b05   vTaskPriorityInherit
00001279   vTaskPrioritySet
00001409   vTaskResume
000018ab   vTaskSetTimeOutState
000014eb   vTaskStartScheduler
00001361   vTaskSuspend
00001547   vTaskSuspendAll
000016ed   vTaskSwitchContext
00003519   vTaskTestStopwatch
000027d7   vTimeout
00002f91   xPortGetFreeHeapSize
000039b5   xPortPendSVHandler
00003775   xPortStartScheduler
000037cf   xPortSysTickHandler
00001c21   xQueueCreate
00001d2f   xQueueCreateCountingSemaphore
00001cc7   xQueueCreateMutex
00001e9f   xQueueGenericReceive
00001d4d   xQueueGenericSend
00001e35   xQueueGenericSendFromISR
000021dd   xQueueIsQueueEmptyFromISR
00002217   xQueueIsQueueFullFromISR
00001fd3   xQueueReceiveFromISR
000018d1   xTaskCheckForTimeOut
00000fad   xTaskGenericCreate
00001af1   xTaskGetCurrentTaskHandle
00001621   xTaskGetTickCount
000013b9   xTaskIsTaskSuspended
0000182d   xTaskRemoveFromEventList
00001551   xTaskResumeAll
00001479   xTaskResumeFromISR
2000ab5c   xToTimeout
2000ab60   xUARTReadQueue


GLOBAL SYMBOLS: SORTED BY Symbol Address 

address    name
--------   ----
00000000   __TI_static_base__
00000000   g_pfnVectors
00000001   __TI_args_main
00000ca3   __TI_printfi
00000fad   xTaskGenericCreate
000010c1   vTaskDelete
00001129   vTaskDelayUntil
000011d9   vTaskDelay
0000123d   uxTaskPriorityGet
00001279   vTaskPrioritySet
00001361   vTaskSuspend
000013b9   xTaskIsTaskSuspended
00001409   vTaskResume
00001479   xTaskResumeFromISR
000014eb   vTaskStartScheduler
00001535   vTaskEndScheduler
00001547   vTaskSuspendAll
00001551   xTaskResumeAll
00001621   xTaskGetTickCount
00001635   uxTaskGetNumberOfTasks
00001645   vTaskIncrementTick
000016ed   vTaskSwitchContext
000017ad   vTaskPlaceOnEventList
0000182d   xTaskRemoveFromEventList
000018ab   vTaskSetTimeOutState
000018d1   xTaskCheckForTimeOut
00001949   vTaskMissedYield
00001af1   xTaskGetCurrentTaskHandle
00001b05   vTaskPriorityInherit
00001b8f   vTaskPriorityDisinherit
00001c21   xQueueCreate
00001cc7   xQueueCreateMutex
00001d2f   xQueueCreateCountingSemaphore
00001d4d   xQueueGenericSend
00001e35   xQueueGenericSendFromISR
00001e9f   xQueueGenericReceive
00001fd3   xQueueReceiveFromISR
0000203b   uxQueueMessagesWaiting
00002051   uxQueueMessagesWaitingFromISR
00002063   vQueueDelete
000021dd   xQueueIsQueueEmptyFromISR
00002217   xQueueIsQueueFullFromISR
0000233d   RIT128x96x4Clear
00002399   RIT128x96x4StringDraw
000024d9   RIT128x96x4ImageDraw
00002561   RIT128x96x4Enable
000025bb   RIT128x96x4Disable
00002635   RIT128x96x4Init
000026d9   RIT128x96x4DisplayOn
0000270d   RIT128x96x4DisplayOff
00002745   main
000027d7   vTimeout
00002881   vSend
000028d7   vMirrorTX
0000297f   vApplicationMallocFailedHook
00002981   vApplicationStackOverflowHook
0000298b   vApplicationIdleHook
0000298d   vApplicationTickHook
00002a31   __aeabi_uldivmod
00002c25   SysCtlClockGet
00002dfd   pvPortMalloc
00002f2f   vPortFree
00002f91   xPortGetFreeHeapSize
00002f97   vPortInitialiseBlocks
00002fb9   __aeabi_dsub
00002fc3   __aeabi_dadd
00003171   SysCtlClockSet
000032b5   __aeabi_ddiv
000033eb   vListInitialise
0000341b   vListInitialiseItem
0000342b   vListInsertEnd
0000346f   vListInsert
000034d5   vListRemove
00003519   vTaskTestStopwatch
0000357d   stopwatch_start
00003593   stopwatch_stop
000035a9   stopwatch_get_subticks
000035e1   stopwatch_get_time_ms
000035f5   stopwatch_get_time_us
00003631   __aeabi_dmul
0000372d   pxPortInitialiseStack
00003775   xPortStartScheduler
0000379d   vPortEndScheduler
0000379f   vPortYieldFromISR
000037a9   vPortEnterCritical
000037b9   vPortExitCritical
000037cf   xPortSysTickHandler
00003811   UARTIntHandler
0000384b   UARTSend
00003873   InitUART
000038e9   GPIOPadConfigSet
000039b5   xPortPendSVHandler
000039ef   vPortSetInterruptMask
000039fd   vPortClearInterruptMask
00003a0b   vPortSVCHandler
00003a29   vPortStartFirstTask
00003a3b   vPortEnableVFP
00003a4d   __aeabi_memcpy
00003a4d   __aeabi_memcpy4
00003a4d   __aeabi_memcpy8
00003a4d   memcpy
00003ae9   __TI_auto_init
00003b7d   __aeabi_cdcmpeq
00003b7d   __aeabi_cdcmple
00003c03   __aeabi_cdrcmple
00003c89   InitGPIO
00003ca9   reset_uut
00003d05   __aeabi_memclr
00003d05   __aeabi_memclr4
00003d05   __aeabi_memclr8
00003d07   __aeabi_memset
00003d07   __aeabi_memset4
00003d07   __aeabi_memset8
00003d0d   memset
00003d7d   IntEnable
00003de1   sprintf
00003e9f   ltoa
00003ef9   SysCtlPeripheralEnable
00003f51   atoi
00003f9d   GPIOPinConfigure
00003fe5   __aeabi_d2iz
00004000   __STACK_SIZE
00004000   __SYSMEM_SIZE
0000402d   SSIConfigSetExpClk
00004071   copy_in
000040b5   C$$EXIT
000040b9   abort
000040c1   exit
000040f9   _Dtest
0000413d   UARTConfigSetExpClk
00004181   IntRegister
000041b5   _c_int00
000041e9   strncpy
00004219   GPIODirModeSet
00004247   __aeabi_i2d
00004275   strncmp
0000429b   memcmp
000042dd   UARTDisable
000042f9   memccpy
00004313   UARTIntRegister
0000432d   _args_main
00004345   __aeabi_lmul
0000435d   UARTEnable
00004371   _register_unlock
00004377   _register_lock
0000437f   _nop
00004385   strlen
00004399   GPIOPinTypeGPIOOutput
000043ab   GPIOPinTypeSSI
000043bd   GPIOPinTypeUART
000043cf   SSIDataGetNonBlocking
000043e1   __TI_zero_init
000043f5   SysTickPeriodGet
00004405   UARTCharGetNonBlocking
00004415   UARTCharPutNonBlocking
00004425   __TI_decompress_none
00004433   _Dclass
00004441   CPUcpsie
0000444d   SysTickValueGet
00004459   UARTCharsAvail
00004465   ResetISR
00004471   IntMasterEnable
0000447b   SSIDataPut
00004485   SSIDisable
0000448f   SSIEnable
00004499   UARTIntStatus
000044a3   SSIBusy
000044ab   UARTIntEnable
000044b3   GPIOPinWrite
000044b9   SysCtlDelay
000044bf   __TI_decompress_rle24
000044c5   UARTIntClear
000046a8   _ctypes_
00004a0c   __TI_Handler_Table_Base
00004a18   __TI_Handler_Table_Limit
00004a28   __TI_CINIT_Base
00004a40   __TI_CINIT_Limit
20000000   g_pfnRAMVectors
2000026c   __stack
2000036c   __STACK_TOP
2000426c   __STACK_END
20004270   _sys_memory
2000ab5c   xToTimeout
2000ab60   xUARTReadQueue
2000ab64   pxCurrentTCB
2000ab9c   _lock
2000aba0   _unlock
2000aba4   __TI_cleanup_ptr
2000aba8   __TI_dtors_ptr
2000abb0   main_func_sp
ffffffff   __binit__
ffffffff   __c_args__
ffffffff   binit
UNDEFED    SHT$$INIT_ARRAY$$Base
UNDEFED    SHT$$INIT_ARRAY$$Limit

[195 symbols]
