******************************************************************************
                  TI ARM Linker PC v5.1.6                      
******************************************************************************
>> Linked Fri Sep 25 16:46:02 2015

OUTPUT FILE NAME:   <FRT.out>
ENTRY POINT SYMBOL: "_c_int00"  address: 000049bd


MEMORY CONFIGURATION

         name            origin    length      used     unused   attr    fill
----------------------  --------  ---------  --------  --------  ----  --------
  FLASH                 00000000   00040000  000052e4  0003ad1c  R  X
  SRAM                  20000000   00010000  0000abcc  00005434  RW X


SEGMENT ALLOCATION MAP

run origin  load origin   length   init length attrs members
----------  ----------- ---------- ----------- ----- -------
00000000    00000000    000052e8   000052e8    r-x
  00000000    00000000    000000f0   000000f0    r-- .intvecs
  000000f0    000000f0    00004be0   00004be0    r-x .text
  00004cd0    00004cd0    000005b4   000005b4    r-- .const
  00005288    00005288    00000060   00000060    r-- .cinit
20000000    20000000    0000abd0   00000000    rw-
  20000000    20000000    0000026c   00000000    rw- .vtable
  2000026c    2000026c    00004000   00000000    rw- .stack
  20004270    20004270    00004000   00000000    rw- .sysmem
  20008270    20008270    00002900   00000000    rw- .bss
  2000ab70    2000ab70    00000060   00000000    rw- .data


SECTION ALLOCATION MAP

 output                                  attributes/
section   page    origin      length       input sections
--------  ----  ----------  ----------   ----------------
.intvecs   0    00000000    000000f0     
                  00000000    000000f0     startup_ccs.obj (.intvecs)

.text      0    000000f0    00004be0     
                  000000f0    00000ebc     rtsv7M3_T_le_eabi.lib : _printfi.obj (.text)
                  00000fac    00000c74     tasks.obj (.text)
                  00001c20    00000614     queue.obj (.text)
                  00002234    00000588     main.obj (.text)
                  000027bc    00000510     rit128x96x4.obj (.text)
                  00002ccc    000003cc     rtsv7M3_T_le_eabi.lib : memory.obj (.text)
                  00003098    00000278     UART.obj (.text)
                  00003310    000001f4     rtsv7M3_T_le_eabi.lib : ull_div_t2.obj (.text)
                  00003504    000001d8     driverlib-cm3.lib : sysctl.obj (.text:SysCtlClockGet)
                  000036dc    000001bc     heap_2.obj (.text)
                  00003898    000001b6     rtsv7M3_T_le_eabi.lib : fd_add_t2.obj (.text)
                  00003a4e    00000002     --HOLE-- [fill = 0]
                  00003a50    00000144     driverlib-cm3.lib : sysctl.obj (.text:SysCtlClockSet)
                  00003b94    00000136     rtsv7M3_T_le_eabi.lib : fd_div_t2.obj (.text)
                  00003cca    0000012e     list.obj (.text)
                  00003df8    00000118     stopwatch.obj (.text)
                  00003f10    000000fc     rtsv7M3_T_le_eabi.lib : fd_mul_t2.obj (.text)
                  0000400c    000000e4     port.obj (.text)
                  000040f0    000000c8     driverlib-cm3.lib : gpio.obj (.text:GPIOPadConfigSet)
                  000041b8    0000009c     portasm.obj (.text)
                  00004254    0000009c     rtsv7M3_T_le_eabi.lib : memcpy_t2.obj (.text)
                  000042f0    00000094                           : auto_init.obj (.text)
                  00004384    00000086                           : fd_cmp_t2.obj (.text:__aeabi_cdcmple)
                  0000440a    00000086                           : fd_cmp_t2.obj (.text:__aeabi_cdrcmple)
                  00004490    0000007c     uut_gpio.obj (.text)
                  0000450c    00000078     rtsv7M3_T_le_eabi.lib : memset_t2.obj (.text)
                  00004584    00000064     driverlib-cm3.lib : interrupt.obj (.text:IntEnable)
                  000045e8    00000060     rtsv7M3_T_le_eabi.lib : sprintf.obj (.text)
                  00004648    0000005e                           : copy_decompress_rle.obj (.text)
                  000046a6    0000005a                           : ltoa.obj (.text)
                  00004700    00000058     driverlib-cm3.lib : sysctl.obj (.text:SysCtlPeripheralEnable)
                  00004758    0000004c     rtsv7M3_T_le_eabi.lib : atoi.obj (.text)
                  000047a4    00000048     driverlib-cm3.lib : gpio.obj (.text:GPIOPinConfigure)
                  000047ec    00000048     rtsv7M3_T_le_eabi.lib : fd_toi_t2.obj (.text)
                  00004834    00000044     driverlib-cm3.lib : ssi.obj (.text:SSIConfigSetExpClk)
                  00004878    00000044     rtsv7M3_T_le_eabi.lib : cpy_tbl.obj (.text)
                  000048bc    00000044                           : exit.obj (.text)
                  00004900    00000044                           : xdtest.obj (.text)
                  00004944    00000042     driverlib-cm3.lib : uart.obj (.text:UARTConfigSetExpClk)
                  00004986    00000002     --HOLE-- [fill = 0]
                  00004988    00000034                       : interrupt.obj (.text:IntRegister)
                  000049bc    00000034     rtsv7M3_T_le_eabi.lib : boot.obj (.text)
                  000049f0    00000030                           : strncpy.obj (.text)
                  00004a20    0000002e     driverlib-cm3.lib : gpio.obj (.text:GPIODirModeSet)
                  00004a4e    0000002e     rtsv7M3_T_le_eabi.lib : i_tofd_t2.obj (.text)
                  00004a7c    00000026                           : strncmp.obj (.text)
                  00004aa2    00000022                           : memcmp.obj (.text)
                  00004ac4    00000020     driverlib-cm3.lib : uart.obj (.text:UARTIntNumberGet)
                  00004ae4    0000001c                       : uart.obj (.text:UARTDisable)
                  00004b00    0000001a     rtsv7M3_T_le_eabi.lib : memccpy.obj (.text)
                  00004b1a    00000018     driverlib-cm3.lib : uart.obj (.text:UARTIntRegister)
                  00004b32    00000002     --HOLE-- [fill = 0]
                  00004b34    00000018     rtsv7M3_T_le_eabi.lib : args_main.obj (.text)
                  00004b4c    00000018                           : ll_mul_t2.obj (.text)
                  00004b64    00000014     driverlib-cm3.lib : uart.obj (.text:UARTEnable)
                  00004b78    00000014     rtsv7M3_T_le_eabi.lib : _lock.obj (.text)
                  00004b8c    00000014                           : strlen.obj (.text)
                  00004ba0    00000012     driverlib-cm3.lib : gpio.obj (.text:GPIOPinTypeGPIOOutput)
                  00004bb2    00000012                       : gpio.obj (.text:GPIOPinTypeSSI)
                  00004bc4    00000012                       : gpio.obj (.text:GPIOPinTypeUART)
                  00004bd6    00000012                       : ssi.obj (.text:SSIDataGetNonBlocking)
                  00004be8    00000012     rtsv7M3_T_le_eabi.lib : copy_zero_init.obj (.text:decompress:ZI)
                  00004bfa    00000002     --HOLE-- [fill = 0]
                  00004bfc    00000010     driverlib-cm3.lib : systick.obj (.text:SysTickPeriodGet)
                  00004c0c    00000010                       : uart.obj (.text:UARTCharGetNonBlocking)
                  00004c1c    00000010                       : uart.obj (.text:UARTCharPutNonBlocking)
                  00004c2c    0000000e     rtsv7M3_T_le_eabi.lib : copy_decompress_none.obj (.text:decompress:none)
                  00004c3a    0000000e                           : xdclass.obj (.text)
                  00004c48    0000000c     driverlib-cm3.lib : cpu.obj (.text:CPUcpsie)
                  00004c54    0000000c                       : systick.obj (.text:SysTickValueGet)
                  00004c60    0000000c                       : uart.obj (.text:UARTCharsAvail)
                  00004c6c    0000000c     startup_ccs.obj (.text)
                  00004c78    0000000a     driverlib-cm3.lib : interrupt.obj (.text:IntMasterEnable)
                  00004c82    0000000a                       : ssi.obj (.text:SSIDataPut)
                  00004c8c    0000000a                       : ssi.obj (.text:SSIDisable)
                  00004c96    0000000a                       : ssi.obj (.text:SSIEnable)
                  00004ca0    0000000a                       : uart.obj (.text:UARTIntStatus)
                  00004caa    00000008                       : ssi.obj (.text:SSIBusy)
                  00004cb2    00000008                       : uart.obj (.text:UARTIntEnable)
                  00004cba    00000006                       : gpio.obj (.text:GPIOPinWrite)
                  00004cc0    00000006                       : sysctl.obj (.text:SysCtlDelay)
                  00004cc6    00000006     rtsv7M3_T_le_eabi.lib : copy_decompress_rle.obj (.text:decompress:rle24)
                  00004ccc    00000004     driverlib-cm3.lib : uart.obj (.text:UARTIntClear)

.const     0    00004cd0    000005b4     
                  00004cd0    000001e0     rit128x96x4.obj (.const:g_pucFont)
                  00004eb0    00000102     rtsv7M3_T_le_eabi.lib : ctype.obj (.const:.string:_ctypes_)
                  00004fb2    00000002     heap_2.obj (.const)
                  00004fb4    00000078     driverlib-cm3.lib : gpio.obj (.const:g_pulGPIOBaseAddrs)
                  0000502c    00000070                       : interrupt.obj (.const)
                  0000509c    0000006c                       : sysctl.obj (.const:g_pulXtals)
                  00005108    0000004f     rit128x96x4.obj (.const:.string:g_pucRIT128x96x4Init)
                  00005157    00000001     --HOLE-- [fill = 0]
                  00005158    00000040     driverlib-cm3.lib : sysctl.obj (.const)
                  00005198    00000040                       : uart.obj (.const:g_ppulUARTIntMap)
                  000051d8    00000032     main.obj (.const:.string:$P$T0$1)
                  0000520a    00000032     main.obj (.const:.string:$P$T1$2)
                  0000523c    00000028     main.obj (.const:.string)
                  00005264    00000014     tasks.obj (.const:.string)
                  00005278    0000000c     rit128x96x4.obj (.const:.string)

.cinit     0    00005288    00000060     
                  00005288    0000002b     (.cinit..data.load) [load image, compression = rle]
                  000052b3    00000001     --HOLE-- [fill = 0]
                  000052b4    0000000c     (__TI_handler_table)
                  000052c0    00000008     (.cinit..bss.load) [load image, compression = zero_init]
                  000052c8    00000008     (.cinit..vtable.load) [load image, compression = zero_init]
                  000052d0    00000018     (__TI_cinit_table)

.vtable    0    20000000    0000026c     UNINITIALIZED
                  20000000    0000026c     driverlib-cm3.lib : interrupt.obj (.vtable)

.stack     0    2000026c    00004000     UNINITIALIZED
                  2000026c    00004000     --HOLE--

.sysmem    0    20004270    00004000     UNINITIALIZED
                  20004270    00000008     rtsv7M3_T_le_eabi.lib : memory.obj (.sysmem)
                  20004278    00003ff8     --HOLE--

.bss       0    20008270    00002900     UNINITIALIZED
                  20008270    00002800     heap_2.obj (.bss:xHeap)
                  2000aa70    00000064     tasks.obj (.bss:pxReadyTasksLists)
                  2000aad4    00000014     (.common:xDelayedTaskList1)
                  2000aae8    00000014     (.common:xDelayedTaskList2)
                  2000aafc    00000014     (.common:xPendingReadyList)
                  2000ab10    00000014     (.common:xSuspendedTaskList)
                  2000ab24    00000014     (.common:xTasksWaitingTermination)
                  2000ab38    00000008     (.common:g_pucBuffer)
                  2000ab40    00000008     (.common:xEnd)
                  2000ab48    00000008     (.common:xStart)
                  2000ab50    00000004     (.common:g_ulSSIFlags)
                  2000ab54    00000004     (.common:pxDelayedTaskList)
                  2000ab58    00000004     (.common:pxOverflowDelayedTaskList)
                  2000ab5c    00000004     (.common:xPC_UARTReadQueue)
                  2000ab60    00000004     (.common:xPC_UARTWriteQueue)
                  2000ab64    00000004     (.common:xToTest)
                  2000ab68    00000004     (.common:xToTimeout)
                  2000ab6c    00000004     (.common:xUARTReadQueue)

.data      0    2000ab70    00000060     UNINITIALIZED
                  2000ab70    00000030     tasks.obj (.data)
                  2000aba0    0000000c     rtsv7M3_T_le_eabi.lib : memory.obj (.data)
                  2000abac    00000008     heap_2.obj (.data)
                  2000abb4    00000008     rtsv7M3_T_le_eabi.lib : _lock.obj (.data)
                  2000abbc    00000008                           : exit.obj (.data)
                  2000abc4    00000004     main.obj (.data)
                  2000abc8    00000004     port.obj (.data)
                  2000abcc    00000004     rtsv7M3_T_le_eabi.lib : stkdepth_vars.obj (.data)


LINKER GENERATED COPY TABLES

__TI_cinit_table @ 000052d0 records: 3, size/record: 8, table size: 24
	.data: load addr=00005288, load size=0000002b bytes, run addr=2000ab70, run size=00000060 bytes, compression=rle
	.bss: load addr=000052c0, load size=00000008 bytes, run addr=20008270, run size=00002900 bytes, compression=zero_init
	.vtable: load addr=000052c8, load size=00000008 bytes, run addr=20000000, run size=0000026c bytes, compression=zero_init


LINKER GENERATED HANDLER TABLE

__TI_handler_table @ 000052b4 records: 3, size/record: 4, table size: 12
	index: 0, handler: __TI_zero_init
	index: 1, handler: __TI_decompress_rle24
	index: 2, handler: __TI_decompress_none


GLOBAL SYMBOLS: SORTED ALPHABETICALLY BY Name 

address    name
--------   ----
000048bd   C$$EXIT
00004c49   CPUcpsie
00004a21   GPIODirModeSet
000040f1   GPIOPadConfigSet
000047a5   GPIOPinConfigure
00004ba1   GPIOPinTypeGPIOOutput
00004bb3   GPIOPinTypeSSI
00004bc5   GPIOPinTypeUART
00004cbb   GPIOPinWrite
00004491   InitGPIO
0000322b   InitUART
00004585   IntEnable
00004c79   IntMasterEnable
00004989   IntRegister
000028c5   RIT128x96x4Clear
00002b43   RIT128x96x4Disable
00002c95   RIT128x96x4DisplayOff
00002c61   RIT128x96x4DisplayOn
00002ae9   RIT128x96x4Enable
00002a61   RIT128x96x4ImageDraw
00002bbd   RIT128x96x4Init
00002921   RIT128x96x4StringDraw
00004c6d   ResetISR
UNDEFED    SHT$$INIT_ARRAY$$Base
UNDEFED    SHT$$INIT_ARRAY$$Limit
00004cab   SSIBusy
00004835   SSIConfigSetExpClk
00004bd7   SSIDataGetNonBlocking
00004c83   SSIDataPut
00004c8d   SSIDisable
00004c97   SSIEnable
00003505   SysCtlClockGet
00003a51   SysCtlClockSet
00004cc1   SysCtlDelay
00004701   SysCtlPeripheralEnable
00004bfd   SysTickPeriodGet
00004c55   SysTickValueGet
00004c0d   UARTCharGetNonBlocking
00004c1d   UARTCharPutNonBlocking
00004c61   UARTCharsAvail
00004945   UARTConfigSetExpClk
00004ae5   UARTDisable
00004b65   UARTEnable
00004ccd   UARTIntClear
00004cb3   UARTIntEnable
00003099   UARTIntHandler
00004b1b   UARTIntRegister
00004ca1   UARTIntStatus
000030d3   UARTSend
00004c3b   _Dclass
00004901   _Dtest
2000426c   __STACK_END
00004000   __STACK_SIZE
2000036c   __STACK_TOP
00004000   __SYSMEM_SIZE
000052d0   __TI_CINIT_Base
000052e8   __TI_CINIT_Limit
000052b4   __TI_Handler_Table_Base
000052c0   __TI_Handler_Table_Limit
00000001   __TI_args_main
000042f1   __TI_auto_init
2000abbc   __TI_cleanup_ptr
00004c2d   __TI_decompress_none
00004cc7   __TI_decompress_rle24
2000abc0   __TI_dtors_ptr
00000ca3   __TI_printfi
00000000   __TI_static_base__
00004be9   __TI_zero_init
00004385   __aeabi_cdcmpeq
00004385   __aeabi_cdcmple
0000440b   __aeabi_cdrcmple
000047ed   __aeabi_d2iz
000038a3   __aeabi_dadd
00003b95   __aeabi_ddiv
00003f11   __aeabi_dmul
00003899   __aeabi_dsub
00004a4f   __aeabi_i2d
00004b4d   __aeabi_lmul
0000450d   __aeabi_memclr
0000450d   __aeabi_memclr4
0000450d   __aeabi_memclr8
00004255   __aeabi_memcpy
00004255   __aeabi_memcpy4
00004255   __aeabi_memcpy8
0000450f   __aeabi_memset
0000450f   __aeabi_memset4
0000450f   __aeabi_memset8
00003311   __aeabi_uldivmod
ffffffff   __binit__
ffffffff   __c_args__
2000026c   __stack
00004b35   _args_main
000049bd   _c_int00
00004eb0   _ctypes_
2000abb4   _lock
00004b87   _nop
00004b7f   _register_lock
00004b79   _register_unlock
20004270   _sys_memory
2000abb8   _unlock
000048c1   abort
00004759   atoi
ffffffff   binit
00003061   calloc
00004879   copy_in
000048c9   exit
00002dbb   free
2000abc4   gTest
20000000   g_pfnRAMVectors
00000000   g_pfnVectors
000046a7   ltoa
00002235   main
2000abcc   main_func_sp
00002d59   malloc
00002f81   memalign
00004b01   memccpy
00004aa3   memcmp
00004255   memcpy
00004515   memset
00002ccd   minit
000030fd   mirrorUART
000036dd   pvPortMalloc
2000ab70   pxCurrentTCB
0000400d   pxPortInitialiseStack
00002e7b   realloc
000044b1   reset_uut
000045e9   sprintf
00003e89   stopwatch_get_subticks
00003ec1   stopwatch_get_time_ms
00003ed5   stopwatch_get_time_us
00003e5d   stopwatch_start
00003e73   stopwatch_stop
00004b8d   strlen
00004a7d   strncmp
000049f1   strncpy
0000203b   uxQueueMessagesWaiting
00002051   uxQueueMessagesWaitingFromISR
00001635   uxTaskGetNumberOfTasks
0000123d   uxTaskPriorityGet
0000275d   vApplicationIdleHook
00002751   vApplicationMallocFailedHook
00002753   vApplicationStackOverflowHook
0000275f   vApplicationTickHook
000025d9   vClockSpeed
000023e5   vIntercept
00003ccb   vListInitialise
00003cfb   vListInitialiseItem
00003d4f   vListInsert
00003d0b   vListInsertEnd
00003db5   vListRemove
00002475   vMirrorTX
00004205   vPortClearInterruptMask
00004243   vPortEnableVFP
0000407d   vPortEndScheduler
00004089   vPortEnterCritical
00004099   vPortExitCritical
0000380f   vPortFree
00003877   vPortInitialiseBlocks
00004213   vPortSVCHandler
000041f7   vPortSetInterruptMask
00004231   vPortStartFirstTask
0000407f   vPortYieldFromISR
00002063   vQueueDelete
000011d9   vTaskDelay
00001129   vTaskDelayUntil
000010c1   vTaskDelete
00001535   vTaskEndScheduler
00001645   vTaskIncrementTick
00001949   vTaskMissedYield
000017ad   vTaskPlaceOnEventList
00001b8f   vTaskPriorityDisinherit
00001b05   vTaskPriorityInherit
00001279   vTaskPrioritySet
00001409   vTaskResume
000018ab   vTaskSetTimeOutState
000014eb   vTaskStartScheduler
00001361   vTaskSuspend
00001547   vTaskSuspendAll
000016ed   vTaskSwitchContext
00003df9   vTaskTestStopwatch
000022ff   vTimeout
2000ab5c   xPC_UARTReadQueue
2000ab60   xPC_UARTWriteQueue
00003871   xPortGetFreeHeapSize
000041bd   xPortPendSVHandler
00004055   xPortStartScheduler
000040af   xPortSysTickHandler
00001c21   xQueueCreate
00001d2f   xQueueCreateCountingSemaphore
00001cc7   xQueueCreateMutex
00001e9f   xQueueGenericReceive
00001d4d   xQueueGenericSend
00001e35   xQueueGenericSendFromISR
000021dd   xQueueIsQueueEmptyFromISR
00002217   xQueueIsQueueFullFromISR
00001fd3   xQueueReceiveFromISR
000018d1   xTaskCheckForTimeOut
00000fad   xTaskGenericCreate
00001af1   xTaskGetCurrentTaskHandle
00001621   xTaskGetTickCount
000013b9   xTaskIsTaskSuspended
0000182d   xTaskRemoveFromEventList
00001551   xTaskResumeAll
00001479   xTaskResumeFromISR
2000ab64   xToTest
2000ab68   xToTimeout
2000ab6c   xUARTReadQueue


GLOBAL SYMBOLS: SORTED BY Symbol Address 

address    name
--------   ----
00000000   __TI_static_base__
00000000   g_pfnVectors
00000001   __TI_args_main
00000ca3   __TI_printfi
00000fad   xTaskGenericCreate
000010c1   vTaskDelete
00001129   vTaskDelayUntil
000011d9   vTaskDelay
0000123d   uxTaskPriorityGet
00001279   vTaskPrioritySet
00001361   vTaskSuspend
000013b9   xTaskIsTaskSuspended
00001409   vTaskResume
00001479   xTaskResumeFromISR
000014eb   vTaskStartScheduler
00001535   vTaskEndScheduler
00001547   vTaskSuspendAll
00001551   xTaskResumeAll
00001621   xTaskGetTickCount
00001635   uxTaskGetNumberOfTasks
00001645   vTaskIncrementTick
000016ed   vTaskSwitchContext
000017ad   vTaskPlaceOnEventList
0000182d   xTaskRemoveFromEventList
000018ab   vTaskSetTimeOutState
000018d1   xTaskCheckForTimeOut
00001949   vTaskMissedYield
00001af1   xTaskGetCurrentTaskHandle
00001b05   vTaskPriorityInherit
00001b8f   vTaskPriorityDisinherit
00001c21   xQueueCreate
00001cc7   xQueueCreateMutex
00001d2f   xQueueCreateCountingSemaphore
00001d4d   xQueueGenericSend
00001e35   xQueueGenericSendFromISR
00001e9f   xQueueGenericReceive
00001fd3   xQueueReceiveFromISR
0000203b   uxQueueMessagesWaiting
00002051   uxQueueMessagesWaitingFromISR
00002063   vQueueDelete
000021dd   xQueueIsQueueEmptyFromISR
00002217   xQueueIsQueueFullFromISR
00002235   main
000022ff   vTimeout
000023e5   vIntercept
00002475   vMirrorTX
000025d9   vClockSpeed
00002751   vApplicationMallocFailedHook
00002753   vApplicationStackOverflowHook
0000275d   vApplicationIdleHook
0000275f   vApplicationTickHook
000028c5   RIT128x96x4Clear
00002921   RIT128x96x4StringDraw
00002a61   RIT128x96x4ImageDraw
00002ae9   RIT128x96x4Enable
00002b43   RIT128x96x4Disable
00002bbd   RIT128x96x4Init
00002c61   RIT128x96x4DisplayOn
00002c95   RIT128x96x4DisplayOff
00002ccd   minit
00002d59   malloc
00002dbb   free
00002e7b   realloc
00002f81   memalign
00003061   calloc
00003099   UARTIntHandler
000030d3   UARTSend
000030fd   mirrorUART
0000322b   InitUART
00003311   __aeabi_uldivmod
00003505   SysCtlClockGet
000036dd   pvPortMalloc
0000380f   vPortFree
00003871   xPortGetFreeHeapSize
00003877   vPortInitialiseBlocks
00003899   __aeabi_dsub
000038a3   __aeabi_dadd
00003a51   SysCtlClockSet
00003b95   __aeabi_ddiv
00003ccb   vListInitialise
00003cfb   vListInitialiseItem
00003d0b   vListInsertEnd
00003d4f   vListInsert
00003db5   vListRemove
00003df9   vTaskTestStopwatch
00003e5d   stopwatch_start
00003e73   stopwatch_stop
00003e89   stopwatch_get_subticks
00003ec1   stopwatch_get_time_ms
00003ed5   stopwatch_get_time_us
00003f11   __aeabi_dmul
00004000   __STACK_SIZE
00004000   __SYSMEM_SIZE
0000400d   pxPortInitialiseStack
00004055   xPortStartScheduler
0000407d   vPortEndScheduler
0000407f   vPortYieldFromISR
00004089   vPortEnterCritical
00004099   vPortExitCritical
000040af   xPortSysTickHandler
000040f1   GPIOPadConfigSet
000041bd   xPortPendSVHandler
000041f7   vPortSetInterruptMask
00004205   vPortClearInterruptMask
00004213   vPortSVCHandler
00004231   vPortStartFirstTask
00004243   vPortEnableVFP
00004255   __aeabi_memcpy
00004255   __aeabi_memcpy4
00004255   __aeabi_memcpy8
00004255   memcpy
000042f1   __TI_auto_init
00004385   __aeabi_cdcmpeq
00004385   __aeabi_cdcmple
0000440b   __aeabi_cdrcmple
00004491   InitGPIO
000044b1   reset_uut
0000450d   __aeabi_memclr
0000450d   __aeabi_memclr4
0000450d   __aeabi_memclr8
0000450f   __aeabi_memset
0000450f   __aeabi_memset4
0000450f   __aeabi_memset8
00004515   memset
00004585   IntEnable
000045e9   sprintf
000046a7   ltoa
00004701   SysCtlPeripheralEnable
00004759   atoi
000047a5   GPIOPinConfigure
000047ed   __aeabi_d2iz
00004835   SSIConfigSetExpClk
00004879   copy_in
000048bd   C$$EXIT
000048c1   abort
000048c9   exit
00004901   _Dtest
00004945   UARTConfigSetExpClk
00004989   IntRegister
000049bd   _c_int00
000049f1   strncpy
00004a21   GPIODirModeSet
00004a4f   __aeabi_i2d
00004a7d   strncmp
00004aa3   memcmp
00004ae5   UARTDisable
00004b01   memccpy
00004b1b   UARTIntRegister
00004b35   _args_main
00004b4d   __aeabi_lmul
00004b65   UARTEnable
00004b79   _register_unlock
00004b7f   _register_lock
00004b87   _nop
00004b8d   strlen
00004ba1   GPIOPinTypeGPIOOutput
00004bb3   GPIOPinTypeSSI
00004bc5   GPIOPinTypeUART
00004bd7   SSIDataGetNonBlocking
00004be9   __TI_zero_init
00004bfd   SysTickPeriodGet
00004c0d   UARTCharGetNonBlocking
00004c1d   UARTCharPutNonBlocking
00004c2d   __TI_decompress_none
00004c3b   _Dclass
00004c49   CPUcpsie
00004c55   SysTickValueGet
00004c61   UARTCharsAvail
00004c6d   ResetISR
00004c79   IntMasterEnable
00004c83   SSIDataPut
00004c8d   SSIDisable
00004c97   SSIEnable
00004ca1   UARTIntStatus
00004cab   SSIBusy
00004cb3   UARTIntEnable
00004cbb   GPIOPinWrite
00004cc1   SysCtlDelay
00004cc7   __TI_decompress_rle24
00004ccd   UARTIntClear
00004eb0   _ctypes_
000052b4   __TI_Handler_Table_Base
000052c0   __TI_Handler_Table_Limit
000052d0   __TI_CINIT_Base
000052e8   __TI_CINIT_Limit
20000000   g_pfnRAMVectors
2000026c   __stack
2000036c   __STACK_TOP
2000426c   __STACK_END
20004270   _sys_memory
2000ab5c   xPC_UARTReadQueue
2000ab60   xPC_UARTWriteQueue
2000ab64   xToTest
2000ab68   xToTimeout
2000ab6c   xUARTReadQueue
2000ab70   pxCurrentTCB
2000abb4   _lock
2000abb8   _unlock
2000abbc   __TI_cleanup_ptr
2000abc0   __TI_dtors_ptr
2000abc4   gTest
2000abcc   main_func_sp
ffffffff   __binit__
ffffffff   __c_args__
ffffffff   binit
UNDEFED    SHT$$INIT_ARRAY$$Base
UNDEFED    SHT$$INIT_ARRAY$$Limit

[207 symbols]
