******************************************************************************
                  TI ARM Linker PC v5.1.6                      
******************************************************************************
>> Linked Wed Sep 30 14:39:55 2015

OUTPUT FILE NAME:   <FRT.out>
ENTRY POINT SYMBOL: "_c_int00"  address: 00004d11


MEMORY CONFIGURATION

         name            origin    length      used     unused   attr    fill
----------------------  --------  ---------  --------  --------  ----  --------
  FLASH                 00000000   00040000  0000566c  0003a994  R  X
  SRAM                  20000000   00010000  0000abd0  00005430  RW X


SEGMENT ALLOCATION MAP

run origin  load origin   length   init length attrs members
----------  ----------- ---------- ----------- ----- -------
00000000    00000000    00005670   00005670    r-x
  00000000    00000000    000000f0   000000f0    r-- .intvecs
  000000f0    000000f0    00004f34   00004f34    r-x .text
  00005024    00005024    000005e8   000005e8    r-- .const
  00005610    00005610    00000060   00000060    r-- .cinit
20000000    20000000    0000abd4   00000000    rw-
  20000000    20000000    0000026c   00000000    rw- .vtable
  2000026c    2000026c    00004000   00000000    rw- .stack
  20004270    20004270    00004000   00000000    rw- .sysmem
  20008270    20008270    00002908   00000000    rw- .bss
  2000ab78    2000ab78    0000005c   00000000    rw- .data


SECTION ALLOCATION MAP

 output                                  attributes/
section   page    origin      length       input sections
--------  ----  ----------  ----------   ----------------
.intvecs   0    00000000    000000f0     
                  00000000    000000f0     startup_ccs.obj (.intvecs)

.text      0    000000f0    00004f34     
                  000000f0    00000ebc     rtsv7M3_T_le_eabi.lib : _printfi.obj (.text)
                  00000fac    00000c74     tasks.obj (.text)
                  00001c20    00000728     main.obj (.text)
                  00002348    00000614     queue.obj (.text)
                  0000295c    00000510     rit128x96x4.obj (.text)
                  00002e6c    000003cc     rtsv7M3_T_le_eabi.lib : memory.obj (.text)
                  00003238    00000258     UART.obj (.text)
                  00003490    000001f4     rtsv7M3_T_le_eabi.lib : ull_div_t2.obj (.text)
                  00003684    000001d8     driverlib-cm3.lib : sysctl.obj (.text:SysCtlClockGet)
                  0000385c    000001d4     PC_UART.obj (.text)
                  00003a30    000001bc     heap_2.obj (.text)
                  00003bec    000001b6     rtsv7M3_T_le_eabi.lib : fd_add_t2.obj (.text)
                  00003da2    00000002     --HOLE-- [fill = 0]
                  00003da4    00000144     driverlib-cm3.lib : sysctl.obj (.text:SysCtlClockSet)
                  00003ee8    00000136     rtsv7M3_T_le_eabi.lib : fd_div_t2.obj (.text)
                  0000401e    0000012e     list.obj (.text)
                  0000414c    00000118     stopwatch.obj (.text)
                  00004264    000000fc     rtsv7M3_T_le_eabi.lib : fd_mul_t2.obj (.text)
                  00004360    000000e4     port.obj (.text)
                  00004444    000000c8     driverlib-cm3.lib : gpio.obj (.text:GPIOPadConfigSet)
                  0000450c    0000009c     portasm.obj (.text)
                  000045a8    0000009c     rtsv7M3_T_le_eabi.lib : memcpy_t2.obj (.text)
                  00004644    00000094                           : auto_init.obj (.text)
                  000046d8    00000086                           : fd_cmp_t2.obj (.text:__aeabi_cdcmple)
                  0000475e    00000086                           : fd_cmp_t2.obj (.text:__aeabi_cdrcmple)
                  000047e4    0000007c     uut_gpio.obj (.text)
                  00004860    00000078     rtsv7M3_T_le_eabi.lib : memset_t2.obj (.text)
                  000048d8    00000064     driverlib-cm3.lib : interrupt.obj (.text:IntEnable)
                  0000493c    00000060     rtsv7M3_T_le_eabi.lib : sprintf.obj (.text)
                  0000499c    0000005e                           : copy_decompress_rle.obj (.text)
                  000049fa    0000005a                           : ltoa.obj (.text)
                  00004a54    00000058     driverlib-cm3.lib : sysctl.obj (.text:SysCtlPeripheralEnable)
                  00004aac    0000004c     rtsv7M3_T_le_eabi.lib : atoi.obj (.text)
                  00004af8    00000048     driverlib-cm3.lib : gpio.obj (.text:GPIOPinConfigure)
                  00004b40    00000048     rtsv7M3_T_le_eabi.lib : fd_toi_t2.obj (.text)
                  00004b88    00000044     driverlib-cm3.lib : ssi.obj (.text:SSIConfigSetExpClk)
                  00004bcc    00000044     rtsv7M3_T_le_eabi.lib : cpy_tbl.obj (.text)
                  00004c10    00000044                           : exit.obj (.text)
                  00004c54    00000044                           : xdtest.obj (.text)
                  00004c98    00000042     driverlib-cm3.lib : uart.obj (.text:UARTConfigSetExpClk)
                  00004cda    00000002     --HOLE-- [fill = 0]
                  00004cdc    00000034                       : interrupt.obj (.text:IntRegister)
                  00004d10    00000034     rtsv7M3_T_le_eabi.lib : boot.obj (.text)
                  00004d44    00000030                           : strncpy.obj (.text)
                  00004d74    0000002e     driverlib-cm3.lib : gpio.obj (.text:GPIODirModeSet)
                  00004da2    0000002e     rtsv7M3_T_le_eabi.lib : i_tofd_t2.obj (.text)
                  00004dd0    00000026                           : strncmp.obj (.text)
                  00004df6    00000022                           : memcmp.obj (.text)
                  00004e18    00000020     driverlib-cm3.lib : uart.obj (.text:UARTIntNumberGet)
                  00004e38    0000001c                       : uart.obj (.text:UARTDisable)
                  00004e54    0000001a     rtsv7M3_T_le_eabi.lib : memccpy.obj (.text)
                  00004e6e    00000018     driverlib-cm3.lib : uart.obj (.text:UARTIntRegister)
                  00004e86    00000002     --HOLE-- [fill = 0]
                  00004e88    00000018     rtsv7M3_T_le_eabi.lib : args_main.obj (.text)
                  00004ea0    00000018                           : ll_mul_t2.obj (.text)
                  00004eb8    00000014     driverlib-cm3.lib : uart.obj (.text:UARTEnable)
                  00004ecc    00000014     rtsv7M3_T_le_eabi.lib : _lock.obj (.text)
                  00004ee0    00000014                           : strlen.obj (.text)
                  00004ef4    00000012     driverlib-cm3.lib : gpio.obj (.text:GPIOPinTypeGPIOOutput)
                  00004f06    00000012                       : gpio.obj (.text:GPIOPinTypeSSI)
                  00004f18    00000012                       : gpio.obj (.text:GPIOPinTypeUART)
                  00004f2a    00000012                       : ssi.obj (.text:SSIDataGetNonBlocking)
                  00004f3c    00000012     rtsv7M3_T_le_eabi.lib : copy_zero_init.obj (.text:decompress:ZI)
                  00004f4e    00000002     --HOLE-- [fill = 0]
                  00004f50    00000010     driverlib-cm3.lib : systick.obj (.text:SysTickPeriodGet)
                  00004f60    00000010                       : uart.obj (.text:UARTCharGetNonBlocking)
                  00004f70    00000010                       : uart.obj (.text:UARTCharPutNonBlocking)
                  00004f80    0000000e     rtsv7M3_T_le_eabi.lib : copy_decompress_none.obj (.text:decompress:none)
                  00004f8e    0000000e                           : xdclass.obj (.text)
                  00004f9c    0000000c     driverlib-cm3.lib : cpu.obj (.text:CPUcpsie)
                  00004fa8    0000000c                       : systick.obj (.text:SysTickValueGet)
                  00004fb4    0000000c                       : uart.obj (.text:UARTCharsAvail)
                  00004fc0    0000000c     startup_ccs.obj (.text)
                  00004fcc    0000000a     driverlib-cm3.lib : interrupt.obj (.text:IntMasterEnable)
                  00004fd6    0000000a                       : ssi.obj (.text:SSIDataPut)
                  00004fe0    0000000a                       : ssi.obj (.text:SSIDisable)
                  00004fea    0000000a                       : ssi.obj (.text:SSIEnable)
                  00004ff4    0000000a                       : uart.obj (.text:UARTIntStatus)
                  00004ffe    00000008                       : ssi.obj (.text:SSIBusy)
                  00005006    00000008                       : uart.obj (.text:UARTIntEnable)
                  0000500e    00000006                       : gpio.obj (.text:GPIOPinWrite)
                  00005014    00000006                       : sysctl.obj (.text:SysCtlDelay)
                  0000501a    00000006     rtsv7M3_T_le_eabi.lib : copy_decompress_rle.obj (.text:decompress:rle24)
                  00005020    00000004     driverlib-cm3.lib : uart.obj (.text:UARTIntClear)

.const     0    00005024    000005e8     
                  00005024    000001e0     rit128x96x4.obj (.const:g_pucFont)
                  00005204    00000102     rtsv7M3_T_le_eabi.lib : ctype.obj (.const:.string:_ctypes_)
                  00005306    00000002     heap_2.obj (.const)
                  00005308    00000078     driverlib-cm3.lib : gpio.obj (.const:g_pulGPIOBaseAddrs)
                  00005380    00000070                       : interrupt.obj (.const)
                  000053f0    0000006c                       : sysctl.obj (.const:g_pulXtals)
                  0000545c    0000004f     rit128x96x4.obj (.const:.string:g_pucRIT128x96x4Init)
                  000054ab    00000001     --HOLE-- [fill = 0]
                  000054ac    00000040     driverlib-cm3.lib : sysctl.obj (.const)
                  000054ec    00000040                       : uart.obj (.const:g_ppulUARTIntMap)
                  0000552c    00000032     main.obj (.const:.string:$P$T0$1)
                  0000555e    00000032     main.obj (.const:.string:$P$T1$2)
                  00005590    00000032     main.obj (.const:.string)
                  000055c2    00000002     --HOLE-- [fill = 0]
                  000055c4    00000028     main.obj (.const)
                  000055ec    00000014     tasks.obj (.const:.string)
                  00005600    0000000c     rit128x96x4.obj (.const:.string)

.cinit     0    00005610    00000060     
                  00005610    00000027     (.cinit..data.load) [load image, compression = rle]
                  00005637    00000001     --HOLE-- [fill = 0]
                  00005638    0000000c     (__TI_handler_table)
                  00005644    00000004     --HOLE-- [fill = 0]
                  00005648    00000008     (.cinit..bss.load) [load image, compression = zero_init]
                  00005650    00000008     (.cinit..vtable.load) [load image, compression = zero_init]
                  00005658    00000018     (__TI_cinit_table)

.vtable    0    20000000    0000026c     UNINITIALIZED
                  20000000    0000026c     driverlib-cm3.lib : interrupt.obj (.vtable)

.stack     0    2000026c    00004000     UNINITIALIZED
                  2000026c    00004000     --HOLE--

.sysmem    0    20004270    00004000     UNINITIALIZED
                  20004270    00000008     rtsv7M3_T_le_eabi.lib : memory.obj (.sysmem)
                  20004278    00003ff8     --HOLE--

.bss       0    20008270    00002908     UNINITIALIZED
                  20008270    00002800     heap_2.obj (.bss:xHeap)
                  2000aa70    00000064     tasks.obj (.bss:pxReadyTasksLists)
                  2000aad4    00000014     (.common:xDelayedTaskList1)
                  2000aae8    00000014     (.common:xDelayedTaskList2)
                  2000aafc    00000014     (.common:xPendingReadyList)
                  2000ab10    00000014     (.common:xSuspendedTaskList)
                  2000ab24    00000014     (.common:xTasksWaitingTermination)
                  2000ab38    00000008     (.common:g_pucBuffer)
                  2000ab40    00000008     (.common:xEnd)
                  2000ab48    00000008     (.common:xStart)
                  2000ab50    00000004     (.common:g_ulSSIFlags)
                  2000ab54    00000004     (.common:pxDelayedTaskList)
                  2000ab58    00000004     (.common:pxOverflowDelayedTaskList)
                  2000ab5c    00000004     (.common:xCOMMS_FROM_PC_Queue)
                  2000ab60    00000004     (.common:xSEND_RESULTS_Queue)
                  2000ab64    00000004     (.common:xTestMutex)
                  2000ab68    00000004     (.common:xToMonPC)
                  2000ab6c    00000004     (.common:xToTest)
                  2000ab70    00000004     (.common:xToTimeout)
                  2000ab74    00000004     (.common:xUARTReadQueue)

.data      0    2000ab78    0000005c     UNINITIALIZED
                  2000ab78    00000030     tasks.obj (.data)
                  2000aba8    0000000c     rtsv7M3_T_le_eabi.lib : memory.obj (.data)
                  2000abb4    00000008     heap_2.obj (.data)
                  2000abbc    00000008     rtsv7M3_T_le_eabi.lib : _lock.obj (.data)
                  2000abc4    00000008                           : exit.obj (.data)
                  2000abcc    00000004     port.obj (.data)
                  2000abd0    00000004     rtsv7M3_T_le_eabi.lib : stkdepth_vars.obj (.data)


LINKER GENERATED COPY TABLES

__TI_cinit_table @ 00005658 records: 3, size/record: 8, table size: 24
	.data: load addr=00005610, load size=00000027 bytes, run addr=2000ab78, run size=0000005c bytes, compression=rle
	.bss: load addr=00005648, load size=00000008 bytes, run addr=20008270, run size=00002908 bytes, compression=zero_init
	.vtable: load addr=00005650, load size=00000008 bytes, run addr=20000000, run size=0000026c bytes, compression=zero_init


LINKER GENERATED HANDLER TABLE

__TI_handler_table @ 00005638 records: 3, size/record: 4, table size: 12
	index: 0, handler: __TI_zero_init
	index: 1, handler: __TI_decompress_rle24
	index: 2, handler: __TI_decompress_none


GLOBAL SYMBOLS: SORTED ALPHABETICALLY BY Name 

address    name
--------   ----
00004c11   C$$EXIT
00004f9d   CPUcpsie
00004d75   GPIODirModeSet
00004445   GPIOPadConfigSet
00004af9   GPIOPinConfigure
00004ef5   GPIOPinTypeGPIOOutput
00004f07   GPIOPinTypeSSI
00004f19   GPIOPinTypeUART
0000500f   GPIOPinWrite
000047e5   InitGPIO
000033cb   InitUART
00003897   Init_PC_UART
000048d9   IntEnable
00004fcd   IntMasterEnable
00004cdd   IntRegister
00001ca5   Monitor_PC_UART
0000385d   PC_UARTIntHandler
00002a65   RIT128x96x4Clear
00002ce3   RIT128x96x4Disable
00002e35   RIT128x96x4DisplayOff
00002e01   RIT128x96x4DisplayOn
00002c89   RIT128x96x4Enable
00002c01   RIT128x96x4ImageDraw
00002d5d   RIT128x96x4Init
00002ac1   RIT128x96x4StringDraw
00004fc1   ResetISR
UNDEFED    SHT$$INIT_ARRAY$$Base
UNDEFED    SHT$$INIT_ARRAY$$Limit
00004fff   SSIBusy
00004b89   SSIConfigSetExpClk
00004f2b   SSIDataGetNonBlocking
00004fd7   SSIDataPut
00004fe1   SSIDisable
00004feb   SSIEnable
00003685   SysCtlClockGet
00003da5   SysCtlClockSet
00005015   SysCtlDelay
00004a55   SysCtlPeripheralEnable
00004f51   SysTickPeriodGet
00004fa9   SysTickValueGet
00004f61   UARTCharGetNonBlocking
00004f71   UARTCharPutNonBlocking
00004fb5   UARTCharsAvail
00004c99   UARTConfigSetExpClk
00004e39   UARTDisable
00004eb9   UARTEnable
00005021   UARTIntClear
00005007   UARTIntEnable
00003239   UARTIntHandler
00004e6f   UARTIntRegister
00004ff5   UARTIntStatus
00003273   UARTSend
00004f8f   _Dclass
00004c55   _Dtest
2000426c   __STACK_END
00004000   __STACK_SIZE
2000036c   __STACK_TOP
00004000   __SYSMEM_SIZE
00005658   __TI_CINIT_Base
00005670   __TI_CINIT_Limit
00005638   __TI_Handler_Table_Base
00005644   __TI_Handler_Table_Limit
00000001   __TI_args_main
00004645   __TI_auto_init
2000abc4   __TI_cleanup_ptr
00004f81   __TI_decompress_none
0000501b   __TI_decompress_rle24
2000abc8   __TI_dtors_ptr
00000ca3   __TI_printfi
00000000   __TI_static_base__
00004f3d   __TI_zero_init
000046d9   __aeabi_cdcmpeq
000046d9   __aeabi_cdcmple
0000475f   __aeabi_cdrcmple
00004b41   __aeabi_d2iz
00003bf7   __aeabi_dadd
00003ee9   __aeabi_ddiv
00004265   __aeabi_dmul
00003bed   __aeabi_dsub
00004da3   __aeabi_i2d
00004ea1   __aeabi_lmul
00004861   __aeabi_memclr
00004861   __aeabi_memclr4
00004861   __aeabi_memclr8
000045a9   __aeabi_memcpy
000045a9   __aeabi_memcpy4
000045a9   __aeabi_memcpy8
00004863   __aeabi_memset
00004863   __aeabi_memset4
00004863   __aeabi_memset8
00003491   __aeabi_uldivmod
ffffffff   __binit__
ffffffff   __c_args__
2000026c   __stack
00004e89   _args_main
00004d11   _c_int00
00005204   _ctypes_
2000abbc   _lock
00004edb   _nop
00004ed3   _register_lock
00004ecd   _register_unlock
20004270   _sys_memory
2000abc0   _unlock
00004c15   abort
00004aad   atoi
ffffffff   binit
00003201   calloc
00004bcd   copy_in
00004c1d   exit
00002f5b   free
20000000   g_pfnRAMVectors
00000000   g_pfnVectors
000049fb   ltoa
00001c21   main
2000abd0   main_func_sp
00002ef9   malloc
00003121   memalign
00004e55   memccpy
00004df7   memcmp
000045a9   memcpy
00004869   memset
00002e6d   minit
0000329d   mirrorUART
00003a31   pvPortMalloc
2000ab78   pxCurrentTCB
00004361   pxPortInitialiseStack
0000301b   realloc
00004805   reset_uut
0000391d   send_results_to_PC
0000493d   sprintf
000041dd   stopwatch_get_subticks
00004215   stopwatch_get_time_ms
00004229   stopwatch_get_time_us
000041b1   stopwatch_start
000041c7   stopwatch_stop
00004ee1   strlen
00004dd1   strncmp
00004d45   strncpy
00002763   uxQueueMessagesWaiting
00002779   uxQueueMessagesWaitingFromISR
00001635   uxTaskGetNumberOfTasks
0000123d   uxTaskPriorityGet
000022f1   vApplicationIdleHook
000022e5   vApplicationMallocFailedHook
000022e7   vApplicationStackOverflowHook
000022f3   vApplicationTickHook
00002131   vClockSpeed
00001e79   vIntercept
0000401f   vListInitialise
0000404f   vListInitialiseItem
000040a3   vListInsert
0000405f   vListInsertEnd
00004109   vListRemove
00001f49   vMirrorTX
00004559   vPortClearInterruptMask
00004597   vPortEnableVFP
000043d1   vPortEndScheduler
000043dd   vPortEnterCritical
000043ed   vPortExitCritical
00003b63   vPortFree
00003bcb   vPortInitialiseBlocks
00004567   vPortSVCHandler
0000454b   vPortSetInterruptMask
00004585   vPortStartFirstTask
000043d3   vPortYieldFromISR
0000278b   vQueueDelete
000011d9   vTaskDelay
00001129   vTaskDelayUntil
000010c1   vTaskDelete
00001535   vTaskEndScheduler
00001645   vTaskIncrementTick
00001949   vTaskMissedYield
000017ad   vTaskPlaceOnEventList
00001b8f   vTaskPriorityDisinherit
00001b05   vTaskPriorityInherit
00001279   vTaskPrioritySet
00001409   vTaskResume
000018ab   vTaskSetTimeOutState
000014eb   vTaskStartScheduler
00001361   vTaskSuspend
00001547   vTaskSuspendAll
000016ed   vTaskSwitchContext
0000414d   vTaskTestStopwatch
00001d85   vTimeout
2000ab5c   xCOMMS_FROM_PC_Queue
00003bc5   xPortGetFreeHeapSize
00004511   xPortPendSVHandler
000043a9   xPortStartScheduler
00004403   xPortSysTickHandler
00002349   xQueueCreate
00002457   xQueueCreateCountingSemaphore
000023ef   xQueueCreateMutex
000025c7   xQueueGenericReceive
00002475   xQueueGenericSend
0000255d   xQueueGenericSendFromISR
00002905   xQueueIsQueueEmptyFromISR
0000293f   xQueueIsQueueFullFromISR
000026fb   xQueueReceiveFromISR
2000ab60   xSEND_RESULTS_Queue
000018d1   xTaskCheckForTimeOut
00000fad   xTaskGenericCreate
00001af1   xTaskGetCurrentTaskHandle
00001621   xTaskGetTickCount
000013b9   xTaskIsTaskSuspended
0000182d   xTaskRemoveFromEventList
00001551   xTaskResumeAll
00001479   xTaskResumeFromISR
2000ab64   xTestMutex
2000ab68   xToMonPC
2000ab6c   xToTest
2000ab70   xToTimeout
2000ab74   xUARTReadQueue


GLOBAL SYMBOLS: SORTED BY Symbol Address 

address    name
--------   ----
00000000   __TI_static_base__
00000000   g_pfnVectors
00000001   __TI_args_main
00000ca3   __TI_printfi
00000fad   xTaskGenericCreate
000010c1   vTaskDelete
00001129   vTaskDelayUntil
000011d9   vTaskDelay
0000123d   uxTaskPriorityGet
00001279   vTaskPrioritySet
00001361   vTaskSuspend
000013b9   xTaskIsTaskSuspended
00001409   vTaskResume
00001479   xTaskResumeFromISR
000014eb   vTaskStartScheduler
00001535   vTaskEndScheduler
00001547   vTaskSuspendAll
00001551   xTaskResumeAll
00001621   xTaskGetTickCount
00001635   uxTaskGetNumberOfTasks
00001645   vTaskIncrementTick
000016ed   vTaskSwitchContext
000017ad   vTaskPlaceOnEventList
0000182d   xTaskRemoveFromEventList
000018ab   vTaskSetTimeOutState
000018d1   xTaskCheckForTimeOut
00001949   vTaskMissedYield
00001af1   xTaskGetCurrentTaskHandle
00001b05   vTaskPriorityInherit
00001b8f   vTaskPriorityDisinherit
00001c21   main
00001ca5   Monitor_PC_UART
00001d85   vTimeout
00001e79   vIntercept
00001f49   vMirrorTX
00002131   vClockSpeed
000022e5   vApplicationMallocFailedHook
000022e7   vApplicationStackOverflowHook
000022f1   vApplicationIdleHook
000022f3   vApplicationTickHook
00002349   xQueueCreate
000023ef   xQueueCreateMutex
00002457   xQueueCreateCountingSemaphore
00002475   xQueueGenericSend
0000255d   xQueueGenericSendFromISR
000025c7   xQueueGenericReceive
000026fb   xQueueReceiveFromISR
00002763   uxQueueMessagesWaiting
00002779   uxQueueMessagesWaitingFromISR
0000278b   vQueueDelete
00002905   xQueueIsQueueEmptyFromISR
0000293f   xQueueIsQueueFullFromISR
00002a65   RIT128x96x4Clear
00002ac1   RIT128x96x4StringDraw
00002c01   RIT128x96x4ImageDraw
00002c89   RIT128x96x4Enable
00002ce3   RIT128x96x4Disable
00002d5d   RIT128x96x4Init
00002e01   RIT128x96x4DisplayOn
00002e35   RIT128x96x4DisplayOff
00002e6d   minit
00002ef9   malloc
00002f5b   free
0000301b   realloc
00003121   memalign
00003201   calloc
00003239   UARTIntHandler
00003273   UARTSend
0000329d   mirrorUART
000033cb   InitUART
00003491   __aeabi_uldivmod
00003685   SysCtlClockGet
0000385d   PC_UARTIntHandler
00003897   Init_PC_UART
0000391d   send_results_to_PC
00003a31   pvPortMalloc
00003b63   vPortFree
00003bc5   xPortGetFreeHeapSize
00003bcb   vPortInitialiseBlocks
00003bed   __aeabi_dsub
00003bf7   __aeabi_dadd
00003da5   SysCtlClockSet
00003ee9   __aeabi_ddiv
00004000   __STACK_SIZE
00004000   __SYSMEM_SIZE
0000401f   vListInitialise
0000404f   vListInitialiseItem
0000405f   vListInsertEnd
000040a3   vListInsert
00004109   vListRemove
0000414d   vTaskTestStopwatch
000041b1   stopwatch_start
000041c7   stopwatch_stop
000041dd   stopwatch_get_subticks
00004215   stopwatch_get_time_ms
00004229   stopwatch_get_time_us
00004265   __aeabi_dmul
00004361   pxPortInitialiseStack
000043a9   xPortStartScheduler
000043d1   vPortEndScheduler
000043d3   vPortYieldFromISR
000043dd   vPortEnterCritical
000043ed   vPortExitCritical
00004403   xPortSysTickHandler
00004445   GPIOPadConfigSet
00004511   xPortPendSVHandler
0000454b   vPortSetInterruptMask
00004559   vPortClearInterruptMask
00004567   vPortSVCHandler
00004585   vPortStartFirstTask
00004597   vPortEnableVFP
000045a9   __aeabi_memcpy
000045a9   __aeabi_memcpy4
000045a9   __aeabi_memcpy8
000045a9   memcpy
00004645   __TI_auto_init
000046d9   __aeabi_cdcmpeq
000046d9   __aeabi_cdcmple
0000475f   __aeabi_cdrcmple
000047e5   InitGPIO
00004805   reset_uut
00004861   __aeabi_memclr
00004861   __aeabi_memclr4
00004861   __aeabi_memclr8
00004863   __aeabi_memset
00004863   __aeabi_memset4
00004863   __aeabi_memset8
00004869   memset
000048d9   IntEnable
0000493d   sprintf
000049fb   ltoa
00004a55   SysCtlPeripheralEnable
00004aad   atoi
00004af9   GPIOPinConfigure
00004b41   __aeabi_d2iz
00004b89   SSIConfigSetExpClk
00004bcd   copy_in
00004c11   C$$EXIT
00004c15   abort
00004c1d   exit
00004c55   _Dtest
00004c99   UARTConfigSetExpClk
00004cdd   IntRegister
00004d11   _c_int00
00004d45   strncpy
00004d75   GPIODirModeSet
00004da3   __aeabi_i2d
00004dd1   strncmp
00004df7   memcmp
00004e39   UARTDisable
00004e55   memccpy
00004e6f   UARTIntRegister
00004e89   _args_main
00004ea1   __aeabi_lmul
00004eb9   UARTEnable
00004ecd   _register_unlock
00004ed3   _register_lock
00004edb   _nop
00004ee1   strlen
00004ef5   GPIOPinTypeGPIOOutput
00004f07   GPIOPinTypeSSI
00004f19   GPIOPinTypeUART
00004f2b   SSIDataGetNonBlocking
00004f3d   __TI_zero_init
00004f51   SysTickPeriodGet
00004f61   UARTCharGetNonBlocking
00004f71   UARTCharPutNonBlocking
00004f81   __TI_decompress_none
00004f8f   _Dclass
00004f9d   CPUcpsie
00004fa9   SysTickValueGet
00004fb5   UARTCharsAvail
00004fc1   ResetISR
00004fcd   IntMasterEnable
00004fd7   SSIDataPut
00004fe1   SSIDisable
00004feb   SSIEnable
00004ff5   UARTIntStatus
00004fff   SSIBusy
00005007   UARTIntEnable
0000500f   GPIOPinWrite
00005015   SysCtlDelay
0000501b   __TI_decompress_rle24
00005021   UARTIntClear
00005204   _ctypes_
00005638   __TI_Handler_Table_Base
00005644   __TI_Handler_Table_Limit
00005658   __TI_CINIT_Base
00005670   __TI_CINIT_Limit
20000000   g_pfnRAMVectors
2000026c   __stack
2000036c   __STACK_TOP
2000426c   __STACK_END
20004270   _sys_memory
2000ab5c   xCOMMS_FROM_PC_Queue
2000ab60   xSEND_RESULTS_Queue
2000ab64   xTestMutex
2000ab68   xToMonPC
2000ab6c   xToTest
2000ab70   xToTimeout
2000ab74   xUARTReadQueue
2000ab78   pxCurrentTCB
2000abbc   _lock
2000abc0   _unlock
2000abc4   __TI_cleanup_ptr
2000abc8   __TI_dtors_ptr
2000abd0   main_func_sp
ffffffff   __binit__
ffffffff   __c_args__
ffffffff   binit
UNDEFED    SHT$$INIT_ARRAY$$Base
UNDEFED    SHT$$INIT_ARRAY$$Limit

[212 symbols]
