******************************************************************************
                  TI ARM Linker PC v5.1.6                      
******************************************************************************
>> Linked Sat Oct 03 11:03:49 2015

OUTPUT FILE NAME:   <FRT.out>
ENTRY POINT SYMBOL: "_c_int00"  address: 00004dd9


MEMORY CONFIGURATION

         name            origin    length      used     unused   attr    fill
----------------------  --------  ---------  --------  --------  ----  --------
  FLASH                 00000000   00040000  00005734  0003a8cc  R  X
  SRAM                  20000000   00010000  0000abe0  00005420  RW X


SEGMENT ALLOCATION MAP

run origin  load origin   length   init length attrs members
----------  ----------- ---------- ----------- ----- -------
00000000    00000000    00005738   00005738    r-x
  00000000    00000000    000000f0   000000f0    r-- .intvecs
  000000f0    000000f0    00004ffc   00004ffc    r-x .text
  000050ec    000050ec    000005e8   000005e8    r-- .const
  000056d8    000056d8    00000060   00000060    r-- .cinit
20000000    20000000    0000abe4   00000000    rw-
  20000000    20000000    0000026c   00000000    rw- .vtable
  2000026c    2000026c    00004000   00000000    rw- .stack
  20004270    20004270    00004000   00000000    rw- .sysmem
  20008270    20008270    00002918   00000000    rw- .bss
  2000ab88    2000ab88    0000005c   00000000    rw- .data


SECTION ALLOCATION MAP

 output                                  attributes/
section   page    origin      length       input sections
--------  ----  ----------  ----------   ----------------
.intvecs   0    00000000    000000f0     
                  00000000    000000f0     startup_ccs.obj (.intvecs)

.text      0    000000f0    00004ffc     
                  000000f0    00000ebc     rtsv7M3_T_le_eabi.lib : _printfi.obj (.text)
                  00000fac    00000c74     tasks.obj (.text)
                  00001c20    000007ac     main.obj (.text)
                  000023cc    00000614     queue.obj (.text)
                  000029e0    00000510     rit128x96x4.obj (.text)
                  00002ef0    000003cc     rtsv7M3_T_le_eabi.lib : memory.obj (.text)
                  000032bc    00000258     UART.obj (.text)
                  00003514    00000218     PC_UART.obj (.text)
                  0000372c    000001f4     rtsv7M3_T_le_eabi.lib : ull_div_t2.obj (.text)
                  00003920    000001d8     driverlib-cm3.lib : sysctl.obj (.text:SysCtlClockGet)
                  00003af8    000001bc     heap_2.obj (.text)
                  00003cb4    000001b6     rtsv7M3_T_le_eabi.lib : fd_add_t2.obj (.text)
                  00003e6a    00000002     --HOLE-- [fill = 0]
                  00003e6c    00000144     driverlib-cm3.lib : sysctl.obj (.text:SysCtlClockSet)
                  00003fb0    00000136     rtsv7M3_T_le_eabi.lib : fd_div_t2.obj (.text)
                  000040e6    0000012e     list.obj (.text)
                  00004214    00000118     stopwatch.obj (.text)
                  0000432c    000000fc     rtsv7M3_T_le_eabi.lib : fd_mul_t2.obj (.text)
                  00004428    000000e4     port.obj (.text)
                  0000450c    000000c8     driverlib-cm3.lib : gpio.obj (.text:GPIOPadConfigSet)
                  000045d4    0000009c     portasm.obj (.text)
                  00004670    0000009c     rtsv7M3_T_le_eabi.lib : memcpy_t2.obj (.text)
                  0000470c    00000094                           : auto_init.obj (.text)
                  000047a0    00000086                           : fd_cmp_t2.obj (.text:__aeabi_cdcmple)
                  00004826    00000086                           : fd_cmp_t2.obj (.text:__aeabi_cdrcmple)
                  000048ac    0000007c     uut_gpio.obj (.text)
                  00004928    00000078     rtsv7M3_T_le_eabi.lib : memset_t2.obj (.text)
                  000049a0    00000064     driverlib-cm3.lib : interrupt.obj (.text:IntEnable)
                  00004a04    00000060     rtsv7M3_T_le_eabi.lib : sprintf.obj (.text)
                  00004a64    0000005e                           : copy_decompress_rle.obj (.text)
                  00004ac2    0000005a                           : ltoa.obj (.text)
                  00004b1c    00000058     driverlib-cm3.lib : sysctl.obj (.text:SysCtlPeripheralEnable)
                  00004b74    0000004c     rtsv7M3_T_le_eabi.lib : atoi.obj (.text)
                  00004bc0    00000048     driverlib-cm3.lib : gpio.obj (.text:GPIOPinConfigure)
                  00004c08    00000048     rtsv7M3_T_le_eabi.lib : fd_toi_t2.obj (.text)
                  00004c50    00000044     driverlib-cm3.lib : ssi.obj (.text:SSIConfigSetExpClk)
                  00004c94    00000044     rtsv7M3_T_le_eabi.lib : cpy_tbl.obj (.text)
                  00004cd8    00000044                           : exit.obj (.text)
                  00004d1c    00000044                           : xdtest.obj (.text)
                  00004d60    00000042     driverlib-cm3.lib : uart.obj (.text:UARTConfigSetExpClk)
                  00004da2    00000002     --HOLE-- [fill = 0]
                  00004da4    00000034                       : interrupt.obj (.text:IntRegister)
                  00004dd8    00000034     rtsv7M3_T_le_eabi.lib : boot.obj (.text)
                  00004e0c    00000030                           : strncpy.obj (.text)
                  00004e3c    0000002e     driverlib-cm3.lib : gpio.obj (.text:GPIODirModeSet)
                  00004e6a    0000002e     rtsv7M3_T_le_eabi.lib : i_tofd_t2.obj (.text)
                  00004e98    00000026                           : strncmp.obj (.text)
                  00004ebe    00000022                           : memcmp.obj (.text)
                  00004ee0    00000020     driverlib-cm3.lib : uart.obj (.text:UARTIntNumberGet)
                  00004f00    0000001c                       : uart.obj (.text:UARTDisable)
                  00004f1c    0000001a     rtsv7M3_T_le_eabi.lib : memccpy.obj (.text)
                  00004f36    00000018     driverlib-cm3.lib : uart.obj (.text:UARTIntRegister)
                  00004f4e    00000002     --HOLE-- [fill = 0]
                  00004f50    00000018     rtsv7M3_T_le_eabi.lib : args_main.obj (.text)
                  00004f68    00000018                           : ll_mul_t2.obj (.text)
                  00004f80    00000014     driverlib-cm3.lib : uart.obj (.text:UARTEnable)
                  00004f94    00000014     rtsv7M3_T_le_eabi.lib : _lock.obj (.text)
                  00004fa8    00000014                           : strlen.obj (.text)
                  00004fbc    00000012     driverlib-cm3.lib : gpio.obj (.text:GPIOPinTypeGPIOOutput)
                  00004fce    00000012                       : gpio.obj (.text:GPIOPinTypeSSI)
                  00004fe0    00000012                       : gpio.obj (.text:GPIOPinTypeUART)
                  00004ff2    00000012                       : ssi.obj (.text:SSIDataGetNonBlocking)
                  00005004    00000012     rtsv7M3_T_le_eabi.lib : copy_zero_init.obj (.text:decompress:ZI)
                  00005016    00000002     --HOLE-- [fill = 0]
                  00005018    00000010     driverlib-cm3.lib : systick.obj (.text:SysTickPeriodGet)
                  00005028    00000010                       : uart.obj (.text:UARTCharGetNonBlocking)
                  00005038    00000010                       : uart.obj (.text:UARTCharPutNonBlocking)
                  00005048    0000000e     rtsv7M3_T_le_eabi.lib : copy_decompress_none.obj (.text:decompress:none)
                  00005056    0000000e                           : xdclass.obj (.text)
                  00005064    0000000c     driverlib-cm3.lib : cpu.obj (.text:CPUcpsie)
                  00005070    0000000c                       : systick.obj (.text:SysTickValueGet)
                  0000507c    0000000c                       : uart.obj (.text:UARTCharsAvail)
                  00005088    0000000c     startup_ccs.obj (.text)
                  00005094    0000000a     driverlib-cm3.lib : interrupt.obj (.text:IntMasterEnable)
                  0000509e    0000000a                       : ssi.obj (.text:SSIDataPut)
                  000050a8    0000000a                       : ssi.obj (.text:SSIDisable)
                  000050b2    0000000a                       : ssi.obj (.text:SSIEnable)
                  000050bc    0000000a                       : uart.obj (.text:UARTIntStatus)
                  000050c6    00000008                       : ssi.obj (.text:SSIBusy)
                  000050ce    00000008                       : uart.obj (.text:UARTIntEnable)
                  000050d6    00000006                       : gpio.obj (.text:GPIOPinWrite)
                  000050dc    00000006                       : sysctl.obj (.text:SysCtlDelay)
                  000050e2    00000006     rtsv7M3_T_le_eabi.lib : copy_decompress_rle.obj (.text:decompress:rle24)
                  000050e8    00000004     driverlib-cm3.lib : uart.obj (.text:UARTIntClear)

.const     0    000050ec    000005e8     
                  000050ec    000001e0     rit128x96x4.obj (.const:g_pucFont)
                  000052cc    00000102     rtsv7M3_T_le_eabi.lib : ctype.obj (.const:.string:_ctypes_)
                  000053ce    00000002     heap_2.obj (.const)
                  000053d0    00000078     driverlib-cm3.lib : gpio.obj (.const:g_pulGPIOBaseAddrs)
                  00005448    00000070                       : interrupt.obj (.const)
                  000054b8    0000006c                       : sysctl.obj (.const:g_pulXtals)
                  00005524    0000004f     rit128x96x4.obj (.const:.string:g_pucRIT128x96x4Init)
                  00005573    00000001     --HOLE-- [fill = 0]
                  00005574    00000040     driverlib-cm3.lib : sysctl.obj (.const)
                  000055b4    00000040                       : uart.obj (.const:g_ppulUARTIntMap)
                  000055f4    00000032     main.obj (.const:.string:$P$T0$1)
                  00005626    00000032     main.obj (.const:.string:$P$T1$2)
                  00005658    00000032     main.obj (.const:.string)
                  0000568a    00000002     --HOLE-- [fill = 0]
                  0000568c    00000028     main.obj (.const)
                  000056b4    00000014     tasks.obj (.const:.string)
                  000056c8    0000000c     rit128x96x4.obj (.const:.string)

.cinit     0    000056d8    00000060     
                  000056d8    00000027     (.cinit..data.load) [load image, compression = rle]
                  000056ff    00000001     --HOLE-- [fill = 0]
                  00005700    0000000c     (__TI_handler_table)
                  0000570c    00000004     --HOLE-- [fill = 0]
                  00005710    00000008     (.cinit..bss.load) [load image, compression = zero_init]
                  00005718    00000008     (.cinit..vtable.load) [load image, compression = zero_init]
                  00005720    00000018     (__TI_cinit_table)

.vtable    0    20000000    0000026c     UNINITIALIZED
                  20000000    0000026c     driverlib-cm3.lib : interrupt.obj (.vtable)

.stack     0    2000026c    00004000     UNINITIALIZED
                  2000026c    00004000     --HOLE--

.sysmem    0    20004270    00004000     UNINITIALIZED
                  20004270    00000008     rtsv7M3_T_le_eabi.lib : memory.obj (.sysmem)
                  20004278    00003ff8     --HOLE--

.bss       0    20008270    00002918     UNINITIALIZED
                  20008270    00002800     heap_2.obj (.bss:xHeap)
                  2000aa70    00000064     tasks.obj (.bss:pxReadyTasksLists)
                  2000aad4    00000014     (.common:xDelayedTaskList1)
                  2000aae8    00000014     (.common:xDelayedTaskList2)
                  2000aafc    00000014     (.common:xPendingReadyList)
                  2000ab10    00000014     (.common:xSuspendedTaskList)
                  2000ab24    00000014     (.common:xTasksWaitingTermination)
                  2000ab38    00000008     (.common:g_pucBuffer)
                  2000ab40    00000008     (.common:xEnd)
                  2000ab48    00000008     (.common:xStart)
                  2000ab50    00000004     (.common:g_ulSSIFlags)
                  2000ab54    00000004     (.common:pxDelayedTaskList)
                  2000ab58    00000004     (.common:pxOverflowDelayedTaskList)
                  2000ab5c    00000004     (.common:xCOMMS_FROM_PC_Queue)
                  2000ab60    00000004     (.common:xClockSpeed)
                  2000ab64    00000004     (.common:xIntercept)
                  2000ab68    00000004     (.common:xMirrorTX)
                  2000ab6c    00000004     (.common:xPC_SENT)
                  2000ab70    00000004     (.common:xSEND_RESULTS_Queue)
                  2000ab74    00000004     (.common:xTestMutex)
                  2000ab78    00000004     (.common:xToMonPC)
                  2000ab7c    00000004     (.common:xToTest)
                  2000ab80    00000004     (.common:xToTimeout)
                  2000ab84    00000004     (.common:xUARTReadQueue)

.data      0    2000ab88    0000005c     UNINITIALIZED
                  2000ab88    00000030     tasks.obj (.data)
                  2000abb8    0000000c     rtsv7M3_T_le_eabi.lib : memory.obj (.data)
                  2000abc4    00000008     heap_2.obj (.data)
                  2000abcc    00000008     rtsv7M3_T_le_eabi.lib : _lock.obj (.data)
                  2000abd4    00000008                           : exit.obj (.data)
                  2000abdc    00000004     port.obj (.data)
                  2000abe0    00000004     rtsv7M3_T_le_eabi.lib : stkdepth_vars.obj (.data)


LINKER GENERATED COPY TABLES

__TI_cinit_table @ 00005720 records: 3, size/record: 8, table size: 24
	.data: load addr=000056d8, load size=00000027 bytes, run addr=2000ab88, run size=0000005c bytes, compression=rle
	.bss: load addr=00005710, load size=00000008 bytes, run addr=20008270, run size=00002918 bytes, compression=zero_init
	.vtable: load addr=00005718, load size=00000008 bytes, run addr=20000000, run size=0000026c bytes, compression=zero_init


LINKER GENERATED HANDLER TABLE

__TI_handler_table @ 00005700 records: 3, size/record: 4, table size: 12
	index: 0, handler: __TI_zero_init
	index: 1, handler: __TI_decompress_rle24
	index: 2, handler: __TI_decompress_none


GLOBAL SYMBOLS: SORTED ALPHABETICALLY BY Name 

address    name
--------   ----
00004cd9   C$$EXIT
00005065   CPUcpsie
00004e3d   GPIODirModeSet
0000450d   GPIOPadConfigSet
00004bc1   GPIOPinConfigure
00004fbd   GPIOPinTypeGPIOOutput
00004fcf   GPIOPinTypeSSI
00004fe1   GPIOPinTypeUART
000050d7   GPIOPinWrite
000048ad   InitGPIO
0000344f   InitUART
0000354f   Init_PC_UART
000049a1   IntEnable
00005095   IntMasterEnable
00004da5   IntRegister
00001ca5   Monitor_PC_UART
00003515   PC_UARTIntHandler
00002ae9   RIT128x96x4Clear
00002d67   RIT128x96x4Disable
00002eb9   RIT128x96x4DisplayOff
00002e85   RIT128x96x4DisplayOn
00002d0d   RIT128x96x4Enable
00002c85   RIT128x96x4ImageDraw
00002de1   RIT128x96x4Init
00002b45   RIT128x96x4StringDraw
00005089   ResetISR
UNDEFED    SHT$$INIT_ARRAY$$Base
UNDEFED    SHT$$INIT_ARRAY$$Limit
000050c7   SSIBusy
00004c51   SSIConfigSetExpClk
00004ff3   SSIDataGetNonBlocking
0000509f   SSIDataPut
000050a9   SSIDisable
000050b3   SSIEnable
00003921   SysCtlClockGet
00003e6d   SysCtlClockSet
000050dd   SysCtlDelay
00004b1d   SysCtlPeripheralEnable
00005019   SysTickPeriodGet
00005071   SysTickValueGet
00005029   UARTCharGetNonBlocking
00005039   UARTCharPutNonBlocking
0000507d   UARTCharsAvail
00004d61   UARTConfigSetExpClk
00004f01   UARTDisable
00004f81   UARTEnable
000050e9   UARTIntClear
000050cf   UARTIntEnable
000032bd   UARTIntHandler
00004f37   UARTIntRegister
000050bd   UARTIntStatus
000032f7   UARTSend
00005057   _Dclass
00004d1d   _Dtest
2000426c   __STACK_END
00004000   __STACK_SIZE
2000036c   __STACK_TOP
00004000   __SYSMEM_SIZE
00005720   __TI_CINIT_Base
00005738   __TI_CINIT_Limit
00005700   __TI_Handler_Table_Base
0000570c   __TI_Handler_Table_Limit
00000001   __TI_args_main
0000470d   __TI_auto_init
2000abd4   __TI_cleanup_ptr
00005049   __TI_decompress_none
000050e3   __TI_decompress_rle24
2000abd8   __TI_dtors_ptr
00000ca3   __TI_printfi
00000000   __TI_static_base__
00005005   __TI_zero_init
000047a1   __aeabi_cdcmpeq
000047a1   __aeabi_cdcmple
00004827   __aeabi_cdrcmple
00004c09   __aeabi_d2iz
00003cbf   __aeabi_dadd
00003fb1   __aeabi_ddiv
0000432d   __aeabi_dmul
00003cb5   __aeabi_dsub
00004e6b   __aeabi_i2d
00004f69   __aeabi_lmul
00004929   __aeabi_memclr
00004929   __aeabi_memclr4
00004929   __aeabi_memclr8
00004671   __aeabi_memcpy
00004671   __aeabi_memcpy4
00004671   __aeabi_memcpy8
0000492b   __aeabi_memset
0000492b   __aeabi_memset4
0000492b   __aeabi_memset8
0000372d   __aeabi_uldivmod
ffffffff   __binit__
ffffffff   __c_args__
2000026c   __stack
00004f51   _args_main
00004dd9   _c_int00
000052cc   _ctypes_
2000abcc   _lock
00004fa3   _nop
00004f9b   _register_lock
00004f95   _register_unlock
20004270   _sys_memory
2000abd0   _unlock
00004cdd   abort
00004b75   atoi
ffffffff   binit
00003285   calloc
00004c95   copy_in
00004ce5   exit
00002fdf   free
20000000   g_pfnRAMVectors
00000000   g_pfnVectors
00004ac3   ltoa
00001c21   main
2000abe0   main_func_sp
00002f7d   malloc
000031a5   memalign
00004f1d   memccpy
00004ebf   memcmp
00004671   memcpy
00004931   memset
00002ef1   minit
00003321   mirrorUART
00003af9   pvPortMalloc
2000ab88   pxCurrentTCB
00004429   pxPortInitialiseStack
0000309f   realloc
000048cd   reset_uut
000035f5   send_results_to_PC
00004a05   sprintf
000042a5   stopwatch_get_subticks
000042dd   stopwatch_get_time_ms
000042f1   stopwatch_get_time_us
00004279   stopwatch_start
0000428f   stopwatch_stop
00004fa9   strlen
00004e99   strncmp
00004e0d   strncpy
000027e7   uxQueueMessagesWaiting
000027fd   uxQueueMessagesWaitingFromISR
00001635   uxTaskGetNumberOfTasks
0000123d   uxTaskPriorityGet
00002371   vApplicationIdleHook
00002365   vApplicationMallocFailedHook
00002367   vApplicationStackOverflowHook
00002379   vApplicationTickHook
000021a1   vClockSpeed
00001ef9   vIntercept
000040e7   vListInitialise
00004117   vListInitialiseItem
0000416b   vListInsert
00004127   vListInsertEnd
000041d1   vListRemove
00001fb9   vMirrorTX
00004621   vPortClearInterruptMask
0000465f   vPortEnableVFP
00004499   vPortEndScheduler
000044a5   vPortEnterCritical
000044b5   vPortExitCritical
00003c2b   vPortFree
00003c93   vPortInitialiseBlocks
0000462f   vPortSVCHandler
00004613   vPortSetInterruptMask
0000464d   vPortStartFirstTask
0000449b   vPortYieldFromISR
0000280f   vQueueDelete
000011d9   vTaskDelay
00001129   vTaskDelayUntil
000010c1   vTaskDelete
00001535   vTaskEndScheduler
00001645   vTaskIncrementTick
00001949   vTaskMissedYield
000017ad   vTaskPlaceOnEventList
00001b8f   vTaskPriorityDisinherit
00001b05   vTaskPriorityInherit
00001279   vTaskPrioritySet
00001409   vTaskResume
000018ab   vTaskSetTimeOutState
000014eb   vTaskStartScheduler
00001361   vTaskSuspend
00001547   vTaskSuspendAll
000016ed   vTaskSwitchContext
00004215   vTaskTestStopwatch
00001df9   vTimeout
2000ab5c   xCOMMS_FROM_PC_Queue
2000ab60   xClockSpeed
2000ab64   xIntercept
2000ab68   xMirrorTX
2000ab6c   xPC_SENT
00003c8d   xPortGetFreeHeapSize
000045d9   xPortPendSVHandler
00004471   xPortStartScheduler
000044cb   xPortSysTickHandler
000023cd   xQueueCreate
000024db   xQueueCreateCountingSemaphore
00002473   xQueueCreateMutex
0000264b   xQueueGenericReceive
000024f9   xQueueGenericSend
000025e1   xQueueGenericSendFromISR
00002989   xQueueIsQueueEmptyFromISR
000029c3   xQueueIsQueueFullFromISR
0000277f   xQueueReceiveFromISR
2000ab70   xSEND_RESULTS_Queue
000018d1   xTaskCheckForTimeOut
00000fad   xTaskGenericCreate
00001af1   xTaskGetCurrentTaskHandle
00001621   xTaskGetTickCount
000013b9   xTaskIsTaskSuspended
0000182d   xTaskRemoveFromEventList
00001551   xTaskResumeAll
00001479   xTaskResumeFromISR
2000ab74   xTestMutex
2000ab78   xToMonPC
2000ab7c   xToTest
2000ab80   xToTimeout
2000ab84   xUARTReadQueue


GLOBAL SYMBOLS: SORTED BY Symbol Address 

address    name
--------   ----
00000000   __TI_static_base__
00000000   g_pfnVectors
00000001   __TI_args_main
00000ca3   __TI_printfi
00000fad   xTaskGenericCreate
000010c1   vTaskDelete
00001129   vTaskDelayUntil
000011d9   vTaskDelay
0000123d   uxTaskPriorityGet
00001279   vTaskPrioritySet
00001361   vTaskSuspend
000013b9   xTaskIsTaskSuspended
00001409   vTaskResume
00001479   xTaskResumeFromISR
000014eb   vTaskStartScheduler
00001535   vTaskEndScheduler
00001547   vTaskSuspendAll
00001551   xTaskResumeAll
00001621   xTaskGetTickCount
00001635   uxTaskGetNumberOfTasks
00001645   vTaskIncrementTick
000016ed   vTaskSwitchContext
000017ad   vTaskPlaceOnEventList
0000182d   xTaskRemoveFromEventList
000018ab   vTaskSetTimeOutState
000018d1   xTaskCheckForTimeOut
00001949   vTaskMissedYield
00001af1   xTaskGetCurrentTaskHandle
00001b05   vTaskPriorityInherit
00001b8f   vTaskPriorityDisinherit
00001c21   main
00001ca5   Monitor_PC_UART
00001df9   vTimeout
00001ef9   vIntercept
00001fb9   vMirrorTX
000021a1   vClockSpeed
00002365   vApplicationMallocFailedHook
00002367   vApplicationStackOverflowHook
00002371   vApplicationIdleHook
00002379   vApplicationTickHook
000023cd   xQueueCreate
00002473   xQueueCreateMutex
000024db   xQueueCreateCountingSemaphore
000024f9   xQueueGenericSend
000025e1   xQueueGenericSendFromISR
0000264b   xQueueGenericReceive
0000277f   xQueueReceiveFromISR
000027e7   uxQueueMessagesWaiting
000027fd   uxQueueMessagesWaitingFromISR
0000280f   vQueueDelete
00002989   xQueueIsQueueEmptyFromISR
000029c3   xQueueIsQueueFullFromISR
00002ae9   RIT128x96x4Clear
00002b45   RIT128x96x4StringDraw
00002c85   RIT128x96x4ImageDraw
00002d0d   RIT128x96x4Enable
00002d67   RIT128x96x4Disable
00002de1   RIT128x96x4Init
00002e85   RIT128x96x4DisplayOn
00002eb9   RIT128x96x4DisplayOff
00002ef1   minit
00002f7d   malloc
00002fdf   free
0000309f   realloc
000031a5   memalign
00003285   calloc
000032bd   UARTIntHandler
000032f7   UARTSend
00003321   mirrorUART
0000344f   InitUART
00003515   PC_UARTIntHandler
0000354f   Init_PC_UART
000035f5   send_results_to_PC
0000372d   __aeabi_uldivmod
00003921   SysCtlClockGet
00003af9   pvPortMalloc
00003c2b   vPortFree
00003c8d   xPortGetFreeHeapSize
00003c93   vPortInitialiseBlocks
00003cb5   __aeabi_dsub
00003cbf   __aeabi_dadd
00003e6d   SysCtlClockSet
00003fb1   __aeabi_ddiv
00004000   __STACK_SIZE
00004000   __SYSMEM_SIZE
000040e7   vListInitialise
00004117   vListInitialiseItem
00004127   vListInsertEnd
0000416b   vListInsert
000041d1   vListRemove
00004215   vTaskTestStopwatch
00004279   stopwatch_start
0000428f   stopwatch_stop
000042a5   stopwatch_get_subticks
000042dd   stopwatch_get_time_ms
000042f1   stopwatch_get_time_us
0000432d   __aeabi_dmul
00004429   pxPortInitialiseStack
00004471   xPortStartScheduler
00004499   vPortEndScheduler
0000449b   vPortYieldFromISR
000044a5   vPortEnterCritical
000044b5   vPortExitCritical
000044cb   xPortSysTickHandler
0000450d   GPIOPadConfigSet
000045d9   xPortPendSVHandler
00004613   vPortSetInterruptMask
00004621   vPortClearInterruptMask
0000462f   vPortSVCHandler
0000464d   vPortStartFirstTask
0000465f   vPortEnableVFP
00004671   __aeabi_memcpy
00004671   __aeabi_memcpy4
00004671   __aeabi_memcpy8
00004671   memcpy
0000470d   __TI_auto_init
000047a1   __aeabi_cdcmpeq
000047a1   __aeabi_cdcmple
00004827   __aeabi_cdrcmple
000048ad   InitGPIO
000048cd   reset_uut
00004929   __aeabi_memclr
00004929   __aeabi_memclr4
00004929   __aeabi_memclr8
0000492b   __aeabi_memset
0000492b   __aeabi_memset4
0000492b   __aeabi_memset8
00004931   memset
000049a1   IntEnable
00004a05   sprintf
00004ac3   ltoa
00004b1d   SysCtlPeripheralEnable
00004b75   atoi
00004bc1   GPIOPinConfigure
00004c09   __aeabi_d2iz
00004c51   SSIConfigSetExpClk
00004c95   copy_in
00004cd9   C$$EXIT
00004cdd   abort
00004ce5   exit
00004d1d   _Dtest
00004d61   UARTConfigSetExpClk
00004da5   IntRegister
00004dd9   _c_int00
00004e0d   strncpy
00004e3d   GPIODirModeSet
00004e6b   __aeabi_i2d
00004e99   strncmp
00004ebf   memcmp
00004f01   UARTDisable
00004f1d   memccpy
00004f37   UARTIntRegister
00004f51   _args_main
00004f69   __aeabi_lmul
00004f81   UARTEnable
00004f95   _register_unlock
00004f9b   _register_lock
00004fa3   _nop
00004fa9   strlen
00004fbd   GPIOPinTypeGPIOOutput
00004fcf   GPIOPinTypeSSI
00004fe1   GPIOPinTypeUART
00004ff3   SSIDataGetNonBlocking
00005005   __TI_zero_init
00005019   SysTickPeriodGet
00005029   UARTCharGetNonBlocking
00005039   UARTCharPutNonBlocking
00005049   __TI_decompress_none
00005057   _Dclass
00005065   CPUcpsie
00005071   SysTickValueGet
0000507d   UARTCharsAvail
00005089   ResetISR
00005095   IntMasterEnable
0000509f   SSIDataPut
000050a9   SSIDisable
000050b3   SSIEnable
000050bd   UARTIntStatus
000050c7   SSIBusy
000050cf   UARTIntEnable
000050d7   GPIOPinWrite
000050dd   SysCtlDelay
000050e3   __TI_decompress_rle24
000050e9   UARTIntClear
000052cc   _ctypes_
00005700   __TI_Handler_Table_Base
0000570c   __TI_Handler_Table_Limit
00005720   __TI_CINIT_Base
00005738   __TI_CINIT_Limit
20000000   g_pfnRAMVectors
2000026c   __stack
2000036c   __STACK_TOP
2000426c   __STACK_END
20004270   _sys_memory
2000ab5c   xCOMMS_FROM_PC_Queue
2000ab60   xClockSpeed
2000ab64   xIntercept
2000ab68   xMirrorTX
2000ab6c   xPC_SENT
2000ab70   xSEND_RESULTS_Queue
2000ab74   xTestMutex
2000ab78   xToMonPC
2000ab7c   xToTest
2000ab80   xToTimeout
2000ab84   xUARTReadQueue
2000ab88   pxCurrentTCB
2000abcc   _lock
2000abd0   _unlock
2000abd4   __TI_cleanup_ptr
2000abd8   __TI_dtors_ptr
2000abe0   main_func_sp
ffffffff   __binit__
ffffffff   __c_args__
ffffffff   binit
UNDEFED    SHT$$INIT_ARRAY$$Base
UNDEFED    SHT$$INIT_ARRAY$$Limit

[216 symbols]
