<?xml version="1.0"?>
<link_info>
   <banner>TI ARM Linker PC v5.1.6</banner>
   <copyright>Copyright (c) 1996-2014 Texas Instruments Incorporated</copyright>
   <link_time>0x560b3d6b</link_time>
   <link_errors>0x0</link_errors>
   <output_file>FRT.out</output_file>
   <entry_point>
      <name>_c_int00</name>
      <address>0x4d11</address>
   </entry_point>
   <input_file_list>
      <input_file id="fl-2">
         <path>.\</path>
         <kind>object</kind>
         <file>PC_UART.obj</file>
         <name>PC_UART.obj</name>
      </input_file>
      <input_file id="fl-3">
         <path>.\</path>
         <kind>object</kind>
         <file>UART.obj</file>
         <name>UART.obj</name>
      </input_file>
      <input_file id="fl-4">
         <path>.\</path>
         <kind>object</kind>
         <file>list.obj</file>
         <name>list.obj</name>
      </input_file>
      <input_file id="fl-5">
         <path>.\</path>
         <kind>object</kind>
         <file>main.obj</file>
         <name>main.obj</name>
      </input_file>
      <input_file id="fl-6">
         <path>.\</path>
         <kind>object</kind>
         <file>queue.obj</file>
         <name>queue.obj</name>
      </input_file>
      <input_file id="fl-7">
         <path>.\</path>
         <kind>object</kind>
         <file>rit128x96x4.obj</file>
         <name>rit128x96x4.obj</name>
      </input_file>
      <input_file id="fl-8">
         <path>.\</path>
         <kind>object</kind>
         <file>startup_ccs.obj</file>
         <name>startup_ccs.obj</name>
      </input_file>
      <input_file id="fl-9">
         <path>.\</path>
         <kind>object</kind>
         <file>stopwatch.obj</file>
         <name>stopwatch.obj</name>
      </input_file>
      <input_file id="fl-a">
         <path>.\</path>
         <kind>object</kind>
         <file>tasks.obj</file>
         <name>tasks.obj</name>
      </input_file>
      <input_file id="fl-b">
         <path>.\</path>
         <kind>object</kind>
         <file>uut_gpio.obj</file>
         <name>uut_gpio.obj</name>
      </input_file>
      <input_file id="fl-c">
         <path>.\portable\</path>
         <kind>object</kind>
         <file>heap_2.obj</file>
         <name>heap_2.obj</name>
      </input_file>
      <input_file id="fl-d">
         <path>.\portable\</path>
         <kind>object</kind>
         <file>port.obj</file>
         <name>port.obj</name>
      </input_file>
      <input_file id="fl-e">
         <path>.\portable\</path>
         <kind>object</kind>
         <file>portasm.obj</file>
         <name>portasm.obj</name>
      </input_file>
      <input_file id="fl-f">
         <path>.\demo_code\</path>
         <kind>object</kind>
         <file>basic_io.obj</file>
         <name>basic_io.obj</name>
      </input_file>
      <input_file id="fl-13d">
         <path>c:\ti\ccsv6\tools\compiler\arm_5.1.6\lib\</path>
         <kind>archive</kind>
         <file>rtsv7M3_T_le_eabi.lib</file>
         <name>boot.obj</name>
      </input_file>
      <input_file id="fl-13e">
         <path>c:\ti\ccsv6\tools\compiler\arm_5.1.6\lib\</path>
         <kind>archive</kind>
         <file>rtsv7M3_T_le_eabi.lib</file>
         <name>copy_decompress_none.obj</name>
      </input_file>
      <input_file id="fl-13f">
         <path>c:\ti\ccsv6\tools\compiler\arm_5.1.6\lib\</path>
         <kind>archive</kind>
         <file>rtsv7M3_T_le_eabi.lib</file>
         <name>copy_decompress_rle.obj</name>
      </input_file>
      <input_file id="fl-140">
         <path>c:\ti\ccsv6\tools\compiler\arm_5.1.6\lib\</path>
         <kind>archive</kind>
         <file>rtsv7M3_T_le_eabi.lib</file>
         <name>copy_zero_init.obj</name>
      </input_file>
      <input_file id="fl-141">
         <path>c:\ti\ccsv6\tools\compiler\arm_5.1.6\lib\</path>
         <kind>archive</kind>
         <file>rtsv7M3_T_le_eabi.lib</file>
         <name>defs.obj</name>
      </input_file>
      <input_file id="fl-142">
         <path>c:\ti\ccsv6\tools\compiler\arm_5.1.6\lib\</path>
         <kind>archive</kind>
         <file>rtsv7M3_T_le_eabi.lib</file>
         <name>exit.obj</name>
      </input_file>
      <input_file id="fl-143">
         <path>c:\ti\ccsv6\tools\compiler\arm_5.1.6\lib\</path>
         <kind>archive</kind>
         <file>rtsv7M3_T_le_eabi.lib</file>
         <name>fflush.obj</name>
      </input_file>
      <input_file id="fl-144">
         <path>c:\ti\ccsv6\tools\compiler\arm_5.1.6\lib\</path>
         <kind>archive</kind>
         <file>rtsv7M3_T_le_eabi.lib</file>
         <name>lowlev.obj</name>
      </input_file>
      <input_file id="fl-145">
         <path>c:\ti\ccsv6\tools\compiler\arm_5.1.6\lib\</path>
         <kind>archive</kind>
         <file>rtsv7M3_T_le_eabi.lib</file>
         <name>memcmp.obj</name>
      </input_file>
      <input_file id="fl-146">
         <path>c:\ti\ccsv6\tools\compiler\arm_5.1.6\lib\</path>
         <kind>archive</kind>
         <file>rtsv7M3_T_le_eabi.lib</file>
         <name>memcpy_t2.obj</name>
      </input_file>
      <input_file id="fl-147">
         <path>c:\ti\ccsv6\tools\compiler\arm_5.1.6\lib\</path>
         <kind>archive</kind>
         <file>rtsv7M3_T_le_eabi.lib</file>
         <name>memory.obj</name>
      </input_file>
      <input_file id="fl-148">
         <path>c:\ti\ccsv6\tools\compiler\arm_5.1.6\lib\</path>
         <kind>archive</kind>
         <file>rtsv7M3_T_le_eabi.lib</file>
         <name>memset_t2.obj</name>
      </input_file>
      <input_file id="fl-149">
         <path>c:\ti\ccsv6\tools\compiler\arm_5.1.6\lib\</path>
         <kind>archive</kind>
         <file>rtsv7M3_T_le_eabi.lib</file>
         <name>printf.obj</name>
      </input_file>
      <input_file id="fl-14a">
         <path>c:\ti\ccsv6\tools\compiler\arm_5.1.6\lib\</path>
         <kind>archive</kind>
         <file>rtsv7M3_T_le_eabi.lib</file>
         <name>sprintf.obj</name>
      </input_file>
      <input_file id="fl-14b">
         <path>c:\ti\ccsv6\tools\compiler\arm_5.1.6\lib\</path>
         <kind>archive</kind>
         <file>rtsv7M3_T_le_eabi.lib</file>
         <name>stkdepth_vars.obj</name>
      </input_file>
      <input_file id="fl-14c">
         <path>c:\ti\ccsv6\tools\compiler\arm_5.1.6\lib\</path>
         <kind>archive</kind>
         <file>rtsv7M3_T_le_eabi.lib</file>
         <name>strchr.obj</name>
      </input_file>
      <input_file id="fl-14d">
         <path>c:\ti\ccsv6\tools\compiler\arm_5.1.6\lib\</path>
         <kind>archive</kind>
         <file>rtsv7M3_T_le_eabi.lib</file>
         <name>strcmp.obj</name>
      </input_file>
      <input_file id="fl-14e">
         <path>c:\ti\ccsv6\tools\compiler\arm_5.1.6\lib\</path>
         <kind>archive</kind>
         <file>rtsv7M3_T_le_eabi.lib</file>
         <name>strlen.obj</name>
      </input_file>
      <input_file id="fl-14f">
         <path>c:\ti\ccsv6\tools\compiler\arm_5.1.6\lib\</path>
         <kind>archive</kind>
         <file>rtsv7M3_T_le_eabi.lib</file>
         <name>strncmp.obj</name>
      </input_file>
      <input_file id="fl-150">
         <path>c:\ti\ccsv6\tools\compiler\arm_5.1.6\lib\</path>
         <kind>archive</kind>
         <file>rtsv7M3_T_le_eabi.lib</file>
         <name>strncpy.obj</name>
      </input_file>
      <input_file id="fl-151">
         <path>c:\ti\ccsv6\tools\compiler\arm_5.1.6\lib\</path>
         <kind>archive</kind>
         <file>rtsv7M3_T_le_eabi.lib</file>
         <name>trgdrv.obj</name>
      </input_file>
      <input_file id="fl-152">
         <path>c:\ti\ccsv6\tools\compiler\arm_5.1.6\lib\</path>
         <kind>archive</kind>
         <file>rtsv7M3_T_le_eabi.lib</file>
         <name>trgmsg.obj</name>
      </input_file>
      <input_file id="fl-153">
         <path>c:\ti\ccsv6\tools\compiler\arm_5.1.6\lib\</path>
         <kind>archive</kind>
         <file>rtsv7M3_T_le_eabi.lib</file>
         <name>_lock.obj</name>
      </input_file>
      <input_file id="fl-154">
         <path>c:\ti\ccsv6\tools\compiler\arm_5.1.6\lib\</path>
         <kind>archive</kind>
         <file>rtsv7M3_T_le_eabi.lib</file>
         <name>_printfi.obj</name>
      </input_file>
      <input_file id="fl-155">
         <path>c:\ti\ccsv6\tools\compiler\arm_5.1.6\lib\</path>
         <kind>archive</kind>
         <file>rtsv7M3_T_le_eabi.lib</file>
         <name>args_main.obj</name>
      </input_file>
      <input_file id="fl-156">
         <path>c:\ti\ccsv6\tools\compiler\arm_5.1.6\lib\</path>
         <kind>archive</kind>
         <file>rtsv7M3_T_le_eabi.lib</file>
         <name>atoi.obj</name>
      </input_file>
      <input_file id="fl-157">
         <path>c:\ti\ccsv6\tools\compiler\arm_5.1.6\lib\</path>
         <kind>archive</kind>
         <file>rtsv7M3_T_le_eabi.lib</file>
         <name>auto_init.obj</name>
      </input_file>
      <input_file id="fl-158">
         <path>c:\ti\ccsv6\tools\compiler\arm_5.1.6\lib\</path>
         <kind>archive</kind>
         <file>rtsv7M3_T_le_eabi.lib</file>
         <name>cpy_tbl.obj</name>
      </input_file>
      <input_file id="fl-159">
         <path>c:\ti\ccsv6\tools\compiler\arm_5.1.6\lib\</path>
         <kind>archive</kind>
         <file>rtsv7M3_T_le_eabi.lib</file>
         <name>ctype.obj</name>
      </input_file>
      <input_file id="fl-15a">
         <path>c:\ti\ccsv6\tools\compiler\arm_5.1.6\lib\</path>
         <kind>archive</kind>
         <file>rtsv7M3_T_le_eabi.lib</file>
         <name>fd_add_t2.obj</name>
      </input_file>
      <input_file id="fl-15b">
         <path>c:\ti\ccsv6\tools\compiler\arm_5.1.6\lib\</path>
         <kind>archive</kind>
         <file>rtsv7M3_T_le_eabi.lib</file>
         <name>fd_cmp_t2.obj</name>
      </input_file>
      <input_file id="fl-15c">
         <path>c:\ti\ccsv6\tools\compiler\arm_5.1.6\lib\</path>
         <kind>archive</kind>
         <file>rtsv7M3_T_le_eabi.lib</file>
         <name>fd_div_t2.obj</name>
      </input_file>
      <input_file id="fl-15d">
         <path>c:\ti\ccsv6\tools\compiler\arm_5.1.6\lib\</path>
         <kind>archive</kind>
         <file>rtsv7M3_T_le_eabi.lib</file>
         <name>fd_mul_t2.obj</name>
      </input_file>
      <input_file id="fl-15e">
         <path>c:\ti\ccsv6\tools\compiler\arm_5.1.6\lib\</path>
         <kind>archive</kind>
         <file>rtsv7M3_T_le_eabi.lib</file>
         <name>fd_toi_t2.obj</name>
      </input_file>
      <input_file id="fl-15f">
         <path>c:\ti\ccsv6\tools\compiler\arm_5.1.6\lib\</path>
         <kind>archive</kind>
         <file>rtsv7M3_T_le_eabi.lib</file>
         <name>fputc.obj</name>
      </input_file>
      <input_file id="fl-160">
         <path>c:\ti\ccsv6\tools\compiler\arm_5.1.6\lib\</path>
         <kind>archive</kind>
         <file>rtsv7M3_T_le_eabi.lib</file>
         <name>fputs.obj</name>
      </input_file>
      <input_file id="fl-161">
         <path>c:\ti\ccsv6\tools\compiler\arm_5.1.6\lib\</path>
         <kind>archive</kind>
         <file>rtsv7M3_T_le_eabi.lib</file>
         <name>i_tofd_t2.obj</name>
      </input_file>
      <input_file id="fl-162">
         <path>c:\ti\ccsv6\tools\compiler\arm_5.1.6\lib\</path>
         <kind>archive</kind>
         <file>rtsv7M3_T_le_eabi.lib</file>
         <name>ll_mul_t2.obj</name>
      </input_file>
      <input_file id="fl-163">
         <path>c:\ti\ccsv6\tools\compiler\arm_5.1.6\lib\</path>
         <kind>archive</kind>
         <file>rtsv7M3_T_le_eabi.lib</file>
         <name>ltoa.obj</name>
      </input_file>
      <input_file id="fl-164">
         <path>c:\ti\ccsv6\tools\compiler\arm_5.1.6\lib\</path>
         <kind>archive</kind>
         <file>rtsv7M3_T_le_eabi.lib</file>
         <name>memccpy.obj</name>
      </input_file>
      <input_file id="fl-165">
         <path>c:\ti\ccsv6\tools\compiler\arm_5.1.6\lib\</path>
         <kind>archive</kind>
         <file>rtsv7M3_T_le_eabi.lib</file>
         <name>memchr.obj</name>
      </input_file>
      <input_file id="fl-166">
         <path>c:\ti\ccsv6\tools\compiler\arm_5.1.6\lib\</path>
         <kind>archive</kind>
         <file>rtsv7M3_T_le_eabi.lib</file>
         <name>strcpy.obj</name>
      </input_file>
      <input_file id="fl-167">
         <path>c:\ti\ccsv6\tools\compiler\arm_5.1.6\lib\</path>
         <kind>archive</kind>
         <file>rtsv7M3_T_le_eabi.lib</file>
         <name>ull_div_t2.obj</name>
      </input_file>
      <input_file id="fl-168">
         <path>c:\ti\ccsv6\tools\compiler\arm_5.1.6\lib\</path>
         <kind>archive</kind>
         <file>rtsv7M3_T_le_eabi.lib</file>
         <name>xdclass.obj</name>
      </input_file>
      <input_file id="fl-169">
         <path>c:\ti\ccsv6\tools\compiler\arm_5.1.6\lib\</path>
         <kind>archive</kind>
         <file>rtsv7M3_T_le_eabi.lib</file>
         <name>xdtest.obj</name>
      </input_file>
      <input_file id="fl-16a">
         <path>c:\ti\ccsv6\tools\compiler\arm_5.1.6\lib\</path>
         <kind>archive</kind>
         <file>rtsv7M3_T_le_eabi.lib</file>
         <name>_io_perm.obj</name>
      </input_file>
      <input_file id="fl-16b">
         <path>c:\ti\ccsv6\tools\compiler\arm_5.1.6\lib\</path>
         <kind>archive</kind>
         <file>rtsv7M3_T_le_eabi.lib</file>
         <name>fseek.obj</name>
      </input_file>
      <input_file id="fl-16c">
         <path>c:\ti\ccsv6\tools\compiler\arm_5.1.6\lib\</path>
         <kind>archive</kind>
         <file>rtsv7M3_T_le_eabi.lib</file>
         <name>setvbuf.obj</name>
      </input_file>
      <input_file id="fl-16d">
         <path>c:\ti\ccsv6\tools\compiler\arm_5.1.6\lib\</path>
         <kind>archive</kind>
         <file>rtsv7M3_T_le_eabi.lib</file>
         <name>fopen.obj</name>
      </input_file>
      <input_file id="fl-16e">
         <path>c:\ti\ccsv6\tools\compiler\arm_5.1.6\lib\</path>
         <kind>archive</kind>
         <file>rtsv7M3_T_le_eabi.lib</file>
         <name>fclose.obj</name>
      </input_file>
      <input_file id="fl-16f">
         <path>c:\ti\ccsv6\tools\compiler\arm_5.1.6\lib\</path>
         <kind>archive</kind>
         <file>rtsv7M3_T_le_eabi.lib</file>
         <name>remove.obj</name>
      </input_file>
      <input_file id="fl-170">
         <path>J:\courses\ENEL463\StellarisWare\driverlib\ccs-cm3\Debug\</path>
         <kind>archive</kind>
         <file>driverlib-cm3.lib</file>
         <name>uart.obj</name>
      </input_file>
      <input_file id="fl-171">
         <path>J:\courses\ENEL463\StellarisWare\driverlib\ccs-cm3\Debug\</path>
         <kind>archive</kind>
         <file>driverlib-cm3.lib</file>
         <name>systick.obj</name>
      </input_file>
      <input_file id="fl-172">
         <path>J:\courses\ENEL463\StellarisWare\driverlib\ccs-cm3\Debug\</path>
         <kind>archive</kind>
         <file>driverlib-cm3.lib</file>
         <name>sysctl.obj</name>
      </input_file>
      <input_file id="fl-173">
         <path>J:\courses\ENEL463\StellarisWare\driverlib\ccs-cm3\Debug\</path>
         <kind>archive</kind>
         <file>driverlib-cm3.lib</file>
         <name>ssi.obj</name>
      </input_file>
      <input_file id="fl-174">
         <path>J:\courses\ENEL463\StellarisWare\driverlib\ccs-cm3\Debug\</path>
         <kind>archive</kind>
         <file>driverlib-cm3.lib</file>
         <name>interrupt.obj</name>
      </input_file>
      <input_file id="fl-175">
         <path>J:\courses\ENEL463\StellarisWare\driverlib\ccs-cm3\Debug\</path>
         <kind>archive</kind>
         <file>driverlib-cm3.lib</file>
         <name>gpio.obj</name>
      </input_file>
      <input_file id="fl-176">
         <path>J:\courses\ENEL463\StellarisWare\driverlib\ccs-cm3\Debug\</path>
         <kind>archive</kind>
         <file>driverlib-cm3.lib</file>
         <name>cpu.obj</name>
      </input_file>
   </input_file_list>
   <object_component_list>
      <object_component id="oc-d">
         <name>.intvecs</name>
         <load_address>0x0</load_address>
         <run_address>0x0</run_address>
         <size>0xf0</size>
         <input_file_ref idref="fl-8"/>
      </object_component>
      <object_component id="oc-27e">
         <name>.text</name>
         <load_address>0xf0</load_address>
         <run_address>0xf0</run_address>
         <size>0xebc</size>
         <input_file_ref idref="fl-154"/>
      </object_component>
      <object_component id="oc-7c">
         <name>.text</name>
         <load_address>0xfac</load_address>
         <run_address>0xfac</run_address>
         <size>0xc74</size>
         <input_file_ref idref="fl-a"/>
      </object_component>
      <object_component id="oc-9b">
         <name>.text</name>
         <load_address>0x1c20</load_address>
         <run_address>0x1c20</run_address>
         <size>0x728</size>
         <input_file_ref idref="fl-5"/>
      </object_component>
      <object_component id="oc-141">
         <name>.text</name>
         <load_address>0x2348</load_address>
         <run_address>0x2348</run_address>
         <size>0x614</size>
         <input_file_ref idref="fl-6"/>
      </object_component>
      <object_component id="oc-129">
         <name>.text</name>
         <load_address>0x295c</load_address>
         <run_address>0x295c</run_address>
         <size>0x510</size>
         <input_file_ref idref="fl-7"/>
      </object_component>
      <object_component id="oc-15e">
         <name>.text</name>
         <load_address>0x2e6c</load_address>
         <run_address>0x2e6c</run_address>
         <size>0x3cc</size>
         <input_file_ref idref="fl-147"/>
      </object_component>
      <object_component id="oc-12f">
         <name>.text</name>
         <load_address>0x3238</load_address>
         <run_address>0x3238</run_address>
         <size>0x258</size>
         <input_file_ref idref="fl-3"/>
      </object_component>
      <object_component id="oc-2fa">
         <name>.text</name>
         <load_address>0x3490</load_address>
         <run_address>0x3490</run_address>
         <size>0x1f4</size>
         <input_file_ref idref="fl-167"/>
      </object_component>
      <object_component id="oc-214">
         <name>.text:SysCtlClockGet</name>
         <load_address>0x3684</load_address>
         <run_address>0x3684</run_address>
         <size>0x1d8</size>
         <input_file_ref idref="fl-172"/>
      </object_component>
      <object_component id="oc-13b">
         <name>.text</name>
         <load_address>0x385c</load_address>
         <run_address>0x385c</run_address>
         <size>0x1d4</size>
         <input_file_ref idref="fl-2"/>
      </object_component>
      <object_component id="oc-ef">
         <name>.text</name>
         <load_address>0x3a30</load_address>
         <run_address>0x3a30</run_address>
         <size>0x1bc</size>
         <input_file_ref idref="fl-c"/>
      </object_component>
      <object_component id="oc-328">
         <name>.text</name>
         <load_address>0x3bec</load_address>
         <run_address>0x3bec</run_address>
         <size>0x1b6</size>
         <input_file_ref idref="fl-15a"/>
      </object_component>
      <object_component id="oc-119">
         <name>.text:SysCtlClockSet</name>
         <load_address>0x3da4</load_address>
         <run_address>0x3da4</run_address>
         <size>0x144</size>
         <input_file_ref idref="fl-172"/>
      </object_component>
      <object_component id="oc-30e">
         <name>.text</name>
         <load_address>0x3ee8</load_address>
         <run_address>0x3ee8</run_address>
         <size>0x136</size>
         <input_file_ref idref="fl-15c"/>
      </object_component>
      <object_component id="oc-d0">
         <name>.text</name>
         <load_address>0x401e</load_address>
         <run_address>0x401e</run_address>
         <size>0x12e</size>
         <input_file_ref idref="fl-4"/>
      </object_component>
      <object_component id="oc-147">
         <name>.text</name>
         <load_address>0x414c</load_address>
         <run_address>0x414c</run_address>
         <size>0x118</size>
         <input_file_ref idref="fl-9"/>
      </object_component>
      <object_component id="oc-309">
         <name>.text</name>
         <load_address>0x4264</load_address>
         <run_address>0x4264</run_address>
         <size>0xfc</size>
         <input_file_ref idref="fl-15d"/>
      </object_component>
      <object_component id="oc-36">
         <name>.text</name>
         <load_address>0x4360</load_address>
         <run_address>0x4360</run_address>
         <size>0xe4</size>
         <input_file_ref idref="fl-d"/>
      </object_component>
      <object_component id="oc-1ef">
         <name>.text:GPIOPadConfigSet</name>
         <load_address>0x4444</load_address>
         <run_address>0x4444</run_address>
         <size>0xc8</size>
         <input_file_ref idref="fl-175"/>
      </object_component>
      <object_component id="oc-31">
         <name>.text</name>
         <load_address>0x450c</load_address>
         <run_address>0x450c</run_address>
         <size>0x9c</size>
         <input_file_ref idref="fl-e"/>
      </object_component>
      <object_component id="oc-54">
         <name>.text</name>
         <load_address>0x45a8</load_address>
         <run_address>0x45a8</run_address>
         <size>0x9c</size>
         <input_file_ref idref="fl-146"/>
      </object_component>
      <object_component id="oc-3f">
         <name>.text</name>
         <load_address>0x4644</load_address>
         <run_address>0x4644</run_address>
         <size>0x94</size>
         <input_file_ref idref="fl-157"/>
      </object_component>
      <object_component id="oc-304">
         <name>.text:__aeabi_cdcmple</name>
         <load_address>0x46d8</load_address>
         <run_address>0x46d8</run_address>
         <size>0x86</size>
         <input_file_ref idref="fl-15b"/>
      </object_component>
      <object_component id="oc-313">
         <name>.text:__aeabi_cdrcmple</name>
         <load_address>0x475e</load_address>
         <run_address>0x475e</run_address>
         <size>0x86</size>
         <input_file_ref idref="fl-15b"/>
      </object_component>
      <object_component id="oc-135">
         <name>.text</name>
         <load_address>0x47e4</load_address>
         <run_address>0x47e4</run_address>
         <size>0x7c</size>
         <input_file_ref idref="fl-b"/>
      </object_component>
      <object_component id="oc-f5">
         <name>.text</name>
         <load_address>0x4860</load_address>
         <run_address>0x4860</run_address>
         <size>0x78</size>
         <input_file_ref idref="fl-148"/>
      </object_component>
      <object_component id="oc-25f">
         <name>.text:IntEnable</name>
         <load_address>0x48d8</load_address>
         <run_address>0x48d8</run_address>
         <size>0x64</size>
         <input_file_ref idref="fl-174"/>
      </object_component>
      <object_component id="oc-14d">
         <name>.text</name>
         <load_address>0x493c</load_address>
         <run_address>0x493c</run_address>
         <size>0x60</size>
         <input_file_ref idref="fl-14a"/>
      </object_component>
      <object_component id="oc-67">
         <name>.text</name>
         <load_address>0x499c</load_address>
         <run_address>0x499c</run_address>
         <size>0x5e</size>
         <input_file_ref idref="fl-13f"/>
      </object_component>
      <object_component id="oc-31d">
         <name>.text</name>
         <load_address>0x49fa</load_address>
         <run_address>0x49fa</run_address>
         <size>0x5a</size>
         <input_file_ref idref="fl-163"/>
      </object_component>
      <object_component id="oc-11d">
         <name>.text:SysCtlPeripheralEnable</name>
         <load_address>0x4a54</load_address>
         <run_address>0x4a54</run_address>
         <size>0x58</size>
         <input_file_ref idref="fl-172"/>
      </object_component>
      <object_component id="oc-339">
         <name>.text</name>
         <load_address>0x4aac</load_address>
         <run_address>0x4aac</run_address>
         <size>0x4c</size>
         <input_file_ref idref="fl-156"/>
      </object_component>
      <object_component id="oc-24b">
         <name>.text:GPIOPinConfigure</name>
         <load_address>0x4af8</load_address>
         <run_address>0x4af8</run_address>
         <size>0x48</size>
         <input_file_ref idref="fl-175"/>
      </object_component>
      <object_component id="oc-318">
         <name>.text</name>
         <load_address>0x4b40</load_address>
         <run_address>0x4b40</run_address>
         <size>0x48</size>
         <input_file_ref idref="fl-15e"/>
      </object_component>
      <object_component id="oc-218">
         <name>.text:SSIConfigSetExpClk</name>
         <load_address>0x4b88</load_address>
         <run_address>0x4b88</run_address>
         <size>0x44</size>
         <input_file_ref idref="fl-173"/>
      </object_component>
      <object_component id="oc-94">
         <name>.text</name>
         <load_address>0x4bcc</load_address>
         <run_address>0x4bcc</run_address>
         <size>0x44</size>
         <input_file_ref idref="fl-158"/>
      </object_component>
      <object_component id="oc-4a">
         <name>.text</name>
         <load_address>0x4c10</load_address>
         <run_address>0x4c10</run_address>
         <size>0x44</size>
         <input_file_ref idref="fl-142"/>
      </object_component>
      <object_component id="oc-378">
         <name>.text</name>
         <load_address>0x4c54</load_address>
         <run_address>0x4c54</run_address>
         <size>0x44</size>
         <input_file_ref idref="fl-169"/>
      </object_component>
      <object_component id="oc-253">
         <name>.text:UARTConfigSetExpClk</name>
         <load_address>0x4c98</load_address>
         <run_address>0x4c98</run_address>
         <size>0x42</size>
         <input_file_ref idref="fl-170"/>
      </object_component>
      <object_component id="oc-2e5">
         <name>.text:IntRegister</name>
         <load_address>0x4cdc</load_address>
         <run_address>0x4cdc</run_address>
         <size>0x34</size>
         <input_file_ref idref="fl-174"/>
      </object_component>
      <object_component id="oc-10">
         <name>.text</name>
         <load_address>0x4d10</load_address>
         <run_address>0x4d10</run_address>
         <size>0x34</size>
         <input_file_ref idref="fl-13d"/>
      </object_component>
      <object_component id="oc-e7">
         <name>.text</name>
         <load_address>0x4d44</load_address>
         <run_address>0x4d44</run_address>
         <size>0x30</size>
         <input_file_ref idref="fl-150"/>
      </object_component>
      <object_component id="oc-1f3">
         <name>.text:GPIODirModeSet</name>
         <load_address>0x4d74</load_address>
         <run_address>0x4d74</run_address>
         <size>0x2e</size>
         <input_file_ref idref="fl-175"/>
      </object_component>
      <object_component id="oc-323">
         <name>.text</name>
         <load_address>0x4da2</load_address>
         <run_address>0x4da2</run_address>
         <size>0x2e</size>
         <input_file_ref idref="fl-161"/>
      </object_component>
      <object_component id="oc-164">
         <name>.text</name>
         <load_address>0x4dd0</load_address>
         <run_address>0x4dd0</run_address>
         <size>0x26</size>
         <input_file_ref idref="fl-14f"/>
      </object_component>
      <object_component id="oc-de">
         <name>.text</name>
         <load_address>0x4df6</load_address>
         <run_address>0x4df6</run_address>
         <size>0x22</size>
         <input_file_ref idref="fl-145"/>
      </object_component>
      <object_component id="oc-2e1">
         <name>.text:UARTIntNumberGet</name>
         <load_address>0x4e18</load_address>
         <run_address>0x4e18</run_address>
         <size>0x20</size>
         <input_file_ref idref="fl-170"/>
      </object_component>
      <object_component id="oc-2db">
         <name>.text:UARTDisable</name>
         <load_address>0x4e38</load_address>
         <run_address>0x4e38</run_address>
         <size>0x1c</size>
         <input_file_ref idref="fl-170"/>
      </object_component>
      <object_component id="oc-333">
         <name>.text</name>
         <load_address>0x4e54</load_address>
         <run_address>0x4e54</run_address>
         <size>0x1a</size>
         <input_file_ref idref="fl-164"/>
      </object_component>
      <object_component id="oc-25b">
         <name>.text:UARTIntRegister</name>
         <load_address>0x4e6e</load_address>
         <run_address>0x4e6e</run_address>
         <size>0x18</size>
         <input_file_ref idref="fl-170"/>
      </object_component>
      <object_component id="oc-44">
         <name>.text</name>
         <load_address>0x4e88</load_address>
         <run_address>0x4e88</run_address>
         <size>0x18</size>
         <input_file_ref idref="fl-155"/>
      </object_component>
      <object_component id="oc-2ff">
         <name>.text</name>
         <load_address>0x4ea0</load_address>
         <run_address>0x4ea0</run_address>
         <size>0x18</size>
         <input_file_ref idref="fl-162"/>
      </object_component>
      <object_component id="oc-257">
         <name>.text:UARTEnable</name>
         <load_address>0x4eb8</load_address>
         <run_address>0x4eb8</run_address>
         <size>0x14</size>
         <input_file_ref idref="fl-170"/>
      </object_component>
      <object_component id="oc-190">
         <name>.text</name>
         <load_address>0x4ecc</load_address>
         <run_address>0x4ecc</run_address>
         <size>0x14</size>
         <input_file_ref idref="fl-153"/>
      </object_component>
      <object_component id="oc-158">
         <name>.text</name>
         <load_address>0x4ee0</load_address>
         <run_address>0x4ee0</run_address>
         <size>0x14</size>
         <input_file_ref idref="fl-14e"/>
      </object_component>
      <object_component id="oc-121">
         <name>.text:GPIOPinTypeGPIOOutput</name>
         <load_address>0x4ef4</load_address>
         <run_address>0x4ef4</run_address>
         <size>0x12</size>
         <input_file_ref idref="fl-175"/>
      </object_component>
      <object_component id="oc-21c">
         <name>.text:GPIOPinTypeSSI</name>
         <load_address>0x4f06</load_address>
         <run_address>0x4f06</run_address>
         <size>0x12</size>
         <input_file_ref idref="fl-175"/>
      </object_component>
      <object_component id="oc-24f">
         <name>.text:GPIOPinTypeUART</name>
         <load_address>0x4f18</load_address>
         <run_address>0x4f18</run_address>
         <size>0x12</size>
         <input_file_ref idref="fl-175"/>
      </object_component>
      <object_component id="oc-224">
         <name>.text:SSIDataGetNonBlocking</name>
         <load_address>0x4f2a</load_address>
         <run_address>0x4f2a</run_address>
         <size>0x12</size>
         <input_file_ref idref="fl-173"/>
      </object_component>
      <object_component id="oc-1b">
         <name>.text:decompress:ZI</name>
         <load_address>0x4f3c</load_address>
         <run_address>0x4f3c</run_address>
         <size>0x12</size>
         <input_file_ref idref="fl-140"/>
      </object_component>
      <object_component id="oc-278">
         <name>.text:SysTickPeriodGet</name>
         <load_address>0x4f50</load_address>
         <run_address>0x4f50</run_address>
         <size>0x10</size>
         <input_file_ref idref="fl-171"/>
      </object_component>
      <object_component id="oc-23f">
         <name>.text:UARTCharGetNonBlocking</name>
         <load_address>0x4f60</load_address>
         <run_address>0x4f60</run_address>
         <size>0x10</size>
         <input_file_ref idref="fl-170"/>
      </object_component>
      <object_component id="oc-247">
         <name>.text:UARTCharPutNonBlocking</name>
         <load_address>0x4f70</load_address>
         <run_address>0x4f70</run_address>
         <size>0x10</size>
         <input_file_ref idref="fl-170"/>
      </object_component>
      <object_component id="oc-15">
         <name>.text:decompress:none</name>
         <load_address>0x4f80</load_address>
         <run_address>0x4f80</run_address>
         <size>0xe</size>
         <input_file_ref idref="fl-13e"/>
      </object_component>
      <object_component id="oc-32d">
         <name>.text</name>
         <load_address>0x4f8e</load_address>
         <run_address>0x4f8e</run_address>
         <size>0xe</size>
         <input_file_ref idref="fl-168"/>
      </object_component>
      <object_component id="oc-1f8">
         <name>.text:CPUcpsie</name>
         <load_address>0x4f9c</load_address>
         <run_address>0x4f9c</run_address>
         <size>0xc</size>
         <input_file_ref idref="fl-176"/>
      </object_component>
      <object_component id="oc-274">
         <name>.text:SysTickValueGet</name>
         <load_address>0x4fa8</load_address>
         <run_address>0x4fa8</run_address>
         <size>0xc</size>
         <input_file_ref idref="fl-171"/>
      </object_component>
      <object_component id="oc-243">
         <name>.text:UARTCharsAvail</name>
         <load_address>0x4fb4</load_address>
         <run_address>0x4fb4</run_address>
         <size>0xc</size>
         <input_file_ref idref="fl-170"/>
      </object_component>
      <object_component id="oc-2b">
         <name>.text</name>
         <load_address>0x4fc0</load_address>
         <run_address>0x4fc0</run_address>
         <size>0xc</size>
         <input_file_ref idref="fl-8"/>
      </object_component>
      <object_component id="oc-125">
         <name>.text:IntMasterEnable</name>
         <load_address>0x4fcc</load_address>
         <run_address>0x4fcc</run_address>
         <size>0xa</size>
         <input_file_ref idref="fl-174"/>
      </object_component>
      <object_component id="oc-209">
         <name>.text:SSIDataPut</name>
         <load_address>0x4fd6</load_address>
         <run_address>0x4fd6</run_address>
         <size>0xa</size>
         <input_file_ref idref="fl-173"/>
      </object_component>
      <object_component id="oc-210">
         <name>.text:SSIDisable</name>
         <load_address>0x4fe0</load_address>
         <run_address>0x4fe0</run_address>
         <size>0xa</size>
         <input_file_ref idref="fl-173"/>
      </object_component>
      <object_component id="oc-220">
         <name>.text:SSIEnable</name>
         <load_address>0x4fea</load_address>
         <run_address>0x4fea</run_address>
         <size>0xa</size>
         <input_file_ref idref="fl-173"/>
      </object_component>
      <object_component id="oc-237">
         <name>.text:UARTIntStatus</name>
         <load_address>0x4ff4</load_address>
         <run_address>0x4ff4</run_address>
         <size>0xa</size>
         <input_file_ref idref="fl-170"/>
      </object_component>
      <object_component id="oc-201">
         <name>.text:SSIBusy</name>
         <load_address>0x4ffe</load_address>
         <run_address>0x4ffe</run_address>
         <size>0x8</size>
         <input_file_ref idref="fl-173"/>
      </object_component>
      <object_component id="oc-263">
         <name>.text:UARTIntEnable</name>
         <load_address>0x5006</load_address>
         <run_address>0x5006</run_address>
         <size>0x8</size>
         <input_file_ref idref="fl-170"/>
      </object_component>
      <object_component id="oc-205">
         <name>.text:GPIOPinWrite</name>
         <load_address>0x500e</load_address>
         <run_address>0x500e</run_address>
         <size>0x6</size>
         <input_file_ref idref="fl-175"/>
      </object_component>
      <object_component id="oc-1e5">
         <name>.text:SysCtlDelay</name>
         <load_address>0x5014</load_address>
         <run_address>0x5014</run_address>
         <size>0x6</size>
         <input_file_ref idref="fl-172"/>
      </object_component>
      <object_component id="oc-21">
         <name>.text:decompress:rle24</name>
         <load_address>0x501a</load_address>
         <run_address>0x501a</run_address>
         <size>0x6</size>
         <input_file_ref idref="fl-13f"/>
      </object_component>
      <object_component id="oc-23b">
         <name>.text:UARTIntClear</name>
         <load_address>0x5020</load_address>
         <run_address>0x5020</run_address>
         <size>0x4</size>
         <input_file_ref idref="fl-170"/>
      </object_component>
      <object_component id="oc-22f">
         <name>.const:g_pucFont</name>
         <load_address>0x5024</load_address>
         <run_address>0x5024</run_address>
         <size>0x1e0</size>
         <input_file_ref idref="fl-7"/>
      </object_component>
      <object_component id="oc-381">
         <name>.const:.string:_ctypes_</name>
         <load_address>0x5204</load_address>
         <run_address>0x5204</run_address>
         <size>0x102</size>
         <input_file_ref idref="fl-159"/>
      </object_component>
      <object_component id="oc-1be">
         <name>.const</name>
         <load_address>0x5306</load_address>
         <run_address>0x5306</run_address>
         <size>0x2</size>
         <input_file_ref idref="fl-c"/>
      </object_component>
      <object_component id="oc-2d7">
         <name>.const:g_pulGPIOBaseAddrs</name>
         <load_address>0x5308</load_address>
         <run_address>0x5308</run_address>
         <size>0x78</size>
         <input_file_ref idref="fl-175"/>
      </object_component>
      <object_component id="oc-2ea">
         <name>.const</name>
         <load_address>0x5380</load_address>
         <run_address>0x5380</run_address>
         <size>0x70</size>
         <input_file_ref idref="fl-174"/>
      </object_component>
      <object_component id="oc-2c4">
         <name>.const:g_pulXtals</name>
         <load_address>0x53f0</load_address>
         <run_address>0x53f0</run_address>
         <size>0x6c</size>
         <input_file_ref idref="fl-172"/>
      </object_component>
      <object_component id="oc-233">
         <name>.const:.string:g_pucRIT128x96x4Init</name>
         <load_address>0x545c</load_address>
         <run_address>0x545c</run_address>
         <size>0x4f</size>
         <input_file_ref idref="fl-7"/>
      </object_component>
      <object_component id="oc-1ec">
         <name>.const</name>
         <load_address>0x54ac</load_address>
         <run_address>0x54ac</run_address>
         <size>0x40</size>
         <input_file_ref idref="fl-172"/>
      </object_component>
      <object_component id="oc-363">
         <name>.const:g_ppulUARTIntMap</name>
         <load_address>0x54ec</load_address>
         <run_address>0x54ec</run_address>
         <size>0x40</size>
         <input_file_ref idref="fl-170"/>
      </object_component>
      <object_component id="oc-16f">
         <name>.const:.string:$P$T0$1</name>
         <load_address>0x552c</load_address>
         <run_address>0x552c</run_address>
         <size>0x32</size>
         <input_file_ref idref="fl-5"/>
      </object_component>
      <object_component id="oc-172">
         <name>.const:.string:$P$T1$2</name>
         <load_address>0x555e</load_address>
         <run_address>0x555e</run_address>
         <size>0x32</size>
         <input_file_ref idref="fl-5"/>
      </object_component>
      <object_component id="oc-175">
         <name>.const:.string</name>
         <load_address>0x5590</load_address>
         <run_address>0x5590</run_address>
         <size>0x32</size>
         <input_file_ref idref="fl-5"/>
      </object_component>
      <object_component id="oc-178">
         <name>.const</name>
         <load_address>0x55c4</load_address>
         <run_address>0x55c4</run_address>
         <size>0x28</size>
         <input_file_ref idref="fl-5"/>
      </object_component>
      <object_component id="oc-ed">
         <name>.const:.string</name>
         <load_address>0x55ec</load_address>
         <run_address>0x55ec</run_address>
         <size>0x14</size>
         <input_file_ref idref="fl-a"/>
      </object_component>
      <object_component id="oc-22a">
         <name>.const:.string</name>
         <load_address>0x5600</load_address>
         <run_address>0x5600</run_address>
         <size>0xc</size>
         <input_file_ref idref="fl-7"/>
      </object_component>
      <object_component id="oc-3be">
         <name>.cinit..data.load</name>
         <load_address>0x5610</load_address>
         <run_address>0x5610</run_address>
         <size>0x27</size>
      </object_component>
      <object_component id="oc-3bb">
         <name>__TI_handler_table</name>
         <load_address>0x5638</load_address>
         <run_address>0x5638</run_address>
         <size>0xc</size>
      </object_component>
      <object_component id="oc-3bf">
         <name>.cinit..bss.load</name>
         <load_address>0x5648</load_address>
         <run_address>0x5648</run_address>
         <size>0x8</size>
      </object_component>
      <object_component id="oc-3bd">
         <name>.cinit..vtable.load</name>
         <load_address>0x5650</load_address>
         <run_address>0x5650</run_address>
         <size>0x8</size>
      </object_component>
      <object_component id="oc-3bc">
         <name>__TI_cinit_table</name>
         <load_address>0x5658</load_address>
         <run_address>0x5658</run_address>
         <size>0x18</size>
      </object_component>
      <object_component id="oc-366">
         <name>.vtable</name>
         <uninitialized>true</uninitialized>
         <run_address>0x20000000</run_address>
         <size>0x26c</size>
         <input_file_ref idref="fl-174"/>
      </object_component>
      <object_component id="oc-50">
         <name>.data</name>
         <load_address>0x2000abd0</load_address>
         <run_address>0x2000abd0</run_address>
         <size>0x4</size>
         <input_file_ref idref="fl-14b"/>
      </object_component>
      <object_component id="oc-79">
         <name>.data</name>
         <load_address>0x2000ab78</load_address>
         <run_address>0x2000ab78</run_address>
         <size>0x30</size>
         <input_file_ref idref="fl-a"/>
      </object_component>
      <object_component id="oc-83">
         <name>.data</name>
         <load_address>0x2000abcc</load_address>
         <run_address>0x2000abcc</run_address>
         <size>0x4</size>
         <input_file_ref idref="fl-d"/>
      </object_component>
      <object_component id="oc-a3">
         <name>.data</name>
         <load_address>0x2000abbc</load_address>
         <run_address>0x2000abbc</run_address>
         <size>0x8</size>
         <input_file_ref idref="fl-153"/>
      </object_component>
      <object_component id="oc-a6">
         <name>.data</name>
         <load_address>0x2000abc4</load_address>
         <run_address>0x2000abc4</run_address>
         <size>0x8</size>
         <input_file_ref idref="fl-142"/>
      </object_component>
      <object_component id="oc-1b2">
         <name>.data</name>
         <load_address>0x2000abb4</load_address>
         <run_address>0x2000abb4</run_address>
         <size>0x8</size>
         <input_file_ref idref="fl-c"/>
      </object_component>
      <object_component id="oc-28f">
         <name>.data</name>
         <load_address>0x2000aba8</load_address>
         <run_address>0x2000aba8</run_address>
         <size>0xc</size>
         <input_file_ref idref="fl-147"/>
      </object_component>
      <object_component id="oc-d6">
         <name>.bss:pxReadyTasksLists</name>
         <uninitialized>true</uninitialized>
         <run_address>0x2000aa70</run_address>
         <size>0x64</size>
         <input_file_ref idref="fl-a"/>
      </object_component>
      <object_component id="oc-1b8">
         <name>.bss:xHeap</name>
         <uninitialized>true</uninitialized>
         <run_address>0x20008270</run_address>
         <size>0x2800</size>
         <input_file_ref idref="fl-c"/>
      </object_component>
      <object_component id="oc-267">
         <name>.common:xUARTReadQueue</name>
         <uninitialized>true</uninitialized>
         <run_address>0x2000ab74</run_address>
         <size>0x4</size>
      </object_component>
      <object_component id="oc-26b">
         <name>.common:xSEND_RESULTS_Queue</name>
         <uninitialized>true</uninitialized>
         <run_address>0x2000ab60</run_address>
         <size>0x4</size>
      </object_component>
      <object_component id="oc-26a">
         <name>.common:xCOMMS_FROM_PC_Queue</name>
         <uninitialized>true</uninitialized>
         <run_address>0x2000ab5c</run_address>
         <size>0x4</size>
      </object_component>
      <object_component id="oc-153">
         <name>.common:xToMonPC</name>
         <uninitialized>true</uninitialized>
         <run_address>0x2000ab68</run_address>
         <size>0x4</size>
      </object_component>
      <object_component id="oc-156">
         <name>.common:xTestMutex</name>
         <uninitialized>true</uninitialized>
         <run_address>0x2000ab64</run_address>
         <size>0x4</size>
      </object_component>
      <object_component id="oc-16a">
         <name>.common:xToTest</name>
         <uninitialized>true</uninitialized>
         <run_address>0x2000ab6c</run_address>
         <size>0x4</size>
      </object_component>
      <object_component id="oc-17c">
         <name>.common:xToTimeout</name>
         <uninitialized>true</uninitialized>
         <run_address>0x2000ab70</run_address>
         <size>0x4</size>
      </object_component>
      <object_component id="oc-232">
         <name>.common:g_ulSSIFlags</name>
         <uninitialized>true</uninitialized>
         <run_address>0x2000ab50</run_address>
         <size>0x4</size>
      </object_component>
      <object_component id="oc-22e">
         <name>.common:g_pucBuffer</name>
         <uninitialized>true</uninitialized>
         <run_address>0x2000ab38</run_address>
         <size>0x8</size>
      </object_component>
      <object_component id="oc-fb">
         <name>.common:xDelayedTaskList1</name>
         <uninitialized>true</uninitialized>
         <run_address>0x2000aad4</run_address>
         <size>0x14</size>
      </object_component>
      <object_component id="oc-fc">
         <name>.common:xDelayedTaskList2</name>
         <uninitialized>true</uninitialized>
         <run_address>0x2000aae8</run_address>
         <size>0x14</size>
      </object_component>
      <object_component id="oc-fe">
         <name>.common:pxDelayedTaskList</name>
         <uninitialized>true</uninitialized>
         <run_address>0x2000ab54</run_address>
         <size>0x4</size>
      </object_component>
      <object_component id="oc-ff">
         <name>.common:pxOverflowDelayedTaskList</name>
         <uninitialized>true</uninitialized>
         <run_address>0x2000ab58</run_address>
         <size>0x4</size>
      </object_component>
      <object_component id="oc-fa">
         <name>.common:xPendingReadyList</name>
         <uninitialized>true</uninitialized>
         <run_address>0x2000aafc</run_address>
         <size>0x14</size>
      </object_component>
      <object_component id="oc-100">
         <name>.common:xTasksWaitingTermination</name>
         <uninitialized>true</uninitialized>
         <run_address>0x2000ab24</run_address>
         <size>0x14</size>
      </object_component>
      <object_component id="oc-ee">
         <name>.common:xSuspendedTaskList</name>
         <uninitialized>true</uninitialized>
         <run_address>0x2000ab10</run_address>
         <size>0x14</size>
      </object_component>
      <object_component id="oc-1bb">
         <name>.common:xStart</name>
         <uninitialized>true</uninitialized>
         <run_address>0x2000ab48</run_address>
         <size>0x8</size>
      </object_component>
      <object_component id="oc-1bd">
         <name>.common:xEnd</name>
         <uninitialized>true</uninitialized>
         <run_address>0x2000ab40</run_address>
         <size>0x8</size>
      </object_component>
      <object_component id="oc-28">
         <name>.sysmem</name>
         <uninitialized>true</uninitialized>
         <run_address>0x20004270</run_address>
         <size>0x8</size>
         <input_file_ref idref="fl-147"/>
      </object_component>
      <object_component id="oc-3c1">
         <name>.sysmem</name>
         <uninitialized>true</uninitialized>
         <run_address>0x20004270</run_address>
         <size>0x0</size>
      </object_component>
      <object_component id="oc-27">
         <name>.stack</name>
         <uninitialized>true</uninitialized>
         <run_address>0x2000026c</run_address>
         <size>0x0</size>
         <input_file_ref idref="fl-13d"/>
      </object_component>
      <object_component id="oc-3c0">
         <name>.stack</name>
         <uninitialized>true</uninitialized>
         <run_address>0x2000026c</run_address>
         <size>0x0</size>
      </object_component>
      <object_component id="oc-e">
         <name>.debug_info</name>
         <load_address>0x0</load_address>
         <run_address>0x0</run_address>
         <size>0xd8</size>
         <input_file_ref idref="fl-8"/>
      </object_component>
      <object_component id="oc-12">
         <name>.debug_info</name>
         <load_address>0xd8</load_address>
         <run_address>0xd8</run_address>
         <size>0xf3</size>
         <input_file_ref idref="fl-13d"/>
      </object_component>
      <object_component id="oc-16">
         <name>.debug_info</name>
         <load_address>0x1cb</load_address>
         <run_address>0x1cb</run_address>
         <size>0x194</size>
         <input_file_ref idref="fl-13e"/>
      </object_component>
      <object_component id="oc-1f">
         <name>.debug_info</name>
         <load_address>0x35f</load_address>
         <run_address>0x35f</run_address>
         <size>0x16a</size>
         <input_file_ref idref="fl-140"/>
      </object_component>
      <object_component id="oc-22">
         <name>.debug_info</name>
         <load_address>0x4c9</load_address>
         <run_address>0x4c9</run_address>
         <size>0x18e</size>
         <input_file_ref idref="fl-13f"/>
      </object_component>
      <object_component id="oc-29">
         <name>.debug_info</name>
         <load_address>0x657</load_address>
         <run_address>0x657</run_address>
         <size>0xb6</size>
         <input_file_ref idref="fl-147"/>
      </object_component>
      <object_component id="oc-2c">
         <name>.debug_info</name>
         <load_address>0x70d</load_address>
         <run_address>0x70d</run_address>
         <size>0x1e3</size>
         <input_file_ref idref="fl-8"/>
      </object_component>
      <object_component id="oc-32">
         <name>.debug_info</name>
         <load_address>0x8f0</load_address>
         <run_address>0x8f0</run_address>
         <size>0x136</size>
         <input_file_ref idref="fl-e"/>
      </object_component>
      <object_component id="oc-37">
         <name>.debug_info</name>
         <load_address>0xa26</load_address>
         <run_address>0xa26</run_address>
         <size>0x5a1</size>
         <input_file_ref idref="fl-d"/>
      </object_component>
      <object_component id="oc-3e">
         <name>.debug_info</name>
         <load_address>0xfc7</load_address>
         <run_address>0xfc7</run_address>
         <size>0x16c</size>
         <input_file_ref idref="fl-8"/>
      </object_component>
      <object_component id="oc-41">
         <name>.debug_info</name>
         <load_address>0x1133</load_address>
         <run_address>0x1133</run_address>
         <size>0x13d</size>
         <input_file_ref idref="fl-157"/>
      </object_component>
      <object_component id="oc-46">
         <name>.debug_info</name>
         <load_address>0x1270</load_address>
         <run_address>0x1270</run_address>
         <size>0x11c</size>
         <input_file_ref idref="fl-155"/>
      </object_component>
      <object_component id="oc-4c">
         <name>.debug_info</name>
         <load_address>0x138c</load_address>
         <run_address>0x138c</run_address>
         <size>0x1c2</size>
         <input_file_ref idref="fl-142"/>
      </object_component>
      <object_component id="oc-51">
         <name>.debug_info</name>
         <load_address>0x154e</load_address>
         <run_address>0x154e</run_address>
         <size>0xbe</size>
         <input_file_ref idref="fl-14b"/>
      </object_component>
      <object_component id="oc-56">
         <name>.debug_info</name>
         <load_address>0x160c</load_address>
         <run_address>0x160c</run_address>
         <size>0xcc</size>
         <input_file_ref idref="fl-146"/>
      </object_component>
      <object_component id="oc-5a">
         <name>.debug_info</name>
         <load_address>0x16d8</load_address>
         <run_address>0x16d8</run_address>
         <size>0x46</size>
         <input_file_ref idref="fl-13e"/>
      </object_component>
      <object_component id="oc-5f">
         <name>.debug_info</name>
         <load_address>0x171e</load_address>
         <run_address>0x171e</run_address>
         <size>0xf2</size>
         <input_file_ref idref="fl-13e"/>
      </object_component>
      <object_component id="oc-61">
         <name>.debug_info</name>
         <load_address>0x1810</load_address>
         <run_address>0x1810</run_address>
         <size>0x46</size>
         <input_file_ref idref="fl-140"/>
      </object_component>
      <object_component id="oc-66">
         <name>.debug_info</name>
         <load_address>0x1856</load_address>
         <run_address>0x1856</run_address>
         <size>0xad</size>
         <input_file_ref idref="fl-140"/>
      </object_component>
      <object_component id="oc-6a">
         <name>.debug_info</name>
         <load_address>0x1903</load_address>
         <run_address>0x1903</run_address>
         <size>0x1ef</size>
         <input_file_ref idref="fl-13f"/>
      </object_component>
      <object_component id="oc-6e">
         <name>.debug_info</name>
         <load_address>0x1af2</load_address>
         <run_address>0x1af2</run_address>
         <size>0xb7</size>
         <input_file_ref idref="fl-13f"/>
      </object_component>
      <object_component id="oc-6f">
         <name>.debug_info</name>
         <load_address>0x1ba9</load_address>
         <run_address>0x1ba9</run_address>
         <size>0x39</size>
         <input_file_ref idref="fl-13f"/>
      </object_component>
      <object_component id="oc-76">
         <name>.debug_info</name>
         <load_address>0x1be2</load_address>
         <run_address>0x1be2</run_address>
         <size>0x1d7</size>
         <input_file_ref idref="fl-147"/>
      </object_component>
      <object_component id="oc-7a">
         <name>.debug_info</name>
         <load_address>0x1db9</load_address>
         <run_address>0x1db9</run_address>
         <size>0x2d6</size>
         <input_file_ref idref="fl-a"/>
      </object_component>
      <object_component id="oc-7d">
         <name>.debug_info</name>
         <load_address>0x208f</load_address>
         <run_address>0x208f</run_address>
         <size>0x22f5</size>
         <input_file_ref idref="fl-a"/>
      </object_component>
      <object_component id="oc-84">
         <name>.debug_info</name>
         <load_address>0x4384</load_address>
         <run_address>0x4384</run_address>
         <size>0xe3</size>
         <input_file_ref idref="fl-d"/>
      </object_component>
      <object_component id="oc-87">
         <name>.debug_info</name>
         <load_address>0x4467</load_address>
         <run_address>0x4467</run_address>
         <size>0x1e6</size>
         <input_file_ref idref="fl-d"/>
      </object_component>
      <object_component id="oc-88">
         <name>.debug_info</name>
         <load_address>0x464d</load_address>
         <run_address>0x464d</run_address>
         <size>0x2c</size>
         <input_file_ref idref="fl-2"/>
      </object_component>
      <object_component id="oc-8d">
         <name>.debug_info</name>
         <load_address>0x4679</load_address>
         <run_address>0x4679</run_address>
         <size>0x84</size>
         <input_file_ref idref="fl-2"/>
      </object_component>
      <object_component id="oc-95">
         <name>.debug_info</name>
         <load_address>0x46fd</load_address>
         <run_address>0x46fd</run_address>
         <size>0x14b</size>
         <input_file_ref idref="fl-158"/>
      </object_component>
      <object_component id="oc-9c">
         <name>.debug_info</name>
         <load_address>0x4848</load_address>
         <run_address>0x4848</run_address>
         <size>0xef1</size>
         <input_file_ref idref="fl-5"/>
      </object_component>
      <object_component id="oc-a2">
         <name>.debug_info</name>
         <load_address>0x5739</load_address>
         <run_address>0x5739</run_address>
         <size>0x11b</size>
         <input_file_ref idref="fl-155"/>
      </object_component>
      <object_component id="oc-a4">
         <name>.debug_info</name>
         <load_address>0x5854</load_address>
         <run_address>0x5854</run_address>
         <size>0xc8</size>
         <input_file_ref idref="fl-153"/>
      </object_component>
      <object_component id="oc-a7">
         <name>.debug_info</name>
         <load_address>0x591c</load_address>
         <run_address>0x591c</run_address>
         <size>0xeb</size>
         <input_file_ref idref="fl-142"/>
      </object_component>
      <object_component id="oc-aa">
         <name>.debug_info</name>
         <load_address>0x5a07</load_address>
         <run_address>0x5a07</run_address>
         <size>0x146</size>
         <input_file_ref idref="fl-142"/>
      </object_component>
      <object_component id="oc-af">
         <name>.debug_info</name>
         <load_address>0x5b4d</load_address>
         <run_address>0x5b4d</run_address>
         <size>0x2c</size>
         <input_file_ref idref="fl-13e"/>
      </object_component>
      <object_component id="oc-b6">
         <name>.debug_info</name>
         <load_address>0x5b79</load_address>
         <run_address>0x5b79</run_address>
         <size>0x2c</size>
         <input_file_ref idref="fl-140"/>
      </object_component>
      <object_component id="oc-c2">
         <name>.debug_info</name>
         <load_address>0x5ba5</load_address>
         <run_address>0x5ba5</run_address>
         <size>0x2c</size>
         <input_file_ref idref="fl-147"/>
      </object_component>
      <object_component id="oc-c7">
         <name>.debug_info</name>
         <load_address>0x5bd1</load_address>
         <run_address>0x5bd1</run_address>
         <size>0x62</size>
         <input_file_ref idref="fl-147"/>
      </object_component>
      <object_component id="oc-ce">
         <name>.debug_info</name>
         <load_address>0x5c33</load_address>
         <run_address>0x5c33</run_address>
         <size>0x77a</size>
         <input_file_ref idref="fl-a"/>
      </object_component>
      <object_component id="oc-d1">
         <name>.debug_info</name>
         <load_address>0x63ad</load_address>
         <run_address>0x63ad</run_address>
         <size>0x438</size>
         <input_file_ref idref="fl-4"/>
      </object_component>
      <object_component id="oc-d7">
         <name>.debug_info</name>
         <load_address>0x67e5</load_address>
         <run_address>0x67e5</run_address>
         <size>0xdb</size>
         <input_file_ref idref="fl-a"/>
      </object_component>
      <object_component id="oc-df">
         <name>.debug_info</name>
         <load_address>0x68c0</load_address>
         <run_address>0x68c0</run_address>
         <size>0x1a0</size>
         <input_file_ref idref="fl-145"/>
      </object_component>
      <object_component id="oc-e8">
         <name>.debug_info</name>
         <load_address>0x6a60</load_address>
         <run_address>0x6a60</run_address>
         <size>0x182</size>
         <input_file_ref idref="fl-150"/>
      </object_component>
      <object_component id="oc-f0">
         <name>.debug_info</name>
         <load_address>0x6be2</load_address>
         <run_address>0x6be2</run_address>
         <size>0x4e6</size>
         <input_file_ref idref="fl-c"/>
      </object_component>
      <object_component id="oc-f7">
         <name>.debug_info</name>
         <load_address>0x70c8</load_address>
         <run_address>0x70c8</run_address>
         <size>0xfc</size>
         <input_file_ref idref="fl-148"/>
      </object_component>
      <object_component id="oc-102">
         <name>.debug_info</name>
         <load_address>0x71c4</load_address>
         <run_address>0x71c4</run_address>
         <size>0x16d</size>
         <input_file_ref idref="fl-2"/>
      </object_component>
      <object_component id="oc-107">
         <name>.debug_info</name>
         <load_address>0x7331</load_address>
         <run_address>0x7331</run_address>
         <size>0x2c</size>
         <input_file_ref idref="fl-2"/>
      </object_component>
      <object_component id="oc-110">
         <name>.debug_info</name>
         <load_address>0x735d</load_address>
         <run_address>0x735d</run_address>
         <size>0x14c</size>
         <input_file_ref idref="fl-2"/>
      </object_component>
      <object_component id="oc-115">
         <name>.debug_info</name>
         <load_address>0x74a9</load_address>
         <run_address>0x74a9</run_address>
         <size>0x724</size>
         <input_file_ref idref="fl-2"/>
      </object_component>
      <object_component id="oc-118">
         <name>.debug_info</name>
         <load_address>0x7bcd</load_address>
         <run_address>0x7bcd</run_address>
         <size>0x148</size>
         <input_file_ref idref="fl-158"/>
      </object_component>
      <object_component id="oc-11a">
         <name>.debug_info</name>
         <load_address>0x7d15</load_address>
         <run_address>0x7d15</run_address>
         <size>0x2cb</size>
         <input_file_ref idref="fl-172"/>
      </object_component>
      <object_component id="oc-11e">
         <name>.debug_info</name>
         <load_address>0x7fe0</load_address>
         <run_address>0x7fe0</run_address>
         <size>0x1d6</size>
         <input_file_ref idref="fl-172"/>
      </object_component>
      <object_component id="oc-122">
         <name>.debug_info</name>
         <load_address>0x81b6</load_address>
         <run_address>0x81b6</run_address>
         <size>0x1e2</size>
         <input_file_ref idref="fl-175"/>
      </object_component>
      <object_component id="oc-126">
         <name>.debug_info</name>
         <load_address>0x8398</load_address>
         <run_address>0x8398</run_address>
         <size>0x19f</size>
         <input_file_ref idref="fl-174"/>
      </object_component>
      <object_component id="oc-12a">
         <name>.debug_info</name>
         <load_address>0x8537</load_address>
         <run_address>0x8537</run_address>
         <size>0xc09</size>
         <input_file_ref idref="fl-7"/>
      </object_component>
      <object_component id="oc-130">
         <name>.debug_info</name>
         <load_address>0x9140</load_address>
         <run_address>0x9140</run_address>
         <size>0x699</size>
         <input_file_ref idref="fl-3"/>
      </object_component>
      <object_component id="oc-136">
         <name>.debug_info</name>
         <load_address>0x97d9</load_address>
         <run_address>0x97d9</run_address>
         <size>0x1da</size>
         <input_file_ref idref="fl-b"/>
      </object_component>
      <object_component id="oc-13c">
         <name>.debug_info</name>
         <load_address>0x99b3</load_address>
         <run_address>0x99b3</run_address>
         <size>0x4b3</size>
         <input_file_ref idref="fl-2"/>
      </object_component>
      <object_component id="oc-142">
         <name>.debug_info</name>
         <load_address>0x9e66</load_address>
         <run_address>0x9e66</run_address>
         <size>0x18ee</size>
         <input_file_ref idref="fl-6"/>
      </object_component>
      <object_component id="oc-148">
         <name>.debug_info</name>
         <load_address>0xb754</load_address>
         <run_address>0xb754</run_address>
         <size>0x634</size>
         <input_file_ref idref="fl-9"/>
      </object_component>
      <object_component id="oc-14f">
         <name>.debug_info</name>
         <load_address>0xbd88</load_address>
         <run_address>0xbd88</run_address>
         <size>0x2b5</size>
         <input_file_ref idref="fl-14a"/>
      </object_component>
      <object_component id="oc-154">
         <name>.debug_info</name>
         <load_address>0xc03d</load_address>
         <run_address>0xc03d</run_address>
         <size>0x8c2</size>
         <input_file_ref idref="fl-5"/>
      </object_component>
      <object_component id="oc-15b">
         <name>.debug_info</name>
         <load_address>0xc8ff</load_address>
         <run_address>0xc8ff</run_address>
         <size>0x153</size>
         <input_file_ref idref="fl-14e"/>
      </object_component>
      <object_component id="oc-162">
         <name>.debug_info</name>
         <load_address>0xca52</load_address>
         <run_address>0xca52</run_address>
         <size>0x855</size>
         <input_file_ref idref="fl-147"/>
      </object_component>
      <object_component id="oc-166">
         <name>.debug_info</name>
         <load_address>0xd2a7</load_address>
         <run_address>0xd2a7</run_address>
         <size>0x1b0</size>
         <input_file_ref idref="fl-14f"/>
      </object_component>
      <object_component id="oc-16d">
         <name>.debug_info</name>
         <load_address>0xd457</load_address>
         <run_address>0xd457</run_address>
         <size>0x536</size>
         <input_file_ref idref="fl-3"/>
      </object_component>
      <object_component id="oc-170">
         <name>.debug_info</name>
         <load_address>0xd98d</load_address>
         <run_address>0xd98d</run_address>
         <size>0xc6</size>
         <input_file_ref idref="fl-5"/>
      </object_component>
      <object_component id="oc-173">
         <name>.debug_info</name>
         <load_address>0xda53</load_address>
         <run_address>0xda53</run_address>
         <size>0xc7</size>
         <input_file_ref idref="fl-5"/>
      </object_component>
      <object_component id="oc-176">
         <name>.debug_info</name>
         <load_address>0xdb1a</load_address>
         <run_address>0xdb1a</run_address>
         <size>0x143</size>
         <input_file_ref idref="fl-5"/>
      </object_component>
      <object_component id="oc-179">
         <name>.debug_info</name>
         <load_address>0xdc5d</load_address>
         <run_address>0xdc5d</run_address>
         <size>0xe6</size>
         <input_file_ref idref="fl-5"/>
      </object_component>
      <object_component id="oc-17f">
         <name>.debug_info</name>
         <load_address>0xdd43</load_address>
         <run_address>0xdd43</run_address>
         <size>0x8a</size>
         <input_file_ref idref="fl-5"/>
      </object_component>
      <object_component id="oc-184">
         <name>.debug_info</name>
         <load_address>0xddcd</load_address>
         <run_address>0xddcd</run_address>
         <size>0x9e</size>
         <input_file_ref idref="fl-2"/>
      </object_component>
      <object_component id="oc-18b">
         <name>.debug_info</name>
         <load_address>0xde6b</load_address>
         <run_address>0xde6b</run_address>
         <size>0x5e</size>
         <input_file_ref idref="fl-155"/>
      </object_component>
      <object_component id="oc-191">
         <name>.debug_info</name>
         <load_address>0xdec9</load_address>
         <run_address>0xdec9</run_address>
         <size>0x1d4</size>
         <input_file_ref idref="fl-153"/>
      </object_component>
      <object_component id="oc-198">
         <name>.debug_info</name>
         <load_address>0xe09d</load_address>
         <run_address>0xe09d</run_address>
         <size>0xd9</size>
         <input_file_ref idref="fl-153"/>
      </object_component>
      <object_component id="oc-1a0">
         <name>.debug_info</name>
         <load_address>0xe176</load_address>
         <run_address>0xe176</run_address>
         <size>0xc6</size>
         <input_file_ref idref="fl-a"/>
      </object_component>
      <object_component id="oc-1a5">
         <name>.debug_info</name>
         <load_address>0xe23c</load_address>
         <run_address>0xe23c</run_address>
         <size>0xc8</size>
         <input_file_ref idref="fl-a"/>
      </object_component>
      <object_component id="oc-1ab">
         <name>.debug_info</name>
         <load_address>0xe304</load_address>
         <run_address>0xe304</run_address>
         <size>0x130</size>
         <input_file_ref idref="fl-4"/>
      </object_component>
      <object_component id="oc-1af">
         <name>.debug_info</name>
         <load_address>0xe434</load_address>
         <run_address>0xe434</run_address>
         <size>0xaa</size>
         <input_file_ref idref="fl-145"/>
      </object_component>
      <object_component id="oc-1b1">
         <name>.debug_info</name>
         <load_address>0xe4de</load_address>
         <run_address>0xe4de</run_address>
         <size>0xab</size>
         <input_file_ref idref="fl-150"/>
      </object_component>
      <object_component id="oc-1b3">
         <name>.debug_info</name>
         <load_address>0xe589</load_address>
         <run_address>0xe589</run_address>
         <size>0xe9</size>
         <input_file_ref idref="fl-c"/>
      </object_component>
      <object_component id="oc-1b6">
         <name>.debug_info</name>
         <load_address>0xe672</load_address>
         <run_address>0xe672</run_address>
         <size>0x243</size>
         <input_file_ref idref="fl-c"/>
      </object_component>
      <object_component id="oc-1b9">
         <name>.debug_info</name>
         <load_address>0xe8b5</load_address>
         <run_address>0xe8b5</run_address>
         <size>0xcd</size>
         <input_file_ref idref="fl-c"/>
      </object_component>
      <object_component id="oc-1bf">
         <name>.debug_info</name>
         <load_address>0xe982</load_address>
         <run_address>0xe982</run_address>
         <size>0xe1</size>
         <input_file_ref idref="fl-c"/>
      </object_component>
      <object_component id="oc-1c2">
         <name>.debug_info</name>
         <load_address>0xea63</load_address>
         <run_address>0xea63</run_address>
         <size>0x110</size>
         <input_file_ref idref="fl-4"/>
      </object_component>
      <object_component id="oc-1ca">
         <name>.debug_info</name>
         <load_address>0xeb73</load_address>
         <run_address>0xeb73</run_address>
         <size>0x2c</size>
         <input_file_ref idref="fl-2"/>
      </object_component>
      <object_component id="oc-1cf">
         <name>.debug_info</name>
         <load_address>0xeb9f</load_address>
         <run_address>0xeb9f</run_address>
         <size>0x2c</size>
         <input_file_ref idref="fl-2"/>
      </object_component>
      <object_component id="oc-1d4">
         <name>.debug_info</name>
         <load_address>0xebcb</load_address>
         <run_address>0xebcb</run_address>
         <size>0x2c</size>
         <input_file_ref idref="fl-2"/>
      </object_component>
      <object_component id="oc-1d9">
         <name>.debug_info</name>
         <load_address>0xebf7</load_address>
         <run_address>0xebf7</run_address>
         <size>0x46</size>
         <input_file_ref idref="fl-2"/>
      </object_component>
      <object_component id="oc-1e0">
         <name>.debug_info</name>
         <load_address>0xec3d</load_address>
         <run_address>0xec3d</run_address>
         <size>0xcd</size>
         <input_file_ref idref="fl-158"/>
      </object_component>
      <object_component id="oc-1e7">
         <name>.debug_info</name>
         <load_address>0xed0a</load_address>
         <run_address>0xed0a</run_address>
         <size>0x84</size>
         <input_file_ref idref="fl-170"/>
      </object_component>
      <object_component id="oc-1eb">
         <name>.debug_info</name>
         <load_address>0xed8e</load_address>
         <run_address>0xed8e</run_address>
         <size>0x4c2</size>
         <input_file_ref idref="fl-172"/>
      </object_component>
      <object_component id="oc-1ed">
         <name>.debug_info</name>
         <load_address>0xf250</load_address>
         <run_address>0xf250</run_address>
         <size>0x1ae</size>
         <input_file_ref idref="fl-172"/>
      </object_component>
      <object_component id="oc-1f0">
         <name>.debug_info</name>
         <load_address>0xf3fe</load_address>
         <run_address>0xf3fe</run_address>
         <size>0x246</size>
         <input_file_ref idref="fl-175"/>
      </object_component>
      <object_component id="oc-1f4">
         <name>.debug_info</name>
         <load_address>0xf644</load_address>
         <run_address>0xf644</run_address>
         <size>0x200</size>
         <input_file_ref idref="fl-175"/>
      </object_component>
      <object_component id="oc-1f9">
         <name>.debug_info</name>
         <load_address>0xf844</load_address>
         <run_address>0xf844</run_address>
         <size>0x173</size>
         <input_file_ref idref="fl-176"/>
      </object_component>
      <object_component id="oc-1fd">
         <name>.debug_info</name>
         <load_address>0xf9b7</load_address>
         <run_address>0xf9b7</run_address>
         <size>0x2c</size>
         <input_file_ref idref="fl-170"/>
      </object_component>
      <object_component id="oc-202">
         <name>.debug_info</name>
         <load_address>0xf9e3</load_address>
         <run_address>0xf9e3</run_address>
         <size>0x19b</size>
         <input_file_ref idref="fl-173"/>
      </object_component>
      <object_component id="oc-206">
         <name>.debug_info</name>
         <load_address>0xfb7e</load_address>
         <run_address>0xfb7e</run_address>
         <size>0x1f4</size>
         <input_file_ref idref="fl-175"/>
      </object_component>
      <object_component id="oc-20a">
         <name>.debug_info</name>
         <load_address>0xfd72</load_address>
         <run_address>0xfd72</run_address>
         <size>0x248</size>
         <input_file_ref idref="fl-173"/>
      </object_component>
      <object_component id="oc-20e">
         <name>.debug_info</name>
         <load_address>0xffba</load_address>
         <run_address>0xffba</run_address>
         <size>0x3f3</size>
         <input_file_ref idref="fl-7"/>
      </object_component>
      <object_component id="oc-211">
         <name>.debug_info</name>
         <load_address>0x103ad</load_address>
         <run_address>0x103ad</run_address>
         <size>0x19d</size>
         <input_file_ref idref="fl-173"/>
      </object_component>
      <object_component id="oc-215">
         <name>.debug_info</name>
         <load_address>0x1054a</load_address>
         <run_address>0x1054a</run_address>
         <size>0x1fe</size>
         <input_file_ref idref="fl-172"/>
      </object_component>
      <object_component id="oc-219">
         <name>.debug_info</name>
         <load_address>0x10748</load_address>
         <run_address>0x10748</run_address>
         <size>0x37d</size>
         <input_file_ref idref="fl-173"/>
      </object_component>
      <object_component id="oc-21d">
         <name>.debug_info</name>
         <load_address>0x10ac5</load_address>
         <run_address>0x10ac5</run_address>
         <size>0x1d4</size>
         <input_file_ref idref="fl-175"/>
      </object_component>
      <object_component id="oc-221">
         <name>.debug_info</name>
         <load_address>0x10c99</load_address>
         <run_address>0x10c99</run_address>
         <size>0x19b</size>
         <input_file_ref idref="fl-173"/>
      </object_component>
      <object_component id="oc-225">
         <name>.debug_info</name>
         <load_address>0x10e34</load_address>
         <run_address>0x10e34</run_address>
         <size>0x1e5</size>
         <input_file_ref idref="fl-173"/>
      </object_component>
      <object_component id="oc-22b">
         <name>.debug_info</name>
         <load_address>0x11019</load_address>
         <run_address>0x11019</run_address>
         <size>0x13f</size>
         <input_file_ref idref="fl-7"/>
      </object_component>
      <object_component id="oc-230">
         <name>.debug_info</name>
         <load_address>0x11158</load_address>
         <run_address>0x11158</run_address>
         <size>0xd1</size>
         <input_file_ref idref="fl-7"/>
      </object_component>
      <object_component id="oc-234">
         <name>.debug_info</name>
         <load_address>0x11229</load_address>
         <run_address>0x11229</run_address>
         <size>0xe7</size>
         <input_file_ref idref="fl-7"/>
      </object_component>
      <object_component id="oc-238">
         <name>.debug_info</name>
         <load_address>0x11310</load_address>
         <run_address>0x11310</run_address>
         <size>0x1d8</size>
         <input_file_ref idref="fl-170"/>
      </object_component>
      <object_component id="oc-23c">
         <name>.debug_info</name>
         <load_address>0x114e8</load_address>
         <run_address>0x114e8</run_address>
         <size>0x1de</size>
         <input_file_ref idref="fl-170"/>
      </object_component>
      <object_component id="oc-240">
         <name>.debug_info</name>
         <load_address>0x116c6</load_address>
         <run_address>0x116c6</run_address>
         <size>0x1bc</size>
         <input_file_ref idref="fl-170"/>
      </object_component>
      <object_component id="oc-244">
         <name>.debug_info</name>
         <load_address>0x11882</load_address>
         <run_address>0x11882</run_address>
         <size>0x1ac</size>
         <input_file_ref idref="fl-170"/>
      </object_component>
      <object_component id="oc-248">
         <name>.debug_info</name>
         <load_address>0x11a2e</load_address>
         <run_address>0x11a2e</run_address>
         <size>0x1e6</size>
         <input_file_ref idref="fl-170"/>
      </object_component>
      <object_component id="oc-24c">
         <name>.debug_info</name>
         <load_address>0x11c14</load_address>
         <run_address>0x11c14</run_address>
         <size>0x1d5</size>
         <input_file_ref idref="fl-175"/>
      </object_component>
      <object_component id="oc-250">
         <name>.debug_info</name>
         <load_address>0x11de9</load_address>
         <run_address>0x11de9</run_address>
         <size>0x1d6</size>
         <input_file_ref idref="fl-175"/>
      </object_component>
      <object_component id="oc-254">
         <name>.debug_info</name>
         <load_address>0x11fbf</load_address>
         <run_address>0x11fbf</run_address>
         <size>0x267</size>
         <input_file_ref idref="fl-170"/>
      </object_component>
      <object_component id="oc-258">
         <name>.debug_info</name>
         <load_address>0x12226</load_address>
         <run_address>0x12226</run_address>
         <size>0x1a0</size>
         <input_file_ref idref="fl-170"/>
      </object_component>
      <object_component id="oc-25c">
         <name>.debug_info</name>
         <load_address>0x123c6</load_address>
         <run_address>0x123c6</run_address>
         <size>0x21b</size>
         <input_file_ref idref="fl-170"/>
      </object_component>
      <object_component id="oc-260">
         <name>.debug_info</name>
         <load_address>0x125e1</load_address>
         <run_address>0x125e1</run_address>
         <size>0x1c1</size>
         <input_file_ref idref="fl-174"/>
      </object_component>
      <object_component id="oc-264">
[...]
         <object_component_ref idref="oc-7c"/>
      </symbol>
      <symbol id="sm-3d5">
         <name>pxCurrentTCB</name>
         <value>0x2000ab78</value>
         <object_component_ref idref="oc-79"/>
      </symbol>
      <symbol id="sm-3d6">
         <name>vTaskSuspend</name>
         <value>0x1361</value>
         <object_component_ref idref="oc-7c"/>
      </symbol>
      <symbol id="sm-3d7">
         <name>vTaskResume</name>
         <value>0x1409</value>
         <object_component_ref idref="oc-7c"/>
      </symbol>
      <symbol id="sm-3d8">
         <name>vTaskSetTimeOutState</name>
         <value>0x18ab</value>
         <object_component_ref idref="oc-7c"/>
      </symbol>
      <symbol id="sm-3d9">
         <name>vTaskIncrementTick</name>
         <value>0x1645</value>
         <object_component_ref idref="oc-7c"/>
      </symbol>
      <symbol id="sm-3da">
         <name>vTaskSwitchContext</name>
         <value>0x16ed</value>
         <object_component_ref idref="oc-7c"/>
      </symbol>
      <symbol id="sm-3db">
         <name>xTaskResumeFromISR</name>
         <value>0x1479</value>
         <object_component_ref idref="oc-7c"/>
      </symbol>
      <symbol id="sm-3dc">
         <name>xTaskGetCurrentTaskHandle</name>
         <value>0x1af1</value>
         <object_component_ref idref="oc-7c"/>
      </symbol>
      <symbol id="sm-3dd">
         <name>xTaskRemoveFromEventList</name>
         <value>0x182d</value>
         <object_component_ref idref="oc-7c"/>
      </symbol>
      <symbol id="sm-3de">
         <name>xTaskIsTaskSuspended</name>
         <value>0x13b9</value>
         <object_component_ref idref="oc-7c"/>
      </symbol>
      <symbol id="sm-3f1">
         <name>reset_uut</name>
         <value>0x4805</value>
         <object_component_ref idref="oc-135"/>
      </symbol>
      <symbol id="sm-3f2">
         <name>InitGPIO</name>
         <value>0x47e5</value>
         <object_component_ref idref="oc-135"/>
      </symbol>
      <symbol id="sm-436">
         <name>vPortInitialiseBlocks</name>
         <value>0x3bcb</value>
         <object_component_ref idref="oc-ef"/>
      </symbol>
      <symbol id="sm-437">
         <name>xPortGetFreeHeapSize</name>
         <value>0x3bc5</value>
         <object_component_ref idref="oc-ef"/>
      </symbol>
      <symbol id="sm-438">
         <name>pvPortMalloc</name>
         <value>0x3a31</value>
         <object_component_ref idref="oc-ef"/>
      </symbol>
      <symbol id="sm-439">
         <name>vPortFree</name>
         <value>0x3b63</value>
         <object_component_ref idref="oc-ef"/>
      </symbol>
      <symbol id="sm-45c">
         <name>vPortEndScheduler</name>
         <value>0x43d1</value>
         <object_component_ref idref="oc-36"/>
      </symbol>
      <symbol id="sm-45d">
         <name>xPortSysTickHandler</name>
         <value>0x4403</value>
         <object_component_ref idref="oc-36"/>
      </symbol>
      <symbol id="sm-45e">
         <name>vPortYieldFromISR</name>
         <value>0x43d3</value>
         <object_component_ref idref="oc-36"/>
      </symbol>
      <symbol id="sm-45f">
         <name>pxPortInitialiseStack</name>
         <value>0x4361</value>
         <object_component_ref idref="oc-36"/>
      </symbol>
      <symbol id="sm-460">
         <name>vPortExitCritical</name>
         <value>0x43ed</value>
         <object_component_ref idref="oc-36"/>
      </symbol>
      <symbol id="sm-461">
         <name>xPortStartScheduler</name>
         <value>0x43a9</value>
         <object_component_ref idref="oc-36"/>
      </symbol>
      <symbol id="sm-462">
         <name>vPortEnterCritical</name>
         <value>0x43dd</value>
         <object_component_ref idref="oc-36"/>
      </symbol>
      <symbol id="sm-46d">
         <name>vPortStartFirstTask</name>
         <value>0x4585</value>
         <object_component_ref idref="oc-31"/>
      </symbol>
      <symbol id="sm-46e">
         <name>vPortEnableVFP</name>
         <value>0x4597</value>
         <object_component_ref idref="oc-31"/>
      </symbol>
      <symbol id="sm-46f">
         <name>xPortPendSVHandler</name>
         <value>0x4511</value>
         <object_component_ref idref="oc-31"/>
      </symbol>
      <symbol id="sm-470">
         <name>vPortClearInterruptMask</name>
         <value>0x4559</value>
         <object_component_ref idref="oc-31"/>
      </symbol>
      <symbol id="sm-471">
         <name>vPortSetInterruptMask</name>
         <value>0x454b</value>
         <object_component_ref idref="oc-31"/>
      </symbol>
      <symbol id="sm-472">
         <name>vPortSVCHandler</name>
         <value>0x4567</value>
         <object_component_ref idref="oc-31"/>
      </symbol>
      <symbol id="sm-482">
         <name>_c_int00</name>
         <value>0x4d11</value>
         <object_component_ref idref="oc-10"/>
      </symbol>
      <symbol id="sm-483">
         <name>__stack</name>
         <value>0x2000026c</value>
         <object_component_ref idref="oc-27"/>
      </symbol>
      <symbol id="sm-49a">
         <name>__TI_decompress_none</name>
         <value>0x4f81</value>
         <object_component_ref idref="oc-15"/>
      </symbol>
      <symbol id="sm-4be">
         <name>__TI_decompress_rle24</name>
         <value>0x501b</value>
         <object_component_ref idref="oc-21"/>
      </symbol>
      <symbol id="sm-4d7">
         <name>__TI_zero_init</name>
         <value>0x4f3d</value>
         <object_component_ref idref="oc-1b"/>
      </symbol>
      <symbol id="sm-4f7">
         <name>C$$EXIT</name>
         <value>0x4c11</value>
         <object_component_ref idref="oc-4a"/>
      </symbol>
      <symbol id="sm-4f8">
         <name>abort</name>
         <value>0x4c15</value>
         <object_component_ref idref="oc-4a"/>
      </symbol>
      <symbol id="sm-4f9">
         <name>exit</name>
         <value>0x4c1d</value>
         <object_component_ref idref="oc-4a"/>
      </symbol>
      <symbol id="sm-4fa">
         <name>__TI_dtors_ptr</name>
         <value>0x2000abc8</value>
         <object_component_ref idref="oc-a6"/>
      </symbol>
      <symbol id="sm-4fb">
         <name>__TI_cleanup_ptr</name>
         <value>0x2000abc4</value>
         <object_component_ref idref="oc-a6"/>
      </symbol>
      <symbol id="sm-512">
         <name>memcmp</name>
         <value>0x4df7</value>
         <object_component_ref idref="oc-de"/>
      </symbol>
      <symbol id="sm-52d">
         <name>memcpy</name>
         <value>0x45a9</value>
         <object_component_ref idref="oc-54"/>
      </symbol>
      <symbol id="sm-52e">
         <name>__aeabi_memcpy</name>
         <value>0x45a9</value>
         <object_component_ref idref="oc-54"/>
      </symbol>
      <symbol id="sm-52f">
         <name>__aeabi_memcpy8</name>
         <value>0x45a9</value>
         <object_component_ref idref="oc-54"/>
      </symbol>
      <symbol id="sm-530">
         <name>__aeabi_memcpy4</name>
         <value>0x45a9</value>
         <object_component_ref idref="oc-54"/>
      </symbol>
      <symbol id="sm-5a5">
         <name>_sys_memory</name>
         <value>0x20004270</value>
         <object_component_ref idref="oc-28"/>
      </symbol>
      <symbol id="sm-5a6">
         <name>free</name>
         <value>0x2f5b</value>
         <object_component_ref idref="oc-15e"/>
      </symbol>
      <symbol id="sm-5a7">
         <name>realloc</name>
         <value>0x301b</value>
         <object_component_ref idref="oc-15e"/>
      </symbol>
      <symbol id="sm-5a8">
         <name>memalign</name>
         <value>0x3121</value>
         <object_component_ref idref="oc-15e"/>
      </symbol>
      <symbol id="sm-5a9">
         <name>calloc</name>
         <value>0x3201</value>
         <object_component_ref idref="oc-15e"/>
      </symbol>
      <symbol id="sm-5aa">
         <name>malloc</name>
         <value>0x2ef9</value>
         <object_component_ref idref="oc-15e"/>
      </symbol>
      <symbol id="sm-5ab">
         <name>minit</name>
         <value>0x2e6d</value>
         <object_component_ref idref="oc-15e"/>
      </symbol>
      <symbol id="sm-5ba">
         <name>__aeabi_memset</name>
         <value>0x4863</value>
         <object_component_ref idref="oc-f5"/>
      </symbol>
      <symbol id="sm-5bb">
         <name>memset</name>
         <value>0x4869</value>
         <object_component_ref idref="oc-f5"/>
      </symbol>
      <symbol id="sm-5bc">
         <name>__aeabi_memset8</name>
         <value>0x4863</value>
         <object_component_ref idref="oc-f5"/>
      </symbol>
      <symbol id="sm-5bd">
         <name>__aeabi_memset4</name>
         <value>0x4863</value>
         <object_component_ref idref="oc-f5"/>
      </symbol>
      <symbol id="sm-5be">
         <name>__aeabi_memclr8</name>
         <value>0x4861</value>
         <object_component_ref idref="oc-f5"/>
      </symbol>
      <symbol id="sm-5bf">
         <name>__aeabi_memclr4</name>
         <value>0x4861</value>
         <object_component_ref idref="oc-f5"/>
      </symbol>
      <symbol id="sm-5c0">
         <name>__aeabi_memclr</name>
         <value>0x4861</value>
         <object_component_ref idref="oc-f5"/>
      </symbol>
      <symbol id="sm-5d5">
         <name>sprintf</name>
         <value>0x493d</value>
         <object_component_ref idref="oc-14d"/>
      </symbol>
      <symbol id="sm-5dd">
         <name>main_func_sp</name>
         <value>0x2000abd0</value>
         <object_component_ref idref="oc-50"/>
      </symbol>
      <symbol id="sm-5ed">
         <name>strlen</name>
         <value>0x4ee1</value>
         <object_component_ref idref="oc-158"/>
      </symbol>
      <symbol id="sm-5fd">
         <name>strncmp</name>
         <value>0x4dd1</value>
         <object_component_ref idref="oc-164"/>
      </symbol>
      <symbol id="sm-60d">
         <name>strncpy</name>
         <value>0x4d45</value>
         <object_component_ref idref="oc-e7"/>
      </symbol>
      <symbol id="sm-628">
         <name>_nop</name>
         <value>0x4edb</value>
         <object_component_ref idref="oc-190"/>
      </symbol>
      <symbol id="sm-629">
         <name>_lock</name>
         <value>0x2000abbc</value>
         <object_component_ref idref="oc-a3"/>
      </symbol>
      <symbol id="sm-62a">
         <name>_unlock</name>
         <value>0x2000abc0</value>
         <object_component_ref idref="oc-a3"/>
      </symbol>
      <symbol id="sm-62b">
         <name>_register_lock</name>
         <value>0x4ed3</value>
         <object_component_ref idref="oc-190"/>
      </symbol>
      <symbol id="sm-62c">
         <name>_register_unlock</name>
         <value>0x4ecd</value>
         <object_component_ref idref="oc-190"/>
      </symbol>
      <symbol id="sm-718">
         <name>__TI_printfi</name>
         <value>0xca3</value>
         <object_component_ref idref="oc-27e"/>
      </symbol>
      <symbol id="sm-72c">
         <name>_args_main</name>
         <value>0x4e89</value>
         <object_component_ref idref="oc-44"/>
      </symbol>
      <symbol id="sm-742">
         <name>atoi</name>
         <value>0x4aad</value>
         <object_component_ref idref="oc-339"/>
      </symbol>
      <symbol id="sm-75f">
         <name>__TI_auto_init</name>
         <value>0x4645</value>
         <object_component_ref idref="oc-3f"/>
      </symbol>
      <symbol id="sm-778">
         <name>copy_in</name>
         <value>0x4bcd</value>
         <object_component_ref idref="oc-94"/>
      </symbol>
      <symbol id="sm-783">
         <name>_ctypes_</name>
         <value>0x5204</value>
         <object_component_ref idref="oc-381"/>
      </symbol>
      <symbol id="sm-79a">
         <name>__aeabi_dsub</name>
         <value>0x3bed</value>
         <object_component_ref idref="oc-328"/>
      </symbol>
      <symbol id="sm-79b">
         <name>__aeabi_dadd</name>
         <value>0x3bf7</value>
         <object_component_ref idref="oc-328"/>
      </symbol>
      <symbol id="sm-7bd">
         <name>__aeabi_cdcmpeq</name>
         <value>0x46d9</value>
         <object_component_ref idref="oc-304"/>
      </symbol>
      <symbol id="sm-7be">
         <name>__aeabi_cdcmple</name>
         <value>0x46d9</value>
         <object_component_ref idref="oc-304"/>
      </symbol>
      <symbol id="sm-7bf">
         <name>__aeabi_cdrcmple</name>
         <value>0x475f</value>
         <object_component_ref idref="oc-313"/>
      </symbol>
      <symbol id="sm-7d3">
         <name>__aeabi_ddiv</name>
         <value>0x3ee9</value>
         <object_component_ref idref="oc-30e"/>
      </symbol>
      <symbol id="sm-7de">
         <name>__aeabi_dmul</name>
         <value>0x4265</value>
         <object_component_ref idref="oc-309"/>
      </symbol>
      <symbol id="sm-7e8">
         <name>__aeabi_d2iz</name>
         <value>0x4b41</value>
         <object_component_ref idref="oc-318"/>
      </symbol>
      <symbol id="sm-7f4">
         <name>__aeabi_i2d</name>
         <value>0x4da3</value>
         <object_component_ref idref="oc-323"/>
      </symbol>
      <symbol id="sm-7fd">
         <name>__aeabi_lmul</name>
         <value>0x4ea1</value>
         <object_component_ref idref="oc-2ff"/>
      </symbol>
      <symbol id="sm-80c">
         <name>ltoa</name>
         <value>0x49fb</value>
         <object_component_ref idref="oc-31d"/>
      </symbol>
      <symbol id="sm-81c">
         <name>memccpy</name>
         <value>0x4e55</value>
         <object_component_ref idref="oc-333"/>
      </symbol>
      <symbol id="sm-83a">
         <name>__aeabi_uldivmod</name>
         <value>0x3491</value>
         <object_component_ref idref="oc-2fa"/>
      </symbol>
      <symbol id="sm-844">
         <name>_Dclass</name>
         <value>0x4f8f</value>
         <object_component_ref idref="oc-32d"/>
      </symbol>
      <symbol id="sm-856">
         <name>_Dtest</name>
         <value>0x4c55</value>
         <object_component_ref idref="oc-378"/>
      </symbol>
      <symbol id="sm-8c8">
         <name>UARTCharPutNonBlocking</name>
         <value>0x4f71</value>
         <object_component_ref idref="oc-247"/>
      </symbol>
      <symbol id="sm-8c9">
         <name>UARTConfigSetExpClk</name>
         <value>0x4c99</value>
         <object_component_ref idref="oc-253"/>
      </symbol>
      <symbol id="sm-8ca">
         <name>UARTDisable</name>
         <value>0x4e39</value>
         <object_component_ref idref="oc-2db"/>
      </symbol>
      <symbol id="sm-8cb">
         <name>UARTIntEnable</name>
         <value>0x5007</value>
         <object_component_ref idref="oc-263"/>
      </symbol>
      <symbol id="sm-8cc">
         <name>UARTCharsAvail</name>
         <value>0x4fb5</value>
         <object_component_ref idref="oc-243"/>
      </symbol>
      <symbol id="sm-8cd">
         <name>UARTCharGetNonBlocking</name>
         <value>0x4f61</value>
         <object_component_ref idref="oc-23f"/>
      </symbol>
      <symbol id="sm-8ce">
         <name>UARTEnable</name>
         <value>0x4eb9</value>
         <object_component_ref idref="oc-257"/>
      </symbol>
      <symbol id="sm-8cf">
         <name>UARTIntClear</name>
         <value>0x5021</value>
         <object_component_ref idref="oc-23b"/>
      </symbol>
      <symbol id="sm-8d0">
         <name>UARTIntStatus</name>
         <value>0x4ff5</value>
         <object_component_ref idref="oc-237"/>
      </symbol>
      <symbol id="sm-8d1">
         <name>UARTIntRegister</name>
         <value>0x4e6f</value>
         <object_component_ref idref="oc-25b"/>
      </symbol>
      <symbol id="sm-8e3">
         <name>SysTickPeriodGet</name>
         <value>0x4f51</value>
         <object_component_ref idref="oc-278"/>
      </symbol>
      <symbol id="sm-8e4">
         <name>SysTickValueGet</name>
         <value>0x4fa9</value>
         <object_component_ref idref="oc-274"/>
      </symbol>
      <symbol id="sm-957">
         <name>SysCtlClockSet</name>
         <value>0x3da5</value>
         <object_component_ref idref="oc-119"/>
      </symbol>
      <symbol id="sm-958">
         <name>SysCtlDelay</name>
         <value>0x5015</value>
         <object_component_ref idref="oc-1e5"/>
      </symbol>
      <symbol id="sm-959">
         <name>SysCtlPeripheralEnable</name>
         <value>0x4a55</value>
         <object_component_ref idref="oc-11d"/>
      </symbol>
      <symbol id="sm-95a">
         <name>SysCtlClockGet</name>
         <value>0x3685</value>
         <object_component_ref idref="oc-214"/>
      </symbol>
      <symbol id="sm-98e">
         <name>SSIDataPut</name>
         <value>0x4fd7</value>
         <object_component_ref idref="oc-209"/>
      </symbol>
      <symbol id="sm-98f">
         <name>SSIDataGetNonBlocking</name>
         <value>0x4f2b</value>
         <object_component_ref idref="oc-224"/>
      </symbol>
      <symbol id="sm-990">
         <name>SSIConfigSetExpClk</name>
         <value>0x4b89</value>
         <object_component_ref idref="oc-218"/>
      </symbol>
      <symbol id="sm-991">
         <name>SSIEnable</name>
         <value>0x4feb</value>
         <object_component_ref idref="oc-220"/>
      </symbol>
      <symbol id="sm-992">
         <name>SSIBusy</name>
         <value>0x4fff</value>
         <object_component_ref idref="oc-201"/>
      </symbol>
      <symbol id="sm-993">
         <name>SSIDisable</name>
         <value>0x4fe1</value>
         <object_component_ref idref="oc-210"/>
      </symbol>
      <symbol id="sm-9cc">
         <name>IntEnable</name>
         <value>0x48d9</value>
         <object_component_ref idref="oc-25f"/>
      </symbol>
      <symbol id="sm-9cd">
         <name>IntRegister</name>
         <value>0x4cdd</value>
         <object_component_ref idref="oc-2e5"/>
      </symbol>
      <symbol id="sm-9ce">
         <name>g_pfnRAMVectors</name>
         <value>0x20000000</value>
         <object_component_ref idref="oc-366"/>
      </symbol>
      <symbol id="sm-9cf">
         <name>IntMasterEnable</name>
         <value>0x4fcd</value>
         <object_component_ref idref="oc-125"/>
      </symbol>
      <symbol id="sm-a1f">
         <name>GPIOPinConfigure</name>
         <value>0x4af9</value>
         <object_component_ref idref="oc-24b"/>
      </symbol>
      <symbol id="sm-a20">
         <name>GPIOPinTypeUART</name>
         <value>0x4f19</value>
         <object_component_ref idref="oc-24f"/>
      </symbol>
      <symbol id="sm-a21">
         <name>GPIOPinTypeGPIOOutput</name>
         <value>0x4ef5</value>
         <object_component_ref idref="oc-121"/>
      </symbol>
      <symbol id="sm-a22">
         <name>GPIODirModeSet</name>
         <value>0x4d75</value>
         <object_component_ref idref="oc-1f3"/>
      </symbol>
      <symbol id="sm-a23">
         <name>GPIOPinWrite</name>
         <value>0x500f</value>
         <object_component_ref idref="oc-205"/>
      </symbol>
      <symbol id="sm-a24">
         <name>GPIOPadConfigSet</name>
         <value>0x4445</value>
         <object_component_ref idref="oc-1ef"/>
      </symbol>
      <symbol id="sm-a25">
         <name>GPIOPinTypeSSI</name>
         <value>0x4f07</value>
         <object_component_ref idref="oc-21c"/>
      </symbol>
      <symbol id="sm-a2d">
         <name>CPUcpsie</name>
         <value>0x4f9d</value>
         <object_component_ref idref="oc-1f8"/>
      </symbol>
      <symbol id="sm-a2e">
         <name>__TI_static_base__</name>
         <value>0x0</value>
      </symbol>
      <symbol id="sm-a2f">
         <name>__TI_args_main</name>
         <value>0x1</value>
      </symbol>
      <symbol id="sm-a30">
         <name>SHT$$INIT_ARRAY$$Limit</name>
         <value>0x0</value>
      </symbol>
      <symbol id="sm-a31">
         <name>SHT$$INIT_ARRAY$$Base</name>
         <value>0x0</value>
      </symbol>
   </symbol_table>
   <title>Link successful</title>
</link_info>
