<?xml version="1.0"?>
<link_info>
   <banner>TI ARM Linker PC v5.1.6</banner>
   <copyright>Copyright (c) 1996-2014 Texas Instruments Incorporated</copyright>
   <link_time>0x55f4f684</link_time>
   <link_errors>0x0</link_errors>
   <output_file>FRT.out</output_file>
   <entry_point>
      <name>_c_int00</name>
      <address>0x4615</address>
   </entry_point>
   <input_file_list>
      <input_file id="fl-2">
         <path>.\</path>
         <kind>object</kind>
         <file>list.obj</file>
         <name>list.obj</name>
      </input_file>
      <input_file id="fl-3">
         <path>.\</path>
         <kind>object</kind>
         <file>main.obj</file>
         <name>main.obj</name>
      </input_file>
      <input_file id="fl-4">
         <path>.\</path>
         <kind>object</kind>
         <file>queue.obj</file>
         <name>queue.obj</name>
      </input_file>
      <input_file id="fl-5">
         <path>.\</path>
         <kind>object</kind>
         <file>rit128x96x4.obj</file>
         <name>rit128x96x4.obj</name>
      </input_file>
      <input_file id="fl-6">
         <path>.\</path>
         <kind>object</kind>
         <file>startup_ccs.obj</file>
         <name>startup_ccs.obj</name>
      </input_file>
      <input_file id="fl-7">
         <path>.\</path>
         <kind>object</kind>
         <file>tasks.obj</file>
         <name>tasks.obj</name>
      </input_file>
      <input_file id="fl-8">
         <path>.\portable\</path>
         <kind>object</kind>
         <file>heap_2.obj</file>
         <name>heap_2.obj</name>
      </input_file>
      <input_file id="fl-9">
         <path>.\portable\</path>
         <kind>object</kind>
         <file>port.obj</file>
         <name>port.obj</name>
      </input_file>
      <input_file id="fl-a">
         <path>.\portable\</path>
         <kind>object</kind>
         <file>portasm.obj</file>
         <name>portasm.obj</name>
      </input_file>
      <input_file id="fl-b">
         <path>.\demo_code\</path>
         <kind>object</kind>
         <file>basic_io.obj</file>
         <name>basic_io.obj</name>
      </input_file>
      <input_file id="fl-139">
         <path>c:\ti\ccsv6\tools\compiler\arm_5.1.6\lib\</path>
         <kind>archive</kind>
         <file>rtsv7M3_T_le_eabi.lib</file>
         <name>boot.obj</name>
      </input_file>
      <input_file id="fl-13a">
         <path>c:\ti\ccsv6\tools\compiler\arm_5.1.6\lib\</path>
         <kind>archive</kind>
         <file>rtsv7M3_T_le_eabi.lib</file>
         <name>copy_decompress_none.obj</name>
      </input_file>
      <input_file id="fl-13b">
         <path>c:\ti\ccsv6\tools\compiler\arm_5.1.6\lib\</path>
         <kind>archive</kind>
         <file>rtsv7M3_T_le_eabi.lib</file>
         <name>copy_decompress_rle.obj</name>
      </input_file>
      <input_file id="fl-13c">
         <path>c:\ti\ccsv6\tools\compiler\arm_5.1.6\lib\</path>
         <kind>archive</kind>
         <file>rtsv7M3_T_le_eabi.lib</file>
         <name>copy_zero_init.obj</name>
      </input_file>
      <input_file id="fl-13d">
         <path>c:\ti\ccsv6\tools\compiler\arm_5.1.6\lib\</path>
         <kind>archive</kind>
         <file>rtsv7M3_T_le_eabi.lib</file>
         <name>defs.obj</name>
      </input_file>
      <input_file id="fl-13e">
         <path>c:\ti\ccsv6\tools\compiler\arm_5.1.6\lib\</path>
         <kind>archive</kind>
         <file>rtsv7M3_T_le_eabi.lib</file>
         <name>exit.obj</name>
      </input_file>
      <input_file id="fl-13f">
         <path>c:\ti\ccsv6\tools\compiler\arm_5.1.6\lib\</path>
         <kind>archive</kind>
         <file>rtsv7M3_T_le_eabi.lib</file>
         <name>fflush.obj</name>
      </input_file>
      <input_file id="fl-140">
         <path>c:\ti\ccsv6\tools\compiler\arm_5.1.6\lib\</path>
         <kind>archive</kind>
         <file>rtsv7M3_T_le_eabi.lib</file>
         <name>lowlev.obj</name>
      </input_file>
      <input_file id="fl-141">
         <path>c:\ti\ccsv6\tools\compiler\arm_5.1.6\lib\</path>
         <kind>archive</kind>
         <file>rtsv7M3_T_le_eabi.lib</file>
         <name>memcmp.obj</name>
      </input_file>
      <input_file id="fl-142">
         <path>c:\ti\ccsv6\tools\compiler\arm_5.1.6\lib\</path>
         <kind>archive</kind>
         <file>rtsv7M3_T_le_eabi.lib</file>
         <name>memcpy_t2.obj</name>
      </input_file>
      <input_file id="fl-143">
         <path>c:\ti\ccsv6\tools\compiler\arm_5.1.6\lib\</path>
         <kind>archive</kind>
         <file>rtsv7M3_T_le_eabi.lib</file>
         <name>memset_t2.obj</name>
      </input_file>
      <input_file id="fl-144">
         <path>c:\ti\ccsv6\tools\compiler\arm_5.1.6\lib\</path>
         <kind>archive</kind>
         <file>rtsv7M3_T_le_eabi.lib</file>
         <name>printf.obj</name>
      </input_file>
      <input_file id="fl-145">
         <path>c:\ti\ccsv6\tools\compiler\arm_5.1.6\lib\</path>
         <kind>archive</kind>
         <file>rtsv7M3_T_le_eabi.lib</file>
         <name>sprintf.obj</name>
      </input_file>
      <input_file id="fl-146">
         <path>c:\ti\ccsv6\tools\compiler\arm_5.1.6\lib\</path>
         <kind>archive</kind>
         <file>rtsv7M3_T_le_eabi.lib</file>
         <name>stkdepth_vars.obj</name>
      </input_file>
      <input_file id="fl-147">
         <path>c:\ti\ccsv6\tools\compiler\arm_5.1.6\lib\</path>
         <kind>archive</kind>
         <file>rtsv7M3_T_le_eabi.lib</file>
         <name>strchr.obj</name>
      </input_file>
      <input_file id="fl-148">
         <path>c:\ti\ccsv6\tools\compiler\arm_5.1.6\lib\</path>
         <kind>archive</kind>
         <file>rtsv7M3_T_le_eabi.lib</file>
         <name>strcmp.obj</name>
      </input_file>
      <input_file id="fl-149">
         <path>c:\ti\ccsv6\tools\compiler\arm_5.1.6\lib\</path>
         <kind>archive</kind>
         <file>rtsv7M3_T_le_eabi.lib</file>
         <name>strncpy.obj</name>
      </input_file>
      <input_file id="fl-14a">
         <path>c:\ti\ccsv6\tools\compiler\arm_5.1.6\lib\</path>
         <kind>archive</kind>
         <file>rtsv7M3_T_le_eabi.lib</file>
         <name>trgdrv.obj</name>
      </input_file>
      <input_file id="fl-14b">
         <path>c:\ti\ccsv6\tools\compiler\arm_5.1.6\lib\</path>
         <kind>archive</kind>
         <file>rtsv7M3_T_le_eabi.lib</file>
         <name>trgmsg.obj</name>
      </input_file>
      <input_file id="fl-14c">
         <path>c:\ti\ccsv6\tools\compiler\arm_5.1.6\lib\</path>
         <kind>archive</kind>
         <file>rtsv7M3_T_le_eabi.lib</file>
         <name>_lock.obj</name>
      </input_file>
      <input_file id="fl-14d">
         <path>c:\ti\ccsv6\tools\compiler\arm_5.1.6\lib\</path>
         <kind>archive</kind>
         <file>rtsv7M3_T_le_eabi.lib</file>
         <name>_printfi.obj</name>
      </input_file>
      <input_file id="fl-14e">
         <path>c:\ti\ccsv6\tools\compiler\arm_5.1.6\lib\</path>
         <kind>archive</kind>
         <file>rtsv7M3_T_le_eabi.lib</file>
         <name>args_main.obj</name>
      </input_file>
      <input_file id="fl-14f">
         <path>c:\ti\ccsv6\tools\compiler\arm_5.1.6\lib\</path>
         <kind>archive</kind>
         <file>rtsv7M3_T_le_eabi.lib</file>
         <name>atoi.obj</name>
      </input_file>
      <input_file id="fl-150">
         <path>c:\ti\ccsv6\tools\compiler\arm_5.1.6\lib\</path>
         <kind>archive</kind>
         <file>rtsv7M3_T_le_eabi.lib</file>
         <name>auto_init.obj</name>
      </input_file>
      <input_file id="fl-151">
         <path>c:\ti\ccsv6\tools\compiler\arm_5.1.6\lib\</path>
         <kind>archive</kind>
         <file>rtsv7M3_T_le_eabi.lib</file>
         <name>cpy_tbl.obj</name>
      </input_file>
      <input_file id="fl-152">
         <path>c:\ti\ccsv6\tools\compiler\arm_5.1.6\lib\</path>
         <kind>archive</kind>
         <file>rtsv7M3_T_le_eabi.lib</file>
         <name>ctype.obj</name>
      </input_file>
      <input_file id="fl-153">
         <path>c:\ti\ccsv6\tools\compiler\arm_5.1.6\lib\</path>
         <kind>archive</kind>
         <file>rtsv7M3_T_le_eabi.lib</file>
         <name>fd_add_t2.obj</name>
      </input_file>
      <input_file id="fl-154">
         <path>c:\ti\ccsv6\tools\compiler\arm_5.1.6\lib\</path>
         <kind>archive</kind>
         <file>rtsv7M3_T_le_eabi.lib</file>
         <name>fd_cmp_t2.obj</name>
      </input_file>
      <input_file id="fl-155">
         <path>c:\ti\ccsv6\tools\compiler\arm_5.1.6\lib\</path>
         <kind>archive</kind>
         <file>rtsv7M3_T_le_eabi.lib</file>
         <name>fd_div_t2.obj</name>
      </input_file>
      <input_file id="fl-156">
         <path>c:\ti\ccsv6\tools\compiler\arm_5.1.6\lib\</path>
         <kind>archive</kind>
         <file>rtsv7M3_T_le_eabi.lib</file>
         <name>fd_mul_t2.obj</name>
      </input_file>
      <input_file id="fl-157">
         <path>c:\ti\ccsv6\tools\compiler\arm_5.1.6\lib\</path>
         <kind>archive</kind>
         <file>rtsv7M3_T_le_eabi.lib</file>
         <name>fd_toi_t2.obj</name>
      </input_file>
      <input_file id="fl-158">
         <path>c:\ti\ccsv6\tools\compiler\arm_5.1.6\lib\</path>
         <kind>archive</kind>
         <file>rtsv7M3_T_le_eabi.lib</file>
         <name>fputc.obj</name>
      </input_file>
      <input_file id="fl-159">
         <path>c:\ti\ccsv6\tools\compiler\arm_5.1.6\lib\</path>
         <kind>archive</kind>
         <file>rtsv7M3_T_le_eabi.lib</file>
         <name>fputs.obj</name>
      </input_file>
      <input_file id="fl-15a">
         <path>c:\ti\ccsv6\tools\compiler\arm_5.1.6\lib\</path>
         <kind>archive</kind>
         <file>rtsv7M3_T_le_eabi.lib</file>
         <name>i_tofd_t2.obj</name>
      </input_file>
      <input_file id="fl-15b">
         <path>c:\ti\ccsv6\tools\compiler\arm_5.1.6\lib\</path>
         <kind>archive</kind>
         <file>rtsv7M3_T_le_eabi.lib</file>
         <name>ll_mul_t2.obj</name>
      </input_file>
      <input_file id="fl-15c">
         <path>c:\ti\ccsv6\tools\compiler\arm_5.1.6\lib\</path>
         <kind>archive</kind>
         <file>rtsv7M3_T_le_eabi.lib</file>
         <name>ltoa.obj</name>
      </input_file>
      <input_file id="fl-15d">
         <path>c:\ti\ccsv6\tools\compiler\arm_5.1.6\lib\</path>
         <kind>archive</kind>
         <file>rtsv7M3_T_le_eabi.lib</file>
         <name>memccpy.obj</name>
      </input_file>
      <input_file id="fl-15e">
         <path>c:\ti\ccsv6\tools\compiler\arm_5.1.6\lib\</path>
         <kind>archive</kind>
         <file>rtsv7M3_T_le_eabi.lib</file>
         <name>memchr.obj</name>
      </input_file>
      <input_file id="fl-15f">
         <path>c:\ti\ccsv6\tools\compiler\arm_5.1.6\lib\</path>
         <kind>archive</kind>
         <file>rtsv7M3_T_le_eabi.lib</file>
         <name>strcpy.obj</name>
      </input_file>
      <input_file id="fl-160">
         <path>c:\ti\ccsv6\tools\compiler\arm_5.1.6\lib\</path>
         <kind>archive</kind>
         <file>rtsv7M3_T_le_eabi.lib</file>
         <name>strlen.obj</name>
      </input_file>
      <input_file id="fl-161">
         <path>c:\ti\ccsv6\tools\compiler\arm_5.1.6\lib\</path>
         <kind>archive</kind>
         <file>rtsv7M3_T_le_eabi.lib</file>
         <name>ull_div_t2.obj</name>
      </input_file>
      <input_file id="fl-162">
         <path>c:\ti\ccsv6\tools\compiler\arm_5.1.6\lib\</path>
         <kind>archive</kind>
         <file>rtsv7M3_T_le_eabi.lib</file>
         <name>xdclass.obj</name>
      </input_file>
      <input_file id="fl-163">
         <path>c:\ti\ccsv6\tools\compiler\arm_5.1.6\lib\</path>
         <kind>archive</kind>
         <file>rtsv7M3_T_le_eabi.lib</file>
         <name>xdtest.obj</name>
      </input_file>
      <input_file id="fl-164">
         <path>c:\ti\ccsv6\tools\compiler\arm_5.1.6\lib\</path>
         <kind>archive</kind>
         <file>rtsv7M3_T_le_eabi.lib</file>
         <name>_io_perm.obj</name>
      </input_file>
      <input_file id="fl-165">
         <path>c:\ti\ccsv6\tools\compiler\arm_5.1.6\lib\</path>
         <kind>archive</kind>
         <file>rtsv7M3_T_le_eabi.lib</file>
         <name>fseek.obj</name>
      </input_file>
      <input_file id="fl-166">
         <path>c:\ti\ccsv6\tools\compiler\arm_5.1.6\lib\</path>
         <kind>archive</kind>
         <file>rtsv7M3_T_le_eabi.lib</file>
         <name>setvbuf.obj</name>
      </input_file>
      <input_file id="fl-167">
         <path>c:\ti\ccsv6\tools\compiler\arm_5.1.6\lib\</path>
         <kind>archive</kind>
         <file>rtsv7M3_T_le_eabi.lib</file>
         <name>fopen.obj</name>
      </input_file>
      <input_file id="fl-168">
         <path>c:\ti\ccsv6\tools\compiler\arm_5.1.6\lib\</path>
         <kind>archive</kind>
         <file>rtsv7M3_T_le_eabi.lib</file>
         <name>memory.obj</name>
      </input_file>
      <input_file id="fl-169">
         <path>c:\ti\ccsv6\tools\compiler\arm_5.1.6\lib\</path>
         <kind>archive</kind>
         <file>rtsv7M3_T_le_eabi.lib</file>
         <name>fclose.obj</name>
      </input_file>
      <input_file id="fl-16a">
         <path>c:\ti\ccsv6\tools\compiler\arm_5.1.6\lib\</path>
         <kind>archive</kind>
         <file>rtsv7M3_T_le_eabi.lib</file>
         <name>remove.obj</name>
      </input_file>
      <input_file id="fl-16b">
         <path>J:\StellarisWare\driverlib\ccs-cm3\Debug\</path>
         <kind>archive</kind>
         <file>driverlib-cm3.lib</file>
         <name>cpu.obj</name>
      </input_file>
      <input_file id="fl-16c">
         <path>J:\StellarisWare\driverlib\ccs-cm3\Debug\</path>
         <kind>archive</kind>
         <file>driverlib-cm3.lib</file>
         <name>gpio.obj</name>
      </input_file>
      <input_file id="fl-16d">
         <path>J:\StellarisWare\driverlib\ccs-cm3\Debug\</path>
         <kind>archive</kind>
         <file>driverlib-cm3.lib</file>
         <name>ssi.obj</name>
      </input_file>
      <input_file id="fl-16e">
         <path>J:\StellarisWare\driverlib\ccs-cm3\Debug\</path>
         <kind>archive</kind>
         <file>driverlib-cm3.lib</file>
         <name>sysctl.obj</name>
      </input_file>
   </input_file_list>
   <object_component_list>
      <object_component id="oc-e">
         <name>.intvecs</name>
         <load_address>0x0</load_address>
         <run_address>0x0</run_address>
         <size>0xf0</size>
         <input_file_ref idref="fl-6"/>
      </object_component>
      <object_component id="oc-229">
         <name>.text</name>
         <load_address>0xf0</load_address>
         <run_address>0xf0</run_address>
         <size>0xebc</size>
         <input_file_ref idref="fl-14d"/>
      </object_component>
      <object_component id="oc-7d">
         <name>.text</name>
         <load_address>0xfac</load_address>
         <run_address>0xfac</run_address>
         <size>0xc74</size>
         <input_file_ref idref="fl-7"/>
      </object_component>
      <object_component id="oc-9c">
         <name>.text</name>
         <load_address>0x1c20</load_address>
         <run_address>0x1c20</run_address>
         <size>0x52c</size>
         <input_file_ref idref="fl-3"/>
      </object_component>
      <object_component id="oc-340">
         <name>.text</name>
         <load_address>0x214c</load_address>
         <run_address>0x214c</run_address>
         <size>0x3cc</size>
         <input_file_ref idref="fl-168"/>
      </object_component>
      <object_component id="oc-244">
         <name>.text</name>
         <load_address>0x2518</load_address>
         <run_address>0x2518</run_address>
         <size>0x310</size>
         <input_file_ref idref="fl-140"/>
      </object_component>
      <object_component id="oc-322">
         <name>.text</name>
         <load_address>0x2828</load_address>
         <run_address>0x2828</run_address>
         <size>0x2d4</size>
         <input_file_ref idref="fl-14a"/>
      </object_component>
      <object_component id="oc-256">
         <name>.text</name>
         <load_address>0x2afc</load_address>
         <run_address>0x2afc</run_address>
         <size>0x1f4</size>
         <input_file_ref idref="fl-161"/>
      </object_component>
      <object_component id="oc-346">
         <name>.text</name>
         <load_address>0x2cf0</load_address>
         <run_address>0x2cf0</run_address>
         <size>0x1c0</size>
         <input_file_ref idref="fl-167"/>
      </object_component>
      <object_component id="oc-f0">
         <name>.text</name>
         <load_address>0x2eb0</load_address>
         <run_address>0x2eb0</run_address>
         <size>0x1bc</size>
         <input_file_ref idref="fl-8"/>
      </object_component>
      <object_component id="oc-28a">
         <name>.text</name>
         <load_address>0x306c</load_address>
         <run_address>0x306c</run_address>
         <size>0x1b6</size>
         <input_file_ref idref="fl-153"/>
      </object_component>
      <object_component id="oc-164">
         <name>.text:SysCtlClockSet</name>
         <load_address>0x3224</load_address>
         <run_address>0x3224</run_address>
         <size>0x148</size>
         <input_file_ref idref="fl-16e"/>
      </object_component>
      <object_component id="oc-270">
         <name>.text</name>
         <load_address>0x336c</load_address>
         <run_address>0x336c</run_address>
         <size>0x136</size>
         <input_file_ref idref="fl-155"/>
      </object_component>
      <object_component id="oc-23c">
         <name>.text</name>
         <load_address>0x34a4</load_address>
         <run_address>0x34a4</run_address>
         <size>0x134</size>
         <input_file_ref idref="fl-159"/>
      </object_component>
      <object_component id="oc-d1">
         <name>.text</name>
         <load_address>0x35d8</load_address>
         <run_address>0x35d8</run_address>
         <size>0x12e</size>
         <input_file_ref idref="fl-2"/>
      </object_component>
      <object_component id="oc-1e5">
         <name>.text:GPIOGetIntNumber</name>
         <load_address>0x3708</load_address>
         <run_address>0x3708</run_address>
         <size>0xfc</size>
         <input_file_ref idref="fl-16c"/>
      </object_component>
      <object_component id="oc-26b">
         <name>.text</name>
         <load_address>0x3804</load_address>
         <run_address>0x3804</run_address>
         <size>0xfc</size>
         <input_file_ref idref="fl-156"/>
      </object_component>
      <object_component id="oc-37">
         <name>.text</name>
         <load_address>0x3900</load_address>
         <run_address>0x3900</run_address>
         <size>0xe4</size>
         <input_file_ref idref="fl-9"/>
      </object_component>
      <object_component id="oc-310">
         <name>.text</name>
         <load_address>0x39e4</load_address>
         <run_address>0x39e4</run_address>
         <size>0xdc</size>
         <input_file_ref idref="fl-166"/>
      </object_component>
      <object_component id="oc-1fc">
         <name>.text</name>
         <load_address>0x3ac0</load_address>
         <run_address>0x3ac0</run_address>
         <size>0xc0</size>
         <input_file_ref idref="fl-13f"/>
      </object_component>
      <object_component id="oc-1d4">
         <name>.text:GPIOPadConfigSet</name>
         <load_address>0x3b80</load_address>
         <run_address>0x3b80</run_address>
         <size>0xb8</size>
         <input_file_ref idref="fl-16c"/>
      </object_component>
      <object_component id="oc-2b4">
         <name>.text</name>
         <load_address>0x3c38</load_address>
         <run_address>0x3c38</run_address>
         <size>0xac</size>
         <input_file_ref idref="fl-164"/>
      </object_component>
      <object_component id="oc-32">
         <name>.text</name>
         <load_address>0x3ce4</load_address>
         <run_address>0x3ce4</run_address>
         <size>0x9c</size>
         <input_file_ref idref="fl-a"/>
      </object_component>
      <object_component id="oc-236">
         <name>.text</name>
         <load_address>0x3d80</load_address>
         <run_address>0x3d80</run_address>
         <size>0x9c</size>
         <input_file_ref idref="fl-158"/>
      </object_component>
      <object_component id="oc-55">
         <name>.text</name>
         <load_address>0x3e1c</load_address>
         <run_address>0x3e1c</run_address>
         <size>0x9c</size>
         <input_file_ref idref="fl-142"/>
      </object_component>
      <object_component id="oc-37a">
         <name>.text</name>
         <load_address>0x3eb8</load_address>
         <run_address>0x3eb8</run_address>
         <size>0x98</size>
         <input_file_ref idref="fl-169"/>
      </object_component>
      <object_component id="oc-40">
         <name>.text</name>
         <load_address>0x3f50</load_address>
         <run_address>0x3f50</run_address>
         <size>0x94</size>
         <input_file_ref idref="fl-150"/>
      </object_component>
      <object_component id="oc-266">
         <name>.text:__aeabi_cdcmple</name>
         <load_address>0x3fe4</load_address>
         <run_address>0x3fe4</run_address>
         <size>0x86</size>
         <input_file_ref idref="fl-154"/>
      </object_component>
      <object_component id="oc-275">
         <name>.text:__aeabi_cdrcmple</name>
         <load_address>0x406a</load_address>
         <run_address>0x406a</run_address>
         <size>0x86</size>
         <input_file_ref idref="fl-154"/>
      </object_component>
      <object_component id="oc-f6">
         <name>.text</name>
         <load_address>0x40f0</load_address>
         <run_address>0x40f0</run_address>
         <size>0x78</size>
         <input_file_ref idref="fl-143"/>
      </object_component>
      <object_component id="oc-1f6">
         <name>.text</name>
         <load_address>0x4168</load_address>
         <run_address>0x4168</run_address>
         <size>0x70</size>
         <input_file_ref idref="fl-144"/>
      </object_component>
      <object_component id="oc-30a">
         <name>.text</name>
         <load_address>0x41d8</load_address>
         <run_address>0x41d8</run_address>
         <size>0x64</size>
         <input_file_ref idref="fl-165"/>
      </object_component>
      <object_component id="oc-170">
         <name>.text</name>
         <load_address>0x423c</load_address>
         <run_address>0x423c</run_address>
         <size>0x60</size>
         <input_file_ref idref="fl-b"/>
      </object_component>
      <object_component id="oc-1f0">
         <name>.text</name>
         <load_address>0x429c</load_address>
         <run_address>0x429c</run_address>
         <size>0x60</size>
         <input_file_ref idref="fl-145"/>
      </object_component>
      <object_component id="oc-35b">
         <name>.text</name>
         <load_address>0x42fc</load_address>
         <run_address>0x42fc</run_address>
         <size>0x60</size>
         <input_file_ref idref="fl-14b"/>
      </object_component>
      <object_component id="oc-68">
         <name>.text</name>
         <load_address>0x435c</load_address>
         <run_address>0x435c</run_address>
         <size>0x5e</size>
         <input_file_ref idref="fl-13b"/>
      </object_component>
      <object_component id="oc-13a">
         <name>.text:SysCtlPeripheralEnable</name>
         <load_address>0x43bc</load_address>
         <run_address>0x43bc</run_address>
         <size>0x5c</size>
         <input_file_ref idref="fl-16e"/>
      </object_component>
      <object_component id="oc-27f">
         <name>.text</name>
         <load_address>0x4418</load_address>
         <run_address>0x4418</run_address>
         <size>0x5a</size>
         <input_file_ref idref="fl-15c"/>
      </object_component>
      <object_component id="oc-29b">
         <name>.text</name>
         <load_address>0x4474</load_address>
         <run_address>0x4474</run_address>
         <size>0x4c</size>
         <input_file_ref idref="fl-14f"/>
      </object_component>
      <object_component id="oc-27a">
         <name>.text</name>
         <load_address>0x44c0</load_address>
         <run_address>0x44c0</run_address>
         <size>0x48</size>
         <input_file_ref idref="fl-157"/>
      </object_component>
      <object_component id="oc-95">
         <name>.text</name>
         <load_address>0x4508</load_address>
         <run_address>0x4508</run_address>
         <size>0x44</size>
         <input_file_ref idref="fl-151"/>
      </object_component>
      <object_component id="oc-4b">
         <name>.text</name>
         <load_address>0x454c</load_address>
         <run_address>0x454c</run_address>
         <size>0x44</size>
         <input_file_ref idref="fl-13e"/>
      </object_component>
      <object_component id="oc-2f5">
         <name>.text</name>
         <load_address>0x4590</load_address>
         <run_address>0x4590</run_address>
         <size>0x44</size>
         <input_file_ref idref="fl-163"/>
      </object_component>
      <object_component id="oc-152">
         <name>.text:GPIOIntTypeSet</name>
         <load_address>0x45d4</load_address>
         <run_address>0x45d4</run_address>
         <size>0x3e</size>
         <input_file_ref idref="fl-16c"/>
      </object_component>
      <object_component id="oc-11">
         <name>.text</name>
         <load_address>0x4614</load_address>
         <run_address>0x4614</run_address>
         <size>0x34</size>
         <input_file_ref idref="fl-139"/>
      </object_component>
      <object_component id="oc-e8">
         <name>.text</name>
         <load_address>0x4648</load_address>
         <run_address>0x4648</run_address>
         <size>0x30</size>
         <input_file_ref idref="fl-149"/>
      </object_component>
      <object_component id="oc-285">
         <name>.text</name>
         <load_address>0x4678</load_address>
         <run_address>0x4678</run_address>
         <size>0x2e</size>
         <input_file_ref idref="fl-15a"/>
      </object_component>
      <object_component id="oc-1da">
         <name>.text:GPIODirModeSet</name>
         <load_address>0x46a6</load_address>
         <run_address>0x46a6</run_address>
         <size>0x2a</size>
         <input_file_ref idref="fl-16c"/>
      </object_component>
      <object_component id="oc-df">
         <name>.text</name>
         <load_address>0x46d0</load_address>
         <run_address>0x46d0</run_address>
         <size>0x22</size>
         <input_file_ref idref="fl-141"/>
      </object_component>
      <object_component id="oc-295">
         <name>.text</name>
         <load_address>0x46f2</load_address>
         <run_address>0x46f2</run_address>
         <size>0x1a</size>
         <input_file_ref idref="fl-15d"/>
      </object_component>
      <object_component id="oc-158">
         <name>.text:GPIOPortIntRegister</name>
         <load_address>0x470c</load_address>
         <run_address>0x470c</run_address>
         <size>0x18</size>
         <input_file_ref idref="fl-16c"/>
      </object_component>
      <object_component id="oc-45">
         <name>.text</name>
         <load_address>0x4724</load_address>
         <run_address>0x4724</run_address>
         <size>0x18</size>
         <input_file_ref idref="fl-14e"/>
      </object_component>
      <object_component id="oc-25b">
         <name>.text</name>
         <load_address>0x473c</load_address>
         <run_address>0x473c</run_address>
         <size>0x18</size>
         <input_file_ref idref="fl-15b"/>
      </object_component>
      <object_component id="oc-2cb">
         <name>.text</name>
         <load_address>0x4754</load_address>
         <run_address>0x4754</run_address>
         <size>0x18</size>
         <input_file_ref idref="fl-148"/>
      </object_component>
      <object_component id="oc-2bc">
         <name>.text</name>
         <load_address>0x476c</load_address>
         <run_address>0x476c</run_address>
         <size>0x16</size>
         <input_file_ref idref="fl-15e"/>
      </object_component>
      <object_component id="oc-2d1">
         <name>.text</name>
         <load_address>0x4782</load_address>
         <run_address>0x4782</run_address>
         <size>0x16</size>
         <input_file_ref idref="fl-147"/>
      </object_component>
      <object_component id="oc-184">
         <name>.text</name>
         <load_address>0x4798</load_address>
         <run_address>0x4798</run_address>
         <size>0x14</size>
         <input_file_ref idref="fl-14c"/>
      </object_component>
      <object_component id="oc-260">
         <name>.text</name>
         <load_address>0x47ac</load_address>
         <run_address>0x47ac</run_address>
         <size>0x14</size>
         <input_file_ref idref="fl-160"/>
      </object_component>
      <object_component id="oc-14c">
         <name>.text:GPIOPinTypeGPIOInput</name>
         <load_address>0x47c0</load_address>
         <run_address>0x47c0</run_address>
         <size>0x12</size>
         <input_file_ref idref="fl-16c"/>
      </object_component>
      <object_component id="oc-140">
         <name>.text:GPIOPinTypeGPIOOutput</name>
         <load_address>0x47d2</load_address>
         <run_address>0x47d2</run_address>
         <size>0x12</size>
         <input_file_ref idref="fl-16c"/>
      </object_component>
      <object_component id="oc-1c">
         <name>.text:decompress:ZI</name>
         <load_address>0x47e4</load_address>
         <run_address>0x47e4</run_address>
         <size>0x12</size>
         <input_file_ref idref="fl-13c"/>
      </object_component>
      <object_component id="oc-361">
         <name>.text</name>
         <load_address>0x47f6</load_address>
         <run_address>0x47f6</run_address>
         <size>0x12</size>
         <input_file_ref idref="fl-15f"/>
      </object_component>
      <object_component id="oc-16">
         <name>.text:decompress:none</name>
         <load_address>0x4808</load_address>
         <run_address>0x4808</run_address>
         <size>0xe</size>
         <input_file_ref idref="fl-13a"/>
      </object_component>
      <object_component id="oc-28f">
         <name>.text</name>
         <load_address>0x4816</load_address>
         <run_address>0x4816</run_address>
         <size>0xe</size>
         <input_file_ref idref="fl-162"/>
      </object_component>
      <object_component id="oc-11f">
         <name>.text:CPUcpsid</name>
         <load_address>0x4824</load_address>
         <run_address>0x4824</run_address>
         <size>0xc</size>
         <input_file_ref idref="fl-16b"/>
      </object_component>
      <object_component id="oc-119">
         <name>.text:CPUcpsie</name>
         <load_address>0x4830</load_address>
         <run_address>0x4830</run_address>
         <size>0xc</size>
         <input_file_ref idref="fl-16b"/>
      </object_component>
      <object_component id="oc-15e">
         <name>.text:GPIOPinIntEnable</name>
         <load_address>0x483c</load_address>
         <run_address>0x483c</run_address>
         <size>0xc</size>
         <input_file_ref idref="fl-16c"/>
      </object_component>
      <object_component id="oc-2c">
         <name>.text</name>
         <load_address>0x4848</load_address>
         <run_address>0x4848</run_address>
         <size>0xc</size>
         <input_file_ref idref="fl-6"/>
      </object_component>
      <object_component id="oc-131">
         <name>.text:CPUbasepriGet</name>
         <load_address>0x4854</load_address>
         <run_address>0x4854</run_address>
         <size>0xa</size>
         <input_file_ref idref="fl-16b"/>
      </object_component>
      <object_component id="oc-12b">
         <name>.text:CPUbasepriSet</name>
         <load_address>0x485e</load_address>
         <run_address>0x485e</run_address>
         <size>0x6</size>
         <input_file_ref idref="fl-16b"/>
      </object_component>
      <object_component id="oc-16a">
         <name>.text:GPIOPinIntClear</name>
         <load_address>0x4864</load_address>
         <run_address>0x4864</run_address>
         <size>0x6</size>
         <input_file_ref idref="fl-16c"/>
      </object_component>
      <object_component id="oc-146">
         <name>.text:GPIOPinWrite</name>
         <load_address>0x486a</load_address>
         <run_address>0x486a</run_address>
         <size>0x6</size>
         <input_file_ref idref="fl-16c"/>
      </object_component>
      <object_component id="oc-1ed">
         <name>.text:SysCtlDelay</name>
         <load_address>0x4870</load_address>
         <run_address>0x4870</run_address>
         <size>0x6</size>
         <input_file_ref idref="fl-16e"/>
      </object_component>
      <object_component id="oc-22">
         <name>.text:decompress:rle24</name>
         <load_address>0x4876</load_address>
         <run_address>0x4876</run_address>
         <size>0x6</size>
         <input_file_ref idref="fl-13b"/>
      </object_component>
      <object_component id="oc-2fe">
         <name>.const:.string:_ctypes_</name>
         <load_address>0x487c</load_address>
         <run_address>0x487c</run_address>
         <size>0x102</size>
         <input_file_ref idref="fl-152"/>
      </object_component>
      <object_component id="oc-1b1">
         <name>.const</name>
         <load_address>0x497e</load_address>
         <run_address>0x497e</run_address>
         <size>0x2</size>
         <input_file_ref idref="fl-8"/>
      </object_component>
      <object_component id="oc-137">
         <name>.const:g_pulRegs</name>
         <load_address>0x4980</load_address>
         <run_address>0x4980</run_address>
         <size>0x9c</size>
         <input_file_ref idref="fl-3"/>
      </object_component>
      <object_component id="oc-128">
         <name>.const</name>
         <load_address>0x4a1c</load_address>
         <run_address>0x4a1c</run_address>
         <size>0x70</size>
         <input_file_ref idref="fl-3"/>
      </object_component>
      <object_component id="oc-1ce">
         <name>.const</name>
         <load_address>0x4a8c</load_address>
         <run_address>0x4a8c</run_address>
         <size>0x40</size>
         <input_file_ref idref="fl-16e"/>
      </object_component>
      <object_component id="oc-ee">
         <name>.const:.string</name>
         <load_address>0x4acc</load_address>
         <run_address>0x4acc</run_address>
         <size>0x14</size>
         <input_file_ref idref="fl-7"/>
      </object_component>
      <object_component id="oc-3c0">
         <name>.cinit..data.load</name>
         <load_address>0x4ae0</load_address>
         <run_address>0x4ae0</run_address>
         <size>0x82</size>
      </object_component>
      <object_component id="oc-3bd">
         <name>__TI_handler_table</name>
         <load_address>0x4b64</load_address>
         <run_address>0x4b64</run_address>
         <size>0xc</size>
      </object_component>
      <object_component id="oc-3c1">
         <name>.cinit..bss.load</name>
         <load_address>0x4b70</load_address>
         <run_address>0x4b70</run_address>
         <size>0x8</size>
      </object_component>
      <object_component id="oc-3bf">
         <name>.cinit..vtable.load</name>
         <load_address>0x4b78</load_address>
         <run_address>0x4b78</run_address>
         <size>0x8</size>
      </object_component>
      <object_component id="oc-3be">
         <name>__TI_cinit_table</name>
         <load_address>0x4b80</load_address>
         <run_address>0x4b80</run_address>
         <size>0x18</size>
      </object_component>
      <object_component id="oc-125">
         <name>.vtable</name>
         <uninitialized>true</uninitialized>
         <run_address>0x20000000</run_address>
         <size>0x26c</size>
         <input_file_ref idref="fl-3"/>
      </object_component>
      <object_component id="oc-51">
         <name>.data</name>
         <load_address>0x20003f7c</load_address>
         <run_address>0x20003f7c</run_address>
         <size>0x4</size>
         <input_file_ref idref="fl-146"/>
      </object_component>
      <object_component id="oc-7a">
         <name>.data</name>
         <load_address>0x20003f10</load_address>
         <run_address>0x20003f10</run_address>
         <size>0x30</size>
         <input_file_ref idref="fl-7"/>
      </object_component>
      <object_component id="oc-84">
         <name>.data</name>
         <load_address>0x20003f74</load_address>
         <run_address>0x20003f74</run_address>
         <size>0x4</size>
         <input_file_ref idref="fl-9"/>
      </object_component>
      <object_component id="oc-a4">
         <name>.data</name>
         <load_address>0x20003f64</load_address>
         <run_address>0x20003f64</run_address>
         <size>0x8</size>
         <input_file_ref idref="fl-14c"/>
      </object_component>
      <object_component id="oc-a7">
         <name>.data</name>
         <load_address>0x20003f6c</load_address>
         <run_address>0x20003f6c</run_address>
         <size>0x8</size>
         <input_file_ref idref="fl-13e"/>
      </object_component>
      <object_component id="oc-1a5">
         <name>.data</name>
         <load_address>0x20003f5c</load_address>
         <run_address>0x20003f5c</run_address>
         <size>0x8</size>
         <input_file_ref idref="fl-8"/>
      </object_component>
      <object_component id="oc-205">
         <name>.data:_ftable</name>
         <load_address>0x20003d50</load_address>
         <run_address>0x20003d50</run_address>
         <size>0xf0</size>
         <input_file_ref idref="fl-13d"/>
      </object_component>
      <object_component id="oc-24a">
         <name>.data</name>
         <load_address>0x20003f40</load_address>
         <run_address>0x20003f40</run_address>
         <size>0x10</size>
         <input_file_ref idref="fl-13d"/>
      </object_component>
      <object_component id="oc-2d7">
         <name>.data</name>
         <load_address>0x20003e40</load_address>
         <run_address>0x20003e40</run_address>
         <size>0xd0</size>
         <input_file_ref idref="fl-140"/>
      </object_component>
      <object_component id="oc-376">
         <name>.data</name>
         <load_address>0x20003f50</load_address>
         <run_address>0x20003f50</run_address>
         <size>0xc</size>
         <input_file_ref idref="fl-168"/>
      </object_component>
      <object_component id="oc-380">
         <name>.data</name>
         <load_address>0x20003f78</load_address>
         <run_address>0x20003f78</run_address>
         <size>0x4</size>
         <input_file_ref idref="fl-167"/>
      </object_component>
      <object_component id="oc-d7">
         <name>.bss:pxReadyTasksLists</name>
         <uninitialized>true</uninitialized>
         <run_address>0x20002c30</run_address>
         <size>0x64</size>
         <input_file_ref idref="fl-7"/>
      </object_component>
      <object_component id="oc-1ab">
         <name>.bss:xHeap</name>
         <uninitialized>true</uninitialized>
         <run_address>0x20000270</run_address>
         <size>0x2800</size>
         <input_file_ref idref="fl-8"/>
      </object_component>
      <object_component id="oc-202">
         <name>.bss:cBuffer</name>
         <uninitialized>true</uninitialized>
         <run_address>0x20002c94</run_address>
         <size>0x34</size>
         <input_file_ref idref="fl-b"/>
      </object_component>
      <object_component id="oc-385">
         <name>.bss:__CIOBUF_</name>
         <uninitialized>true</uninitialized>
         <run_address>0x20002a70</run_address>
         <size>0x120</size>
         <input_file_ref idref="fl-14b"/>
      </object_component>
      <object_component id="oc-390">
         <name>.bss:__TI_tmpnams</name>
         <uninitialized>true</uninitialized>
         <run_address>0x20002b90</run_address>
         <size>0xa0</size>
         <input_file_ref idref="fl-13d"/>
      </object_component>
      <object_component id="oc-fc">
         <name>.common:xDelayedTaskList1</name>
         <uninitialized>true</uninitialized>
         <run_address>0x20002cc8</run_address>
         <size>0x14</size>
      </object_component>
      <object_component id="oc-fd">
         <name>.common:xDelayedTaskList2</name>
         <uninitialized>true</uninitialized>
         <run_address>0x20002cdc</run_address>
         <size>0x14</size>
      </object_component>
      <object_component id="oc-ff">
         <name>.common:pxDelayedTaskList</name>
         <uninitialized>true</uninitialized>
         <run_address>0x20002d44</run_address>
         <size>0x4</size>
      </object_component>
      <object_component id="oc-100">
         <name>.common:pxOverflowDelayedTaskList</name>
         <uninitialized>true</uninitialized>
         <run_address>0x20002d48</run_address>
         <size>0x4</size>
      </object_component>
      <object_component id="oc-fb">
         <name>.common:xPendingReadyList</name>
         <uninitialized>true</uninitialized>
         <run_address>0x20002cf0</run_address>
         <size>0x14</size>
      </object_component>
      <object_component id="oc-101">
         <name>.common:xTasksWaitingTermination</name>
         <uninitialized>true</uninitialized>
         <run_address>0x20002d18</run_address>
         <size>0x14</size>
      </object_component>
      <object_component id="oc-ef">
         <name>.common:xSuspendedTaskList</name>
         <uninitialized>true</uninitialized>
         <run_address>0x20002d04</run_address>
         <size>0x14</size>
      </object_component>
      <object_component id="oc-1ae">
         <name>.common:xStart</name>
         <uninitialized>true</uninitialized>
         <run_address>0x20002d3c</run_address>
         <size>0x8</size>
      </object_component>
      <object_component id="oc-1b0">
         <name>.common:xEnd</name>
         <uninitialized>true</uninitialized>
         <run_address>0x20002d34</run_address>
         <size>0x8</size>
      </object_component>
      <object_component id="oc-367">
         <name>.common:parmbuf</name>
         <uninitialized>true</uninitialized>
         <run_address>0x20002d2c</run_address>
         <size>0x8</size>
      </object_component>
      <object_component id="oc-29">
         <name>.sysmem</name>
         <uninitialized>true</uninitialized>
         <run_address>0x20003550</run_address>
         <size>0x8</size>
         <input_file_ref idref="fl-168"/>
      </object_component>
      <object_component id="oc-3c3">
         <name>.sysmem</name>
         <uninitialized>true</uninitialized>
         <run_address>0x20003550</run_address>
         <size>0x0</size>
      </object_component>
      <object_component id="oc-28">
         <name>.stack</name>
         <uninitialized>true</uninitialized>
         <run_address>0x20002d4c</run_address>
         <size>0x0</size>
         <input_file_ref idref="fl-139"/>
      </object_component>
      <object_component id="oc-3c2">
         <name>.stack</name>
         <uninitialized>true</uninitialized>
         <run_address>0x20002d4c</run_address>
         <size>0x0</size>
      </object_component>
      <object_component id="oc-f">
         <name>.debug_info</name>
         <load_address>0x0</load_address>
         <run_address>0x0</run_address>
         <size>0xd4</size>
         <input_file_ref idref="fl-6"/>
      </object_component>
      <object_component id="oc-13">
         <name>.debug_info</name>
         <load_address>0xd4</load_address>
         <run_address>0xd4</run_address>
         <size>0xf3</size>
         <input_file_ref idref="fl-139"/>
      </object_component>
      <object_component id="oc-19">
         <name>.debug_info</name>
         <load_address>0x1c7</load_address>
         <run_address>0x1c7</run_address>
         <size>0x194</size>
         <input_file_ref idref="fl-13a"/>
      </object_component>
      <object_component id="oc-1d">
         <name>.debug_info</name>
         <load_address>0x35b</load_address>
         <run_address>0x35b</run_address>
         <size>0x16a</size>
         <input_file_ref idref="fl-13c"/>
      </object_component>
      <object_component id="oc-24">
         <name>.debug_info</name>
         <load_address>0x4c5</load_address>
         <run_address>0x4c5</run_address>
         <size>0x18e</size>
         <input_file_ref idref="fl-13b"/>
      </object_component>
      <object_component id="oc-2a">
         <name>.debug_info</name>
         <load_address>0x653</load_address>
         <run_address>0x653</run_address>
         <size>0xb6</size>
         <input_file_ref idref="fl-168"/>
      </object_component>
      <object_component id="oc-2d">
         <name>.debug_info</name>
         <load_address>0x709</load_address>
         <run_address>0x709</run_address>
         <size>0x1df</size>
         <input_file_ref idref="fl-6"/>
      </object_component>
      <object_component id="oc-33">
         <name>.debug_info</name>
         <load_address>0x8e8</load_address>
         <run_address>0x8e8</run_address>
         <size>0x132</size>
         <input_file_ref idref="fl-a"/>
      </object_component>
      <object_component id="oc-38">
         <name>.debug_info</name>
         <load_address>0xa1a</load_address>
         <run_address>0xa1a</run_address>
         <size>0x59d</size>
         <input_file_ref idref="fl-9"/>
      </object_component>
      <object_component id="oc-3f">
         <name>.debug_info</name>
         <load_address>0xfb7</load_address>
         <run_address>0xfb7</run_address>
         <size>0x16e</size>
         <input_file_ref idref="fl-6"/>
      </object_component>
      <object_component id="oc-42">
         <name>.debug_info</name>
         <load_address>0x1125</load_address>
         <run_address>0x1125</run_address>
         <size>0x13d</size>
         <input_file_ref idref="fl-150"/>
      </object_component>
      <object_component id="oc-48">
         <name>.debug_info</name>
         <load_address>0x1262</load_address>
         <run_address>0x1262</run_address>
         <size>0x11c</size>
         <input_file_ref idref="fl-14e"/>
      </object_component>
      <object_component id="oc-4f">
         <name>.debug_info</name>
         <load_address>0x137e</load_address>
         <run_address>0x137e</run_address>
         <size>0x1c2</size>
         <input_file_ref idref="fl-13e"/>
      </object_component>
      <object_component id="oc-52">
         <name>.debug_info</name>
         <load_address>0x1540</load_address>
         <run_address>0x1540</run_address>
         <size>0xbe</size>
         <input_file_ref idref="fl-146"/>
      </object_component>
      <object_component id="oc-56">
         <name>.debug_info</name>
         <load_address>0x15fe</load_address>
         <run_address>0x15fe</run_address>
         <size>0xcc</size>
         <input_file_ref idref="fl-142"/>
      </object_component>
      <object_component id="oc-5b">
         <name>.debug_info</name>
         <load_address>0x16ca</load_address>
         <run_address>0x16ca</run_address>
         <size>0x46</size>
         <input_file_ref idref="fl-13a"/>
      </object_component>
      <object_component id="oc-60">
         <name>.debug_info</name>
         <load_address>0x1710</load_address>
         <run_address>0x1710</run_address>
         <size>0xf2</size>
         <input_file_ref idref="fl-13a"/>
      </object_component>
      <object_component id="oc-62">
         <name>.debug_info</name>
         <load_address>0x1802</load_address>
         <run_address>0x1802</run_address>
         <size>0x46</size>
         <input_file_ref idref="fl-13c"/>
      </object_component>
      <object_component id="oc-67">
         <name>.debug_info</name>
         <load_address>0x1848</load_address>
         <run_address>0x1848</run_address>
         <size>0xad</size>
         <input_file_ref idref="fl-13c"/>
      </object_component>
      <object_component id="oc-69">
         <name>.debug_info</name>
         <load_address>0x18f5</load_address>
         <run_address>0x18f5</run_address>
         <size>0x1ef</size>
         <input_file_ref idref="fl-13b"/>
      </object_component>
      <object_component id="oc-6f">
         <name>.debug_info</name>
         <load_address>0x1ae4</load_address>
         <run_address>0x1ae4</run_address>
         <size>0xb7</size>
         <input_file_ref idref="fl-13b"/>
      </object_component>
      <object_component id="oc-70">
         <name>.debug_info</name>
         <load_address>0x1b9b</load_address>
         <run_address>0x1b9b</run_address>
         <size>0x39</size>
         <input_file_ref idref="fl-13b"/>
      </object_component>
      <object_component id="oc-77">
         <name>.debug_info</name>
         <load_address>0x1bd4</load_address>
         <run_address>0x1bd4</run_address>
         <size>0x1d7</size>
         <input_file_ref idref="fl-168"/>
      </object_component>
      <object_component id="oc-7b">
         <name>.debug_info</name>
         <load_address>0x1dab</load_address>
         <run_address>0x1dab</run_address>
         <size>0x2d2</size>
         <input_file_ref idref="fl-7"/>
      </object_component>
      <object_component id="oc-7e">
         <name>.debug_info</name>
         <load_address>0x207d</load_address>
         <run_address>0x207d</run_address>
         <size>0x22f1</size>
         <input_file_ref idref="fl-7"/>
      </object_component>
      <object_component id="oc-85">
         <name>.debug_info</name>
         <load_address>0x436e</load_address>
         <run_address>0x436e</run_address>
         <size>0xdf</size>
         <input_file_ref idref="fl-9"/>
      </object_component>
      <object_component id="oc-88">
         <name>.debug_info</name>
         <load_address>0x444d</load_address>
         <run_address>0x444d</run_address>
         <size>0x1e8</size>
         <input_file_ref idref="fl-9"/>
      </object_component>
      <object_component id="oc-89">
         <name>.debug_info</name>
         <load_address>0x4635</load_address>
         <run_address>0x4635</run_address>
         <size>0x2c</size>
         <input_file_ref idref="fl-2"/>
      </object_component>
      <object_component id="oc-8e">
         <name>.debug_info</name>
         <load_address>0x4661</load_address>
         <run_address>0x4661</run_address>
         <size>0x84</size>
         <input_file_ref idref="fl-2"/>
      </object_component>
      <object_component id="oc-96">
         <name>.debug_info</name>
         <load_address>0x46e5</load_address>
         <run_address>0x46e5</run_address>
         <size>0x14b</size>
         <input_file_ref idref="fl-151"/>
      </object_component>
      <object_component id="oc-9d">
         <name>.debug_info</name>
         <load_address>0x4830</load_address>
         <run_address>0x4830</run_address>
         <size>0x149e</size>
         <input_file_ref idref="fl-3"/>
      </object_component>
      <object_component id="oc-a3">
         <name>.debug_info</name>
         <load_address>0x5cce</load_address>
         <run_address>0x5cce</run_address>
         <size>0x11b</size>
         <input_file_ref idref="fl-14e"/>
      </object_component>
      <object_component id="oc-a5">
         <name>.debug_info</name>
         <load_address>0x5de9</load_address>
         <run_address>0x5de9</run_address>
         <size>0xc8</size>
         <input_file_ref idref="fl-14c"/>
      </object_component>
      <object_component id="oc-a8">
         <name>.debug_info</name>
         <load_address>0x5eb1</load_address>
         <run_address>0x5eb1</run_address>
         <size>0xeb</size>
         <input_file_ref idref="fl-13e"/>
      </object_component>
      <object_component id="oc-ab">
         <name>.debug_info</name>
         <load_address>0x5f9c</load_address>
         <run_address>0x5f9c</run_address>
         <size>0x146</size>
         <input_file_ref idref="fl-13e"/>
      </object_component>
      <object_component id="oc-b0">
         <name>.debug_info</name>
         <load_address>0x60e2</load_address>
         <run_address>0x60e2</run_address>
         <size>0x2c</size>
         <input_file_ref idref="fl-13a"/>
      </object_component>
      <object_component id="oc-b7">
         <name>.debug_info</name>
         <load_address>0x610e</load_address>
         <run_address>0x610e</run_address>
         <size>0x2c</size>
         <input_file_ref idref="fl-13c"/>
      </object_component>
      <object_component id="oc-c3">
         <name>.debug_info</name>
         <load_address>0x613a</load_address>
         <run_address>0x613a</run_address>
         <size>0x2c</size>
         <input_file_ref idref="fl-167"/>
      </object_component>
      <object_component id="oc-c8">
         <name>.debug_info</name>
         <load_address>0x6166</load_address>
         <run_address>0x6166</run_address>
         <size>0x62</size>
         <input_file_ref idref="fl-168"/>
      </object_component>
      <object_component id="oc-cf">
         <name>.debug_info</name>
         <load_address>0x61c8</load_address>
         <run_address>0x61c8</run_address>
         <size>0x776</size>
         <input_file_ref idref="fl-7"/>
      </object_component>
      <object_component id="oc-d2">
         <name>.debug_info</name>
         <load_address>0x693e</load_address>
         <run_address>0x693e</run_address>
         <size>0x434</size>
         <input_file_ref idref="fl-2"/>
      </object_component>
      <object_component id="oc-d8">
         <name>.debug_info</name>
         <load_address>0x6d72</load_address>
         <run_address>0x6d72</run_address>
         <size>0xd7</size>
         <input_file_ref idref="fl-7"/>
      </object_component>
      <object_component id="oc-e0">
         <name>.debug_info</name>
         <load_address>0x6e49</load_address>
         <run_address>0x6e49</run_address>
         <size>0x1a0</size>
         <input_file_ref idref="fl-141"/>
      </object_component>
      <object_component id="oc-e9">
         <name>.debug_info</name>
         <load_address>0x6fe9</load_address>
         <run_address>0x6fe9</run_address>
         <size>0x182</size>
         <input_file_ref idref="fl-149"/>
      </object_component>
      <object_component id="oc-f1">
         <name>.debug_info</name>
         <load_address>0x716b</load_address>
         <run_address>0x716b</run_address>
         <size>0x4e2</size>
         <input_file_ref idref="fl-8"/>
      </object_component>
      <object_component id="oc-f7">
         <name>.debug_info</name>
         <load_address>0x764d</load_address>
         <run_address>0x764d</run_address>
         <size>0xfc</size>
         <input_file_ref idref="fl-143"/>
      </object_component>
      <object_component id="oc-103">
         <name>.debug_info</name>
         <load_address>0x7749</load_address>
         <run_address>0x7749</run_address>
         <size>0x16d</size>
         <input_file_ref idref="fl-3"/>
      </object_component>
      <object_component id="oc-108">
         <name>.debug_info</name>
         <load_address>0x78b6</load_address>
         <run_address>0x78b6</run_address>
         <size>0x2c</size>
         <input_file_ref idref="fl-2"/>
      </object_component>
      <object_component id="oc-111">
         <name>.debug_info</name>
         <load_address>0x78e2</load_address>
         <run_address>0x78e2</run_address>
         <size>0x14c</size>
         <input_file_ref idref="fl-2"/>
      </object_component>
      <object_component id="oc-116">
         <name>.debug_info</name>
         <load_address>0x7a2e</load_address>
         <run_address>0x7a2e</run_address>
         <size>0x132</size>
         <input_file_ref idref="fl-2"/>
      </object_component>
      <object_component id="oc-118">
         <name>.debug_info</name>
         <load_address>0x7b60</load_address>
         <run_address>0x7b60</run_address>
         <size>0x148</size>
         <input_file_ref idref="fl-151"/>
      </object_component>
      <object_component id="oc-11a">
         <name>.debug_info</name>
         <load_address>0x7ca8</load_address>
         <run_address>0x7ca8</run_address>
         <size>0x136</size>
         <input_file_ref idref="fl-16b"/>
      </object_component>
      <object_component id="oc-120">
         <name>.debug_info</name>
         <load_address>0x7dde</load_address>
         <run_address>0x7dde</run_address>
         <size>0x133</size>
         <input_file_ref idref="fl-16b"/>
      </object_component>
      <object_component id="oc-126">
         <name>.debug_info</name>
         <load_address>0x7f11</load_address>
         <run_address>0x7f11</run_address>
         <size>0xd3</size>
         <input_file_ref idref="fl-3"/>
      </object_component>
      <object_component id="oc-129">
         <name>.debug_info</name>
         <load_address>0x7fe4</load_address>
         <run_address>0x7fe4</run_address>
         <size>0x174</size>
         <input_file_ref idref="fl-3"/>
      </object_component>
      <object_component id="oc-12c">
         <name>.debug_info</name>
         <load_address>0x8158</load_address>
         <run_address>0x8158</run_address>
         <size>0x15d</size>
         <input_file_ref idref="fl-16b"/>
      </object_component>
      <object_component id="oc-132">
         <name>.debug_info</name>
         <load_address>0x82b5</load_address>
         <run_address>0x82b5</run_address>
         <size>0x140</size>
         <input_file_ref idref="fl-16b"/>
      </object_component>
      <object_component id="oc-138">
         <name>.debug_info</name>
         <load_address>0x83f5</load_address>
         <run_address>0x83f5</run_address>
         <size>0xc6</size>
         <input_file_ref idref="fl-3"/>
      </object_component>
      <object_component id="oc-13b">
         <name>.debug_info</name>
         <load_address>0x84bb</load_address>
         <run_address>0x84bb</run_address>
         <size>0x199</size>
         <input_file_ref idref="fl-16e"/>
      </object_component>
      <object_component id="oc-141">
         <name>.debug_info</name>
         <load_address>0x8654</load_address>
         <run_address>0x8654</run_address>
         <size>0x1cf</size>
         <input_file_ref idref="fl-16c"/>
      </object_component>
      <object_component id="oc-147">
         <name>.debug_info</name>
         <load_address>0x8823</load_address>
         <run_address>0x8823</run_address>
         <size>0x1b7</size>
         <input_file_ref idref="fl-16c"/>
      </object_component>
      <object_component id="oc-14d">
         <name>.debug_info</name>
         <load_address>0x89da</load_address>
         <run_address>0x89da</run_address>
         <size>0x1cd</size>
         <input_file_ref idref="fl-16c"/>
      </object_component>
      <object_component id="oc-153">
         <name>.debug_info</name>
         <load_address>0x8ba7</load_address>
         <run_address>0x8ba7</run_address>
         <size>0x1cb</size>
         <input_file_ref idref="fl-16c"/>
      </object_component>
      <object_component id="oc-159">
         <name>.debug_info</name>
         <load_address>0x8d72</load_address>
         <run_address>0x8d72</run_address>
         <size>0x1f4</size>
         <input_file_ref idref="fl-16c"/>
      </object_component>
      <object_component id="oc-15f">
         <name>.debug_info</name>
         <load_address>0x8f66</load_address>
         <run_address>0x8f66</run_address>
         <size>0x199</size>
         <input_file_ref idref="fl-16c"/>
      </object_component>
      <object_component id="oc-166">
         <name>.debug_info</name>
         <load_address>0x90ff</load_address>
         <run_address>0x90ff</run_address>
         <size>0x1ee</size>
         <input_file_ref idref="fl-16e"/>
      </object_component>
      <object_component id="oc-16b">
         <name>.debug_info</name>
         <load_address>0x92ed</load_address>
         <run_address>0x92ed</run_address>
         <size>0x197</size>
         <input_file_ref idref="fl-16c"/>
      </object_component>
      <object_component id="oc-171">
         <name>.debug_info</name>
         <load_address>0x9484</load_address>
         <run_address>0x9484</run_address>
         <size>0x2d5</size>
         <input_file_ref idref="fl-b"/>
      </object_component>
      <object_component id="oc-177">
         <name>.debug_info</name>
         <load_address>0x9759</load_address>
         <run_address>0x9759</run_address>
         <size>0x4f4</size>
         <input_file_ref idref="fl-3"/>
      </object_component>
      <object_component id="oc-178">
         <name>.debug_info</name>
         <load_address>0x9c4d</load_address>
         <run_address>0x9c4d</run_address>
         <size>0x2c</size>
         <input_file_ref idref="fl-3"/>
      </object_component>
      <object_component id="oc-17f">
         <name>.debug_info</name>
         <load_address>0x9c79</load_address>
         <run_address>0x9c79</run_address>
         <size>0x5e</size>
         <input_file_ref idref="fl-14e"/>
      </object_component>
      <object_component id="oc-185">
         <name>.debug_info</name>
         <load_address>0x9cd7</load_address>
         <run_address>0x9cd7</run_address>
         <size>0x1d4</size>
         <input_file_ref idref="fl-14c"/>
      </object_component>
      <object_component id="oc-18c">
         <name>.debug_info</name>
         <load_address>0x9eab</load_address>
         <run_address>0x9eab</run_address>
         <size>0xd9</size>
         <input_file_ref idref="fl-14c"/>
      </object_component>
      <object_component id="oc-194">
         <name>.debug_info</name>
         <load_address>0x9f84</load_address>
         <run_address>0x9f84</run_address>
         <size>0xd4</size>
         <input_file_ref idref="fl-7"/>
      </object_component>
      <object_component id="oc-199">
         <name>.debug_info</name>
         <load_address>0xa058</load_address>
         <run_address>0xa058</run_address>
         <size>0xc8</size>
         <input_file_ref idref="fl-7"/>
      </object_component>
      <object_component id="oc-1a2">
         <name>.debug_info</name>
         <load_address>0xa120</load_address>
         <run_address>0xa120</run_address>
         <size>0xaa</size>
         <input_file_ref idref="fl-141"/>
      </object_component>
      <object_component id="oc-1a4">
         <name>.debug_info</name>
         <load_address>0xa1ca</load_address>
         <run_address>0xa1ca</run_address>
         <size>0xab</size>
         <input_file_ref idref="fl-149"/>
      </object_component>
      <object_component id="oc-1a6">
         <name>.debug_info</name>
         <load_address>0xa275</load_address>
         <run_address>0xa275</run_address>
         <size>0xe5</size>
         <input_file_ref idref="fl-8"/>
      </object_component>
      <object_component id="oc-1a9">
         <name>.debug_info</name>
         <load_address>0xa35a</load_address>
         <run_address>0xa35a</run_address>
         <size>0x245</size>
         <input_file_ref idref="fl-8"/>
      </object_component>
      <object_component id="oc-1ac">
         <name>.debug_info</name>
         <load_address>0xa59f</load_address>
         <run_address>0xa59f</run_address>
         <size>0xc9</size>
         <input_file_ref idref="fl-8"/>
      </object_component>
      <object_component id="oc-1b2">
         <name>.debug_info</name>
         <load_address>0xa668</load_address>
         <run_address>0xa668</run_address>
         <size>0xdd</size>
         <input_file_ref idref="fl-8"/>
      </object_component>
      <object_component id="oc-1b5">
         <name>.debug_info</name>
         <load_address>0xa745</load_address>
         <run_address>0xa745</run_address>
         <size>0x110</size>
         <input_file_ref idref="fl-2"/>
      </object_component>
      <object_component id="oc-1bf">
         <name>.debug_info</name>
         <load_address>0xa855</load_address>
         <run_address>0xa855</run_address>
         <size>0xcd</size>
         <input_file_ref idref="fl-151"/>
      </object_component>
      <object_component id="oc-1cf">
         <name>.debug_info</name>
         <load_address>0xa922</load_address>
         <run_address>0xa922</run_address>
         <size>0x187</size>
         <input_file_ref idref="fl-16e"/>
      </object_component>
      <object_component id="oc-1d2">
         <name>.debug_info</name>
         <load_address>0xaaa9</load_address>
         <run_address>0xaaa9</run_address>
         <size>0x28a</size>
         <input_file_ref idref="fl-16e"/>
      </object_component>
      <object_component id="oc-1d5">
         <name>.debug_info</name>
         <load_address>0xad33</load_address>
         <run_address>0xad33</run_address>
         <size>0x209</size>
         <input_file_ref idref="fl-16c"/>
      </object_component>
      <object_component id="oc-1db">
         <name>.debug_info</name>
         <load_address>0xaf3c</load_address>
         <run_address>0xaf3c</run_address>
         <size>0x1c3</size>
         <input_file_ref idref="fl-16c"/>
      </object_component>
      <object_component id="oc-1e1">
         <name>.debug_info</name>
         <load_address>0xb0ff</load_address>
         <run_address>0xb0ff</run_address>
         <size>0x195</size>
         <input_file_ref idref="fl-16c"/>
      </object_component>
      <object_component id="oc-1e6">
         <name>.debug_info</name>
         <load_address>0xb294</load_address>
         <run_address>0xb294</run_address>
         <size>0x1da</size>
         <input_file_ref idref="fl-16c"/>
      </object_component>
      <object_component id="oc-1f4">
         <name>.debug_info</name>
         <load_address>0xb46e</load_address>
         <run_address>0xb46e</run_address>
         <size>0x2b5</size>
         <input_file_ref idref="fl-145"/>
      </object_component>
      <object_component id="oc-1f7">
         <name>.debug_info</name>
         <load_address>0xb723</load_address>
         <run_address>0xb723</run_address>
         <size>0x26d</size>
         <input_file_ref idref="fl-144"/>
      </object_component>
      <object_component id="oc-1ff">
         <name>.debug_info</name>
         <load_address>0xb990</load_address>
         <run_address>0xb990</run_address>
         <size>0x20f</size>
         <input_file_ref idref="fl-13f"/>
      </object_component>
      <object_component id="oc-203">
         <name>.debug_info</name>
         <load_address>0xbb9f</load_address>
         <run_address>0xbb9f</run_address>
         <size>0xd0</size>
         <input_file_ref idref="fl-b"/>
      </object_component>
      <object_component id="oc-206">
         <name>.debug_info</name>
         <load_address>0xbc6f</load_address>
         <run_address>0xbc6f</run_address>
         <size>0xac</size>
         <input_file_ref idref="fl-13d"/>
      </object_component>
      <object_component id="oc-209">
         <name>.debug_info</name>
         <load_address>0xbd1b</load_address>
         <run_address>0xbd1b</run_address>
         <size>0x236</size>
         <input_file_ref idref="fl-b"/>
      </object_component>
      <object_component id="oc-217">
         <name>.debug_info</name>
         <load_address>0xbf51</load_address>
         <run_address>0xbf51</run_address>
         <size>0xa7</size>
         <input_file_ref idref="fl-8"/>
      </object_component>
      <object_component id="oc-22a">
         <name>.debug_info</name>
         <load_address>0xbff8</load_address>
         <run_address>0xbff8</run_address>
         <size>0x12b1</size>
         <input_file_ref idref="fl-14d"/>
      </object_component>
      <object_component id="oc-230">
         <name>.debug_info</name>
         <load_address>0xd2a9</load_address>
         <run_address>0xd2a9</run_address>
         <size>0x170</size>
         <input_file_ref idref="fl-145"/>
      </object_component>
      <object_component id="oc-231">
         <name>.debug_info</name>
         <load_address>0xd419</load_address>
         <run_address>0xd419</run_address>
         <size>0x4e</size>
         <input_file_ref idref="fl-7"/>
      </object_component>
      <object_component id="oc-237">
         <name>.debug_info</name>
         <load_address>0xd467</load_address>
         <run_address>0xd467</run_address>
         <size>0x286</size>
         <input_file_ref idref="fl-158"/>
      </object_component>
      <object_component id="oc-23e">
         <name>.debug_info</name>
         <load_address>0xd6ed</load_address>
         <run_address>0xd6ed</run_address>
         <size>0x31f</size>
         <input_file_ref idref="fl-159"/>
      </object_component>
      <object_component id="oc-243">
         <name>.debug_info</name>
         <load_address>0xda0c</load_address>
         <run_address>0xda0c</run_address>
         <size>0x1eb</size>
         <input_file_ref idref="fl-144"/>
      </object_component>
      <object_component id="oc-246">
         <name>.debug_info</name>
         <load_address>0xdbf7</load_address>
         <run_address>0xdbf7</run_address>
         <size>0xb71</size>
         <input_file_ref idref="fl-140"/>
      </object_component>
      <object_component id="oc-24b">
         <name>.debug_info</name>
         <load_address>0xe768</load_address>
         <run_address>0xe768</run_address>
         <size>0x139</size>
         <input_file_ref idref="fl-13d"/>
      </object_component>
      <object_component id="oc-24e">
         <name>.debug_info</name>
         <load_address>0xe8a1</load_address>
         <run_address>0xe8a1</run_address>
         <size>0x157</size>
         <input_file_ref idref="fl-13f"/>
      </object_component>
      <object_component id="oc-253">
         <name>.debug_info</name>
         <load_address>0xe9f8</load_address>
         <run_address>0xe9f8</run_address>
         <size>0xc5</size>
         <input_file_ref idref="fl-13d"/>
      </object_component>
      <object_component id="oc-258">
         <name>.debug_info</name>
         <load_address>0xeabd</load_address>
         <run_address>0xeabd</run_address>
         <size>0x13a</size>
         <input_file_ref idref="fl-161"/>
      </object_component>
      <object_component id="oc-25c">
         <name>.debug_info</name>
         <load_address>0xebf7</load_address>
         <run_address>0xebf7</run_address>
         <size>0xd5</size>
         <input_file_ref idref="fl-15b"/>
      </object_component>
      <object_component id="oc-261">
         <name>.debug_info</name>
         <load_address>0xeccc</load_address>
         <run_address>0xeccc</run_address>
         <size>0x153</size>
         <input_file_ref idref="fl-160"/>
      </object_component>
      <object_component id="oc-267">
         <name>.debug_info</name>
         <load_address>0xee1f</load_address>
         <run_address>0xee1f</run_address>
         <size>0xdb</size>
         <input_file_ref idref="fl-154"/>
      </object_component>
      <object_component id="oc-26c">
         <name>.debug_info</name>
         <load_address>0xeefa</load_address>
         <run_address>0xeefa</run_address>
         <size>0xed</size>
         <input_file_ref idref="fl-156"/>
      </object_component>
      <object_component id="oc-271">
         <name>.debug_info</name>
         <load_address>0xefe7</load_address>
         <run_address>0xefe7</run_address>
         <size>0xed</size>
         <input_file_ref idref="fl-155"/>
      </object_component>
      <object_component id="oc-276">
         <name>.debug_info</name>
         <load_address>0xf0d4</load_address>
         <run_address>0xf0d4</run_address>
         <size>0xdd</size>
         <input_file_ref idref="fl-154"/>
      </object_component>
      <object_component id="oc-27b">
         <name>.debug_info</name>
         <load_address>0xf1b1</load_address>
         <run_address>0xf1b1</run_address>
         <size>0xe1</size>
         <input_file_ref idref="fl-157"/>
      </object_component>
      <object_component id="oc-280">
         <name>.debug_info</name>
         <load_address>0xf292</load_address>
         <run_address>0xf292</run_address>
         <size>0x177</size>
         <input_file_ref idref="fl-15c"/>
      </object_component>
      <object_component id="oc-288">
         <name>.debug_info</name>
         <load_address>0xf409</load_address>
         <run_address>0xf409</run_address>
         <size>0xdf</size>
         <input_file_ref idref="fl-15a"/>
      </object_component>
      <object_component id="oc-28b">
         <name>.debug_info</name>
         <load_address>0xf4e8</load_address>
         <run_address>0xf4e8</run_address>
         <size>0xff</size>
         <input_file_ref idref="fl-153"/>
      </object_component>
      <object_component id="oc-290">
         <name>.debug_info</name>
         <load_address>0xf5e7</load_address>
         <run_address>0xf5e7</run_address>
         <size>0x110</size>
         <input_file_ref idref="fl-162"/>
      </object_component>
      <object_component id="oc-297">
         <name>.debug_info</name>
         <load_address>0xf6f7</load_address>
         <run_address>0xf6f7</run_address>
         <size>0x160</size>
         <input_file_ref idref="fl-15d"/>
      </object_component>
      <object_component id="oc-29c">
         <name>.debug_info</name>
         <load_address>0xf857</load_address>
         <run_address>0xf857</run_address>
         <size>0x126</size>
         <input_file_ref idref="fl-14f"/>
      </object_component>
      <object_component id="oc-2a2">
         <name>.debug_info</name>
         <load_address>0xf97d</load_address>
         <run_address>0xf97d</run_address>
         <size>0x26b</size>
         <input_file_ref idref="fl-14d"/>
      </object_component>
      <object_component id="oc-2a3">
         <name>.debug_info</name>
         <load_address>0xfbe8</load_address>
         <run_address>0xfbe8</run_address>
         <size>0x86</size>
         <input_file_ref idref="fl-14d"/>
      </object_component>
      <object_component id="oc-2a8">
         <name>.debug_info</name>
         <load_address>0xfc6e</load_address>
         <run_address>0xfc6e</run_address>
         <size>0x39</size>
         <input_file_ref idref="fl-14d"/>
      </object_component>
      <object_component id="oc-2af">
         <name>.debug_info</name>
         <load_address>0xfca7</load_address>
         <run_address>0xfca7</run_address>
         <size>0x2c</size>
         <input_file_ref idref="fl-140"/>
      </object_component>
      <object_component id="oc-2b5">
         <name>.debug_info</name>
         <load_address>0xfcd3</load_address>
         <run_address>0xfcd3</run_address>
         <size>0x1e5</size>
         <input_file_ref idref="fl-164"/>
      </object_component>
      <object_component id="oc-2bb">
         <name>.debug_info</name>
         <load_address>0xfeb8</load_address>
         <run_address>0xfeb8</run_address>
         <size>0x193</size>
         <input_file_ref idref="fl-158"/>
      </object_component>
      <object_component id="oc-2bd">
         <name>.debug_info</name>
         <load_address>0x1004b</load_address>
         <run_address>0x1004b</run_address>
         <size>0x16b</size>
         <input_file_ref idref="fl-15e"/>
      </object_component>
      <object_component id="oc-2c3">
         <name>.debug_info</name>
         <load_address>0x101b6</load_address>
         <run_address>0x101b6</run_address>
         <size>0x224</size>
         <input_file_ref idref="fl-159"/>
      </object_component>
      <object_component id="oc-2c6">
         <name>.debug_info</name>
         <load_address>0x103da</load_address>
         <run_address>0x103da</run_address>
         <size>0xae</size>
         <input_file_ref idref="fl-13d"/>
      </object_component>
      <object_component id="oc-2cc">
         <name>.debug_info</name>
         <load_address>0x10488</load_address>
         <run_address>0x10488</run_address>
         <size>0x17e</size>
         <input_file_ref idref="fl-148"/>
      </object_component>
      <object_component id="oc-2d2">
         <name>.debug_info</name>
         <load_address>0x10606</load_address>
         <run_address>0x10606</run_address>
         <size>0x16d</size>
         <input_file_ref idref="fl-147"/>
      </object_component>
      <object_component id="oc-2d8">
         <name>.debug_info</name>
         <load_address>0x10773</load_address>
         <run_address>0x10773</run_address>
         <size>0xcb</size>
         <input_file_ref idref="fl-140"/>
      </object_component>
      <object_component id="oc-2db">
         <name>.debug_info</name>
         <load_address>0x1083e</load_address>
         <run_address>0x1083e</run_address>
         <size>0x45a</size>
         <input_file_ref idref="fl-140"/>
      </object_component>
      <object_component id="oc-2dd">
         <name>.debug_info</name>
         <load_address>0x10c98</load_address>
         <run_address>0x10c98</run_address>
         <size>0x2c</size>
         <input_file_ref idref="fl-140"/>
      </object_component>
      <object_component id="oc-2eb">
         <name>.debug_info</name>
         <load_address>0x10cc4</load_address>
         <run_address>0x10cc4</run_address>
         <size>0x9f</size>
         <input_file_ref idref="fl-160"/>
      </object_component>
      <object_component id="oc-2f2">
         <name>.debug_info</name>
         <load_address>0x10d63</load_address>
         <run_address>0x10d63</run_address>
         <size>0x101</size>
         <input_file_ref idref="fl-15c"/>
      </object_component>
      <object_component id="oc-2f6">
         <name>.debug_info</name>
         <load_address>0x10e64</load_address>
         <run_address>0x10e64</run_address>
         <size>0x10f</size>
         <input_file_ref idref="fl-163"/>
      </object_component>
      <object_component id="oc-2fd">
         <name>.debug_info</name>
         <load_address>0x10f73</load_address>
         <run_address>0x10f73</run_address>
         <size>0xa6</size>
         <input_file_ref idref="fl-15d"/>
      </object_component>
      <object_component id="oc-2ff">
         <name>.debug_info</name>
         <load_address>0x11019</load_address>
         <run_address>0x11019</run_address>
         <size>0xaf</size>
         <input_file_ref idref="fl-152"/>
      </object_component>
      <object_component id="oc-302">
         <name>.debug_info</name>
         <load_address>0x110c8</load_address>
         <run_address>0x110c8</run_address>
         <size>0xc5</size>
         <input_file_ref idref="fl-14f"/>
      </object_component>
      <object_component id="oc-305">
         <name>.debug_info</name>
         <load_address>0x1118d</load_address>
         <run_address>0x1118d</run_address>
         <size>0x46</size>
         <input_file_ref idref="fl-14d"/>
      </object_component>
      <object_component id="oc-30b">
         <name>.debug_info</name>
         <load_address>0x111d3</load_address>
         <run_address>0x111d3</run_address>
         <size>0x196</size>
         <input_file_ref idref="fl-165"/>
      </object_component>
      <object_component id="oc-311">
         <name>.debug_info</name>
         <load_address>0x11369</load_address>
         <run_address>0x11369</run_address>
         <size>0x1b5</size>
         <input_file_ref idref="fl-166"/>
      </object_component>
      <object_component id="oc-317">
         <name>.debug_info</name>
         <load_address>0x1151e</load_address>
         <run_address>0x1151e</run_address>
         <size>0x106</size>
         <input_file_ref idref="fl-164"/>
      </object_component>
      <object_component id="oc-31b">
         <name>.debug_info</name>
         <load_address>0x11624</load_address>
         <run_address>0x11624</run_address>
         <size>0xb5</size>
         <input_file_ref idref="fl-15e"/>
      </object_component>
      <object_component id="oc-31f">
         <name>.debug_info</name>
         <load_address>0x116d9</load_address>
         <run_address>0x116d9</run_address>
[...]
         <value>0x4615</value>
         <object_component_ref idref="oc-11"/>
      </symbol>
      <symbol id="sm-309">
         <name>__stack</name>
         <value>0x20002d4c</value>
         <object_component_ref idref="oc-28"/>
      </symbol>
      <symbol id="sm-320">
         <name>__TI_decompress_none</name>
         <value>0x4809</value>
         <object_component_ref idref="oc-16"/>
      </symbol>
      <symbol id="sm-344">
         <name>__TI_decompress_rle24</name>
         <value>0x4877</value>
         <object_component_ref idref="oc-22"/>
      </symbol>
      <symbol id="sm-35d">
         <name>__TI_zero_init</name>
         <value>0x47e5</value>
         <object_component_ref idref="oc-1c"/>
      </symbol>
      <symbol id="sm-37b">
         <name>__aeabi_stdout</name>
         <value>0x20003f48</value>
         <object_component_ref idref="oc-24a"/>
      </symbol>
      <symbol id="sm-37c">
         <name>__TI_tmpnams</name>
         <value>0x20002b90</value>
         <object_component_ref idref="oc-390"/>
      </symbol>
      <symbol id="sm-37d">
         <name>__aeabi_stderr</name>
         <value>0x20003f4c</value>
         <object_component_ref idref="oc-24a"/>
      </symbol>
      <symbol id="sm-37e">
         <name>__aeabi_stdin</name>
         <value>0x20003f44</value>
         <object_component_ref idref="oc-24a"/>
      </symbol>
      <symbol id="sm-37f">
         <name>_ftable</name>
         <value>0x20003d50</value>
         <object_component_ref idref="oc-205"/>
      </symbol>
      <symbol id="sm-380">
         <name>__TI_ft_end</name>
         <value>0x20003f40</value>
         <object_component_ref idref="oc-24a"/>
      </symbol>
      <symbol id="sm-39f">
         <name>C$$EXIT</name>
         <value>0x454d</value>
         <object_component_ref idref="oc-4b"/>
      </symbol>
      <symbol id="sm-3a0">
         <name>abort</name>
         <value>0x4551</value>
         <object_component_ref idref="oc-4b"/>
      </symbol>
      <symbol id="sm-3a1">
         <name>exit</name>
         <value>0x4559</value>
         <object_component_ref idref="oc-4b"/>
      </symbol>
      <symbol id="sm-3a2">
         <name>__TI_dtors_ptr</name>
         <value>0x20003f70</value>
         <object_component_ref idref="oc-a7"/>
      </symbol>
      <symbol id="sm-3a3">
         <name>__TI_cleanup_ptr</name>
         <value>0x20003f6c</value>
         <object_component_ref idref="oc-a7"/>
      </symbol>
      <symbol id="sm-3bd">
         <name>__TI_doflush</name>
         <value>0x3ac1</value>
         <object_component_ref idref="oc-1fc"/>
      </symbol>
      <symbol id="sm-3be">
         <name>fflush</name>
         <value>0x3b0d</value>
         <object_component_ref idref="oc-1fc"/>
      </symbol>
      <symbol id="sm-411">
         <name>open</name>
         <value>0x2657</value>
         <object_component_ref idref="oc-244"/>
      </symbol>
      <symbol id="sm-412">
         <name>add_device</name>
         <value>0x277b</value>
         <object_component_ref idref="oc-244"/>
      </symbol>
      <symbol id="sm-413">
         <name>remove_device</name>
         <value>0x260b</value>
         <object_component_ref idref="oc-244"/>
      </symbol>
      <symbol id="sm-414">
         <name>lseek</name>
         <value>0x2705</value>
         <object_component_ref idref="oc-244"/>
      </symbol>
      <symbol id="sm-415">
         <name>read</name>
         <value>0x2633</value>
         <object_component_ref idref="oc-244"/>
      </symbol>
      <symbol id="sm-416">
         <name>rename</name>
         <value>0x25cd</value>
         <object_component_ref idref="oc-244"/>
      </symbol>
      <symbol id="sm-417">
         <name>write</name>
         <value>0x2519</value>
         <object_component_ref idref="oc-244"/>
      </symbol>
      <symbol id="sm-418">
         <name>close</name>
         <value>0x2729</value>
         <object_component_ref idref="oc-244"/>
      </symbol>
      <symbol id="sm-419">
         <name>unlink</name>
         <value>0x25a9</value>
         <object_component_ref idref="oc-244"/>
      </symbol>
      <symbol id="sm-429">
         <name>memcmp</name>
         <value>0x46d1</value>
         <object_component_ref idref="oc-df"/>
      </symbol>
      <symbol id="sm-444">
         <name>memcpy</name>
         <value>0x3e1d</value>
         <object_component_ref idref="oc-55"/>
      </symbol>
      <symbol id="sm-445">
         <name>__aeabi_memcpy</name>
         <value>0x3e1d</value>
         <object_component_ref idref="oc-55"/>
      </symbol>
      <symbol id="sm-446">
         <name>__aeabi_memcpy8</name>
         <value>0x3e1d</value>
         <object_component_ref idref="oc-55"/>
      </symbol>
      <symbol id="sm-447">
         <name>__aeabi_memcpy4</name>
         <value>0x3e1d</value>
         <object_component_ref idref="oc-55"/>
      </symbol>
      <symbol id="sm-456">
         <name>__aeabi_memset</name>
         <value>0x40f3</value>
         <object_component_ref idref="oc-f6"/>
      </symbol>
      <symbol id="sm-457">
         <name>memset</name>
         <value>0x40f9</value>
         <object_component_ref idref="oc-f6"/>
      </symbol>
      <symbol id="sm-458">
         <name>__aeabi_memset8</name>
         <value>0x40f3</value>
         <object_component_ref idref="oc-f6"/>
      </symbol>
      <symbol id="sm-459">
         <name>__aeabi_memset4</name>
         <value>0x40f3</value>
         <object_component_ref idref="oc-f6"/>
      </symbol>
      <symbol id="sm-45a">
         <name>__aeabi_memclr8</name>
         <value>0x40f1</value>
         <object_component_ref idref="oc-f6"/>
      </symbol>
      <symbol id="sm-45b">
         <name>__aeabi_memclr4</name>
         <value>0x40f1</value>
         <object_component_ref idref="oc-f6"/>
      </symbol>
      <symbol id="sm-45c">
         <name>__aeabi_memclr</name>
         <value>0x40f1</value>
         <object_component_ref idref="oc-f6"/>
      </symbol>
      <symbol id="sm-475">
         <name>printf</name>
         <value>0x4171</value>
         <object_component_ref idref="oc-1f6"/>
      </symbol>
      <symbol id="sm-489">
         <name>sprintf</name>
         <value>0x429d</value>
         <object_component_ref idref="oc-1f0"/>
      </symbol>
      <symbol id="sm-491">
         <name>main_func_sp</name>
         <value>0x20003f7c</value>
         <object_component_ref idref="oc-51"/>
      </symbol>
      <symbol id="sm-4a1">
         <name>strchr</name>
         <value>0x4783</value>
         <object_component_ref idref="oc-2d1"/>
      </symbol>
      <symbol id="sm-4b0">
         <name>strcmp</name>
         <value>0x4755</value>
         <object_component_ref idref="oc-2cb"/>
      </symbol>
      <symbol id="sm-4c0">
         <name>strncpy</name>
         <value>0x4649</value>
         <object_component_ref idref="oc-e8"/>
      </symbol>
      <symbol id="sm-4e1">
         <name>HOSTgetenv</name>
         <value>0x2a3f</value>
         <object_component_ref idref="oc-322"/>
      </symbol>
      <symbol id="sm-4e2">
         <name>HOSTrename</name>
         <value>0x28e7</value>
         <object_component_ref idref="oc-322"/>
      </symbol>
      <symbol id="sm-4e3">
         <name>HOSTclose</name>
         <value>0x2a7d</value>
         <object_component_ref idref="oc-322"/>
      </symbol>
      <symbol id="sm-4e4">
         <name>HOSTunlink</name>
         <value>0x2875</value>
         <object_component_ref idref="oc-322"/>
      </symbol>
      <symbol id="sm-4e5">
         <name>HOSTlseek</name>
         <value>0x29e3</value>
         <object_component_ref idref="oc-322"/>
      </symbol>
      <symbol id="sm-4e6">
         <name>HOSTopen</name>
         <value>0x2991</value>
         <object_component_ref idref="oc-322"/>
      </symbol>
      <symbol id="sm-4e7">
         <name>HOSTclock</name>
         <value>0x2ab5</value>
         <object_component_ref idref="oc-322"/>
      </symbol>
      <symbol id="sm-4e8">
         <name>HOSTwrite</name>
         <value>0x2829</value>
         <object_component_ref idref="oc-322"/>
      </symbol>
      <symbol id="sm-4e9">
         <name>HOSTread</name>
         <value>0x2945</value>
         <object_component_ref idref="oc-322"/>
      </symbol>
      <symbol id="sm-4ea">
         <name>HOSTtime</name>
         <value>0x28ad</value>
         <object_component_ref idref="oc-322"/>
      </symbol>
      <symbol id="sm-505">
         <name>__TI_readmsg</name>
         <value>0x432b</value>
         <object_component_ref idref="oc-35b"/>
      </symbol>
      <symbol id="sm-506">
         <name>C$$IO$$</name>
         <value>0x4327</value>
         <object_component_ref idref="oc-35b"/>
      </symbol>
      <symbol id="sm-507">
         <name>__CIOBUF_</name>
         <value>0x20002a70</value>
         <object_component_ref idref="oc-385"/>
      </symbol>
      <symbol id="sm-508">
         <name>__TI_writemsg</name>
         <value>0x42fd</value>
         <object_component_ref idref="oc-35b"/>
      </symbol>
      <symbol id="sm-521">
         <name>_nop</name>
         <value>0x47a7</value>
         <object_component_ref idref="oc-184"/>
      </symbol>
      <symbol id="sm-522">
         <name>_lock</name>
         <value>0x20003f64</value>
         <object_component_ref idref="oc-a4"/>
      </symbol>
      <symbol id="sm-523">
         <name>_unlock</name>
         <value>0x20003f68</value>
         <object_component_ref idref="oc-a4"/>
      </symbol>
      <symbol id="sm-524">
         <name>_register_lock</name>
         <value>0x479f</value>
         <object_component_ref idref="oc-184"/>
      </symbol>
      <symbol id="sm-525">
         <name>_register_unlock</name>
         <value>0x4799</value>
         <object_component_ref idref="oc-184"/>
      </symbol>
      <symbol id="sm-611">
         <name>__TI_printfi</name>
         <value>0xca3</value>
         <object_component_ref idref="oc-229"/>
      </symbol>
      <symbol id="sm-625">
         <name>_args_main</name>
         <value>0x4725</value>
         <object_component_ref idref="oc-45"/>
      </symbol>
      <symbol id="sm-63b">
         <name>atoi</name>
         <value>0x4475</value>
         <object_component_ref idref="oc-29b"/>
      </symbol>
      <symbol id="sm-658">
         <name>__TI_auto_init</name>
         <value>0x3f51</value>
         <object_component_ref idref="oc-40"/>
      </symbol>
      <symbol id="sm-671">
         <name>copy_in</name>
         <value>0x4509</value>
         <object_component_ref idref="oc-95"/>
      </symbol>
      <symbol id="sm-67c">
         <name>_ctypes_</name>
         <value>0x487c</value>
         <object_component_ref idref="oc-2fe"/>
      </symbol>
      <symbol id="sm-693">
         <name>__aeabi_dsub</name>
         <value>0x306d</value>
         <object_component_ref idref="oc-28a"/>
      </symbol>
      <symbol id="sm-694">
         <name>__aeabi_dadd</name>
         <value>0x3077</value>
         <object_component_ref idref="oc-28a"/>
      </symbol>
      <symbol id="sm-6b6">
         <name>__aeabi_cdcmpeq</name>
         <value>0x3fe5</value>
         <object_component_ref idref="oc-266"/>
      </symbol>
      <symbol id="sm-6b7">
         <name>__aeabi_cdcmple</name>
         <value>0x3fe5</value>
         <object_component_ref idref="oc-266"/>
      </symbol>
      <symbol id="sm-6b8">
         <name>__aeabi_cdrcmple</name>
         <value>0x406b</value>
         <object_component_ref idref="oc-275"/>
      </symbol>
      <symbol id="sm-6cc">
         <name>__aeabi_ddiv</name>
         <value>0x336d</value>
         <object_component_ref idref="oc-270"/>
      </symbol>
      <symbol id="sm-6d7">
         <name>__aeabi_dmul</name>
         <value>0x3805</value>
         <object_component_ref idref="oc-26b"/>
      </symbol>
      <symbol id="sm-6e1">
         <name>__aeabi_d2iz</name>
         <value>0x44c1</value>
         <object_component_ref idref="oc-27a"/>
      </symbol>
      <symbol id="sm-6f9">
         <name>putc</name>
         <value>0x3e05</value>
         <object_component_ref idref="oc-236"/>
      </symbol>
      <symbol id="sm-6fa">
         <name>fputc</name>
         <value>0x3d81</value>
         <object_component_ref idref="oc-236"/>
      </symbol>
      <symbol id="sm-6fb">
         <name>putchar</name>
         <value>0x3e09</value>
         <object_component_ref idref="oc-236"/>
      </symbol>
      <symbol id="sm-71d">
         <name>puts</name>
         <value>0x35af</value>
         <object_component_ref idref="oc-23c"/>
      </symbol>
      <symbol id="sm-71e">
         <name>fputs</name>
         <value>0x34a5</value>
         <object_component_ref idref="oc-23c"/>
      </symbol>
      <symbol id="sm-728">
         <name>__aeabi_i2d</name>
         <value>0x4679</value>
         <object_component_ref idref="oc-285"/>
      </symbol>
      <symbol id="sm-731">
         <name>__aeabi_lmul</name>
         <value>0x473d</value>
         <object_component_ref idref="oc-25b"/>
      </symbol>
      <symbol id="sm-740">
         <name>ltoa</name>
         <value>0x4419</value>
         <object_component_ref idref="oc-27f"/>
      </symbol>
      <symbol id="sm-750">
         <name>memccpy</name>
         <value>0x46f3</value>
         <object_component_ref idref="oc-295"/>
      </symbol>
      <symbol id="sm-760">
         <name>memchr</name>
         <value>0x476d</value>
         <object_component_ref idref="oc-2bc"/>
      </symbol>
      <symbol id="sm-76e">
         <name>strcpy</name>
         <value>0x47f7</value>
         <object_component_ref idref="oc-361"/>
      </symbol>
      <symbol id="sm-77c">
         <name>strlen</name>
         <value>0x47ad</value>
         <object_component_ref idref="oc-260"/>
      </symbol>
      <symbol id="sm-798">
         <name>__aeabi_uldivmod</name>
         <value>0x2afd</value>
         <object_component_ref idref="oc-256"/>
      </symbol>
      <symbol id="sm-7a2">
         <name>_Dclass</name>
         <value>0x4817</value>
         <object_component_ref idref="oc-28f"/>
      </symbol>
      <symbol id="sm-7b4">
         <name>_Dtest</name>
         <value>0x4591</value>
         <object_component_ref idref="oc-2f5"/>
      </symbol>
      <symbol id="sm-7d2">
         <name>__TI_wrt_ok</name>
         <value>0x3c39</value>
         <object_component_ref idref="oc-2b4"/>
      </symbol>
      <symbol id="sm-7d3">
         <name>__TI_rd_ok</name>
         <value>0x3c9b</value>
         <object_component_ref idref="oc-2b4"/>
      </symbol>
      <symbol id="sm-7e5">
         <name>fseek</name>
         <value>0x41d9</value>
         <object_component_ref idref="oc-30a"/>
      </symbol>
      <symbol id="sm-801">
         <name>setvbuf</name>
         <value>0x39e5</value>
         <object_component_ref idref="oc-310"/>
      </symbol>
      <symbol id="sm-839">
         <name>__TI_cleanup</name>
         <value>0x2db9</value>
         <object_component_ref idref="oc-346"/>
      </symbol>
      <symbol id="sm-83a">
         <name>freopen</name>
         <value>0x2de5</value>
         <object_component_ref idref="oc-346"/>
      </symbol>
      <symbol id="sm-83b">
         <name>fopen</name>
         <value>0x2e0f</value>
         <object_component_ref idref="oc-346"/>
      </symbol>
      <symbol id="sm-8ab">
         <name>_sys_memory</name>
         <value>0x20003550</value>
         <object_component_ref idref="oc-29"/>
      </symbol>
      <symbol id="sm-8ac">
         <name>free</name>
         <value>0x223b</value>
         <object_component_ref idref="oc-340"/>
      </symbol>
      <symbol id="sm-8ad">
         <name>realloc</name>
         <value>0x22fb</value>
         <object_component_ref idref="oc-340"/>
      </symbol>
      <symbol id="sm-8ae">
         <name>memalign</name>
         <value>0x2401</value>
         <object_component_ref idref="oc-340"/>
      </symbol>
      <symbol id="sm-8af">
         <name>calloc</name>
         <value>0x24e1</value>
         <object_component_ref idref="oc-340"/>
      </symbol>
      <symbol id="sm-8b0">
         <name>malloc</name>
         <value>0x21d9</value>
         <object_component_ref idref="oc-340"/>
      </symbol>
      <symbol id="sm-8b1">
         <name>minit</name>
         <value>0x214d</value>
         <object_component_ref idref="oc-340"/>
      </symbol>
      <symbol id="sm-8c7">
         <name>__TI_closefile</name>
         <value>0x3eb9</value>
         <object_component_ref idref="oc-37a"/>
      </symbol>
      <symbol id="sm-8c8">
         <name>fclose</name>
         <value>0x3f1f</value>
         <object_component_ref idref="oc-37a"/>
      </symbol>
      <symbol id="sm-8eb">
         <name>CPUbasepriGet</name>
         <value>0x4855</value>
         <object_component_ref idref="oc-131"/>
      </symbol>
      <symbol id="sm-8ec">
         <name>CPUbasepriSet</name>
         <value>0x485f</value>
         <object_component_ref idref="oc-12b"/>
      </symbol>
      <symbol id="sm-8ed">
         <name>CPUcpsie</name>
         <value>0x4831</value>
         <object_component_ref idref="oc-119"/>
      </symbol>
      <symbol id="sm-8ee">
         <name>CPUcpsid</name>
         <value>0x4825</value>
         <object_component_ref idref="oc-11f"/>
      </symbol>
      <symbol id="sm-95e">
         <name>GPIOPinIntClear</name>
         <value>0x4865</value>
         <object_component_ref idref="oc-16a"/>
      </symbol>
      <symbol id="sm-95f">
         <name>GPIOIntTypeSet</name>
         <value>0x45d5</value>
         <object_component_ref idref="oc-152"/>
      </symbol>
      <symbol id="sm-960">
         <name>GPIOPinTypeGPIOInput</name>
         <value>0x47c1</value>
         <object_component_ref idref="oc-14c"/>
      </symbol>
      <symbol id="sm-961">
         <name>GPIOPinIntEnable</name>
         <value>0x483d</value>
         <object_component_ref idref="oc-15e"/>
      </symbol>
      <symbol id="sm-962">
         <name>GPIOPinTypeGPIOOutput</name>
         <value>0x47d3</value>
         <object_component_ref idref="oc-140"/>
      </symbol>
      <symbol id="sm-963">
         <name>GPIODirModeSet</name>
         <value>0x46a7</value>
         <object_component_ref idref="oc-1da"/>
      </symbol>
      <symbol id="sm-964">
         <name>GPIOPinWrite</name>
         <value>0x486b</value>
         <object_component_ref idref="oc-146"/>
      </symbol>
      <symbol id="sm-965">
         <name>GPIOPadConfigSet</name>
         <value>0x3b81</value>
         <object_component_ref idref="oc-1d4"/>
      </symbol>
      <symbol id="sm-966">
         <name>GPIOPortIntRegister</name>
         <value>0x470d</value>
         <object_component_ref idref="oc-158"/>
      </symbol>
      <symbol id="sm-9a9">
         <name>SysCtlClockSet</name>
         <value>0x3225</value>
         <object_component_ref idref="oc-164"/>
      </symbol>
      <symbol id="sm-9aa">
         <name>SysCtlDelay</name>
         <value>0x4871</value>
         <object_component_ref idref="oc-1ed"/>
      </symbol>
      <symbol id="sm-9ab">
         <name>SysCtlPeripheralEnable</name>
         <value>0x43bd</value>
         <object_component_ref idref="oc-13a"/>
      </symbol>
      <symbol id="sm-9ac">
         <name>__TI_static_base__</name>
         <value>0x0</value>
      </symbol>
      <symbol id="sm-9ad">
         <name>__TI_args_main</name>
         <value>0x1</value>
      </symbol>
      <symbol id="sm-9ae">
         <name>SHT$$INIT_ARRAY$$Limit</name>
         <value>0x0</value>
      </symbol>
      <symbol id="sm-9af">
         <name>SHT$$INIT_ARRAY$$Base</name>
         <value>0x0</value>
      </symbol>
      <symbol id="sm-9b3">
         <name>remove</name>
         <value>0x25a9</value>
      </symbol>
   </symbol_table>
   <title>Link successful</title>
</link_info>
