******************************************************************************
                  TI ARM Linker PC v5.1.6                      
******************************************************************************
>> Linked Sun Sep 13 13:18:27 2015

OUTPUT FILE NAME:   <RTOS_GPIO.out>
ENTRY POINT SYMBOL: "_c_int00"  address: 00003f41


MEMORY CONFIGURATION

         name            origin    length      used     unused   attr    fill
----------------------  --------  ---------  --------  --------  ----  --------
  FLASH                 00000000   00040000  000042f4  0003bd0c  R  X
  SRAM                  20000000   00010000  00003d14  0000c2ec  RW X


SEGMENT ALLOCATION MAP

run origin  load origin   length   init length attrs members
----------  ----------- ---------- ----------- ----- -------
00000000    00000000    000042f8   000042f8    r-x
  00000000    00000000    000000f0   000000f0    r-- .intvecs
  000000f0    000000f0    00004014   00004014    r-x .text
  00004104    00004104    00000140   00000140    r-- .const
  00004248    00004248    000000b0   000000b0    r-- .cinit
20000000    20000000    00003d18   00000000    rw-
  20000000    20000000    00002adc   00000000    rw- .bss
  20002adc    20002adc    00000800   00000000    rw- .stack
  200032e0    200032e0    00000800   00000000    rw- .sysmem
  20003ae0    20003ae0    00000238   00000000    rw- .data


SECTION ALLOCATION MAP

 output                                  attributes/
section   page    origin      length       input sections
--------  ----  ----------  ----------   ----------------
.intvecs   0    00000000    000000f0     
                  00000000    000000f0     startup_ccs.obj (.intvecs)

.init_array 
*          0    00000000    00000000     UNINITIALIZED

.text      0    000000f0    00004014     
                  000000f0    00000ebc     rtsv7M3_T_le_eabi.lib : _printfi.obj (.text)
                  00000fac    00000c74     tasks.obj (.text)
                  00001c20    000003cc     rtsv7M3_T_le_eabi.lib : memory.obj (.text)
                  00001fec    00000310                           : lowlev.obj (.text)
                  000022fc    000002d4                           : trgdrv.obj (.text)
                  000025d0    000001f4                           : ull_div_t2.obj (.text)
                  000027c4    000001c0                           : fopen.obj (.text)
                  00002984    000001bc     heap_2.obj (.text)
                  00002b40    000001b6     rtsv7M3_T_le_eabi.lib : fd_add_t2.obj (.text)
                  00002cf6    00000002     --HOLE-- [fill = 0]
                  00002cf8    00000148     driverlib-cm3.lib : sysctl.obj (.text:SysCtlClockSet)
                  00002e40    00000136     rtsv7M3_T_le_eabi.lib : fd_div_t2.obj (.text)
                  00002f76    00000002     --HOLE-- [fill = 0]
                  00002f78    00000134                           : fputs.obj (.text)
                  000030ac    0000012e     list.obj (.text)
                  000031da    000000fc     rtsv7M3_T_le_eabi.lib : fd_mul_t2.obj (.text)
                  000032d6    00000002     --HOLE-- [fill = 0]
                  000032d8    000000e4     port.obj (.text)
                  000033bc    000000dc     rtsv7M3_T_le_eabi.lib : setvbuf.obj (.text)
                  00003498    000000c0                           : fflush.obj (.text)
                  00003558    000000ac     main.obj (.text)
                  00003604    000000ac     rtsv7M3_T_le_eabi.lib : _io_perm.obj (.text)
                  000036b0    0000009c     portasm.obj (.text)
                  0000374c    0000009c     rtsv7M3_T_le_eabi.lib : fputc.obj (.text)
                  000037e8    0000009c                           : memcpy_t2.obj (.text)
                  00003884    00000098                           : fclose.obj (.text)
                  0000391c    00000094                           : auto_init.obj (.text)
                  000039b0    00000086                           : fd_cmp_t2.obj (.text:__aeabi_cdcmple)
                  00003a36    00000086                           : fd_cmp_t2.obj (.text:__aeabi_cdrcmple)
                  00003abc    00000078                           : memset_t2.obj (.text)
                  00003b34    00000070                           : printf.obj (.text)
                  00003ba4    00000064                           : fseek.obj (.text)
                  00003c08    00000060     basic_io.obj (.text)
                  00003c68    00000060     rtsv7M3_T_le_eabi.lib : sprintf.obj (.text)
                  00003cc8    00000060                           : trgmsg.obj (.text)
                  00003d28    0000005e                           : copy_decompress_rle.obj (.text)
                  00003d86    0000005a                           : ltoa.obj (.text)
                  00003de0    0000004c                           : atoi.obj (.text)
                  00003e2c    00000048                           : fd_toi_t2.obj (.text)
                  00003e74    00000044                           : cpy_tbl.obj (.text)
                  00003eb8    00000044                           : exit.obj (.text)
                  00003efc    00000044                           : xdtest.obj (.text)
                  00003f40    00000034                           : boot.obj (.text)
                  00003f74    00000030                           : strncpy.obj (.text)
                  00003fa4    0000002e                           : i_tofd_t2.obj (.text)
                  00003fd2    00000022                           : memcmp.obj (.text)
                  00003ff4    0000001a                           : memccpy.obj (.text)
                  0000400e    00000002     --HOLE-- [fill = 0]
                  00004010    00000018                           : args_main.obj (.text)
                  00004028    00000018                           : ll_mul_t2.obj (.text)
                  00004040    00000018                           : strcmp.obj (.text)
                  00004058    00000016                           : memchr.obj (.text)
                  0000406e    00000016                           : strchr.obj (.text)
                  00004084    00000014                           : _lock.obj (.text)
                  00004098    00000014                           : strlen.obj (.text)
                  000040ac    00000012                           : copy_zero_init.obj (.text:decompress:ZI)
                  000040be    00000012                           : strcpy.obj (.text)
                  000040d0    0000000e                           : copy_decompress_none.obj (.text:decompress:none)
                  000040de    0000000e                           : xdclass.obj (.text)
                  000040ec    0000000c     startup_ccs.obj (.text)
                  000040f8    00000006     driverlib-cm3.lib : sysctl.obj (.text:SysCtlDelay)
                  000040fe    00000006     rtsv7M3_T_le_eabi.lib : copy_decompress_rle.obj (.text:decompress:rle24)

.const     0    00004104    00000140     
                  00004104    00000102     rtsv7M3_T_le_eabi.lib : ctype.obj (.const:.string:_ctypes_)
                  00004206    00000002     heap_2.obj (.const)
                  00004208    00000028     main.obj (.const:.string)
                  00004230    00000014     tasks.obj (.const:.string)

.cinit     0    00004248    000000b0     
                  00004248    0000008a     (.cinit..data.load) [load image, compression = rle]
                  000042d2    00000002     --HOLE-- [fill = 0]
                  000042d4    0000000c     (__TI_handler_table)
                  000042e0    00000008     (.cinit..bss.load) [load image, compression = zero_init]
                  000042e8    00000010     (__TI_cinit_table)

.bss       0    20000000    00002adc     UNINITIALIZED
                  20000000    00002800     heap_2.obj (.bss:xHeap)
                  20002800    00000120     rtsv7M3_T_le_eabi.lib : trgmsg.obj (.bss:__CIOBUF_)
                  20002920    000000a0                           : defs.obj (.bss:__TI_tmpnams)
                  200029c0    00000064     tasks.obj (.bss:pxReadyTasksLists)
                  20002a24    00000034     basic_io.obj (.bss:cBuffer)
                  20002a58    00000014     (.common:xDelayedTaskList1)
                  20002a6c    00000014     (.common:xDelayedTaskList2)
                  20002a80    00000014     (.common:xPendingReadyList)
                  20002a94    00000014     (.common:xSuspendedTaskList)
                  20002aa8    00000014     (.common:xTasksWaitingTermination)
                  20002abc    00000008     (.common:parmbuf)
                  20002ac4    00000008     (.common:xEnd)
                  20002acc    00000008     (.common:xStart)
                  20002ad4    00000004     (.common:pxDelayedTaskList)
                  20002ad8    00000004     (.common:pxOverflowDelayedTaskList)

.stack     0    20002adc    00000800     UNINITIALIZED
                  20002adc    00000800     --HOLE--

.sysmem    0    200032e0    00000800     UNINITIALIZED
                  200032e0    00000008     rtsv7M3_T_le_eabi.lib : memory.obj (.sysmem)
                  200032e8    000007f8     --HOLE--

.data      0    20003ae0    00000238     UNINITIALIZED
                  20003ae0    000000f0     rtsv7M3_T_le_eabi.lib : defs.obj (.data:_ftable)
                  20003bd0    000000d0                           : lowlev.obj (.data)
                  20003ca0    00000030     tasks.obj (.data)
                  20003cd0    00000010     rtsv7M3_T_le_eabi.lib : defs.obj (.data)
                  20003ce0    0000000c                           : memory.obj (.data)
                  20003cec    00000008     heap_2.obj (.data)
                  20003cf4    00000008     main.obj (.data)
                  20003cfc    00000008     rtsv7M3_T_le_eabi.lib : _lock.obj (.data)
                  20003d04    00000008                           : exit.obj (.data)
                  20003d0c    00000004     port.obj (.data)
                  20003d10    00000004     rtsv7M3_T_le_eabi.lib : fopen.obj (.data)
                  20003d14    00000004                           : stkdepth_vars.obj (.data)


LINKER GENERATED COPY TABLES

__TI_cinit_table @ 000042e8 records: 2, size/record: 8, table size: 16
	.data: load addr=00004248, load size=0000008a bytes, run addr=20003ae0, run size=00000238 bytes, compression=rle
	.bss: load addr=000042e0, load size=00000008 bytes, run addr=20000000, run size=00002adc bytes, compression=zero_init


LINKER GENERATED HANDLER TABLE

__TI_handler_table @ 000042d4 records: 3, size/record: 4, table size: 12
	index: 0, handler: __TI_decompress_rle24
	index: 1, handler: __TI_decompress_none
	index: 2, handler: __TI_zero_init


GLOBAL SYMBOLS: SORTED ALPHABETICALLY BY Name 

address    name
--------   ----
00003eb9   C$$EXIT
00003cf3   C$$IO$$
00002589   HOSTclock
00002551   HOSTclose
00002513   HOSTgetenv
000024b7   HOSTlseek
00002465   HOSTopen
00002419   HOSTread
000023bb   HOSTrename
00002381   HOSTtime
00002349   HOSTunlink
000022fd   HOSTwrite
000040ed   ResetISR
UNDEFED    SHT$$INIT_ARRAY$$Base
UNDEFED    SHT$$INIT_ARRAY$$Limit
00002cf9   SysCtlClockSet
000040f9   SysCtlDelay
000040df   _Dclass
00003efd   _Dtest
20002800   __CIOBUF_
200032dc   __STACK_END
00000800   __STACK_SIZE
20002cdc   __STACK_TOP
00000800   __SYSMEM_SIZE
000042e8   __TI_CINIT_Base
000042f8   __TI_CINIT_Limit
000042d4   __TI_Handler_Table_Base
000042e0   __TI_Handler_Table_Limit
00000001   __TI_args_main
0000391d   __TI_auto_init
0000288d   __TI_cleanup
20003d04   __TI_cleanup_ptr
00003885   __TI_closefile
000040d1   __TI_decompress_none
000040ff   __TI_decompress_rle24
00003499   __TI_doflush
20003d08   __TI_dtors_ptr
20003cd0   __TI_ft_end
00000ca3   __TI_printfi
00003667   __TI_rd_ok
00003cf7   __TI_readmsg
00000000   __TI_static_base__
20002920   __TI_tmpnams
00003cc9   __TI_writemsg
00003605   __TI_wrt_ok
000040ad   __TI_zero_init
000039b1   __aeabi_cdcmpeq
000039b1   __aeabi_cdcmple
00003a37   __aeabi_cdrcmple
00003e2d   __aeabi_d2iz
00002b4b   __aeabi_dadd
00002e41   __aeabi_ddiv
000031db   __aeabi_dmul
00002b41   __aeabi_dsub
00003fa5   __aeabi_i2d
00004029   __aeabi_lmul
00003abd   __aeabi_memclr
00003abd   __aeabi_memclr4
00003abd   __aeabi_memclr8
000037e9   __aeabi_memcpy
000037e9   __aeabi_memcpy4
000037e9   __aeabi_memcpy8
00003abf   __aeabi_memset
00003abf   __aeabi_memset4
00003abf   __aeabi_memset8
20003cdc   __aeabi_stderr
20003cd4   __aeabi_stdin
20003cd8   __aeabi_stdout
000025d1   __aeabi_uldivmod
ffffffff   __binit__
ffffffff   __c_args__
20002adc   __stack
00004011   _args_main
00003f41   _c_int00
00004104   _ctypes_
20003ae0   _ftable
20003cfc   _lock
00004093   _nop
0000408b   _register_lock
00004085   _register_unlock
200032e0   _sys_memory
20003d00   _unlock
00003ebd   abort
0000224f   add_device
00003de1   atoi
ffffffff   binit
00001fb5   calloc
000021fd   close
00003e75   copy_in
00003ec5   exit
000038eb   fclose
000034e5   fflush
000028e3   fopen
0000374d   fputc
00002f79   fputs
00001d0f   free
000028b9   freopen
00003ba5   fseek
00000000   g_pfnVectors
000021d9   lseek
00003d87   ltoa
00003559   main
20003d14   main_func_sp
00001cad   malloc
00001ed5   memalign
00003ff5   memccpy
00004059   memchr
00003fd3   memcmp
000037e9   memcpy
00003ac5   memset
00001c21   minit
0000212b   open
20003cf4   pcTextForTask1
20003cf8   pcTextForTask2
00003b3d   printf
000037d1   putc
000037d5   putchar
00003083   puts
00002985   pvPortMalloc
20003ca0   pxCurrentTCB
000032d9   pxPortInitialiseStack
00002107   read
00001dcf   realloc
0000207d   remove
000020df   remove_device
000020a1   rename
000033bd   setvbuf
00003c69   sprintf
0000406f   strchr
00004041   strcmp
000040bf   strcpy
00004099   strlen
00003f75   strncpy
0000207d   unlink
00001635   uxTaskGetNumberOfTasks
0000123d   uxTaskPriorityGet
000035dd   vApplicationIdleHook
000035d1   vApplicationMallocFailedHook
000035d3   vApplicationStackOverflowHook
000035df   vApplicationTickHook
000030ad   vListInitialise
000030dd   vListInitialiseItem
00003131   vListInsert
000030ed   vListInsertEnd
00003197   vListRemove
000036fd   vPortClearInterruptMask
0000373b   vPortEnableVFP
00003349   vPortEndScheduler
00003355   vPortEnterCritical
00003365   vPortExitCritical
00002ab7   vPortFree
00002b1f   vPortInitialiseBlocks
0000370b   vPortSVCHandler
000036ef   vPortSetInterruptMask
00003729   vPortStartFirstTask
0000334b   vPortYieldFromISR
00003c09   vPrintString
00003c2d   vPrintStringAndNumber
000011d9   vTaskDelay
00001129   vTaskDelayUntil
000010c1   vTaskDelete
00001535   vTaskEndScheduler
000035a7   vTaskFunction
00001645   vTaskIncrementTick
00001949   vTaskMissedYield
000017ad   vTaskPlaceOnEventList
00001b8f   vTaskPriorityDisinherit
00001b05   vTaskPriorityInherit
00001279   vTaskPrioritySet
00001409   vTaskResume
000018ab   vTaskSetTimeOutState
000014eb   vTaskStartScheduler
00001361   vTaskSuspend
00001547   vTaskSuspendAll
000016ed   vTaskSwitchContext
00001fed   write
00002b19   xPortGetFreeHeapSize
000036b5   xPortPendSVHandler
00003321   xPortStartScheduler
0000337b   xPortSysTickHandler
000018d1   xTaskCheckForTimeOut
00000fad   xTaskGenericCreate
00001af1   xTaskGetCurrentTaskHandle
00001621   xTaskGetTickCount
000013b9   xTaskIsTaskSuspended
0000182d   xTaskRemoveFromEventList
00001551   xTaskResumeAll
00001479   xTaskResumeFromISR


GLOBAL SYMBOLS: SORTED BY Symbol Address 

address    name
--------   ----
00000000   __TI_static_base__
00000000   g_pfnVectors
00000001   __TI_args_main
00000800   __STACK_SIZE
00000800   __SYSMEM_SIZE
00000ca3   __TI_printfi
00000fad   xTaskGenericCreate
000010c1   vTaskDelete
00001129   vTaskDelayUntil
000011d9   vTaskDelay
0000123d   uxTaskPriorityGet
00001279   vTaskPrioritySet
00001361   vTaskSuspend
000013b9   xTaskIsTaskSuspended
00001409   vTaskResume
00001479   xTaskResumeFromISR
000014eb   vTaskStartScheduler
00001535   vTaskEndScheduler
00001547   vTaskSuspendAll
00001551   xTaskResumeAll
00001621   xTaskGetTickCount
00001635   uxTaskGetNumberOfTasks
00001645   vTaskIncrementTick
000016ed   vTaskSwitchContext
000017ad   vTaskPlaceOnEventList
0000182d   xTaskRemoveFromEventList
000018ab   vTaskSetTimeOutState
000018d1   xTaskCheckForTimeOut
00001949   vTaskMissedYield
00001af1   xTaskGetCurrentTaskHandle
00001b05   vTaskPriorityInherit
00001b8f   vTaskPriorityDisinherit
00001c21   minit
00001cad   malloc
00001d0f   free
00001dcf   realloc
00001ed5   memalign
00001fb5   calloc
00001fed   write
0000207d   remove
0000207d   unlink
000020a1   rename
000020df   remove_device
00002107   read
0000212b   open
000021d9   lseek
000021fd   close
0000224f   add_device
000022fd   HOSTwrite
00002349   HOSTunlink
00002381   HOSTtime
000023bb   HOSTrename
00002419   HOSTread
00002465   HOSTopen
000024b7   HOSTlseek
00002513   HOSTgetenv
00002551   HOSTclose
00002589   HOSTclock
000025d1   __aeabi_uldivmod
0000288d   __TI_cleanup
000028b9   freopen
000028e3   fopen
00002985   pvPortMalloc
00002ab7   vPortFree
00002b19   xPortGetFreeHeapSize
00002b1f   vPortInitialiseBlocks
00002b41   __aeabi_dsub
00002b4b   __aeabi_dadd
00002cf9   SysCtlClockSet
00002e41   __aeabi_ddiv
00002f79   fputs
00003083   puts
000030ad   vListInitialise
000030dd   vListInitialiseItem
000030ed   vListInsertEnd
00003131   vListInsert
00003197   vListRemove
000031db   __aeabi_dmul
000032d9   pxPortInitialiseStack
00003321   xPortStartScheduler
00003349   vPortEndScheduler
0000334b   vPortYieldFromISR
00003355   vPortEnterCritical
00003365   vPortExitCritical
0000337b   xPortSysTickHandler
000033bd   setvbuf
00003499   __TI_doflush
000034e5   fflush
00003559   main
000035a7   vTaskFunction
000035d1   vApplicationMallocFailedHook
000035d3   vApplicationStackOverflowHook
000035dd   vApplicationIdleHook
000035df   vApplicationTickHook
00003605   __TI_wrt_ok
00003667   __TI_rd_ok
000036b5   xPortPendSVHandler
000036ef   vPortSetInterruptMask
000036fd   vPortClearInterruptMask
0000370b   vPortSVCHandler
00003729   vPortStartFirstTask
0000373b   vPortEnableVFP
0000374d   fputc
000037d1   putc
000037d5   putchar
000037e9   __aeabi_memcpy
000037e9   __aeabi_memcpy4
000037e9   __aeabi_memcpy8
000037e9   memcpy
00003885   __TI_closefile
000038eb   fclose
0000391d   __TI_auto_init
000039b1   __aeabi_cdcmpeq
000039b1   __aeabi_cdcmple
00003a37   __aeabi_cdrcmple
00003abd   __aeabi_memclr
00003abd   __aeabi_memclr4
00003abd   __aeabi_memclr8
00003abf   __aeabi_memset
00003abf   __aeabi_memset4
00003abf   __aeabi_memset8
00003ac5   memset
00003b3d   printf
00003ba5   fseek
00003c09   vPrintString
00003c2d   vPrintStringAndNumber
00003c69   sprintf
00003cc9   __TI_writemsg
00003cf3   C$$IO$$
00003cf7   __TI_readmsg
00003d87   ltoa
00003de1   atoi
00003e2d   __aeabi_d2iz
00003e75   copy_in
00003eb9   C$$EXIT
00003ebd   abort
00003ec5   exit
00003efd   _Dtest
00003f41   _c_int00
00003f75   strncpy
00003fa5   __aeabi_i2d
00003fd3   memcmp
00003ff5   memccpy
00004011   _args_main
00004029   __aeabi_lmul
00004041   strcmp
00004059   memchr
0000406f   strchr
00004085   _register_unlock
0000408b   _register_lock
00004093   _nop
00004099   strlen
000040ad   __TI_zero_init
000040bf   strcpy
000040d1   __TI_decompress_none
000040df   _Dclass
000040ed   ResetISR
000040f9   SysCtlDelay
000040ff   __TI_decompress_rle24
00004104   _ctypes_
000042d4   __TI_Handler_Table_Base
000042e0   __TI_Handler_Table_Limit
000042e8   __TI_CINIT_Base
000042f8   __TI_CINIT_Limit
20002800   __CIOBUF_
20002920   __TI_tmpnams
20002adc   __stack
20002cdc   __STACK_TOP
200032dc   __STACK_END
200032e0   _sys_memory
20003ae0   _ftable
20003ca0   pxCurrentTCB
20003cd0   __TI_ft_end
20003cd4   __aeabi_stdin
20003cd8   __aeabi_stdout
20003cdc   __aeabi_stderr
20003cf4   pcTextForTask1
20003cf8   pcTextForTask2
20003cfc   _lock
20003d00   _unlock
20003d04   __TI_cleanup_ptr
20003d08   __TI_dtors_ptr
20003d14   main_func_sp
ffffffff   __binit__
ffffffff   __c_args__
ffffffff   binit
UNDEFED    SHT$$INIT_ARRAY$$Base
UNDEFED    SHT$$INIT_ARRAY$$Limit

[188 symbols]
