******************************************************************************
                  TI ARM Linker PC v5.1.6                      
******************************************************************************
>> Linked Sun Sep 13 22:33:47 2015

OUTPUT FILE NAME:   <team6.out>
ENTRY POINT SYMBOL: "_c_int00"  address: 000047d5


MEMORY CONFIGURATION

         name            origin    length      used     unused   attr    fill
----------------------  --------  ---------  --------  --------  ----  --------
  FLASH                 00000000   00040000  00004db4  0003b24c  R  X
  SRAM                  20000000   00010000  00003f9c  0000c064  RW X


SEGMENT ALLOCATION MAP

run origin  load origin   length   init length attrs members
----------  ----------- ---------- ----------- ----- -------
00000000    00000000    00004db8   00004db8    r-x
  00000000    00000000    000000f0   000000f0    r-- .intvecs
  000000f0    000000f0    00004978   00004978    r-x .text
  00004a68    00004a68    0000028c   0000028c    r-- .const
  00004cf8    00004cf8    000000c0   000000c0    r-- .cinit
20000000    20000000    00003fa4   00000000    rw-
  20000000    20000000    0000026c   00000000    rw- .vtable
  20000270    20000270    00002aec   00000000    rw- .bss
  20002d5c    20002d5c    00000800   00000000    rw- .stack
  20003560    20003560    00000800   00000000    rw- .sysmem
  20003d60    20003d60    00000244   00000000    rw- .data


SECTION ALLOCATION MAP

 output                                  attributes/
section   page    origin      length       input sections
--------  ----  ----------  ----------   ----------------
.intvecs   0    00000000    000000f0     
                  00000000    000000f0     startup_ccs.obj (.intvecs)

.init_array 
*          0    00000000    00000000     UNINITIALIZED

.text      0    000000f0    00004978     
                  000000f0    00000ebc     rtsv7M3_T_le_eabi.lib : _printfi.obj (.text)
                  00000fac    00000c74     tasks.obj (.text)
                  00001c20    000005f8     main.obj (.text)
                  00002218    000003cc     rtsv7M3_T_le_eabi.lib : memory.obj (.text)
                  000025e4    00000310                           : lowlev.obj (.text)
                  000028f4    000002d4                           : trgdrv.obj (.text)
                  00002bc8    000001f4                           : ull_div_t2.obj (.text)
                  00002dbc    000001c0                           : fopen.obj (.text)
                  00002f7c    000001bc     heap_2.obj (.text)
                  00003138    000001b6     rtsv7M3_T_le_eabi.lib : fd_add_t2.obj (.text)
                  000032ee    00000002     --HOLE-- [fill = 0]
                  000032f0    00000148     driverlib-cm3.lib : sysctl.obj (.text:SysCtlClockSet)
                  00003438    00000136     rtsv7M3_T_le_eabi.lib : fd_div_t2.obj (.text)
                  0000356e    00000002     --HOLE-- [fill = 0]
                  00003570    00000134                           : fputs.obj (.text)
                  000036a4    0000012e     list.obj (.text)
                  000037d2    00000002     --HOLE-- [fill = 0]
                  000037d4    000000fc     driverlib-cm3.lib : gpio.obj (.text:GPIOGetIntNumber)
                  000038d0    000000fc     rtsv7M3_T_le_eabi.lib : fd_mul_t2.obj (.text)
                  000039cc    000000e4     port.obj (.text)
                  00003ab0    000000dc     rtsv7M3_T_le_eabi.lib : setvbuf.obj (.text)
                  00003b8c    000000c0                           : fflush.obj (.text)
                  00003c4c    000000b8     driverlib-cm3.lib : gpio.obj (.text:GPIOPadConfigSet)
                  00003d04    000000b0     stopwatch.obj (.text)
                  00003db4    000000ac     rtsv7M3_T_le_eabi.lib : _io_perm.obj (.text)
                  00003e60    0000009c     portasm.obj (.text)
                  00003efc    0000009c     rtsv7M3_T_le_eabi.lib : fputc.obj (.text)
                  00003f98    0000009c                           : memcpy_t2.obj (.text)
                  00004034    00000098                           : fclose.obj (.text)
                  000040cc    00000094                           : auto_init.obj (.text)
                  00004160    00000086                           : fd_cmp_t2.obj (.text:__aeabi_cdcmple)
                  000041e6    00000086                           : fd_cmp_t2.obj (.text:__aeabi_cdrcmple)
                  0000426c    00000078                           : memset_t2.obj (.text)
                  000042e4    00000070                           : printf.obj (.text)
                  00004354    00000064                           : fseek.obj (.text)
                  000043b8    00000060     basic_io.obj (.text)
                  00004418    00000060     rtsv7M3_T_le_eabi.lib : sprintf.obj (.text)
                  00004478    00000060                           : trgmsg.obj (.text)
                  000044d8    0000005e                           : copy_decompress_rle.obj (.text)
                  00004536    00000002     --HOLE-- [fill = 0]
                  00004538    0000005c     driverlib-cm3.lib : sysctl.obj (.text:SysCtlPeripheralEnable)
                  00004594    0000005a     rtsv7M3_T_le_eabi.lib : ltoa.obj (.text)
                  000045ee    00000002     --HOLE-- [fill = 0]
                  000045f0    0000004c                           : atoi.obj (.text)
                  0000463c    00000048                           : fd_toi_t2.obj (.text)
                  00004684    00000044                           : cpy_tbl.obj (.text)
                  000046c8    00000044                           : exit.obj (.text)
                  0000470c    00000044                           : fd_tou_t2.obj (.text)
                  00004750    00000044                           : xdtest.obj (.text)
                  00004794    0000003e     driverlib-cm3.lib : gpio.obj (.text:GPIOIntTypeSet)
                  000047d2    00000002     --HOLE-- [fill = 0]
                  000047d4    00000034     rtsv7M3_T_le_eabi.lib : boot.obj (.text)
                  00004808    00000030                           : strncpy.obj (.text)
                  00004838    0000002e                           : i_tofd_t2.obj (.text)
                  00004866    0000002a     driverlib-cm3.lib : gpio.obj (.text:GPIODirModeSet)
                  00004890    00000022     rtsv7M3_T_le_eabi.lib : memcmp.obj (.text)
                  000048b2    00000020                           : u_tofd_t2.obj (.text)
                  000048d2    0000001a                           : memccpy.obj (.text)
                  000048ec    00000018     driverlib-cm3.lib : gpio.obj (.text:GPIOPortIntRegister)
                  00004904    00000018     rtsv7M3_T_le_eabi.lib : args_main.obj (.text)
                  0000491c    00000018                           : ll_mul_t2.obj (.text)
                  00004934    00000018                           : strcmp.obj (.text)
                  0000494c    00000016                           : memchr.obj (.text)
                  00004962    00000016                           : strchr.obj (.text)
                  00004978    00000014                           : _lock.obj (.text)
                  0000498c    00000014                           : strlen.obj (.text)
                  000049a0    00000012     driverlib-cm3.lib : gpio.obj (.text:GPIOPinTypeGPIOInput)
                  000049b2    00000012                       : gpio.obj (.text:GPIOPinTypeGPIOOutput)
                  000049c4    00000012     rtsv7M3_T_le_eabi.lib : copy_zero_init.obj (.text:decompress:ZI)
                  000049d6    00000012                           : strcpy.obj (.text)
                  000049e8    0000000e                           : copy_decompress_none.obj (.text:decompress:none)
                  000049f6    0000000e                           : xdclass.obj (.text)
                  00004a04    0000000c     driverlib-cm3.lib : cpu.obj (.text:CPUcpsid)
                  00004a10    0000000c                       : cpu.obj (.text:CPUcpsie)
                  00004a1c    0000000c                       : gpio.obj (.text:GPIOPinIntEnable)
                  00004a28    0000000c                       : systick.obj (.text:SysTickValueGet)
                  00004a34    0000000c     startup_ccs.obj (.text)
                  00004a40    0000000a     driverlib-cm3.lib : cpu.obj (.text:CPUbasepriGet)
                  00004a4a    00000006                       : cpu.obj (.text:CPUbasepriSet)
                  00004a50    00000006                       : gpio.obj (.text:GPIOPinIntClear)
                  00004a56    00000006                       : gpio.obj (.text:GPIOPinWrite)
                  00004a5c    00000006                       : sysctl.obj (.text:SysCtlDelay)
                  00004a62    00000006     rtsv7M3_T_le_eabi.lib : copy_decompress_rle.obj (.text:decompress:rle24)

.const     0    00004a68    0000028c     
                  00004a68    00000102     rtsv7M3_T_le_eabi.lib : ctype.obj (.const:.string:_ctypes_)
                  00004b6a    00000002     heap_2.obj (.const)
                  00004b6c    0000009c     main.obj (.const:g_pulRegs)
                  00004c08    00000070     main.obj (.const)
                  00004c78    00000040     driverlib-cm3.lib : sysctl.obj (.const)
                  00004cb8    00000028     main.obj (.const:.string)
                  00004ce0    00000014     tasks.obj (.const:.string)

.cinit     0    00004cf8    000000c0     
                  00004cf8    0000008b     (.cinit..data.load) [load image, compression = rle]
                  00004d83    00000001     --HOLE-- [fill = 0]
                  00004d84    0000000c     (__TI_handler_table)
                  00004d90    00000008     (.cinit..bss.load) [load image, compression = zero_init]
                  00004d98    00000008     (.cinit..vtable.load) [load image, compression = zero_init]
                  00004da0    00000018     (__TI_cinit_table)

.vtable    0    20000000    0000026c     UNINITIALIZED
                  20000000    0000026c     main.obj (.vtable)

.bss       0    20000270    00002aec     UNINITIALIZED
                  20000270    00002800     heap_2.obj (.bss:xHeap)
                  20002a70    00000120     rtsv7M3_T_le_eabi.lib : trgmsg.obj (.bss:__CIOBUF_)
                  20002b90    000000a0                           : defs.obj (.bss:__TI_tmpnams)
                  20002c30    00000064     tasks.obj (.bss:pxReadyTasksLists)
                  20002c94    00000034     basic_io.obj (.bss:cBuffer)
                  20002cc8    00000014     (.common:xDelayedTaskList1)
                  20002cdc    00000014     (.common:xDelayedTaskList2)
                  20002cf0    00000014     (.common:xPendingReadyList)
                  20002d04    00000014     (.common:xSuspendedTaskList)
                  20002d18    00000014     (.common:xTasksWaitingTermination)
                  20002d2c    00000010     (.common:g_airspeed_stopwatch)
                  20002d3c    00000008     (.common:parmbuf)
                  20002d44    00000008     (.common:xEnd)
                  20002d4c    00000008     (.common:xStart)
                  20002d54    00000004     (.common:pxDelayedTaskList)
                  20002d58    00000004     (.common:pxOverflowDelayedTaskList)

.stack     0    20002d5c    00000800     UNINITIALIZED
                  20002d5c    00000800     --HOLE--

.sysmem    0    20003560    00000800     UNINITIALIZED
                  20003560    00000008     rtsv7M3_T_le_eabi.lib : memory.obj (.sysmem)
                  20003568    000007f8     --HOLE--

.data      0    20003d60    00000244     UNINITIALIZED
                  20003d60    000000f0     rtsv7M3_T_le_eabi.lib : defs.obj (.data:_ftable)
                  20003e50    000000d0                           : lowlev.obj (.data)
                  20003f20    00000030     tasks.obj (.data)
                  20003f50    00000011     main.obj (.data)
                  20003f61    00000003     --HOLE--
                  20003f64    00000010     rtsv7M3_T_le_eabi.lib : defs.obj (.data)
                  20003f74    0000000c                           : memory.obj (.data)
                  20003f80    00000008     heap_2.obj (.data)
                  20003f88    00000008     rtsv7M3_T_le_eabi.lib : _lock.obj (.data)
                  20003f90    00000008                           : exit.obj (.data)
                  20003f98    00000004     port.obj (.data)
                  20003f9c    00000004     rtsv7M3_T_le_eabi.lib : fopen.obj (.data)
                  20003fa0    00000004                           : stkdepth_vars.obj (.data)


LINKER GENERATED COPY TABLES

__TI_cinit_table @ 00004da0 records: 3, size/record: 8, table size: 24
	.data: load addr=00004cf8, load size=0000008b bytes, run addr=20003d60, run size=00000244 bytes, compression=rle
	.bss: load addr=00004d90, load size=00000008 bytes, run addr=20000270, run size=00002aec bytes, compression=zero_init
	.vtable: load addr=00004d98, load size=00000008 bytes, run addr=20000000, run size=0000026c bytes, compression=zero_init


LINKER GENERATED HANDLER TABLE

__TI_handler_table @ 00004d84 records: 3, size/record: 4, table size: 12
	index: 0, handler: __TI_zero_init
	index: 1, handler: __TI_decompress_rle24
	index: 2, handler: __TI_decompress_none


GLOBAL SYMBOLS: SORTED ALPHABETICALLY BY Name 

address    name
--------   ----
000046c9   C$$EXIT
000044a3   C$$IO$$
00004a41   CPUbasepriGet
00004a4b   CPUbasepriSet
00004a05   CPUcpsid
00004a11   CPUcpsie
00004867   GPIODirModeSet
00004795   GPIOIntTypeSet
00003c4d   GPIOPadConfigSet
00004a51   GPIOPinIntClear
00004a1d   GPIOPinIntEnable
000049a1   GPIOPinTypeGPIOInput
000049b3   GPIOPinTypeGPIOOutput
00004a57   GPIOPinWrite
000048ed   GPIOPortIntRegister
00002b81   HOSTclock
00002b49   HOSTclose
00002b0b   HOSTgetenv
00002aaf   HOSTlseek
00002a5d   HOSTopen
00002a11   HOSTread
000029b3   HOSTrename
00002979   HOSTtime
00002941   HOSTunlink
000028f5   HOSTwrite
00001dd5   IntDisable
00001d63   IntEnable
00001e47   IntIsEnabled
00001c2d   IntMasterDisable
00001c23   IntMasterEnable
00001f3d   IntPendClear
00001ecd   IntPendSet
00001d3f   IntPriorityGet
00001cb7   IntPriorityGroupingGet
00001c9d   IntPriorityGroupingSet
00001f97   IntPriorityMaskGet
00001f8b   IntPriorityMaskSet
00001cef   IntPrioritySet
00001c37   IntRegister
00001c89   IntUnregister
00004a35   ResetISR
UNDEFED    SHT$$INIT_ARRAY$$Base
UNDEFED    SHT$$INIT_ARRAY$$Limit
000032f1   SysCtlClockSet
00004a5d   SysCtlDelay
00004539   SysCtlPeripheralEnable
00004a29   SysTickValueGet
000049f7   _Dclass
00004751   _Dtest
20002a70   __CIOBUF_
2000355c   __STACK_END
00000800   __STACK_SIZE
20002f5c   __STACK_TOP
00000800   __SYSMEM_SIZE
00004da0   __TI_CINIT_Base
00004db8   __TI_CINIT_Limit
00004d84   __TI_Handler_Table_Base
00004d90   __TI_Handler_Table_Limit
00000001   __TI_args_main
000040cd   __TI_auto_init
00002e85   __TI_cleanup
20003f90   __TI_cleanup_ptr
00004035   __TI_closefile
000049e9   __TI_decompress_none
00004a63   __TI_decompress_rle24
00003b8d   __TI_doflush
20003f94   __TI_dtors_ptr
20003f64   __TI_ft_end
00000ca3   __TI_printfi
00003e17   __TI_rd_ok
000044a7   __TI_readmsg
00000000   __TI_static_base__
20002b90   __TI_tmpnams
00004479   __TI_writemsg
00003db5   __TI_wrt_ok
000049c5   __TI_zero_init
00004161   __aeabi_cdcmpeq
00004161   __aeabi_cdcmple
000041e7   __aeabi_cdrcmple
0000463d   __aeabi_d2iz
0000470d   __aeabi_d2uiz
00003143   __aeabi_dadd
00003439   __aeabi_ddiv
000038d1   __aeabi_dmul
00003139   __aeabi_dsub
00004839   __aeabi_i2d
0000491d   __aeabi_lmul
0000426d   __aeabi_memclr
0000426d   __aeabi_memclr4
0000426d   __aeabi_memclr8
00003f99   __aeabi_memcpy
00003f99   __aeabi_memcpy4
00003f99   __aeabi_memcpy8
0000426f   __aeabi_memset
0000426f   __aeabi_memset4
0000426f   __aeabi_memset8
20003f70   __aeabi_stderr
20003f68   __aeabi_stdin
20003f6c   __aeabi_stdout
000048b3   __aeabi_ui2d
00002bc9   __aeabi_uldivmod
ffffffff   __binit__
ffffffff   __c_args__
20002d5c   __stack
00004905   _args_main
000047d5   _c_int00
00004a68   _ctypes_
20003d60   _ftable
20003f88   _lock
00004987   _nop
0000497f   _register_lock
00004979   _register_unlock
20003560   _sys_memory
20003f8c   _unlock
000046cd   abort
00002847   add_device
000045f1   atoi
ffffffff   binit
000025ad   calloc
000027f5   close
00004685   copy_in
000046d5   exit
0000409b   fclose
00003bd9   fflush
00002edb   fopen
00003efd   fputc
00003571   fputs
00002307   free
00002eb1   freopen
00004355   fseek
20002d2c   g_airspeed_stopwatch
20000000   g_pfnRAMVectors
00000000   g_pfnVectors
000027d1   lseek
00004595   ltoa
00001fa5   main
20003fa0   main_func_sp
000022a5   malloc
000024cd   memalign
000048d3   memccpy
0000494d   memchr
00004891   memcmp
00003f99   memcpy
00004275   memset
00002219   minit
00002723   open
20003f50   pcTextForTask1
20003f54   pcTextForTask2
000042ed   printf
00003f81   putc
00003f85   putchar
0000367b   puts
00002f7d   pvPortMalloc
20003f20   pxCurrentTCB
000039cd   pxPortInitialiseStack
000026ff   read
000023c7   realloc
00002675   remove
000026d7   remove_device
00002699   rename
00003ab1   setvbuf
00004419   sprintf
00003d31   stopwatch_get_time_ms
00003d45   stopwatch_get_time_us
00003d05   stopwatch_start
00003d1b   stopwatch_stop
00004963   strchr
00004935   strcmp
000049d7   strcpy
0000498d   strlen
00004809   strncpy
00002675   unlink
00001635   uxTaskGetNumberOfTasks
0000123d   uxTaskPriorityGet
000021b7   vApplicationIdleHook
000021ab   vApplicationMallocFailedHook
000021ad   vApplicationStackOverflowHook
000021b9   vApplicationTickHook
00002089   vISRgpio_port_c
0000206d   vISRgpio_port_e
000036a5   vListInitialise
000036d5   vListInitialiseItem
00003729   vListInsert
000036e5   vListInsertEnd
0000378f   vListRemove
00003ead   vPortClearInterruptMask
00003eeb   vPortEnableVFP
00003a3d   vPortEndScheduler
00003a49   vPortEnterCritical
00003a59   vPortExitCritical
000030af   vPortFree
00003117   vPortInitialiseBlocks
00003ebb   vPortSVCHandler
00003e9f   vPortSetInterruptMask
00003ed9   vPortStartFirstTask
00003a3f   vPortYieldFromISR
000043b9   vPrintString
000043dd   vPrintStringAndNumber
000011d9   vTaskDelay
00001129   vTaskDelayUntil
000010c1   vTaskDelete
00001535   vTaskEndScheduler
00002181   vTaskFunction
00002151   vTaskHeartbeat
00001645   vTaskIncrementTick
00001949   vTaskMissedYield
000017ad   vTaskPlaceOnEventList
00001b8f   vTaskPriorityDisinherit
00001b05   vTaskPriorityInherit
00001279   vTaskPrioritySet
00001409   vTaskResume
000018ab   vTaskSetTimeOutState
000014eb   vTaskStartScheduler
00002095   vTaskStimulateAirspeed
00001361   vTaskSuspend
00001547   vTaskSuspendAll
000016ed   vTaskSwitchContext
00002045   vTaskTestStopwatch
000025e5   write
00003111   xPortGetFreeHeapSize
00003e65   xPortPendSVHandler
00003a15   xPortStartScheduler
00003a6f   xPortSysTickHandler
000018d1   xTaskCheckForTimeOut
00000fad   xTaskGenericCreate
00001af1   xTaskGetCurrentTaskHandle
00001621   xTaskGetTickCount
000013b9   xTaskIsTaskSuspended
0000182d   xTaskRemoveFromEventList
00001551   xTaskResumeAll
00001479   xTaskResumeFromISR


GLOBAL SYMBOLS: SORTED BY Symbol Address 

address    name
--------   ----
00000000   __TI_static_base__
00000000   g_pfnVectors
00000001   __TI_args_main
00000800   __STACK_SIZE
00000800   __SYSMEM_SIZE
00000ca3   __TI_printfi
00000fad   xTaskGenericCreate
000010c1   vTaskDelete
00001129   vTaskDelayUntil
000011d9   vTaskDelay
0000123d   uxTaskPriorityGet
00001279   vTaskPrioritySet
00001361   vTaskSuspend
000013b9   xTaskIsTaskSuspended
00001409   vTaskResume
00001479   xTaskResumeFromISR
000014eb   vTaskStartScheduler
00001535   vTaskEndScheduler
00001547   vTaskSuspendAll
00001551   xTaskResumeAll
00001621   xTaskGetTickCount
00001635   uxTaskGetNumberOfTasks
00001645   vTaskIncrementTick
000016ed   vTaskSwitchContext
000017ad   vTaskPlaceOnEventList
0000182d   xTaskRemoveFromEventList
000018ab   vTaskSetTimeOutState
000018d1   xTaskCheckForTimeOut
00001949   vTaskMissedYield
00001af1   xTaskGetCurrentTaskHandle
00001b05   vTaskPriorityInherit
00001b8f   vTaskPriorityDisinherit
00001c23   IntMasterEnable
00001c2d   IntMasterDisable
00001c37   IntRegister
00001c89   IntUnregister
00001c9d   IntPriorityGroupingSet
00001cb7   IntPriorityGroupingGet
00001cef   IntPrioritySet
00001d3f   IntPriorityGet
00001d63   IntEnable
00001dd5   IntDisable
00001e47   IntIsEnabled
00001ecd   IntPendSet
00001f3d   IntPendClear
00001f8b   IntPriorityMaskSet
00001f97   IntPriorityMaskGet
00001fa5   main
00002045   vTaskTestStopwatch
0000206d   vISRgpio_port_e
00002089   vISRgpio_port_c
00002095   vTaskStimulateAirspeed
00002151   vTaskHeartbeat
00002181   vTaskFunction
000021ab   vApplicationMallocFailedHook
000021ad   vApplicationStackOverflowHook
000021b7   vApplicationIdleHook
000021b9   vApplicationTickHook
00002219   minit
000022a5   malloc
00002307   free
000023c7   realloc
000024cd   memalign
000025ad   calloc
000025e5   write
00002675   remove
00002675   unlink
00002699   rename
000026d7   remove_device
000026ff   read
00002723   open
000027d1   lseek
000027f5   close
00002847   add_device
000028f5   HOSTwrite
00002941   HOSTunlink
00002979   HOSTtime
000029b3   HOSTrename
00002a11   HOSTread
00002a5d   HOSTopen
00002aaf   HOSTlseek
00002b0b   HOSTgetenv
00002b49   HOSTclose
00002b81   HOSTclock
00002bc9   __aeabi_uldivmod
00002e85   __TI_cleanup
00002eb1   freopen
00002edb   fopen
00002f7d   pvPortMalloc
000030af   vPortFree
00003111   xPortGetFreeHeapSize
00003117   vPortInitialiseBlocks
00003139   __aeabi_dsub
00003143   __aeabi_dadd
000032f1   SysCtlClockSet
00003439   __aeabi_ddiv
00003571   fputs
0000367b   puts
000036a5   vListInitialise
000036d5   vListInitialiseItem
000036e5   vListInsertEnd
00003729   vListInsert
0000378f   vListRemove
000038d1   __aeabi_dmul
000039cd   pxPortInitialiseStack
00003a15   xPortStartScheduler
00003a3d   vPortEndScheduler
00003a3f   vPortYieldFromISR
00003a49   vPortEnterCritical
00003a59   vPortExitCritical
00003a6f   xPortSysTickHandler
00003ab1   setvbuf
00003b8d   __TI_doflush
00003bd9   fflush
00003c4d   GPIOPadConfigSet
00003d05   stopwatch_start
00003d1b   stopwatch_stop
00003d31   stopwatch_get_time_ms
00003d45   stopwatch_get_time_us
00003db5   __TI_wrt_ok
00003e17   __TI_rd_ok
00003e65   xPortPendSVHandler
00003e9f   vPortSetInterruptMask
00003ead   vPortClearInterruptMask
00003ebb   vPortSVCHandler
00003ed9   vPortStartFirstTask
00003eeb   vPortEnableVFP
00003efd   fputc
00003f81   putc
00003f85   putchar
00003f99   __aeabi_memcpy
00003f99   __aeabi_memcpy4
00003f99   __aeabi_memcpy8
00003f99   memcpy
00004035   __TI_closefile
0000409b   fclose
000040cd   __TI_auto_init
00004161   __aeabi_cdcmpeq
00004161   __aeabi_cdcmple
000041e7   __aeabi_cdrcmple
0000426d   __aeabi_memclr
0000426d   __aeabi_memclr4
0000426d   __aeabi_memclr8
0000426f   __aeabi_memset
0000426f   __aeabi_memset4
0000426f   __aeabi_memset8
00004275   memset
000042ed   printf
00004355   fseek
000043b9   vPrintString
000043dd   vPrintStringAndNumber
00004419   sprintf
00004479   __TI_writemsg
000044a3   C$$IO$$
000044a7   __TI_readmsg
00004539   SysCtlPeripheralEnable
00004595   ltoa
000045f1   atoi
0000463d   __aeabi_d2iz
00004685   copy_in
000046c9   C$$EXIT
000046cd   abort
000046d5   exit
0000470d   __aeabi_d2uiz
00004751   _Dtest
00004795   GPIOIntTypeSet
000047d5   _c_int00
00004809   strncpy
00004839   __aeabi_i2d
00004867   GPIODirModeSet
00004891   memcmp
000048b3   __aeabi_ui2d
000048d3   memccpy
000048ed   GPIOPortIntRegister
00004905   _args_main
0000491d   __aeabi_lmul
00004935   strcmp
0000494d   memchr
00004963   strchr
00004979   _register_unlock
0000497f   _register_lock
00004987   _nop
0000498d   strlen
000049a1   GPIOPinTypeGPIOInput
000049b3   GPIOPinTypeGPIOOutput
000049c5   __TI_zero_init
000049d7   strcpy
000049e9   __TI_decompress_none
000049f7   _Dclass
00004a05   CPUcpsid
00004a11   CPUcpsie
00004a1d   GPIOPinIntEnable
00004a29   SysTickValueGet
00004a35   ResetISR
00004a41   CPUbasepriGet
00004a4b   CPUbasepriSet
00004a51   GPIOPinIntClear
00004a57   GPIOPinWrite
00004a5d   SysCtlDelay
00004a63   __TI_decompress_rle24
00004a68   _ctypes_
00004d84   __TI_Handler_Table_Base
00004d90   __TI_Handler_Table_Limit
00004da0   __TI_CINIT_Base
00004db8   __TI_CINIT_Limit
20000000   g_pfnRAMVectors
20002a70   __CIOBUF_
20002b90   __TI_tmpnams
20002d2c   g_airspeed_stopwatch
20002d5c   __stack
20002f5c   __STACK_TOP
2000355c   __STACK_END
20003560   _sys_memory
20003d60   _ftable
20003f20   pxCurrentTCB
20003f50   pcTextForTask1
20003f54   pcTextForTask2
20003f64   __TI_ft_end
20003f68   __aeabi_stdin
20003f6c   __aeabi_stdout
20003f70   __aeabi_stderr
20003f88   _lock
20003f8c   _unlock
20003f90   __TI_cleanup_ptr
20003f94   __TI_dtors_ptr
20003fa0   main_func_sp
ffffffff   __binit__
ffffffff   __c_args__
ffffffff   binit
UNDEFED    SHT$$INIT_ARRAY$$Base
UNDEFED    SHT$$INIT_ARRAY$$Limit

[231 symbols]
