******************************************************************************
                  TI ARM Linker PC v5.1.6                      
******************************************************************************
>> Linked Sat Oct 03 15:36:16 2015

OUTPUT FILE NAME:   <FRT.out>
ENTRY POINT SYMBOL: "_c_int00"  address: 00005125


MEMORY CONFIGURATION

         name            origin    length      used     unused   attr    fill
----------------------  --------  ---------  --------  --------  ----  --------
  FLASH                 00000000   00040000  00005afa  0003a506  R  X
  SRAM                  20000000   00010000  0000f1b0  00000e50  RW X


SEGMENT ALLOCATION MAP

run origin  load origin   length   init length attrs members
----------  ----------- ---------- ----------- ----- -------
00000000    00000000    00005b00   00005b00    r-x
  00000000    00000000    000000f0   000000f0    r-- .intvecs
  000000f0    000000f0    000053aa   000053aa    r-x .text
  0000549c    0000549c    000005f0   000005f0    r-- .const
  00005a90    00005a90    00000070   00000070    r-- .cinit
20000000    20000000    0000f1b4   00000000    rw-
  20000000    20000000    0000026c   00000000    rw- .vtable
  2000026c    2000026c    00006608   00000000    rw- .data
  20006874    20006874    00003000   00000000    rw- .stack
  20009878    20009878    00003000   00000000    rw- .sysmem
  2000c878    2000c878    0000293c   00000000    rw- .bss


SECTION ALLOCATION MAP

 output                                  attributes/
section   page    origin      length       input sections
--------  ----  ----------  ----------   ----------------
.intvecs   0    00000000    000000f0     
                  00000000    000000f0     startup_ccs.obj (.intvecs)

.text      0    000000f0    000053aa     
                  000000f0    00000ebc     rtsv7M3_T_le_eabi.lib : _printfi.obj (.text)
                  00000fac    00000c74     tasks.obj (.text)
                  00001c20    00000770     main.obj (.text)
                  00002390    00000614     queue.obj (.text)
                  000029a4    00000510     rit128x96x4.obj (.text)
                  00002eb4    000003cc     rtsv7M3_T_le_eabi.lib : memory.obj (.text)
                  00003280    00000378     uut_gpio.obj (.text)
                  000035f8    00000258     UART.obj (.text)
                  00003850    00000218     PC_UART.obj (.text)
                  00003a68    000001f4     rtsv7M3_T_le_eabi.lib : ull_div_t2.obj (.text)
                  00003c5c    000001d8     driverlib-cm3.lib : sysctl.obj (.text:SysCtlClockGet)
                  00003e34    000001bc     heap_2.obj (.text)
                  00003ff0    000001b6     rtsv7M3_T_le_eabi.lib : fd_add_t2.obj (.text)
                  000041a6    00000160     stopwatch.obj (.text)
                  00004306    00000002     --HOLE-- [fill = 0]
                  00004308    00000144     driverlib-cm3.lib : sysctl.obj (.text:SysCtlClockSet)
                  0000444c    00000136     rtsv7M3_T_le_eabi.lib : fd_div_t2.obj (.text)
                  00004582    0000012e     list.obj (.text)
                  000046b0    000000fc     rtsv7M3_T_le_eabi.lib : fd_mul_t2.obj (.text)
                  000047ac    000000e4     port.obj (.text)
                  00004890    000000c8     driverlib-cm3.lib : gpio.obj (.text:GPIOPadConfigSet)
                  00004958    0000009c     portasm.obj (.text)
                  000049f4    0000009c     rtsv7M3_T_le_eabi.lib : memcpy_t2.obj (.text)
                  00004a90    00000094                           : auto_init.obj (.text)
                  00004b24    00000086                           : fd_cmp_t2.obj (.text:__aeabi_cdcmple)
                  00004baa    00000086                           : fd_cmp_t2.obj (.text:__aeabi_cdrcmple)
                  00004c30    00000078                           : memset_t2.obj (.text)
                  00004ca8    00000064     driverlib-cm3.lib : interrupt.obj (.text:IntEnable)
                  00004d0c    00000060     rtsv7M3_T_le_eabi.lib : sprintf.obj (.text)
                  00004d6c    0000005e                           : copy_decompress_rle.obj (.text)
                  00004dca    0000005a                           : ltoa.obj (.text)
                  00004e24    00000058     driverlib-cm3.lib : sysctl.obj (.text:SysCtlPeripheralEnable)
                  00004e7c    0000004c     rtsv7M3_T_le_eabi.lib : atoi.obj (.text)
                  00004ec8    00000048     driverlib-cm3.lib : gpio.obj (.text:GPIOPinConfigure)
                  00004f10    00000048     rtsv7M3_T_le_eabi.lib : fd_toi_t2.obj (.text)
                  00004f58    00000044     driverlib-cm3.lib : ssi.obj (.text:SSIConfigSetExpClk)
                  00004f9c    00000044     rtsv7M3_T_le_eabi.lib : cpy_tbl.obj (.text)
                  00004fe0    00000044                           : exit.obj (.text)
                  00005024    00000044                           : fd_tou_t2.obj (.text)
                  00005068    00000044                           : xdtest.obj (.text)
                  000050ac    00000042     driverlib-cm3.lib : uart.obj (.text:UARTConfigSetExpClk)
                  000050ee    00000002     --HOLE-- [fill = 0]
                  000050f0    00000034                       : interrupt.obj (.text:IntRegister)
                  00005124    00000034     rtsv7M3_T_le_eabi.lib : boot.obj (.text)
                  00005158    00000030                           : strncpy.obj (.text)
                  00005188    0000002e     driverlib-cm3.lib : gpio.obj (.text:GPIODirModeSet)
                  000051b6    0000002e     rtsv7M3_T_le_eabi.lib : i_tofd_t2.obj (.text)
                  000051e4    00000026                           : strncmp.obj (.text)
                  0000520a    00000022                           : memcmp.obj (.text)
                  0000522c    00000020     driverlib-cm3.lib : uart.obj (.text:UARTIntNumberGet)
                  0000524c    0000001e                       : pwm.obj (.text:PWMPulseWidthSet)
                  0000526a    00000002     --HOLE-- [fill = 0]
                  0000526c    0000001c                       : uart.obj (.text:UARTDisable)
                  00005288    0000001a     rtsv7M3_T_le_eabi.lib : memccpy.obj (.text)
                  000052a2    00000018     driverlib-cm3.lib : uart.obj (.text:UARTIntRegister)
                  000052ba    00000002     --HOLE-- [fill = 0]
                  000052bc    00000018     rtsv7M3_T_le_eabi.lib : args_main.obj (.text)
                  000052d4    00000018                           : ll_mul_t2.obj (.text)
                  000052ec    00000016     driverlib-cm3.lib : pwm.obj (.text:PWMOutputState)
                  00005302    00000014                       : pwm.obj (.text:PWMGenPeriodSet)
                  00005316    00000014                       : uart.obj (.text:UARTEnable)
                  0000532a    00000002     --HOLE-- [fill = 0]
                  0000532c    00000014     rtsv7M3_T_le_eabi.lib : _lock.obj (.text)
                  00005340    00000014                           : strlen.obj (.text)
                  00005354    00000012     driverlib-cm3.lib : gpio.obj (.text:GPIOPinTypeGPIOOutput)
                  00005366    00000012                       : gpio.obj (.text:GPIOPinTypeSSI)
                  00005378    00000012                       : gpio.obj (.text:GPIOPinTypeUART)
                  0000538a    00000012                       : ssi.obj (.text:SSIDataGetNonBlocking)
                  0000539c    00000012     rtsv7M3_T_le_eabi.lib : copy_zero_init.obj (.text:decompress:ZI)
                  000053ae    00000002     --HOLE-- [fill = 0]
                  000053b0    00000010     driverlib-cm3.lib : systick.obj (.text:SysTickPeriodGet)
                  000053c0    00000010                       : uart.obj (.text:UARTCharGetNonBlocking)
                  000053d0    00000010                       : uart.obj (.text:UARTCharPutNonBlocking)
                  000053e0    0000000e     rtsv7M3_T_le_eabi.lib : copy_decompress_none.obj (.text:decompress:none)
                  000053ee    0000000e                           : xdclass.obj (.text)
                  000053fc    0000000c     driverlib-cm3.lib : cpu.obj (.text:CPUcpsie)
                  00005408    0000000c                       : systick.obj (.text:SysTickValueGet)
                  00005414    0000000c                       : uart.obj (.text:UARTCharsAvail)
                  00005420    0000000c     startup_ccs.obj (.text)
                  0000542c    0000000a     driverlib-cm3.lib : interrupt.obj (.text:IntMasterEnable)
                  00005436    0000000a                       : pwm.obj (.text:PWMGenDisable)
                  00005440    0000000a                       : ssi.obj (.text:SSIDataPut)
                  0000544a    0000000a                       : ssi.obj (.text:SSIDisable)
                  00005454    0000000a                       : ssi.obj (.text:SSIEnable)
                  0000545e    0000000a                       : uart.obj (.text:UARTIntStatus)
                  00005468    00000008                       : ssi.obj (.text:SSIBusy)
                  00005470    00000008                       : uart.obj (.text:UARTIntEnable)
                  00005478    00000006                       : gpio.obj (.text:GPIOPinIntClear)
                  0000547e    00000006                       : gpio.obj (.text:GPIOPinWrite)
                  00005484    00000006                       : pwm.obj (.text:PWMGenIntClear)
                  0000548a    00000006                       : sysctl.obj (.text:SysCtlDelay)
                  00005490    00000006     rtsv7M3_T_le_eabi.lib : copy_decompress_rle.obj (.text:decompress:rle24)
                  00005496    00000004     driverlib-cm3.lib : uart.obj (.text:UARTIntClear)

.const     0    0000549c    000005f0     
                  0000549c    000001e0     rit128x96x4.obj (.const:g_pucFont)
                  0000567c    00000102     rtsv7M3_T_le_eabi.lib : ctype.obj (.const:.string:_ctypes_)
                  0000577e    00000002     heap_2.obj (.const)
                  00005780    00000078     driverlib-cm3.lib : gpio.obj (.const:g_pulGPIOBaseAddrs)
                  000057f8    00000070                       : interrupt.obj (.const)
                  00005868    0000006c                       : sysctl.obj (.const:g_pulXtals)
                  000058d4    0000004f     rit128x96x4.obj (.const:.string:g_pucRIT128x96x4Init)
                  00005923    00000001     --HOLE-- [fill = 0]
                  00005924    00000040     driverlib-cm3.lib : sysctl.obj (.const)
                  00005964    00000040                       : uart.obj (.const:g_ppulUARTIntMap)
                  000059a4    0000003a     main.obj (.const:.string)
                  000059de    00000032     main.obj (.const:.string:$P$T0$1)
                  00005a10    00000032     main.obj (.const:.string:$P$T1$2)
                  00005a42    00000002     --HOLE-- [fill = 0]
                  00005a44    00000028     main.obj (.const)
                  00005a6c    00000014     tasks.obj (.const:.string)
                  00005a80    0000000c     rit128x96x4.obj (.const:.string)

.cinit     0    00005a90    00000070     
                  00005a90    00000035     (.cinit..data.load) [load image, compression = rle]
                  00005ac5    00000003     --HOLE-- [fill = 0]
                  00005ac8    0000000c     (__TI_handler_table)
                  00005ad4    00000004     --HOLE-- [fill = 0]
                  00005ad8    00000008     (.cinit..bss.load) [load image, compression = zero_init]
                  00005ae0    00000008     (.cinit..vtable.load) [load image, compression = zero_init]
                  00005ae8    00000018     (__TI_cinit_table)

.vtable    0    20000000    0000026c     UNINITIALIZED
                  20000000    0000026c     driverlib-cm3.lib : interrupt.obj (.vtable)

.data      0    2000026c    00006608     UNINITIALIZED
                  2000026c    00001f40     uut_gpio.obj (.data:g_airspeed_response_flags)
                  200021ac    00001f40     uut_gpio.obj (.data:g_airspeed_times)
                  200040ec    00001f40     uut_gpio.obj (.data:g_transponder_times)
                  2000602c    000007d0     uut_gpio.obj (.data:g_transponder_response_flags)
                  200067fc    00000030     tasks.obj (.data)
                  2000682c    0000001c     uut_gpio.obj (.data)
                  20006848    0000000c     rtsv7M3_T_le_eabi.lib : memory.obj (.data)
                  20006854    00000008     heap_2.obj (.data)
                  2000685c    00000008     rtsv7M3_T_le_eabi.lib : _lock.obj (.data)
                  20006864    00000008                           : exit.obj (.data)
                  2000686c    00000004     port.obj (.data)
                  20006870    00000004     rtsv7M3_T_le_eabi.lib : stkdepth_vars.obj (.data)

.stack     0    20006874    00003000     UNINITIALIZED
                  20006874    00003000     --HOLE--

.sysmem    0    20009878    00003000     UNINITIALIZED
                  20009878    00000008     rtsv7M3_T_le_eabi.lib : memory.obj (.sysmem)
                  20009880    00002ff8     --HOLE--

.bss       0    2000c878    0000293c     UNINITIALIZED
                  2000c878    00002800     heap_2.obj (.bss:xHeap)
                  2000f078    00000064     tasks.obj (.bss:pxReadyTasksLists)
                  2000f0dc    00000014     (.common:g_airspeed_stopwatch)
                  2000f0f0    00000014     (.common:g_transponder_stopwatch)
                  2000f104    00000014     (.common:xDelayedTaskList1)
                  2000f118    00000014     (.common:xDelayedTaskList2)
                  2000f12c    00000014     (.common:xPendingReadyList)
                  2000f140    00000014     (.common:xSuspendedTaskList)
                  2000f154    00000014     (.common:xTasksWaitingTermination)
                  2000f168    00000008     (.common:g_pucBuffer)
                  2000f170    00000008     (.common:xEnd)
                  2000f178    00000008     (.common:xStart)
                  2000f180    00000004     (.common:g_ulSSIFlags)
                  2000f184    00000004     (.common:pxDelayedTaskList)
                  2000f188    00000004     (.common:pxOverflowDelayedTaskList)
                  2000f18c    00000004     (.common:xCOMMS_FROM_PC_Queue)
                  2000f190    00000004     (.common:xClockSpeed)
                  2000f194    00000004     (.common:xMirrorTX)
                  2000f198    00000004     (.common:xPC_SENT)
                  2000f19c    00000004     (.common:xSEND_RESULTS_Queue)
                  2000f1a0    00000004     (.common:xTestMutex)
                  2000f1a4    00000004     (.common:xTimeout)
                  2000f1a8    00000004     (.common:xToTest)
                  2000f1ac    00000004     (.common:xToTimeout)
                  2000f1b0    00000004     (.common:xUARTReadQueue)


LINKER GENERATED COPY TABLES

__TI_cinit_table @ 00005ae8 records: 3, size/record: 8, table size: 24
	.data: load addr=00005a90, load size=00000035 bytes, run addr=2000026c, run size=00006608 bytes, compression=rle
	.bss: load addr=00005ad8, load size=00000008 bytes, run addr=2000c878, run size=0000293c bytes, compression=zero_init
	.vtable: load addr=00005ae0, load size=00000008 bytes, run addr=20000000, run size=0000026c bytes, compression=zero_init


LINKER GENERATED HANDLER TABLE

__TI_handler_table @ 00005ac8 records: 3, size/record: 4, table size: 12
	index: 0, handler: __TI_zero_init
	index: 1, handler: __TI_decompress_rle24
	index: 2, handler: __TI_decompress_none


GLOBAL SYMBOLS: SORTED ALPHABETICALLY BY Name 

address    name
--------   ----
00004fe1   C$$EXIT
000053fd   CPUcpsie
00005189   GPIODirModeSet
00004891   GPIOPadConfigSet
00004ec9   GPIOPinConfigure
00005479   GPIOPinIntClear
00005355   GPIOPinTypeGPIOOutput
00005367   GPIOPinTypeSSI
00005379   GPIOPinTypeUART
0000547f   GPIOPinWrite
0000352b   InitGPIO
0000378b   InitUART
0000388b   Init_PC_UART
00004ca9   IntEnable
0000542d   IntMasterEnable
000050f1   IntRegister
00003851   PC_UARTIntHandler
00005437   PWMGenDisable
00005485   PWMGenIntClear
00005303   PWMGenPeriodSet
000052ed   PWMOutputState
0000524d   PWMPulseWidthSet
00002aad   RIT128x96x4Clear
00002d2b   RIT128x96x4Disable
00002e7d   RIT128x96x4DisplayOff
00002e49   RIT128x96x4DisplayOn
00002cd1   RIT128x96x4Enable
00002c49   RIT128x96x4ImageDraw
00002da5   RIT128x96x4Init
00002b09   RIT128x96x4StringDraw
00005421   ResetISR
UNDEFED    SHT$$INIT_ARRAY$$Base
UNDEFED    SHT$$INIT_ARRAY$$Limit
00005469   SSIBusy
00004f59   SSIConfigSetExpClk
0000538b   SSIDataGetNonBlocking
00005441   SSIDataPut
0000544b   SSIDisable
00005455   SSIEnable
00003c5d   SysCtlClockGet
00004309   SysCtlClockSet
0000548b   SysCtlDelay
00004e25   SysCtlPeripheralEnable
000053b1   SysTickPeriodGet
00005409   SysTickValueGet
00001c89   Test_Manager
000053c1   UARTCharGetNonBlocking
000053d1   UARTCharPutNonBlocking
00005415   UARTCharsAvail
000050ad   UARTConfigSetExpClk
0000526d   UARTDisable
00005317   UARTEnable
00005497   UARTIntClear
00005471   UARTIntEnable
000035f9   UARTIntHandler
000052a3   UARTIntRegister
0000545f   UARTIntStatus
00003633   UARTSend
000053ef   _Dclass
00005069   _Dtest
20009874   __STACK_END
00003000   __STACK_SIZE
20006974   __STACK_TOP
00003000   __SYSMEM_SIZE
00005ae8   __TI_CINIT_Base
00005b00   __TI_CINIT_Limit
00005ac8   __TI_Handler_Table_Base
00005ad4   __TI_Handler_Table_Limit
00000001   __TI_args_main
00004a91   __TI_auto_init
20006864   __TI_cleanup_ptr
000053e1   __TI_decompress_none
00005491   __TI_decompress_rle24
20006868   __TI_dtors_ptr
00000ca3   __TI_printfi
00000000   __TI_static_base__
0000539d   __TI_zero_init
00004b25   __aeabi_cdcmpeq
00004b25   __aeabi_cdcmple
00004bab   __aeabi_cdrcmple
00004f11   __aeabi_d2iz
00005025   __aeabi_d2uiz
00003ffb   __aeabi_dadd
0000444d   __aeabi_ddiv
000046b1   __aeabi_dmul
00003ff1   __aeabi_dsub
000051b7   __aeabi_i2d
000052d5   __aeabi_lmul
00004c31   __aeabi_memclr
00004c31   __aeabi_memclr4
00004c31   __aeabi_memclr8
000049f5   __aeabi_memcpy
000049f5   __aeabi_memcpy4
000049f5   __aeabi_memcpy8
00004c33   __aeabi_memset
00004c33   __aeabi_memset4
00004c33   __aeabi_memset8
00003a69   __aeabi_uldivmod
ffffffff   __binit__
ffffffff   __c_args__
20006874   __stack
000052bd   _args_main
00005125   _c_int00
0000567c   _ctypes_
2000685c   _lock
0000533b   _nop
00005333   _register_lock
0000532d   _register_unlock
20009878   _sys_memory
20006860   _unlock
00004fe5   abort
00003281   airspeed_pulse_isr
00003369   airspeed_pulse_isr_gpio_test_b
000033b3   airspeed_response_isr
00004e7d   atoi
ffffffff   binit
00003249   calloc
00004f9d   copy_in
00004fed   exit
00002fa3   free
2000682c   g_airspeed_pulse_count
2000026c   g_airspeed_response_flags
2000f0dc   g_airspeed_stopwatch
200021ac   g_airspeed_times
20000000   g_pfnRAMVectors
00000000   g_pfnVectors
20006830   g_transponder_pulse_count
2000602c   g_transponder_response_flags
2000f0f0   g_transponder_stopwatch
200040ec   g_transponder_times
00004dcb   ltoa
00001c21   main
20006870   main_func_sp
00002f41   malloc
00003169   memalign
00005289   memccpy
0000520b   memcmp
000049f5   memcpy
00004c39   memset
00002eb5   minit
0000365d   mirrorUART
00003e35   pvPortMalloc
200067fc   pxCurrentTCB
000047ad   pxPortInitialiseStack
00003063   realloc
0000355d   reset_uut
00003933   send_results_to_PC
00004d0d   sprintf
00004233   stopwatch_get_subticks
00004283   stopwatch_get_time_ms
000042ab   stopwatch_get_time_us
000041fb   stopwatch_start
00004217   stopwatch_stop
00005341   strlen
000051e5   strncmp
00005159   strncpy
0000330d   test_b_output_toggle
0000343f   test_one_frequency_mod
000034c9   test_two_frequency_mod
000032c7   transponder_pulse_isr
000033d3   transponder_response_isr
000033f1   uut_gpio_response_analysis
000027ab   uxQueueMessagesWaiting
000027c1   uxQueueMessagesWaitingFromISR
00001635   uxTaskGetNumberOfTasks
0000123d   uxTaskPriorityGet
0000234d   vApplicationIdleHook
00002341   vApplicationMallocFailedHook
00002343   vApplicationStackOverflowHook
0000234f   vApplicationTickHook
00002151   vClockSpeed
00004583   vListInitialise
000045b3   vListInitialiseItem
00004607   vListInsert
000045c3   vListInsertEnd
0000466d   vListRemove
00001f19   vMirrorTX
000049a5   vPortClearInterruptMask
000049e3   vPortEnableVFP
0000481d   vPortEndScheduler
00004829   vPortEnterCritical
00004839   vPortExitCritical
00003f67   vPortFree
00003fcf   vPortInitialiseBlocks
000049b3   vPortSVCHandler
00004997   vPortSetInterruptMask
000049d1   vPortStartFirstTask
0000481f   vPortYieldFromISR
000027d3   vQueueDelete
000011d9   vTaskDelay
00001129   vTaskDelayUntil
000010c1   vTaskDelete
00001535   vTaskEndScheduler
00001645   vTaskIncrementTick
00001949   vTaskMissedYield
000017ad   vTaskPlaceOnEventList
00001b8f   vTaskPriorityDisinherit
00001b05   vTaskPriorityInherit
00001279   vTaskPrioritySet
00001409   vTaskResume
000018ab   vTaskSetTimeOutState
000014eb   vTaskStartScheduler
00001361   vTaskSuspend
00001547   vTaskSuspendAll
000016ed   vTaskSwitchContext
000041a7   vTaskTestStopwatch
00001dc5   vTimeout
2000f18c   xCOMMS_FROM_PC_Queue
2000f190   xClockSpeed
2000f194   xMirrorTX
2000f198   xPC_SENT
00003fc9   xPortGetFreeHeapSize
0000495d   xPortPendSVHandler
000047f5   xPortStartScheduler
0000484f   xPortSysTickHandler
00002391   xQueueCreate
0000249f   xQueueCreateCountingSemaphore
00002437   xQueueCreateMutex
0000260f   xQueueGenericReceive
000024bd   xQueueGenericSend
000025a5   xQueueGenericSendFromISR
0000294d   xQueueIsQueueEmptyFromISR
00002987   xQueueIsQueueFullFromISR
00002743   xQueueReceiveFromISR
2000f19c   xSEND_RESULTS_Queue
000018d1   xTaskCheckForTimeOut
00000fad   xTaskGenericCreate
00001af1   xTaskGetCurrentTaskHandle
00001621   xTaskGetTickCount
000013b9   xTaskIsTaskSuspended
0000182d   xTaskRemoveFromEventList
00001551   xTaskResumeAll
00001479   xTaskResumeFromISR
2000f1a0   xTestMutex
2000f1a4   xTimeout
2000f1a8   xToTest
2000f1ac   xToTimeout
2000f1b0   xUARTReadQueue


GLOBAL SYMBOLS: SORTED BY Symbol Address 

address    name
--------   ----
00000000   __TI_static_base__
00000000   g_pfnVectors
00000001   __TI_args_main
00000ca3   __TI_printfi
00000fad   xTaskGenericCreate
000010c1   vTaskDelete
00001129   vTaskDelayUntil
000011d9   vTaskDelay
0000123d   uxTaskPriorityGet
00001279   vTaskPrioritySet
00001361   vTaskSuspend
000013b9   xTaskIsTaskSuspended
00001409   vTaskResume
00001479   xTaskResumeFromISR
000014eb   vTaskStartScheduler
00001535   vTaskEndScheduler
00001547   vTaskSuspendAll
00001551   xTaskResumeAll
00001621   xTaskGetTickCount
00001635   uxTaskGetNumberOfTasks
00001645   vTaskIncrementTick
000016ed   vTaskSwitchContext
000017ad   vTaskPlaceOnEventList
0000182d   xTaskRemoveFromEventList
000018ab   vTaskSetTimeOutState
000018d1   xTaskCheckForTimeOut
00001949   vTaskMissedYield
00001af1   xTaskGetCurrentTaskHandle
00001b05   vTaskPriorityInherit
00001b8f   vTaskPriorityDisinherit
00001c21   main
00001c89   Test_Manager
00001dc5   vTimeout
00001f19   vMirrorTX
00002151   vClockSpeed
00002341   vApplicationMallocFailedHook
00002343   vApplicationStackOverflowHook
0000234d   vApplicationIdleHook
0000234f   vApplicationTickHook
00002391   xQueueCreate
00002437   xQueueCreateMutex
0000249f   xQueueCreateCountingSemaphore
000024bd   xQueueGenericSend
000025a5   xQueueGenericSendFromISR
0000260f   xQueueGenericReceive
00002743   xQueueReceiveFromISR
000027ab   uxQueueMessagesWaiting
000027c1   uxQueueMessagesWaitingFromISR
000027d3   vQueueDelete
0000294d   xQueueIsQueueEmptyFromISR
00002987   xQueueIsQueueFullFromISR
00002aad   RIT128x96x4Clear
00002b09   RIT128x96x4StringDraw
00002c49   RIT128x96x4ImageDraw
00002cd1   RIT128x96x4Enable
00002d2b   RIT128x96x4Disable
00002da5   RIT128x96x4Init
00002e49   RIT128x96x4DisplayOn
00002e7d   RIT128x96x4DisplayOff
00002eb5   minit
00002f41   malloc
00002fa3   free
00003000   __STACK_SIZE
00003000   __SYSMEM_SIZE
00003063   realloc
00003169   memalign
00003249   calloc
00003281   airspeed_pulse_isr
000032c7   transponder_pulse_isr
0000330d   test_b_output_toggle
00003369   airspeed_pulse_isr_gpio_test_b
000033b3   airspeed_response_isr
000033d3   transponder_response_isr
000033f1   uut_gpio_response_analysis
0000343f   test_one_frequency_mod
000034c9   test_two_frequency_mod
0000352b   InitGPIO
0000355d   reset_uut
000035f9   UARTIntHandler
00003633   UARTSend
0000365d   mirrorUART
0000378b   InitUART
00003851   PC_UARTIntHandler
0000388b   Init_PC_UART
00003933   send_results_to_PC
00003a69   __aeabi_uldivmod
00003c5d   SysCtlClockGet
00003e35   pvPortMalloc
00003f67   vPortFree
00003fc9   xPortGetFreeHeapSize
00003fcf   vPortInitialiseBlocks
00003ff1   __aeabi_dsub
00003ffb   __aeabi_dadd
000041a7   vTaskTestStopwatch
000041fb   stopwatch_start
00004217   stopwatch_stop
00004233   stopwatch_get_subticks
00004283   stopwatch_get_time_ms
000042ab   stopwatch_get_time_us
00004309   SysCtlClockSet
0000444d   __aeabi_ddiv
00004583   vListInitialise
000045b3   vListInitialiseItem
000045c3   vListInsertEnd
00004607   vListInsert
0000466d   vListRemove
000046b1   __aeabi_dmul
000047ad   pxPortInitialiseStack
000047f5   xPortStartScheduler
0000481d   vPortEndScheduler
0000481f   vPortYieldFromISR
00004829   vPortEnterCritical
00004839   vPortExitCritical
0000484f   xPortSysTickHandler
00004891   GPIOPadConfigSet
0000495d   xPortPendSVHandler
00004997   vPortSetInterruptMask
000049a5   vPortClearInterruptMask
000049b3   vPortSVCHandler
000049d1   vPortStartFirstTask
000049e3   vPortEnableVFP
000049f5   __aeabi_memcpy
000049f5   __aeabi_memcpy4
000049f5   __aeabi_memcpy8
000049f5   memcpy
00004a91   __TI_auto_init
00004b25   __aeabi_cdcmpeq
00004b25   __aeabi_cdcmple
00004bab   __aeabi_cdrcmple
00004c31   __aeabi_memclr
00004c31   __aeabi_memclr4
00004c31   __aeabi_memclr8
00004c33   __aeabi_memset
00004c33   __aeabi_memset4
00004c33   __aeabi_memset8
00004c39   memset
00004ca9   IntEnable
00004d0d   sprintf
00004dcb   ltoa
00004e25   SysCtlPeripheralEnable
00004e7d   atoi
00004ec9   GPIOPinConfigure
00004f11   __aeabi_d2iz
00004f59   SSIConfigSetExpClk
00004f9d   copy_in
00004fe1   C$$EXIT
00004fe5   abort
00004fed   exit
00005025   __aeabi_d2uiz
00005069   _Dtest
000050ad   UARTConfigSetExpClk
000050f1   IntRegister
00005125   _c_int00
00005159   strncpy
00005189   GPIODirModeSet
000051b7   __aeabi_i2d
000051e5   strncmp
0000520b   memcmp
0000524d   PWMPulseWidthSet
0000526d   UARTDisable
00005289   memccpy
000052a3   UARTIntRegister
000052bd   _args_main
000052d5   __aeabi_lmul
000052ed   PWMOutputState
00005303   PWMGenPeriodSet
00005317   UARTEnable
0000532d   _register_unlock
00005333   _register_lock
0000533b   _nop
00005341   strlen
00005355   GPIOPinTypeGPIOOutput
00005367   GPIOPinTypeSSI
00005379   GPIOPinTypeUART
0000538b   SSIDataGetNonBlocking
0000539d   __TI_zero_init
000053b1   SysTickPeriodGet
000053c1   UARTCharGetNonBlocking
000053d1   UARTCharPutNonBlocking
000053e1   __TI_decompress_none
000053ef   _Dclass
000053fd   CPUcpsie
00005409   SysTickValueGet
00005415   UARTCharsAvail
00005421   ResetISR
0000542d   IntMasterEnable
00005437   PWMGenDisable
00005441   SSIDataPut
0000544b   SSIDisable
00005455   SSIEnable
0000545f   UARTIntStatus
00005469   SSIBusy
00005471   UARTIntEnable
00005479   GPIOPinIntClear
0000547f   GPIOPinWrite
00005485   PWMGenIntClear
0000548b   SysCtlDelay
00005491   __TI_decompress_rle24
00005497   UARTIntClear
0000567c   _ctypes_
00005ac8   __TI_Handler_Table_Base
00005ad4   __TI_Handler_Table_Limit
00005ae8   __TI_CINIT_Base
00005b00   __TI_CINIT_Limit
20000000   g_pfnRAMVectors
2000026c   g_airspeed_response_flags
200021ac   g_airspeed_times
200040ec   g_transponder_times
2000602c   g_transponder_response_flags
200067fc   pxCurrentTCB
2000682c   g_airspeed_pulse_count
20006830   g_transponder_pulse_count
2000685c   _lock
20006860   _unlock
20006864   __TI_cleanup_ptr
20006868   __TI_dtors_ptr
20006870   main_func_sp
20006874   __stack
20006974   __STACK_TOP
20009874   __STACK_END
20009878   _sys_memory
2000f0dc   g_airspeed_stopwatch
2000f0f0   g_transponder_stopwatch
2000f18c   xCOMMS_FROM_PC_Queue
2000f190   xClockSpeed
2000f194   xMirrorTX
2000f198   xPC_SENT
2000f19c   xSEND_RESULTS_Queue
2000f1a0   xTestMutex
2000f1a4   xTimeout
2000f1a8   xToTest
2000f1ac   xToTimeout
2000f1b0   xUARTReadQueue
ffffffff   __binit__
ffffffff   __c_args__
ffffffff   binit
UNDEFED    SHT$$INIT_ARRAY$$Base
UNDEFED    SHT$$INIT_ARRAY$$Limit

[238 symbols]
