******************************************************************************
                  TI ARM Linker PC v5.1.6                      
******************************************************************************
>> Linked Sat Oct 03 17:33:26 2015

OUTPUT FILE NAME:   <FRT.out>
ENTRY POINT SYMBOL: "_c_int00"  address: 00005811


MEMORY CONFIGURATION

         name            origin    length      used     unused   attr    fill
----------------------  --------  ---------  --------  --------  ----  --------
  FLASH                 00000000   00040000  000062d0  00039d30  R  X
  SRAM                  20000000   00010000  0000f1b4  00000e4c  RW X


SEGMENT ALLOCATION MAP

run origin  load origin   length   init length attrs members
----------  ----------- ---------- ----------- ----- -------
00000000    00000000    000062d0   000062d0    r-x
  00000000    00000000    000000f0   000000f0    r-- .intvecs
  000000f0    000000f0    00005b5c   00005b5c    r-x .text
  00005c4c    00005c4c    00000614   00000614    r-- .const
  00006260    00006260    00000070   00000070    r-- .cinit
20000000    20000000    0000f1b8   00000000    rw-
  20000000    20000000    0000026c   00000000    rw- .vtable
  2000026c    2000026c    00006608   00000000    rw- .data
  20006874    20006874    00003000   00000000    rw- .stack
  20009878    20009878    00003000   00000000    rw- .sysmem
  2000c878    2000c878    00002940   00000000    rw- .bss


SECTION ALLOCATION MAP

 output                                  attributes/
section   page    origin      length       input sections
--------  ----  ----------  ----------   ----------------
.intvecs   0    00000000    000000f0     
                  00000000    000000f0     startup_ccs.obj (.intvecs)

.text      0    000000f0    00005b5c     
                  000000f0    00000ebc     rtsv7M3_T_le_eabi.lib : _printfi.obj (.text)
                  00000fac    00000c74     tasks.obj (.text)
                  00001c20    00000ae8     test.obj (.text)
                  00002708    00000614     queue.obj (.text)
                  00002d1c    00000510     rit128x96x4.obj (.text)
                  0000322c    000003cc     rtsv7M3_T_le_eabi.lib : memory.obj (.text)
                  000035f8    00000378     uut_gpio.obj (.text)
                  00003970    000002a4     UART.obj (.text)
                  00003c14    00000220     PC_UART.obj (.text)
                  00003e34    000001f4     rtsv7M3_T_le_eabi.lib : ull_div_t2.obj (.text)
                  00004028    000001d8     driverlib-cm3.lib : sysctl.obj (.text:SysCtlClockGet)
                  00004200    000001bc     heap_2.obj (.text)
                  000043bc    000001b6     rtsv7M3_T_le_eabi.lib : fd_add_t2.obj (.text)
                  00004572    00000002     --HOLE-- [fill = 0]
                  00004574    00000190     main.obj (.text)
                  00004704    00000160     stopwatch.obj (.text)
                  00004864    00000144     driverlib-cm3.lib : sysctl.obj (.text:SysCtlClockSet)
                  000049a8    00000136     rtsv7M3_T_le_eabi.lib : fd_div_t2.obj (.text)
                  00004ade    0000012e     list.obj (.text)
                  00004c0c    000000fc     driverlib-cm3.lib : gpio.obj (.text:GPIOGetIntNumber)
                  00004d08    000000fc     rtsv7M3_T_le_eabi.lib : fd_mul_t2.obj (.text)
                  00004e04    000000e4     port.obj (.text)
                  00004ee8    000000c8     driverlib-cm3.lib : gpio.obj (.text:GPIOPadConfigSet)
                  00004fb0    0000009c     portasm.obj (.text)
                  0000504c    0000009c     rtsv7M3_T_le_eabi.lib : memcpy_t2.obj (.text)
                  000050e8    00000094                           : auto_init.obj (.text)
                  0000517c    00000086                           : fd_cmp_t2.obj (.text:__aeabi_cdcmple)
                  00005202    00000086                           : fd_cmp_t2.obj (.text:__aeabi_cdrcmple)
                  00005288    00000078                           : memset_t2.obj (.text)
                  00005300    00000064     driverlib-cm3.lib : interrupt.obj (.text:IntEnable)
                  00005364    00000060     rtsv7M3_T_le_eabi.lib : sprintf.obj (.text)
                  000053c4    0000005e                           : copy_decompress_rle.obj (.text)
                  00005422    0000005a                           : ltoa.obj (.text)
                  0000547c    00000058     driverlib-cm3.lib : sysctl.obj (.text:SysCtlPeripheralEnable)
                  000054d4    00000050                       : pwm.obj (.text:PWMGenIntGet)
                  00005524    0000004c     rtsv7M3_T_le_eabi.lib : atoi.obj (.text)
                  00005570    00000048     driverlib-cm3.lib : gpio.obj (.text:GPIOPinConfigure)
                  000055b8    00000048     rtsv7M3_T_le_eabi.lib : fd_toi_t2.obj (.text)
                  00005600    00000044     driverlib-cm3.lib : gpio.obj (.text:GPIOIntTypeSet)
                  00005644    00000044                       : ssi.obj (.text:SSIConfigSetExpClk)
                  00005688    00000044     rtsv7M3_T_le_eabi.lib : cpy_tbl.obj (.text)
                  000056cc    00000044                           : exit.obj (.text)
                  00005710    00000044                           : fd_tou_t2.obj (.text)
                  00005754    00000044                           : xdtest.obj (.text)
                  00005798    00000042     driverlib-cm3.lib : uart.obj (.text:UARTConfigSetExpClk)
                  000057da    00000002     --HOLE-- [fill = 0]
                  000057dc    00000034                       : interrupt.obj (.text:IntRegister)
                  00005810    00000034     rtsv7M3_T_le_eabi.lib : boot.obj (.text)
                  00005844    00000030                           : strncpy.obj (.text)
                  00005874    0000002e     driverlib-cm3.lib : gpio.obj (.text:GPIODirModeSet)
                  000058a2    0000002e     rtsv7M3_T_le_eabi.lib : i_tofd_t2.obj (.text)
                  000058d0    00000028     driverlib-cm3.lib : pwm.obj (.text:PWMGenConfigure)
                  000058f8    00000026     rtsv7M3_T_le_eabi.lib : strncmp.obj (.text)
                  0000591e    00000022                           : memcmp.obj (.text)
                  00005940    00000020     driverlib-cm3.lib : uart.obj (.text:UARTIntNumberGet)
                  00005960    0000001e                       : pwm.obj (.text:PWMPulseWidthSet)
                  0000597e    00000002     --HOLE-- [fill = 0]
                  00005980    0000001c                       : uart.obj (.text:UARTDisable)
                  0000599c    0000001a     rtsv7M3_T_le_eabi.lib : memccpy.obj (.text)
                  000059b6    00000018     driverlib-cm3.lib : gpio.obj (.text:GPIOPortIntRegister)
                  000059ce    00000018                       : uart.obj (.text:UARTIntRegister)
                  000059e6    00000002     --HOLE-- [fill = 0]
                  000059e8    00000018     rtsv7M3_T_le_eabi.lib : args_main.obj (.text)
                  00005a00    00000018                           : ll_mul_t2.obj (.text)
                  00005a18    00000016     driverlib-cm3.lib : pwm.obj (.text:PWMGenIntRegister)
                  00005a2e    00000016                       : pwm.obj (.text:PWMOutputState)
                  00005a44    00000014                       : pwm.obj (.text:PWMGenPeriodSet)
                  00005a58    00000014                       : sysctl.obj (.text:SysCtlPWMClockSet)
                  00005a6c    00000014                       : uart.obj (.text:UARTEnable)
                  00005a80    00000014     rtsv7M3_T_le_eabi.lib : _lock.obj (.text)
                  00005a94    00000014                           : strlen.obj (.text)
                  00005aa8    00000012     driverlib-cm3.lib : gpio.obj (.text:GPIOPinTypeGPIOInput)
                  00005aba    00000012                       : gpio.obj (.text:GPIOPinTypeGPIOOutput)
                  00005acc    00000012                       : gpio.obj (.text:GPIOPinTypePWM)
                  00005ade    00000012                       : gpio.obj (.text:GPIOPinTypeSSI)
                  00005af0    00000012                       : gpio.obj (.text:GPIOPinTypeUART)
                  00005b02    00000012                       : ssi.obj (.text:SSIDataGetNonBlocking)
                  00005b14    00000012     rtsv7M3_T_le_eabi.lib : copy_zero_init.obj (.text:decompress:ZI)
                  00005b26    00000002     --HOLE-- [fill = 0]
                  00005b28    00000010     driverlib-cm3.lib : systick.obj (.text:SysTickPeriodGet)
                  00005b38    00000010                       : uart.obj (.text:UARTCharGetNonBlocking)
                  00005b48    00000010                       : uart.obj (.text:UARTCharPutNonBlocking)
                  00005b58    0000000e                       : gpio.obj (.text:GPIOPinIntDisable)
                  00005b66    0000000e     rtsv7M3_T_le_eabi.lib : copy_decompress_none.obj (.text:decompress:none)
                  00005b74    0000000e                           : xdclass.obj (.text)
                  00005b82    0000000c     driverlib-cm3.lib : cpu.obj (.text:CPUcpsie)
                  00005b8e    0000000c                       : gpio.obj (.text:GPIOPinIntEnable)
                  00005b9a    00000002     --HOLE-- [fill = 0]
                  00005b9c    0000000c                       : systick.obj (.text:SysTickValueGet)
                  00005ba8    0000000c                       : uart.obj (.text:UARTCharsAvail)
                  00005bb4    0000000c     startup_ccs.obj (.text)
                  00005bc0    0000000a     driverlib-cm3.lib : interrupt.obj (.text:IntMasterEnable)
                  00005bca    0000000a                       : pwm.obj (.text:PWMGenDisable)
                  00005bd4    0000000a                       : pwm.obj (.text:PWMGenEnable)
                  00005bde    0000000a                       : pwm.obj (.text:PWMGenIntTrigEnable)
                  00005be8    0000000a                       : pwm.obj (.text:PWMIntDisable)
                  00005bf2    0000000a                       : ssi.obj (.text:SSIDataPut)
                  00005bfc    0000000a                       : ssi.obj (.text:SSIDisable)
                  00005c06    0000000a                       : ssi.obj (.text:SSIEnable)
                  00005c10    0000000a                       : uart.obj (.text:UARTIntStatus)
                  00005c1a    00000008                       : ssi.obj (.text:SSIBusy)
                  00005c22    00000008                       : uart.obj (.text:UARTIntEnable)
                  00005c2a    00000006                       : gpio.obj (.text:GPIOPinIntClear)
                  00005c30    00000006                       : gpio.obj (.text:GPIOPinWrite)
                  00005c36    00000006                       : pwm.obj (.text:PWMGenIntClear)
                  00005c3c    00000006                       : sysctl.obj (.text:SysCtlDelay)
                  00005c42    00000006     rtsv7M3_T_le_eabi.lib : copy_decompress_rle.obj (.text:decompress:rle24)
                  00005c48    00000004     driverlib-cm3.lib : uart.obj (.text:UARTIntClear)

.const     0    00005c4c    00000614     
                  00005c4c    000001e0     rit128x96x4.obj (.const:g_pucFont)
                  00005e2c    00000102     rtsv7M3_T_le_eabi.lib : ctype.obj (.const:.string:_ctypes_)
                  00005f2e    00000002     heap_2.obj (.const)
                  00005f30    00000078     driverlib-cm3.lib : gpio.obj (.const:g_pulGPIOBaseAddrs)
                  00005fa8    00000070                       : interrupt.obj (.const)
                  00006018    0000006c                       : sysctl.obj (.const:g_pulXtals)
                  00006084    0000004f     rit128x96x4.obj (.const:.string:g_pucRIT128x96x4Init)
                  000060d3    0000004c     test.obj (.const:.string)
                  0000611f    00000001     --HOLE-- [fill = 0]
                  00006120    00000040     driverlib-cm3.lib : sysctl.obj (.const)
                  00006160    00000040                       : uart.obj (.const:g_ppulUARTIntMap)
                  000061a0    0000003c     test.obj (.const)
                  000061dc    00000032     test.obj (.const:.string:$P$T0$1)
                  0000620e    00000032     test.obj (.const:.string:$P$T1$2)
                  00006240    00000014     tasks.obj (.const:.string)
                  00006254    0000000c     rit128x96x4.obj (.const:.string)

.cinit     0    00006260    00000070     
                  00006260    00000035     (.cinit..data.load) [load image, compression = rle]
                  00006295    00000003     --HOLE-- [fill = 0]
                  00006298    0000000c     (__TI_handler_table)
                  000062a4    00000004     --HOLE-- [fill = 0]
                  000062a8    00000008     (.cinit..bss.load) [load image, compression = zero_init]
                  000062b0    00000008     (.cinit..vtable.load) [load image, compression = zero_init]
                  000062b8    00000018     (__TI_cinit_table)

.vtable    0    20000000    0000026c     UNINITIALIZED
                  20000000    0000026c     driverlib-cm3.lib : interrupt.obj (.vtable)

.data      0    2000026c    00006608     UNINITIALIZED
                  2000026c    00001f40     uut_gpio.obj (.data:g_airspeed_response_flags)
                  200021ac    00001f40     uut_gpio.obj (.data:g_airspeed_times)
                  200040ec    00001f40     uut_gpio.obj (.data:g_transponder_times)
                  2000602c    000007d0     uut_gpio.obj (.data:g_transponder_response_flags)
                  200067fc    00000030     tasks.obj (.data)
                  2000682c    0000001c     uut_gpio.obj (.data)
                  20006848    0000000c     rtsv7M3_T_le_eabi.lib : memory.obj (.data)
                  20006854    00000008     heap_2.obj (.data)
                  2000685c    00000008     rtsv7M3_T_le_eabi.lib : _lock.obj (.data)
                  20006864    00000008                           : exit.obj (.data)
                  2000686c    00000004     port.obj (.data)
                  20006870    00000004     rtsv7M3_T_le_eabi.lib : stkdepth_vars.obj (.data)

.stack     0    20006874    00003000     UNINITIALIZED
                  20006874    00003000     --HOLE--

.sysmem    0    20009878    00003000     UNINITIALIZED
                  20009878    00000008     rtsv7M3_T_le_eabi.lib : memory.obj (.sysmem)
                  20009880    00002ff8     --HOLE--

.bss       0    2000c878    00002940     UNINITIALIZED
                  2000c878    00002800     heap_2.obj (.bss:xHeap)
                  2000f078    00000064     tasks.obj (.bss:pxReadyTasksLists)
                  2000f0dc    00000014     (.common:g_airspeed_stopwatch)
                  2000f0f0    00000014     (.common:g_transponder_stopwatch)
                  2000f104    00000014     (.common:xDelayedTaskList1)
                  2000f118    00000014     (.common:xDelayedTaskList2)
                  2000f12c    00000014     (.common:xPendingReadyList)
                  2000f140    00000014     (.common:xSuspendedTaskList)
                  2000f154    00000014     (.common:xTasksWaitingTermination)
                  2000f168    00000008     (.common:g_pucBuffer)
                  2000f170    00000008     (.common:xEnd)
                  2000f178    00000008     (.common:xStart)
                  2000f180    00000004     (.common:g_ulSSIFlags)
                  2000f184    00000004     (.common:pxDelayedTaskList)
                  2000f188    00000004     (.common:pxOverflowDelayedTaskList)
                  2000f18c    00000004     (.common:xCOMMS_FROM_PC_Queue)
                  2000f190    00000004     (.common:xClockSpeed)
                  2000f194    00000004     (.common:xMirrorTX)
                  2000f198    00000004     (.common:xPC_SENT)
                  2000f19c    00000004     (.common:xSEND_RESULTS_Queue)
                  2000f1a0    00000004     (.common:xStatus)
                  2000f1a4    00000004     (.common:xTestMutex)
                  2000f1a8    00000004     (.common:xTimeout)
                  2000f1ac    00000004     (.common:xToTest)
                  2000f1b0    00000004     (.common:xToTimeout)
                  2000f1b4    00000004     (.common:xUARTReadQueue)


LINKER GENERATED COPY TABLES

__TI_cinit_table @ 000062b8 records: 3, size/record: 8, table size: 24
	.data: load addr=00006260, load size=00000035 bytes, run addr=2000026c, run size=00006608 bytes, compression=rle
	.bss: load addr=000062a8, load size=00000008 bytes, run addr=2000c878, run size=00002940 bytes, compression=zero_init
	.vtable: load addr=000062b0, load size=00000008 bytes, run addr=20000000, run size=0000026c bytes, compression=zero_init


LINKER GENERATED HANDLER TABLE

__TI_handler_table @ 00006298 records: 3, size/record: 4, table size: 12
	index: 0, handler: __TI_zero_init
	index: 1, handler: __TI_decompress_rle24
	index: 2, handler: __TI_decompress_none


GLOBAL SYMBOLS: SORTED ALPHABETICALLY BY Name 

address    name
--------   ----
000056cd   C$$EXIT
00005b83   CPUcpsie
00005875   GPIODirModeSet
00005601   GPIOIntTypeSet
00004ee9   GPIOPadConfigSet
00005571   GPIOPinConfigure
00005c2b   GPIOPinIntClear
00005b59   GPIOPinIntDisable
00005b8f   GPIOPinIntEnable
00005aa9   GPIOPinTypeGPIOInput
00005abb   GPIOPinTypeGPIOOutput
00005acd   GPIOPinTypePWM
00005adf   GPIOPinTypeSSI
00005af1   GPIOPinTypeUART
00005c31   GPIOPinWrite
000059b7   GPIOPortIntRegister
000038a3   InitGPIO
00003b4f   InitUART
00003c4f   Init_PC_UART
00005301   IntEnable
00005bc1   IntMasterEnable
000057dd   IntRegister
00003c15   PC_UARTIntHandler
000058d1   PWMGenConfigure
00005bcb   PWMGenDisable
00005bd5   PWMGenEnable
00005c37   PWMGenIntClear
00005a19   PWMGenIntRegister
00005bdf   PWMGenIntTrigEnable
00005a45   PWMGenPeriodSet
00005be9   PWMIntDisable
00005a2f   PWMOutputState
00005961   PWMPulseWidthSet
00002e25   RIT128x96x4Clear
000030a3   RIT128x96x4Disable
000031f5   RIT128x96x4DisplayOff
000031c1   RIT128x96x4DisplayOn
00003049   RIT128x96x4Enable
00002fc1   RIT128x96x4ImageDraw
0000311d   RIT128x96x4Init
00002e81   RIT128x96x4StringDraw
00005bb5   ResetISR
UNDEFED    SHT$$INIT_ARRAY$$Base
UNDEFED    SHT$$INIT_ARRAY$$Limit
00005c1b   SSIBusy
00005645   SSIConfigSetExpClk
00005b03   SSIDataGetNonBlocking
00005bf3   SSIDataPut
00005bfd   SSIDisable
00005c07   SSIEnable
00004029   SysCtlClockGet
00004865   SysCtlClockSet
00005c3d   SysCtlDelay
00005a59   SysCtlPWMClockSet
0000547d   SysCtlPeripheralEnable
00005b29   SysTickPeriodGet
00005b9d   SysTickValueGet
000045ab   Test_Manager
00005b39   UARTCharGetNonBlocking
00005b49   UARTCharPutNonBlocking
00005ba9   UARTCharsAvail
00005799   UARTConfigSetExpClk
00005981   UARTDisable
00005a6d   UARTEnable
00005c49   UARTIntClear
00005c23   UARTIntEnable
00003971   UARTIntHandler
000059cf   UARTIntRegister
00005c11   UARTIntStatus
000039ab   UARTSend
00005b75   _Dclass
00005755   _Dtest
20009874   __STACK_END
00003000   __STACK_SIZE
20006974   __STACK_TOP
00003000   __SYSMEM_SIZE
000062b8   __TI_CINIT_Base
000062d0   __TI_CINIT_Limit
00006298   __TI_Handler_Table_Base
000062a4   __TI_Handler_Table_Limit
00000001   __TI_args_main
000050e9   __TI_auto_init
20006864   __TI_cleanup_ptr
00005b67   __TI_decompress_none
00005c43   __TI_decompress_rle24
20006868   __TI_dtors_ptr
00000ca3   __TI_printfi
00000000   __TI_static_base__
00005b15   __TI_zero_init
0000517d   __aeabi_cdcmpeq
0000517d   __aeabi_cdcmple
00005203   __aeabi_cdrcmple
000055b9   __aeabi_d2iz
00005711   __aeabi_d2uiz
000043c7   __aeabi_dadd
000049a9   __aeabi_ddiv
00004d09   __aeabi_dmul
000043bd   __aeabi_dsub
000058a3   __aeabi_i2d
00005a01   __aeabi_lmul
00005289   __aeabi_memclr
00005289   __aeabi_memclr4
00005289   __aeabi_memclr8
0000504d   __aeabi_memcpy
0000504d   __aeabi_memcpy4
0000504d   __aeabi_memcpy8
0000528b   __aeabi_memset
0000528b   __aeabi_memset4
0000528b   __aeabi_memset8
00003e35   __aeabi_uldivmod
ffffffff   __binit__
ffffffff   __c_args__
20006874   __stack
000059e9   _args_main
00005811   _c_int00
00005e2c   _ctypes_
2000685c   _lock
00005a8f   _nop
00005a87   _register_lock
00005a81   _register_unlock
20009878   _sys_memory
20006860   _unlock
000056d1   abort
000035f9   airspeed_pulse_isr
000036e1   airspeed_pulse_isr_gpio_test_b
0000372b   airspeed_response_isr
00005525   atoi
ffffffff   binit
000035c1   calloc
00005689   copy_in
000056d9   exit
0000331b   free
2000682c   g_airspeed_pulse_count
2000026c   g_airspeed_response_flags
2000f0dc   g_airspeed_stopwatch
200021ac   g_airspeed_times
20000000   g_pfnRAMVectors
00000000   g_pfnVectors
20006830   g_transponder_pulse_count
2000602c   g_transponder_response_flags
2000f0f0   g_transponder_stopwatch
200040ec   g_transponder_times
00005423   ltoa
00004575   main
20006870   main_func_sp
000032b9   malloc
000034e1   memalign
0000599d   memccpy
0000591f   memcmp
0000504d   memcpy
00005291   memset
0000322d   minit
000039f9   mirrorUART
00004201   pvPortMalloc
200067fc   pxCurrentTCB
00004e05   pxPortInitialiseStack
000033db   realloc
000038d5   reset_uut
00003cf7   send_results_to_PC
00005365   sprintf
00004791   stopwatch_get_subticks
000047e1   stopwatch_get_time_ms
00004809   stopwatch_get_time_us
00004759   stopwatch_start
00004775   stopwatch_stop
00005a95   strlen
000058f9   strncmp
00005845   strncpy
00003685   test_b_output_toggle
00001e2b   test_gpio_a_shutdown
00001df5   test_gpio_a_startup
00001e89   test_gpio_b_shutdown
00001e49   test_gpio_b_startup
00001f07   test_gpio_c_shutdown
00001eb1   test_gpio_c_startup
00001fc9   test_gpio_d_shutdown
00001f49   test_gpio_d_startup
00002055   test_gpio_e_shutdown
0000200d   test_gpio_e_startup
00001c21   test_init
000037b7   test_one_frequency_mod
00003841   test_two_frequency_mod
00001d35   test_uart_a_shutdown
00001cf3   test_uart_a_startup
00001d8b   test_uart_c_shutdown
00001d49   test_uart_c_startup
00001de1   test_uart_d_shutdown
00001d9f   test_uart_d_startup
0000363f   transponder_pulse_isr
0000374b   transponder_response_isr
00003769   uut_gpio_response_analysis
00002b23   uxQueueMessagesWaiting
00002b39   uxQueueMessagesWaitingFromISR
00001635   uxTaskGetNumberOfTasks
0000123d   uxTaskPriorityGet
000046c5   vApplicationIdleHook
000046b9   vApplicationMallocFailedHook
000046bb   vApplicationStackOverflowHook
000046c7   vApplicationTickHook
000024e9   vClockSpeed
00004adf   vListInitialise
00004b0f   vListInitialiseItem
00004b63   vListInsert
00004b1f   vListInsertEnd
00004bc9   vListRemove
00002185   vMirrorTX
00004ffd   vPortClearInterruptMask
0000503b   vPortEnableVFP
00004e75   vPortEndScheduler
00004e81   vPortEnterCritical
00004e91   vPortExitCritical
00004333   vPortFree
0000439b   vPortInitialiseBlocks
0000500b   vPortSVCHandler
00004fef   vPortSetInterruptMask
00005029   vPortStartFirstTask
00004e77   vPortYieldFromISR
00002b4b   vQueueDelete
0000238d   vStatus
000011d9   vTaskDelay
00001129   vTaskDelayUntil
000010c1   vTaskDelete
00001535   vTaskEndScheduler
00001645   vTaskIncrementTick
00001949   vTaskMissedYield
000017ad   vTaskPlaceOnEventList
00001b8f   vTaskPriorityDisinherit
00001b05   vTaskPriorityInherit
00001279   vTaskPrioritySet
00001409   vTaskResume
000018ab   vTaskSetTimeOutState
000014eb   vTaskStartScheduler
00001361   vTaskSuspend
00001547   vTaskSuspendAll
000016ed   vTaskSwitchContext
00004705   vTaskTestStopwatch
000020a1   vTimeout
2000f18c   xCOMMS_FROM_PC_Queue
2000f190   xClockSpeed
2000f194   xMirrorTX
2000f198   xPC_SENT
00004395   xPortGetFreeHeapSize
00004fb5   xPortPendSVHandler
00004e4d   xPortStartScheduler
00004ea7   xPortSysTickHandler
00002709   xQueueCreate
00002817   xQueueCreateCountingSemaphore
000027af   xQueueCreateMutex
00002987   xQueueGenericReceive
00002835   xQueueGenericSend
0000291d   xQueueGenericSendFromISR
00002cc5   xQueueIsQueueEmptyFromISR
00002cff   xQueueIsQueueFullFromISR
00002abb   xQueueReceiveFromISR
2000f19c   xSEND_RESULTS_Queue
2000f1a0   xStatus
000018d1   xTaskCheckForTimeOut
00000fad   xTaskGenericCreate
00001af1   xTaskGetCurrentTaskHandle
00001621   xTaskGetTickCount
000013b9   xTaskIsTaskSuspended
0000182d   xTaskRemoveFromEventList
00001551   xTaskResumeAll
00001479   xTaskResumeFromISR
2000f1a4   xTestMutex
2000f1a8   xTimeout
2000f1ac   xToTest
2000f1b0   xToTimeout
2000f1b4   xUARTReadQueue


GLOBAL SYMBOLS: SORTED BY Symbol Address 

address    name
--------   ----
00000000   __TI_static_base__
00000000   g_pfnVectors
00000001   __TI_args_main
00000ca3   __TI_printfi
00000fad   xTaskGenericCreate
000010c1   vTaskDelete
00001129   vTaskDelayUntil
000011d9   vTaskDelay
0000123d   uxTaskPriorityGet
00001279   vTaskPrioritySet
00001361   vTaskSuspend
000013b9   xTaskIsTaskSuspended
00001409   vTaskResume
00001479   xTaskResumeFromISR
000014eb   vTaskStartScheduler
00001535   vTaskEndScheduler
00001547   vTaskSuspendAll
00001551   xTaskResumeAll
00001621   xTaskGetTickCount
00001635   uxTaskGetNumberOfTasks
00001645   vTaskIncrementTick
000016ed   vTaskSwitchContext
000017ad   vTaskPlaceOnEventList
0000182d   xTaskRemoveFromEventList
000018ab   vTaskSetTimeOutState
000018d1   xTaskCheckForTimeOut
00001949   vTaskMissedYield
00001af1   xTaskGetCurrentTaskHandle
00001b05   vTaskPriorityInherit
00001b8f   vTaskPriorityDisinherit
00001c21   test_init
00001cf3   test_uart_a_startup
00001d35   test_uart_a_shutdown
00001d49   test_uart_c_startup
00001d8b   test_uart_c_shutdown
00001d9f   test_uart_d_startup
00001de1   test_uart_d_shutdown
00001df5   test_gpio_a_startup
00001e2b   test_gpio_a_shutdown
00001e49   test_gpio_b_startup
00001e89   test_gpio_b_shutdown
00001eb1   test_gpio_c_startup
00001f07   test_gpio_c_shutdown
00001f49   test_gpio_d_startup
00001fc9   test_gpio_d_shutdown
0000200d   test_gpio_e_startup
00002055   test_gpio_e_shutdown
000020a1   vTimeout
00002185   vMirrorTX
0000238d   vStatus
000024e9   vClockSpeed
00002709   xQueueCreate
000027af   xQueueCreateMutex
00002817   xQueueCreateCountingSemaphore
00002835   xQueueGenericSend
0000291d   xQueueGenericSendFromISR
00002987   xQueueGenericReceive
00002abb   xQueueReceiveFromISR
00002b23   uxQueueMessagesWaiting
00002b39   uxQueueMessagesWaitingFromISR
00002b4b   vQueueDelete
00002cc5   xQueueIsQueueEmptyFromISR
00002cff   xQueueIsQueueFullFromISR
00002e25   RIT128x96x4Clear
00002e81   RIT128x96x4StringDraw
00002fc1   RIT128x96x4ImageDraw
00003000   __STACK_SIZE
00003000   __SYSMEM_SIZE
00003049   RIT128x96x4Enable
000030a3   RIT128x96x4Disable
0000311d   RIT128x96x4Init
000031c1   RIT128x96x4DisplayOn
000031f5   RIT128x96x4DisplayOff
0000322d   minit
000032b9   malloc
0000331b   free
000033db   realloc
000034e1   memalign
000035c1   calloc
000035f9   airspeed_pulse_isr
0000363f   transponder_pulse_isr
00003685   test_b_output_toggle
000036e1   airspeed_pulse_isr_gpio_test_b
0000372b   airspeed_response_isr
0000374b   transponder_response_isr
00003769   uut_gpio_response_analysis
000037b7   test_one_frequency_mod
00003841   test_two_frequency_mod
000038a3   InitGPIO
000038d5   reset_uut
00003971   UARTIntHandler
000039ab   UARTSend
000039f9   mirrorUART
00003b4f   InitUART
00003c15   PC_UARTIntHandler
00003c4f   Init_PC_UART
00003cf7   send_results_to_PC
00003e35   __aeabi_uldivmod
00004029   SysCtlClockGet
00004201   pvPortMalloc
00004333   vPortFree
00004395   xPortGetFreeHeapSize
0000439b   vPortInitialiseBlocks
000043bd   __aeabi_dsub
000043c7   __aeabi_dadd
00004575   main
000045ab   Test_Manager
000046b9   vApplicationMallocFailedHook
000046bb   vApplicationStackOverflowHook
000046c5   vApplicationIdleHook
000046c7   vApplicationTickHook
00004705   vTaskTestStopwatch
00004759   stopwatch_start
00004775   stopwatch_stop
00004791   stopwatch_get_subticks
000047e1   stopwatch_get_time_ms
00004809   stopwatch_get_time_us
00004865   SysCtlClockSet
000049a9   __aeabi_ddiv
00004adf   vListInitialise
00004b0f   vListInitialiseItem
00004b1f   vListInsertEnd
00004b63   vListInsert
00004bc9   vListRemove
00004d09   __aeabi_dmul
00004e05   pxPortInitialiseStack
00004e4d   xPortStartScheduler
00004e75   vPortEndScheduler
00004e77   vPortYieldFromISR
00004e81   vPortEnterCritical
00004e91   vPortExitCritical
00004ea7   xPortSysTickHandler
00004ee9   GPIOPadConfigSet
00004fb5   xPortPendSVHandler
00004fef   vPortSetInterruptMask
00004ffd   vPortClearInterruptMask
0000500b   vPortSVCHandler
00005029   vPortStartFirstTask
0000503b   vPortEnableVFP
0000504d   __aeabi_memcpy
0000504d   __aeabi_memcpy4
0000504d   __aeabi_memcpy8
0000504d   memcpy
000050e9   __TI_auto_init
0000517d   __aeabi_cdcmpeq
0000517d   __aeabi_cdcmple
00005203   __aeabi_cdrcmple
00005289   __aeabi_memclr
00005289   __aeabi_memclr4
00005289   __aeabi_memclr8
0000528b   __aeabi_memset
0000528b   __aeabi_memset4
0000528b   __aeabi_memset8
00005291   memset
00005301   IntEnable
00005365   sprintf
00005423   ltoa
0000547d   SysCtlPeripheralEnable
00005525   atoi
00005571   GPIOPinConfigure
000055b9   __aeabi_d2iz
00005601   GPIOIntTypeSet
00005645   SSIConfigSetExpClk
00005689   copy_in
000056cd   C$$EXIT
000056d1   abort
000056d9   exit
00005711   __aeabi_d2uiz
00005755   _Dtest
00005799   UARTConfigSetExpClk
000057dd   IntRegister
00005811   _c_int00
00005845   strncpy
00005875   GPIODirModeSet
000058a3   __aeabi_i2d
000058d1   PWMGenConfigure
000058f9   strncmp
0000591f   memcmp
00005961   PWMPulseWidthSet
00005981   UARTDisable
0000599d   memccpy
000059b7   GPIOPortIntRegister
000059cf   UARTIntRegister
000059e9   _args_main
00005a01   __aeabi_lmul
00005a19   PWMGenIntRegister
00005a2f   PWMOutputState
00005a45   PWMGenPeriodSet
00005a59   SysCtlPWMClockSet
00005a6d   UARTEnable
00005a81   _register_unlock
00005a87   _register_lock
00005a8f   _nop
00005a95   strlen
00005aa9   GPIOPinTypeGPIOInput
00005abb   GPIOPinTypeGPIOOutput
00005acd   GPIOPinTypePWM
00005adf   GPIOPinTypeSSI
00005af1   GPIOPinTypeUART
00005b03   SSIDataGetNonBlocking
00005b15   __TI_zero_init
00005b29   SysTickPeriodGet
00005b39   UARTCharGetNonBlocking
00005b49   UARTCharPutNonBlocking
00005b59   GPIOPinIntDisable
00005b67   __TI_decompress_none
00005b75   _Dclass
00005b83   CPUcpsie
00005b8f   GPIOPinIntEnable
00005b9d   SysTickValueGet
00005ba9   UARTCharsAvail
00005bb5   ResetISR
00005bc1   IntMasterEnable
00005bcb   PWMGenDisable
00005bd5   PWMGenEnable
00005bdf   PWMGenIntTrigEnable
00005be9   PWMIntDisable
00005bf3   SSIDataPut
00005bfd   SSIDisable
00005c07   SSIEnable
00005c11   UARTIntStatus
00005c1b   SSIBusy
00005c23   UARTIntEnable
00005c2b   GPIOPinIntClear
00005c31   GPIOPinWrite
00005c37   PWMGenIntClear
00005c3d   SysCtlDelay
00005c43   __TI_decompress_rle24
00005c49   UARTIntClear
00005e2c   _ctypes_
00006298   __TI_Handler_Table_Base
000062a4   __TI_Handler_Table_Limit
000062b8   __TI_CINIT_Base
000062d0   __TI_CINIT_Limit
20000000   g_pfnRAMVectors
2000026c   g_airspeed_response_flags
200021ac   g_airspeed_times
200040ec   g_transponder_times
2000602c   g_transponder_response_flags
200067fc   pxCurrentTCB
2000682c   g_airspeed_pulse_count
20006830   g_transponder_pulse_count
2000685c   _lock
20006860   _unlock
20006864   __TI_cleanup_ptr
20006868   __TI_dtors_ptr
20006870   main_func_sp
20006874   __stack
20006974   __STACK_TOP
20009874   __STACK_END
20009878   _sys_memory
2000f0dc   g_airspeed_stopwatch
2000f0f0   g_transponder_stopwatch
2000f18c   xCOMMS_FROM_PC_Queue
2000f190   xClockSpeed
2000f194   xMirrorTX
2000f198   xPC_SENT
2000f19c   xSEND_RESULTS_Queue
2000f1a0   xStatus
2000f1a4   xTestMutex
2000f1a8   xTimeout
2000f1ac   xToTest
2000f1b0   xToTimeout
2000f1b4   xUARTReadQueue
ffffffff   __binit__
ffffffff   __c_args__
ffffffff   binit
UNDEFED    SHT$$INIT_ARRAY$$Base
UNDEFED    SHT$$INIT_ARRAY$$Limit

[269 symbols]
