******************************************************************************
                  TI ARM Linker PC v5.1.6                      
******************************************************************************
>> Linked Sat Oct 03 18:27:45 2015

OUTPUT FILE NAME:   <FRT.out>
ENTRY POINT SYMBOL: "_c_int00"  address: 00005925


MEMORY CONFIGURATION

         name            origin    length      used     unused   attr    fill
----------------------  --------  ---------  --------  --------  ----  --------
  FLASH                 00000000   00040000  000063e6  00039c1a  R  X
  SRAM                  20000000   00010000  0000f1b8  00000e48  RW X


SEGMENT ALLOCATION MAP

run origin  load origin   length   init length attrs members
----------  ----------- ---------- ----------- ----- -------
00000000    00000000    000063e8   000063e8    r-x
  00000000    00000000    000000f0   000000f0    r-- .intvecs
  000000f0    000000f0    00005c70   00005c70    r-x .text
  00005d60    00005d60    00000616   00000616    r-- .const
  00006378    00006378    00000070   00000070    r-- .cinit
20000000    20000000    0000f1bc   00000000    rw-
  20000000    20000000    0000026c   00000000    rw- .vtable
  2000026c    2000026c    00006608   00000000    rw- .data
  20006874    20006874    00003000   00000000    rw- .stack
  20009878    20009878    00003000   00000000    rw- .sysmem
  2000c878    2000c878    00002944   00000000    rw- .bss


SECTION ALLOCATION MAP

 output                                  attributes/
section   page    origin      length       input sections
--------  ----  ----------  ----------   ----------------
.intvecs   0    00000000    000000f0     
                  00000000    000000f0     startup_ccs.obj (.intvecs)

.text      0    000000f0    00005c70     
                  000000f0    00000ebc     rtsv7M3_T_le_eabi.lib : _printfi.obj (.text)
                  00000fac    00000c74     tasks.obj (.text)
                  00001c20    00000bc0     test.obj (.text)
                  000027e0    00000614     queue.obj (.text)
                  00002df4    00000510     rit128x96x4.obj (.text)
                  00003304    000003cc     rtsv7M3_T_le_eabi.lib : memory.obj (.text)
                  000036d0    00000378     uut_gpio.obj (.text)
                  00003a48    000002a4     UART.obj (.text)
                  00003cec    00000220     PC_UART.obj (.text)
                  00003f0c    000001f4     rtsv7M3_T_le_eabi.lib : ull_div_t2.obj (.text)
                  00004100    000001d8     driverlib-cm3.lib : sysctl.obj (.text:SysCtlClockGet)
                  000042d8    000001cc     main.obj (.text)
                  000044a4    000001bc     heap_2.obj (.text)
                  00004660    000001b6     rtsv7M3_T_le_eabi.lib : fd_add_t2.obj (.text)
                  00004816    00000160     stopwatch.obj (.text)
                  00004976    00000002     --HOLE-- [fill = 0]
                  00004978    00000144     driverlib-cm3.lib : sysctl.obj (.text:SysCtlClockSet)
                  00004abc    00000136     rtsv7M3_T_le_eabi.lib : fd_div_t2.obj (.text)
                  00004bf2    0000012e     list.obj (.text)
                  00004d20    000000fc     driverlib-cm3.lib : gpio.obj (.text:GPIOGetIntNumber)
                  00004e1c    000000fc     rtsv7M3_T_le_eabi.lib : fd_mul_t2.obj (.text)
                  00004f18    000000e4     port.obj (.text)
                  00004ffc    000000c8     driverlib-cm3.lib : gpio.obj (.text:GPIOPadConfigSet)
                  000050c4    0000009c     portasm.obj (.text)
                  00005160    0000009c     rtsv7M3_T_le_eabi.lib : memcpy_t2.obj (.text)
                  000051fc    00000094                           : auto_init.obj (.text)
                  00005290    00000086                           : fd_cmp_t2.obj (.text:__aeabi_cdcmple)
                  00005316    00000086                           : fd_cmp_t2.obj (.text:__aeabi_cdrcmple)
                  0000539c    00000078                           : memset_t2.obj (.text)
                  00005414    00000064     driverlib-cm3.lib : interrupt.obj (.text:IntEnable)
                  00005478    00000060     rtsv7M3_T_le_eabi.lib : sprintf.obj (.text)
                  000054d8    0000005e                           : copy_decompress_rle.obj (.text)
                  00005536    0000005a                           : ltoa.obj (.text)
                  00005590    00000058     driverlib-cm3.lib : sysctl.obj (.text:SysCtlPeripheralEnable)
                  000055e8    00000050                       : pwm.obj (.text:PWMGenIntGet)
                  00005638    0000004c     rtsv7M3_T_le_eabi.lib : atoi.obj (.text)
                  00005684    00000048     driverlib-cm3.lib : gpio.obj (.text:GPIOPinConfigure)
                  000056cc    00000048     rtsv7M3_T_le_eabi.lib : fd_toi_t2.obj (.text)
                  00005714    00000044     driverlib-cm3.lib : gpio.obj (.text:GPIOIntTypeSet)
                  00005758    00000044                       : ssi.obj (.text:SSIConfigSetExpClk)
                  0000579c    00000044     rtsv7M3_T_le_eabi.lib : cpy_tbl.obj (.text)
                  000057e0    00000044                           : exit.obj (.text)
                  00005824    00000044                           : fd_tou_t2.obj (.text)
                  00005868    00000044                           : xdtest.obj (.text)
                  000058ac    00000042     driverlib-cm3.lib : uart.obj (.text:UARTConfigSetExpClk)
                  000058ee    00000002     --HOLE-- [fill = 0]
                  000058f0    00000034                       : interrupt.obj (.text:IntRegister)
                  00005924    00000034     rtsv7M3_T_le_eabi.lib : boot.obj (.text)
                  00005958    00000030                           : strncpy.obj (.text)
                  00005988    0000002e     driverlib-cm3.lib : gpio.obj (.text:GPIODirModeSet)
                  000059b6    0000002e     rtsv7M3_T_le_eabi.lib : i_tofd_t2.obj (.text)
                  000059e4    00000028     driverlib-cm3.lib : pwm.obj (.text:PWMGenConfigure)
                  00005a0c    00000026     rtsv7M3_T_le_eabi.lib : strncmp.obj (.text)
                  00005a32    00000022                           : memcmp.obj (.text)
                  00005a54    00000020     driverlib-cm3.lib : uart.obj (.text:UARTIntNumberGet)
                  00005a74    0000001e                       : pwm.obj (.text:PWMPulseWidthSet)
                  00005a92    00000002     --HOLE-- [fill = 0]
                  00005a94    0000001c                       : uart.obj (.text:UARTDisable)
                  00005ab0    0000001a     rtsv7M3_T_le_eabi.lib : memccpy.obj (.text)
                  00005aca    00000018     driverlib-cm3.lib : gpio.obj (.text:GPIOPortIntRegister)
                  00005ae2    00000018                       : uart.obj (.text:UARTIntRegister)
                  00005afa    00000002     --HOLE-- [fill = 0]
                  00005afc    00000018     rtsv7M3_T_le_eabi.lib : args_main.obj (.text)
                  00005b14    00000018                           : ll_mul_t2.obj (.text)
                  00005b2c    00000016     driverlib-cm3.lib : pwm.obj (.text:PWMGenIntRegister)
                  00005b42    00000016                       : pwm.obj (.text:PWMOutputState)
                  00005b58    00000014                       : pwm.obj (.text:PWMGenPeriodSet)
                  00005b6c    00000014                       : sysctl.obj (.text:SysCtlPWMClockSet)
                  00005b80    00000014                       : uart.obj (.text:UARTEnable)
                  00005b94    00000014     rtsv7M3_T_le_eabi.lib : _lock.obj (.text)
                  00005ba8    00000014                           : strlen.obj (.text)
                  00005bbc    00000012     driverlib-cm3.lib : gpio.obj (.text:GPIOPinTypeGPIOInput)
                  00005bce    00000012                       : gpio.obj (.text:GPIOPinTypeGPIOOutput)
                  00005be0    00000012                       : gpio.obj (.text:GPIOPinTypePWM)
                  00005bf2    00000012                       : gpio.obj (.text:GPIOPinTypeSSI)
                  00005c04    00000012                       : gpio.obj (.text:GPIOPinTypeUART)
                  00005c16    00000012                       : ssi.obj (.text:SSIDataGetNonBlocking)
                  00005c28    00000012     rtsv7M3_T_le_eabi.lib : copy_zero_init.obj (.text:decompress:ZI)
                  00005c3a    00000002     --HOLE-- [fill = 0]
                  00005c3c    00000010     driverlib-cm3.lib : systick.obj (.text:SysTickPeriodGet)
                  00005c4c    00000010                       : uart.obj (.text:UARTCharGetNonBlocking)
                  00005c5c    00000010                       : uart.obj (.text:UARTCharPutNonBlocking)
                  00005c6c    0000000e                       : gpio.obj (.text:GPIOPinIntDisable)
                  00005c7a    0000000e     rtsv7M3_T_le_eabi.lib : copy_decompress_none.obj (.text:decompress:none)
                  00005c88    0000000e                           : xdclass.obj (.text)
                  00005c96    0000000c     driverlib-cm3.lib : cpu.obj (.text:CPUcpsie)
                  00005ca2    0000000c                       : gpio.obj (.text:GPIOPinIntEnable)
                  00005cae    00000002     --HOLE-- [fill = 0]
                  00005cb0    0000000c                       : systick.obj (.text:SysTickValueGet)
                  00005cbc    0000000c                       : uart.obj (.text:UARTCharsAvail)
                  00005cc8    0000000c     startup_ccs.obj (.text)
                  00005cd4    0000000a     driverlib-cm3.lib : interrupt.obj (.text:IntMasterEnable)
                  00005cde    0000000a                       : pwm.obj (.text:PWMGenDisable)
                  00005ce8    0000000a                       : pwm.obj (.text:PWMGenEnable)
                  00005cf2    0000000a                       : pwm.obj (.text:PWMGenIntTrigEnable)
                  00005cfc    0000000a                       : pwm.obj (.text:PWMIntDisable)
                  00005d06    0000000a                       : ssi.obj (.text:SSIDataPut)
                  00005d10    0000000a                       : ssi.obj (.text:SSIDisable)
                  00005d1a    0000000a                       : ssi.obj (.text:SSIEnable)
                  00005d24    0000000a                       : uart.obj (.text:UARTIntStatus)
                  00005d2e    00000008                       : ssi.obj (.text:SSIBusy)
                  00005d36    00000008                       : uart.obj (.text:UARTIntEnable)
                  00005d3e    00000006                       : gpio.obj (.text:GPIOPinIntClear)
                  00005d44    00000006                       : gpio.obj (.text:GPIOPinWrite)
                  00005d4a    00000006                       : pwm.obj (.text:PWMGenIntClear)
                  00005d50    00000006                       : sysctl.obj (.text:SysCtlDelay)
                  00005d56    00000006     rtsv7M3_T_le_eabi.lib : copy_decompress_rle.obj (.text:decompress:rle24)
                  00005d5c    00000004     driverlib-cm3.lib : uart.obj (.text:UARTIntClear)

.const     0    00005d60    00000616     
                  00005d60    000001e0     rit128x96x4.obj (.const:g_pucFont)
                  00005f40    00000102     rtsv7M3_T_le_eabi.lib : ctype.obj (.const:.string:_ctypes_)
                  00006042    00000002     heap_2.obj (.const)
                  00006044    00000078     driverlib-cm3.lib : gpio.obj (.const:g_pulGPIOBaseAddrs)
                  000060bc    00000070                       : interrupt.obj (.const)
                  0000612c    0000006c                       : sysctl.obj (.const:g_pulXtals)
                  00006198    00000050     test.obj (.const)
                  000061e8    0000004f     rit128x96x4.obj (.const:.string:g_pucRIT128x96x4Init)
                  00006237    00000001     --HOLE-- [fill = 0]
                  00006238    00000040     driverlib-cm3.lib : sysctl.obj (.const)
                  00006278    00000040                       : uart.obj (.const:g_ppulUARTIntMap)
                  000062b8    0000003a     test.obj (.const:.string)
                  000062f2    00000032     test.obj (.const:.string:$P$T0$1)
                  00006324    00000032     test.obj (.const:.string:$P$T1$2)
                  00006356    00000014     tasks.obj (.const:.string)
                  0000636a    0000000c     rit128x96x4.obj (.const:.string)

.cinit     0    00006378    00000070     
                  00006378    00000035     (.cinit..data.load) [load image, compression = rle]
                  000063ad    00000003     --HOLE-- [fill = 0]
                  000063b0    0000000c     (__TI_handler_table)
                  000063bc    00000004     --HOLE-- [fill = 0]
                  000063c0    00000008     (.cinit..bss.load) [load image, compression = zero_init]
                  000063c8    00000008     (.cinit..vtable.load) [load image, compression = zero_init]
                  000063d0    00000018     (__TI_cinit_table)

.vtable    0    20000000    0000026c     UNINITIALIZED
                  20000000    0000026c     driverlib-cm3.lib : interrupt.obj (.vtable)

.data      0    2000026c    00006608     UNINITIALIZED
                  2000026c    00001f40     uut_gpio.obj (.data:g_airspeed_response_flags)
                  200021ac    00001f40     uut_gpio.obj (.data:g_airspeed_times)
                  200040ec    00001f40     uut_gpio.obj (.data:g_transponder_times)
                  2000602c    000007d0     uut_gpio.obj (.data:g_transponder_response_flags)
                  200067fc    00000030     tasks.obj (.data)
                  2000682c    0000001c     uut_gpio.obj (.data)
                  20006848    0000000c     rtsv7M3_T_le_eabi.lib : memory.obj (.data)
                  20006854    00000008     heap_2.obj (.data)
                  2000685c    00000008     rtsv7M3_T_le_eabi.lib : _lock.obj (.data)
                  20006864    00000008                           : exit.obj (.data)
                  2000686c    00000004     port.obj (.data)
                  20006870    00000004     rtsv7M3_T_le_eabi.lib : stkdepth_vars.obj (.data)

.stack     0    20006874    00003000     UNINITIALIZED
                  20006874    00003000     --HOLE--

.sysmem    0    20009878    00003000     UNINITIALIZED
                  20009878    00000008     rtsv7M3_T_le_eabi.lib : memory.obj (.sysmem)
                  20009880    00002ff8     --HOLE--

.bss       0    2000c878    00002944     UNINITIALIZED
                  2000c878    00002800     heap_2.obj (.bss:xHeap)
                  2000f078    00000064     tasks.obj (.bss:pxReadyTasksLists)
                  2000f0dc    00000014     (.common:g_airspeed_stopwatch)
                  2000f0f0    00000014     (.common:g_transponder_stopwatch)
                  2000f104    00000014     (.common:xDelayedTaskList1)
                  2000f118    00000014     (.common:xDelayedTaskList2)
                  2000f12c    00000014     (.common:xPendingReadyList)
                  2000f140    00000014     (.common:xSuspendedTaskList)
                  2000f154    00000014     (.common:xTasksWaitingTermination)
                  2000f168    00000008     (.common:g_pucBuffer)
                  2000f170    00000008     (.common:xEnd)
                  2000f178    00000008     (.common:xStart)
                  2000f180    00000004     (.common:g_ulSSIFlags)
                  2000f184    00000004     (.common:pxDelayedTaskList)
                  2000f188    00000004     (.common:pxOverflowDelayedTaskList)
                  2000f18c    00000004     (.common:xCOMMS_FROM_PC_Queue)
                  2000f190    00000004     (.common:xClockSpeed)
                  2000f194    00000004     (.common:xEmergStatus)
                  2000f198    00000004     (.common:xMirrorTX)
                  2000f19c    00000004     (.common:xPC_SENT)
                  2000f1a0    00000004     (.common:xSEND_RESULTS_Queue)
                  2000f1a4    00000004     (.common:xStatus)
                  2000f1a8    00000004     (.common:xTestMutex)
                  2000f1ac    00000004     (.common:xTimeout)
                  2000f1b0    00000004     (.common:xToTest)
                  2000f1b4    00000004     (.common:xToTimeout)
                  2000f1b8    00000004     (.common:xUARTReadQueue)


LINKER GENERATED COPY TABLES

__TI_cinit_table @ 000063d0 records: 3, size/record: 8, table size: 24
	.data: load addr=00006378, load size=00000035 bytes, run addr=2000026c, run size=00006608 bytes, compression=rle
	.bss: load addr=000063c0, load size=00000008 bytes, run addr=2000c878, run size=00002944 bytes, compression=zero_init
	.vtable: load addr=000063c8, load size=00000008 bytes, run addr=20000000, run size=0000026c bytes, compression=zero_init


LINKER GENERATED HANDLER TABLE

__TI_handler_table @ 000063b0 records: 3, size/record: 4, table size: 12
	index: 0, handler: __TI_zero_init
	index: 1, handler: __TI_decompress_rle24
	index: 2, handler: __TI_decompress_none


GLOBAL SYMBOLS: SORTED ALPHABETICALLY BY Name 

address    name
--------   ----
000057e1   C$$EXIT
00005c97   CPUcpsie
00005989   GPIODirModeSet
00005715   GPIOIntTypeSet
00004ffd   GPIOPadConfigSet
00005685   GPIOPinConfigure
00005d3f   GPIOPinIntClear
00005c6d   GPIOPinIntDisable
00005ca3   GPIOPinIntEnable
00005bbd   GPIOPinTypeGPIOInput
00005bcf   GPIOPinTypeGPIOOutput
00005be1   GPIOPinTypePWM
00005bf3   GPIOPinTypeSSI
00005c05   GPIOPinTypeUART
00005d45   GPIOPinWrite
00005acb   GPIOPortIntRegister
0000397b   InitGPIO
00003c27   InitUART
00003d27   Init_PC_UART
00005415   IntEnable
00005cd5   IntMasterEnable
000058f1   IntRegister
00003ced   PC_UARTIntHandler
000059e5   PWMGenConfigure
00005cdf   PWMGenDisable
00005ce9   PWMGenEnable
00005d4b   PWMGenIntClear
00005b2d   PWMGenIntRegister
00005cf3   PWMGenIntTrigEnable
00005b59   PWMGenPeriodSet
00005cfd   PWMIntDisable
00005b43   PWMOutputState
00005a75   PWMPulseWidthSet
00002efd   RIT128x96x4Clear
0000317b   RIT128x96x4Disable
000032cd   RIT128x96x4DisplayOff
00003299   RIT128x96x4DisplayOn
00003121   RIT128x96x4Enable
00003099   RIT128x96x4ImageDraw
000031f5   RIT128x96x4Init
00002f59   RIT128x96x4StringDraw
00005cc9   ResetISR
UNDEFED    SHT$$INIT_ARRAY$$Base
UNDEFED    SHT$$INIT_ARRAY$$Limit
00005d2f   SSIBusy
00005759   SSIConfigSetExpClk
00005c17   SSIDataGetNonBlocking
00005d07   SSIDataPut
00005d11   SSIDisable
00005d1b   SSIEnable
00004101   SysCtlClockGet
00004979   SysCtlClockSet
00005d51   SysCtlDelay
00005b6d   SysCtlPWMClockSet
00005591   SysCtlPeripheralEnable
00005c3d   SysTickPeriodGet
00005cb1   SysTickValueGet
0000430f   Test_Manager
00005c4d   UARTCharGetNonBlocking
00005c5d   UARTCharPutNonBlocking
00005cbd   UARTCharsAvail
000058ad   UARTConfigSetExpClk
00005a95   UARTDisable
00005b81   UARTEnable
00005d5d   UARTIntClear
00005d37   UARTIntEnable
00003a49   UARTIntHandler
00005ae3   UARTIntRegister
00005d25   UARTIntStatus
00003a83   UARTSend
00005c89   _Dclass
00005869   _Dtest
20009874   __STACK_END
00003000   __STACK_SIZE
20006974   __STACK_TOP
00003000   __SYSMEM_SIZE
000063d0   __TI_CINIT_Base
000063e8   __TI_CINIT_Limit
000063b0   __TI_Handler_Table_Base
000063bc   __TI_Handler_Table_Limit
00000001   __TI_args_main
000051fd   __TI_auto_init
20006864   __TI_cleanup_ptr
00005c7b   __TI_decompress_none
00005d57   __TI_decompress_rle24
20006868   __TI_dtors_ptr
00000ca3   __TI_printfi
00000000   __TI_static_base__
00005c29   __TI_zero_init
00005291   __aeabi_cdcmpeq
00005291   __aeabi_cdcmple
00005317   __aeabi_cdrcmple
000056cd   __aeabi_d2iz
00005825   __aeabi_d2uiz
0000466b   __aeabi_dadd
00004abd   __aeabi_ddiv
00004e1d   __aeabi_dmul
00004661   __aeabi_dsub
000059b7   __aeabi_i2d
00005b15   __aeabi_lmul
0000539d   __aeabi_memclr
0000539d   __aeabi_memclr4
0000539d   __aeabi_memclr8
00005161   __aeabi_memcpy
00005161   __aeabi_memcpy4
00005161   __aeabi_memcpy8
0000539f   __aeabi_memset
0000539f   __aeabi_memset4
0000539f   __aeabi_memset8
00003f0d   __aeabi_uldivmod
ffffffff   __binit__
ffffffff   __c_args__
20006874   __stack
00005afd   _args_main
00005925   _c_int00
00005f40   _ctypes_
2000685c   _lock
00005ba3   _nop
00005b9b   _register_lock
00005b95   _register_unlock
20009878   _sys_memory
20006860   _unlock
000057e5   abort
000036d1   airspeed_pulse_isr
000037b9   airspeed_pulse_isr_gpio_test_b
00003803   airspeed_response_isr
00005639   atoi
ffffffff   binit
00003699   calloc
0000579d   copy_in
000057ed   exit
000033f3   free
2000682c   g_airspeed_pulse_count
2000026c   g_airspeed_response_flags
2000f0dc   g_airspeed_stopwatch
200021ac   g_airspeed_times
20000000   g_pfnRAMVectors
00000000   g_pfnVectors
20006830   g_transponder_pulse_count
2000602c   g_transponder_response_flags
2000f0f0   g_transponder_stopwatch
200040ec   g_transponder_times
00005537   ltoa
000042d9   main
20006870   main_func_sp
00003391   malloc
000035b9   memalign
00005ab1   memccpy
00005a33   memcmp
00005161   memcpy
000053a5   memset
00003305   minit
00003ad1   mirrorUART
000044a5   pvPortMalloc
200067fc   pxCurrentTCB
00004f19   pxPortInitialiseStack
000034b3   realloc
000039ad   reset_uut
00003dcf   send_results_to_PC
00005479   sprintf
000048a3   stopwatch_get_subticks
000048f3   stopwatch_get_time_ms
0000491b   stopwatch_get_time_us
0000486b   stopwatch_start
00004887   stopwatch_stop
00005ba9   strlen
00005a0d   strncmp
00005959   strncpy
0000375d   test_b_output_toggle
00001e81   test_gpio_a_shutdown
00001e4b   test_gpio_a_startup
00001edf   test_gpio_b_shutdown
00001e9f   test_gpio_b_startup
00001f8d   test_gpio_c_shutdown
00001f19   test_gpio_c_startup
0000204d   test_gpio_d_shutdown
00001fd5   test_gpio_d_startup
000020c1   test_gpio_e_shutdown
00002081   test_gpio_e_startup
00001c21   test_init
0000388f   test_one_frequency_mod
00003919   test_two_frequency_mod
00001d35   test_uart_a_shutdown
00001cf3   test_uart_a_startup
00001d8b   test_uart_ci_shutdown
00001d49   test_uart_ci_startup
00001de1   test_uart_cii_shutdown
00001d9f   test_uart_cii_startup
00001e37   test_uart_d_shutdown
00001df5   test_uart_d_startup
00003717   transponder_pulse_isr
00003823   transponder_response_isr
00003841   uut_gpio_response_analysis
00002bfb   uxQueueMessagesWaiting
00002c11   uxQueueMessagesWaitingFromISR
00001635   uxTaskGetNumberOfTasks
0000123d   uxTaskPriorityGet
00004465   vApplicationIdleHook
00004459   vApplicationMallocFailedHook
0000445b   vApplicationStackOverflowHook
00004467   vApplicationTickHook
000025b9   vClockSpeed
000024a5   vEmergStatus
00004bf3   vListInitialise
00004c23   vListInitialiseItem
00004c77   vListInsert
00004c33   vListInsertEnd
00004cdd   vListRemove
000021e1   vMirrorTX
00005111   vPortClearInterruptMask
0000514f   vPortEnableVFP
00004f89   vPortEndScheduler
00004f95   vPortEnterCritical
00004fa5   vPortExitCritical
000045d7   vPortFree
0000463f   vPortInitialiseBlocks
0000511f   vPortSVCHandler
00005103   vPortSetInterruptMask
0000513d   vPortStartFirstTask
00004f8b   vPortYieldFromISR
00002c23   vQueueDelete
000023d1   vStatus
000011d9   vTaskDelay
00001129   vTaskDelayUntil
000010c1   vTaskDelete
00001535   vTaskEndScheduler
00001645   vTaskIncrementTick
00001949   vTaskMissedYield
000017ad   vTaskPlaceOnEventList
00001b8f   vTaskPriorityDisinherit
00001b05   vTaskPriorityInherit
00001279   vTaskPrioritySet
00001409   vTaskResume
000018ab   vTaskSetTimeOutState
000014eb   vTaskStartScheduler
00001361   vTaskSuspend
00001547   vTaskSuspendAll
000016ed   vTaskSwitchContext
00004817   vTaskTestStopwatch
000020fd   vTimeout
2000f18c   xCOMMS_FROM_PC_Queue
2000f190   xClockSpeed
2000f194   xEmergStatus
2000f198   xMirrorTX
2000f19c   xPC_SENT
00004639   xPortGetFreeHeapSize
000050c9   xPortPendSVHandler
00004f61   xPortStartScheduler
00004fbb   xPortSysTickHandler
000027e1   xQueueCreate
000028ef   xQueueCreateCountingSemaphore
00002887   xQueueCreateMutex
00002a5f   xQueueGenericReceive
0000290d   xQueueGenericSend
000029f5   xQueueGenericSendFromISR
00002d9d   xQueueIsQueueEmptyFromISR
00002dd7   xQueueIsQueueFullFromISR
00002b93   xQueueReceiveFromISR
2000f1a0   xSEND_RESULTS_Queue
2000f1a4   xStatus
000018d1   xTaskCheckForTimeOut
00000fad   xTaskGenericCreate
00001af1   xTaskGetCurrentTaskHandle
00001621   xTaskGetTickCount
000013b9   xTaskIsTaskSuspended
0000182d   xTaskRemoveFromEventList
00001551   xTaskResumeAll
00001479   xTaskResumeFromISR
2000f1a8   xTestMutex
2000f1ac   xTimeout
2000f1b0   xToTest
2000f1b4   xToTimeout
2000f1b8   xUARTReadQueue


GLOBAL SYMBOLS: SORTED BY Symbol Address 

address    name
--------   ----
00000000   __TI_static_base__
00000000   g_pfnVectors
00000001   __TI_args_main
00000ca3   __TI_printfi
00000fad   xTaskGenericCreate
000010c1   vTaskDelete
00001129   vTaskDelayUntil
000011d9   vTaskDelay
0000123d   uxTaskPriorityGet
00001279   vTaskPrioritySet
00001361   vTaskSuspend
000013b9   xTaskIsTaskSuspended
00001409   vTaskResume
00001479   xTaskResumeFromISR
000014eb   vTaskStartScheduler
00001535   vTaskEndScheduler
00001547   vTaskSuspendAll
00001551   xTaskResumeAll
00001621   xTaskGetTickCount
00001635   uxTaskGetNumberOfTasks
00001645   vTaskIncrementTick
000016ed   vTaskSwitchContext
000017ad   vTaskPlaceOnEventList
0000182d   xTaskRemoveFromEventList
000018ab   vTaskSetTimeOutState
000018d1   xTaskCheckForTimeOut
00001949   vTaskMissedYield
00001af1   xTaskGetCurrentTaskHandle
00001b05   vTaskPriorityInherit
00001b8f   vTaskPriorityDisinherit
00001c21   test_init
00001cf3   test_uart_a_startup
00001d35   test_uart_a_shutdown
00001d49   test_uart_ci_startup
00001d8b   test_uart_ci_shutdown
00001d9f   test_uart_cii_startup
00001de1   test_uart_cii_shutdown
00001df5   test_uart_d_startup
00001e37   test_uart_d_shutdown
00001e4b   test_gpio_a_startup
00001e81   test_gpio_a_shutdown
00001e9f   test_gpio_b_startup
00001edf   test_gpio_b_shutdown
00001f19   test_gpio_c_startup
00001f8d   test_gpio_c_shutdown
00001fd5   test_gpio_d_startup
0000204d   test_gpio_d_shutdown
00002081   test_gpio_e_startup
000020c1   test_gpio_e_shutdown
000020fd   vTimeout
000021e1   vMirrorTX
000023d1   vStatus
000024a5   vEmergStatus
000025b9   vClockSpeed
000027e1   xQueueCreate
00002887   xQueueCreateMutex
000028ef   xQueueCreateCountingSemaphore
0000290d   xQueueGenericSend
000029f5   xQueueGenericSendFromISR
00002a5f   xQueueGenericReceive
00002b93   xQueueReceiveFromISR
00002bfb   uxQueueMessagesWaiting
00002c11   uxQueueMessagesWaitingFromISR
00002c23   vQueueDelete
00002d9d   xQueueIsQueueEmptyFromISR
00002dd7   xQueueIsQueueFullFromISR
00002efd   RIT128x96x4Clear
00002f59   RIT128x96x4StringDraw
00003000   __STACK_SIZE
00003000   __SYSMEM_SIZE
00003099   RIT128x96x4ImageDraw
00003121   RIT128x96x4Enable
0000317b   RIT128x96x4Disable
000031f5   RIT128x96x4Init
00003299   RIT128x96x4DisplayOn
000032cd   RIT128x96x4DisplayOff
00003305   minit
00003391   malloc
000033f3   free
000034b3   realloc
000035b9   memalign
00003699   calloc
000036d1   airspeed_pulse_isr
00003717   transponder_pulse_isr
0000375d   test_b_output_toggle
000037b9   airspeed_pulse_isr_gpio_test_b
00003803   airspeed_response_isr
00003823   transponder_response_isr
00003841   uut_gpio_response_analysis
0000388f   test_one_frequency_mod
00003919   test_two_frequency_mod
0000397b   InitGPIO
000039ad   reset_uut
00003a49   UARTIntHandler
00003a83   UARTSend
00003ad1   mirrorUART
00003c27   InitUART
00003ced   PC_UARTIntHandler
00003d27   Init_PC_UART
00003dcf   send_results_to_PC
00003f0d   __aeabi_uldivmod
00004101   SysCtlClockGet
000042d9   main
0000430f   Test_Manager
00004459   vApplicationMallocFailedHook
0000445b   vApplicationStackOverflowHook
00004465   vApplicationIdleHook
00004467   vApplicationTickHook
000044a5   pvPortMalloc
000045d7   vPortFree
00004639   xPortGetFreeHeapSize
0000463f   vPortInitialiseBlocks
00004661   __aeabi_dsub
0000466b   __aeabi_dadd
00004817   vTaskTestStopwatch
0000486b   stopwatch_start
00004887   stopwatch_stop
000048a3   stopwatch_get_subticks
000048f3   stopwatch_get_time_ms
0000491b   stopwatch_get_time_us
00004979   SysCtlClockSet
00004abd   __aeabi_ddiv
00004bf3   vListInitialise
00004c23   vListInitialiseItem
00004c33   vListInsertEnd
00004c77   vListInsert
00004cdd   vListRemove
00004e1d   __aeabi_dmul
00004f19   pxPortInitialiseStack
00004f61   xPortStartScheduler
00004f89   vPortEndScheduler
00004f8b   vPortYieldFromISR
00004f95   vPortEnterCritical
00004fa5   vPortExitCritical
00004fbb   xPortSysTickHandler
00004ffd   GPIOPadConfigSet
000050c9   xPortPendSVHandler
00005103   vPortSetInterruptMask
00005111   vPortClearInterruptMask
0000511f   vPortSVCHandler
0000513d   vPortStartFirstTask
0000514f   vPortEnableVFP
00005161   __aeabi_memcpy
00005161   __aeabi_memcpy4
00005161   __aeabi_memcpy8
00005161   memcpy
000051fd   __TI_auto_init
00005291   __aeabi_cdcmpeq
00005291   __aeabi_cdcmple
00005317   __aeabi_cdrcmple
0000539d   __aeabi_memclr
0000539d   __aeabi_memclr4
0000539d   __aeabi_memclr8
0000539f   __aeabi_memset
0000539f   __aeabi_memset4
0000539f   __aeabi_memset8
000053a5   memset
00005415   IntEnable
00005479   sprintf
00005537   ltoa
00005591   SysCtlPeripheralEnable
00005639   atoi
00005685   GPIOPinConfigure
000056cd   __aeabi_d2iz
00005715   GPIOIntTypeSet
00005759   SSIConfigSetExpClk
0000579d   copy_in
000057e1   C$$EXIT
000057e5   abort
000057ed   exit
00005825   __aeabi_d2uiz
00005869   _Dtest
000058ad   UARTConfigSetExpClk
000058f1   IntRegister
00005925   _c_int00
00005959   strncpy
00005989   GPIODirModeSet
000059b7   __aeabi_i2d
000059e5   PWMGenConfigure
00005a0d   strncmp
00005a33   memcmp
00005a75   PWMPulseWidthSet
00005a95   UARTDisable
00005ab1   memccpy
00005acb   GPIOPortIntRegister
00005ae3   UARTIntRegister
00005afd   _args_main
00005b15   __aeabi_lmul
00005b2d   PWMGenIntRegister
00005b43   PWMOutputState
00005b59   PWMGenPeriodSet
00005b6d   SysCtlPWMClockSet
00005b81   UARTEnable
00005b95   _register_unlock
00005b9b   _register_lock
00005ba3   _nop
00005ba9   strlen
00005bbd   GPIOPinTypeGPIOInput
00005bcf   GPIOPinTypeGPIOOutput
00005be1   GPIOPinTypePWM
00005bf3   GPIOPinTypeSSI
00005c05   GPIOPinTypeUART
00005c17   SSIDataGetNonBlocking
00005c29   __TI_zero_init
00005c3d   SysTickPeriodGet
00005c4d   UARTCharGetNonBlocking
00005c5d   UARTCharPutNonBlocking
00005c6d   GPIOPinIntDisable
00005c7b   __TI_decompress_none
00005c89   _Dclass
00005c97   CPUcpsie
00005ca3   GPIOPinIntEnable
00005cb1   SysTickValueGet
00005cbd   UARTCharsAvail
00005cc9   ResetISR
00005cd5   IntMasterEnable
00005cdf   PWMGenDisable
00005ce9   PWMGenEnable
00005cf3   PWMGenIntTrigEnable
00005cfd   PWMIntDisable
00005d07   SSIDataPut
00005d11   SSIDisable
00005d1b   SSIEnable
00005d25   UARTIntStatus
00005d2f   SSIBusy
00005d37   UARTIntEnable
00005d3f   GPIOPinIntClear
00005d45   GPIOPinWrite
00005d4b   PWMGenIntClear
00005d51   SysCtlDelay
00005d57   __TI_decompress_rle24
00005d5d   UARTIntClear
00005f40   _ctypes_
000063b0   __TI_Handler_Table_Base
000063bc   __TI_Handler_Table_Limit
000063d0   __TI_CINIT_Base
000063e8   __TI_CINIT_Limit
20000000   g_pfnRAMVectors
2000026c   g_airspeed_response_flags
200021ac   g_airspeed_times
200040ec   g_transponder_times
2000602c   g_transponder_response_flags
200067fc   pxCurrentTCB
2000682c   g_airspeed_pulse_count
20006830   g_transponder_pulse_count
2000685c   _lock
20006860   _unlock
20006864   __TI_cleanup_ptr
20006868   __TI_dtors_ptr
20006870   main_func_sp
20006874   __stack
20006974   __STACK_TOP
20009874   __STACK_END
20009878   _sys_memory
2000f0dc   g_airspeed_stopwatch
2000f0f0   g_transponder_stopwatch
2000f18c   xCOMMS_FROM_PC_Queue
2000f190   xClockSpeed
2000f194   xEmergStatus
2000f198   xMirrorTX
2000f19c   xPC_SENT
2000f1a0   xSEND_RESULTS_Queue
2000f1a4   xStatus
2000f1a8   xTestMutex
2000f1ac   xTimeout
2000f1b0   xToTest
2000f1b4   xToTimeout
2000f1b8   xUARTReadQueue
ffffffff   __binit__
ffffffff   __c_args__
ffffffff   binit
UNDEFED    SHT$$INIT_ARRAY$$Base
UNDEFED    SHT$$INIT_ARRAY$$Limit

[273 symbols]
