<?xml version="1.0"?>
<link_info>
   <banner>TI ARM Linker PC v5.1.6</banner>
   <copyright>Copyright (c) 1996-2014 Texas Instruments Incorporated</copyright>
   <link_time>0x560f3f20</link_time>
   <link_errors>0x0</link_errors>
   <output_file>FRT.out</output_file>
   <entry_point>
      <name>_c_int00</name>
      <address>0x5125</address>
   </entry_point>
   <input_file_list>
      <input_file id="fl-2">
         <path>.\</path>
         <kind>object</kind>
         <file>PC_UART.obj</file>
         <name>PC_UART.obj</name>
      </input_file>
      <input_file id="fl-3">
         <path>.\</path>
         <kind>object</kind>
         <file>UART.obj</file>
         <name>UART.obj</name>
      </input_file>
      <input_file id="fl-4">
         <path>.\</path>
         <kind>object</kind>
         <file>list.obj</file>
         <name>list.obj</name>
      </input_file>
      <input_file id="fl-5">
         <path>.\</path>
         <kind>object</kind>
         <file>main.obj</file>
         <name>main.obj</name>
      </input_file>
      <input_file id="fl-6">
         <path>.\</path>
         <kind>object</kind>
         <file>queue.obj</file>
         <name>queue.obj</name>
      </input_file>
      <input_file id="fl-7">
         <path>.\</path>
         <kind>object</kind>
         <file>rit128x96x4.obj</file>
         <name>rit128x96x4.obj</name>
      </input_file>
      <input_file id="fl-8">
         <path>.\</path>
         <kind>object</kind>
         <file>startup_ccs.obj</file>
         <name>startup_ccs.obj</name>
      </input_file>
      <input_file id="fl-9">
         <path>.\</path>
         <kind>object</kind>
         <file>stopwatch.obj</file>
         <name>stopwatch.obj</name>
      </input_file>
      <input_file id="fl-a">
         <path>.\</path>
         <kind>object</kind>
         <file>tasks.obj</file>
         <name>tasks.obj</name>
      </input_file>
      <input_file id="fl-b">
         <path>.\</path>
         <kind>object</kind>
         <file>test.obj</file>
         <name>test.obj</name>
      </input_file>
      <input_file id="fl-c">
         <path>.\</path>
         <kind>object</kind>
         <file>uut_gpio.obj</file>
         <name>uut_gpio.obj</name>
      </input_file>
      <input_file id="fl-d">
         <path>.\portable\</path>
         <kind>object</kind>
         <file>heap_2.obj</file>
         <name>heap_2.obj</name>
      </input_file>
      <input_file id="fl-e">
         <path>.\portable\</path>
         <kind>object</kind>
         <file>port.obj</file>
         <name>port.obj</name>
      </input_file>
      <input_file id="fl-f">
         <path>.\portable\</path>
         <kind>object</kind>
         <file>portasm.obj</file>
         <name>portasm.obj</name>
      </input_file>
      <input_file id="fl-10">
         <path>.\demo_code\</path>
         <kind>object</kind>
         <file>basic_io.obj</file>
         <name>basic_io.obj</name>
      </input_file>
      <input_file id="fl-13e">
         <path>c:\ti\ccsv6\tools\compiler\arm_5.1.6\lib\</path>
         <kind>archive</kind>
         <file>rtsv7M3_T_le_eabi.lib</file>
         <name>boot.obj</name>
      </input_file>
      <input_file id="fl-13f">
         <path>c:\ti\ccsv6\tools\compiler\arm_5.1.6\lib\</path>
         <kind>archive</kind>
         <file>rtsv7M3_T_le_eabi.lib</file>
         <name>copy_decompress_none.obj</name>
      </input_file>
      <input_file id="fl-140">
         <path>c:\ti\ccsv6\tools\compiler\arm_5.1.6\lib\</path>
         <kind>archive</kind>
         <file>rtsv7M3_T_le_eabi.lib</file>
         <name>copy_decompress_rle.obj</name>
      </input_file>
      <input_file id="fl-141">
         <path>c:\ti\ccsv6\tools\compiler\arm_5.1.6\lib\</path>
         <kind>archive</kind>
         <file>rtsv7M3_T_le_eabi.lib</file>
         <name>copy_zero_init.obj</name>
      </input_file>
      <input_file id="fl-142">
         <path>c:\ti\ccsv6\tools\compiler\arm_5.1.6\lib\</path>
         <kind>archive</kind>
         <file>rtsv7M3_T_le_eabi.lib</file>
         <name>defs.obj</name>
      </input_file>
      <input_file id="fl-143">
         <path>c:\ti\ccsv6\tools\compiler\arm_5.1.6\lib\</path>
         <kind>archive</kind>
         <file>rtsv7M3_T_le_eabi.lib</file>
         <name>exit.obj</name>
      </input_file>
      <input_file id="fl-144">
         <path>c:\ti\ccsv6\tools\compiler\arm_5.1.6\lib\</path>
         <kind>archive</kind>
         <file>rtsv7M3_T_le_eabi.lib</file>
         <name>fd_div_t2.obj</name>
      </input_file>
      <input_file id="fl-145">
         <path>c:\ti\ccsv6\tools\compiler\arm_5.1.6\lib\</path>
         <kind>archive</kind>
         <file>rtsv7M3_T_le_eabi.lib</file>
         <name>fd_mul_t2.obj</name>
      </input_file>
      <input_file id="fl-146">
         <path>c:\ti\ccsv6\tools\compiler\arm_5.1.6\lib\</path>
         <kind>archive</kind>
         <file>rtsv7M3_T_le_eabi.lib</file>
         <name>fd_tou_t2.obj</name>
      </input_file>
      <input_file id="fl-147">
         <path>c:\ti\ccsv6\tools\compiler\arm_5.1.6\lib\</path>
         <kind>archive</kind>
         <file>rtsv7M3_T_le_eabi.lib</file>
         <name>fflush.obj</name>
      </input_file>
      <input_file id="fl-148">
         <path>c:\ti\ccsv6\tools\compiler\arm_5.1.6\lib\</path>
         <kind>archive</kind>
         <file>rtsv7M3_T_le_eabi.lib</file>
         <name>i_tofd_t2.obj</name>
      </input_file>
      <input_file id="fl-149">
         <path>c:\ti\ccsv6\tools\compiler\arm_5.1.6\lib\</path>
         <kind>archive</kind>
         <file>rtsv7M3_T_le_eabi.lib</file>
         <name>lowlev.obj</name>
      </input_file>
      <input_file id="fl-14a">
         <path>c:\ti\ccsv6\tools\compiler\arm_5.1.6\lib\</path>
         <kind>archive</kind>
         <file>rtsv7M3_T_le_eabi.lib</file>
         <name>memcmp.obj</name>
      </input_file>
      <input_file id="fl-14b">
         <path>c:\ti\ccsv6\tools\compiler\arm_5.1.6\lib\</path>
         <kind>archive</kind>
         <file>rtsv7M3_T_le_eabi.lib</file>
         <name>memcpy_t2.obj</name>
      </input_file>
      <input_file id="fl-14c">
         <path>c:\ti\ccsv6\tools\compiler\arm_5.1.6\lib\</path>
         <kind>archive</kind>
         <file>rtsv7M3_T_le_eabi.lib</file>
         <name>memory.obj</name>
      </input_file>
      <input_file id="fl-14d">
         <path>c:\ti\ccsv6\tools\compiler\arm_5.1.6\lib\</path>
         <kind>archive</kind>
         <file>rtsv7M3_T_le_eabi.lib</file>
         <name>memset_t2.obj</name>
      </input_file>
      <input_file id="fl-14e">
         <path>c:\ti\ccsv6\tools\compiler\arm_5.1.6\lib\</path>
         <kind>archive</kind>
         <file>rtsv7M3_T_le_eabi.lib</file>
         <name>printf.obj</name>
      </input_file>
      <input_file id="fl-14f">
         <path>c:\ti\ccsv6\tools\compiler\arm_5.1.6\lib\</path>
         <kind>archive</kind>
         <file>rtsv7M3_T_le_eabi.lib</file>
         <name>sprintf.obj</name>
      </input_file>
      <input_file id="fl-150">
         <path>c:\ti\ccsv6\tools\compiler\arm_5.1.6\lib\</path>
         <kind>archive</kind>
         <file>rtsv7M3_T_le_eabi.lib</file>
         <name>stkdepth_vars.obj</name>
      </input_file>
      <input_file id="fl-151">
         <path>c:\ti\ccsv6\tools\compiler\arm_5.1.6\lib\</path>
         <kind>archive</kind>
         <file>rtsv7M3_T_le_eabi.lib</file>
         <name>strchr.obj</name>
      </input_file>
      <input_file id="fl-152">
         <path>c:\ti\ccsv6\tools\compiler\arm_5.1.6\lib\</path>
         <kind>archive</kind>
         <file>rtsv7M3_T_le_eabi.lib</file>
         <name>strcmp.obj</name>
      </input_file>
      <input_file id="fl-153">
         <path>c:\ti\ccsv6\tools\compiler\arm_5.1.6\lib\</path>
         <kind>archive</kind>
         <file>rtsv7M3_T_le_eabi.lib</file>
         <name>strlen.obj</name>
      </input_file>
      <input_file id="fl-154">
         <path>c:\ti\ccsv6\tools\compiler\arm_5.1.6\lib\</path>
         <kind>archive</kind>
         <file>rtsv7M3_T_le_eabi.lib</file>
         <name>strncmp.obj</name>
      </input_file>
      <input_file id="fl-155">
         <path>c:\ti\ccsv6\tools\compiler\arm_5.1.6\lib\</path>
         <kind>archive</kind>
         <file>rtsv7M3_T_le_eabi.lib</file>
         <name>strncpy.obj</name>
      </input_file>
      <input_file id="fl-156">
         <path>c:\ti\ccsv6\tools\compiler\arm_5.1.6\lib\</path>
         <kind>archive</kind>
         <file>rtsv7M3_T_le_eabi.lib</file>
         <name>trgdrv.obj</name>
      </input_file>
      <input_file id="fl-157">
         <path>c:\ti\ccsv6\tools\compiler\arm_5.1.6\lib\</path>
         <kind>archive</kind>
         <file>rtsv7M3_T_le_eabi.lib</file>
         <name>trgmsg.obj</name>
      </input_file>
      <input_file id="fl-158">
         <path>c:\ti\ccsv6\tools\compiler\arm_5.1.6\lib\</path>
         <kind>archive</kind>
         <file>rtsv7M3_T_le_eabi.lib</file>
         <name>_lock.obj</name>
      </input_file>
      <input_file id="fl-159">
         <path>c:\ti\ccsv6\tools\compiler\arm_5.1.6\lib\</path>
         <kind>archive</kind>
         <file>rtsv7M3_T_le_eabi.lib</file>
         <name>_printfi.obj</name>
      </input_file>
      <input_file id="fl-15a">
         <path>c:\ti\ccsv6\tools\compiler\arm_5.1.6\lib\</path>
         <kind>archive</kind>
         <file>rtsv7M3_T_le_eabi.lib</file>
         <name>args_main.obj</name>
      </input_file>
      <input_file id="fl-15b">
         <path>c:\ti\ccsv6\tools\compiler\arm_5.1.6\lib\</path>
         <kind>archive</kind>
         <file>rtsv7M3_T_le_eabi.lib</file>
         <name>atoi.obj</name>
      </input_file>
      <input_file id="fl-15c">
         <path>c:\ti\ccsv6\tools\compiler\arm_5.1.6\lib\</path>
         <kind>archive</kind>
         <file>rtsv7M3_T_le_eabi.lib</file>
         <name>auto_init.obj</name>
      </input_file>
      <input_file id="fl-15d">
         <path>c:\ti\ccsv6\tools\compiler\arm_5.1.6\lib\</path>
         <kind>archive</kind>
         <file>rtsv7M3_T_le_eabi.lib</file>
         <name>cpy_tbl.obj</name>
      </input_file>
      <input_file id="fl-15e">
         <path>c:\ti\ccsv6\tools\compiler\arm_5.1.6\lib\</path>
         <kind>archive</kind>
         <file>rtsv7M3_T_le_eabi.lib</file>
         <name>ctype.obj</name>
      </input_file>
      <input_file id="fl-15f">
         <path>c:\ti\ccsv6\tools\compiler\arm_5.1.6\lib\</path>
         <kind>archive</kind>
         <file>rtsv7M3_T_le_eabi.lib</file>
         <name>fd_add_t2.obj</name>
      </input_file>
      <input_file id="fl-160">
         <path>c:\ti\ccsv6\tools\compiler\arm_5.1.6\lib\</path>
         <kind>archive</kind>
         <file>rtsv7M3_T_le_eabi.lib</file>
         <name>fd_cmp_t2.obj</name>
      </input_file>
      <input_file id="fl-161">
         <path>c:\ti\ccsv6\tools\compiler\arm_5.1.6\lib\</path>
         <kind>archive</kind>
         <file>rtsv7M3_T_le_eabi.lib</file>
         <name>fd_toi_t2.obj</name>
      </input_file>
      <input_file id="fl-162">
         <path>c:\ti\ccsv6\tools\compiler\arm_5.1.6\lib\</path>
         <kind>archive</kind>
         <file>rtsv7M3_T_le_eabi.lib</file>
         <name>fputc.obj</name>
      </input_file>
      <input_file id="fl-163">
         <path>c:\ti\ccsv6\tools\compiler\arm_5.1.6\lib\</path>
         <kind>archive</kind>
         <file>rtsv7M3_T_le_eabi.lib</file>
         <name>fputs.obj</name>
      </input_file>
      <input_file id="fl-164">
         <path>c:\ti\ccsv6\tools\compiler\arm_5.1.6\lib\</path>
         <kind>archive</kind>
         <file>rtsv7M3_T_le_eabi.lib</file>
         <name>ll_mul_t2.obj</name>
      </input_file>
      <input_file id="fl-165">
         <path>c:\ti\ccsv6\tools\compiler\arm_5.1.6\lib\</path>
         <kind>archive</kind>
         <file>rtsv7M3_T_le_eabi.lib</file>
         <name>ltoa.obj</name>
      </input_file>
      <input_file id="fl-166">
         <path>c:\ti\ccsv6\tools\compiler\arm_5.1.6\lib\</path>
         <kind>archive</kind>
         <file>rtsv7M3_T_le_eabi.lib</file>
         <name>memccpy.obj</name>
      </input_file>
      <input_file id="fl-167">
         <path>c:\ti\ccsv6\tools\compiler\arm_5.1.6\lib\</path>
         <kind>archive</kind>
         <file>rtsv7M3_T_le_eabi.lib</file>
         <name>memchr.obj</name>
      </input_file>
      <input_file id="fl-168">
         <path>c:\ti\ccsv6\tools\compiler\arm_5.1.6\lib\</path>
         <kind>archive</kind>
         <file>rtsv7M3_T_le_eabi.lib</file>
         <name>strcpy.obj</name>
      </input_file>
      <input_file id="fl-169">
         <path>c:\ti\ccsv6\tools\compiler\arm_5.1.6\lib\</path>
         <kind>archive</kind>
         <file>rtsv7M3_T_le_eabi.lib</file>
         <name>ull_div_t2.obj</name>
      </input_file>
      <input_file id="fl-16a">
         <path>c:\ti\ccsv6\tools\compiler\arm_5.1.6\lib\</path>
         <kind>archive</kind>
         <file>rtsv7M3_T_le_eabi.lib</file>
         <name>xdclass.obj</name>
      </input_file>
      <input_file id="fl-16b">
         <path>c:\ti\ccsv6\tools\compiler\arm_5.1.6\lib\</path>
         <kind>archive</kind>
         <file>rtsv7M3_T_le_eabi.lib</file>
         <name>xdtest.obj</name>
      </input_file>
      <input_file id="fl-16c">
         <path>c:\ti\ccsv6\tools\compiler\arm_5.1.6\lib\</path>
         <kind>archive</kind>
         <file>rtsv7M3_T_le_eabi.lib</file>
         <name>_io_perm.obj</name>
      </input_file>
      <input_file id="fl-16d">
         <path>c:\ti\ccsv6\tools\compiler\arm_5.1.6\lib\</path>
         <kind>archive</kind>
         <file>rtsv7M3_T_le_eabi.lib</file>
         <name>fseek.obj</name>
      </input_file>
      <input_file id="fl-16e">
         <path>c:\ti\ccsv6\tools\compiler\arm_5.1.6\lib\</path>
         <kind>archive</kind>
         <file>rtsv7M3_T_le_eabi.lib</file>
         <name>setvbuf.obj</name>
      </input_file>
      <input_file id="fl-16f">
         <path>c:\ti\ccsv6\tools\compiler\arm_5.1.6\lib\</path>
         <kind>archive</kind>
         <file>rtsv7M3_T_le_eabi.lib</file>
         <name>fopen.obj</name>
      </input_file>
      <input_file id="fl-170">
         <path>c:\ti\ccsv6\tools\compiler\arm_5.1.6\lib\</path>
         <kind>archive</kind>
         <file>rtsv7M3_T_le_eabi.lib</file>
         <name>fclose.obj</name>
      </input_file>
      <input_file id="fl-171">
         <path>c:\ti\ccsv6\tools\compiler\arm_5.1.6\lib\</path>
         <kind>archive</kind>
         <file>rtsv7M3_T_le_eabi.lib</file>
         <name>remove.obj</name>
      </input_file>
      <input_file id="fl-172">
         <path>J:\courses\ENEL463\StellarisWare\driverlib\ccs-cm3\Debug\</path>
         <kind>archive</kind>
         <file>driverlib-cm3.lib</file>
         <name>uart.obj</name>
      </input_file>
      <input_file id="fl-173">
         <path>J:\courses\ENEL463\StellarisWare\driverlib\ccs-cm3\Debug\</path>
         <kind>archive</kind>
         <file>driverlib-cm3.lib</file>
         <name>systick.obj</name>
      </input_file>
      <input_file id="fl-174">
         <path>J:\courses\ENEL463\StellarisWare\driverlib\ccs-cm3\Debug\</path>
         <kind>archive</kind>
         <file>driverlib-cm3.lib</file>
         <name>sysctl.obj</name>
      </input_file>
      <input_file id="fl-175">
         <path>J:\courses\ENEL463\StellarisWare\driverlib\ccs-cm3\Debug\</path>
         <kind>archive</kind>
         <file>driverlib-cm3.lib</file>
         <name>ssi.obj</name>
      </input_file>
      <input_file id="fl-176">
         <path>J:\courses\ENEL463\StellarisWare\driverlib\ccs-cm3\Debug\</path>
         <kind>archive</kind>
         <file>driverlib-cm3.lib</file>
         <name>pwm.obj</name>
      </input_file>
      <input_file id="fl-177">
         <path>J:\courses\ENEL463\StellarisWare\driverlib\ccs-cm3\Debug\</path>
         <kind>archive</kind>
         <file>driverlib-cm3.lib</file>
         <name>interrupt.obj</name>
      </input_file>
      <input_file id="fl-178">
         <path>J:\courses\ENEL463\StellarisWare\driverlib\ccs-cm3\Debug\</path>
         <kind>archive</kind>
         <file>driverlib-cm3.lib</file>
         <name>gpio.obj</name>
      </input_file>
      <input_file id="fl-179">
         <path>J:\courses\ENEL463\StellarisWare\driverlib\ccs-cm3\Debug\</path>
         <kind>archive</kind>
         <file>driverlib-cm3.lib</file>
         <name>cpu.obj</name>
      </input_file>
   </input_file_list>
   <object_component_list>
      <object_component id="oc-d">
         <name>.intvecs</name>
         <load_address>0x0</load_address>
         <run_address>0x0</run_address>
         <size>0xf0</size>
         <input_file_ref idref="fl-8"/>
      </object_component>
      <object_component id="oc-2e0">
         <name>.text</name>
         <load_address>0xf0</load_address>
         <run_address>0xf0</run_address>
         <size>0xebc</size>
         <input_file_ref idref="fl-159"/>
      </object_component>
      <object_component id="oc-7c">
         <name>.text</name>
         <load_address>0xfac</load_address>
         <run_address>0xfac</run_address>
         <size>0xc74</size>
         <input_file_ref idref="fl-a"/>
      </object_component>
      <object_component id="oc-9b">
         <name>.text</name>
         <load_address>0x1c20</load_address>
         <run_address>0x1c20</run_address>
         <size>0x770</size>
         <input_file_ref idref="fl-5"/>
      </object_component>
      <object_component id="oc-141">
         <name>.text</name>
         <load_address>0x2390</load_address>
         <run_address>0x2390</run_address>
         <size>0x614</size>
         <input_file_ref idref="fl-6"/>
      </object_component>
      <object_component id="oc-129">
         <name>.text</name>
         <load_address>0x29a4</load_address>
         <run_address>0x29a4</run_address>
         <size>0x510</size>
         <input_file_ref idref="fl-7"/>
      </object_component>
      <object_component id="oc-15b">
         <name>.text</name>
         <load_address>0x2eb4</load_address>
         <run_address>0x2eb4</run_address>
         <size>0x3cc</size>
         <input_file_ref idref="fl-14c"/>
      </object_component>
      <object_component id="oc-135">
         <name>.text</name>
         <load_address>0x3280</load_address>
         <run_address>0x3280</run_address>
         <size>0x378</size>
         <input_file_ref idref="fl-c"/>
      </object_component>
      <object_component id="oc-12f">
         <name>.text</name>
         <load_address>0x35f8</load_address>
         <run_address>0x35f8</run_address>
         <size>0x258</size>
         <input_file_ref idref="fl-3"/>
      </object_component>
      <object_component id="oc-13b">
         <name>.text</name>
         <load_address>0x3850</load_address>
         <run_address>0x3850</run_address>
         <size>0x218</size>
         <input_file_ref idref="fl-2"/>
      </object_component>
      <object_component id="oc-365">
         <name>.text</name>
         <load_address>0x3a68</load_address>
         <run_address>0x3a68</run_address>
         <size>0x1f4</size>
         <input_file_ref idref="fl-169"/>
      </object_component>
      <object_component id="oc-220">
         <name>.text:SysCtlClockGet</name>
         <load_address>0x3c5c</load_address>
         <run_address>0x3c5c</run_address>
         <size>0x1d8</size>
         <input_file_ref idref="fl-174"/>
      </object_component>
      <object_component id="oc-ef">
         <name>.text</name>
         <load_address>0x3e34</load_address>
         <run_address>0x3e34</run_address>
         <size>0x1bc</size>
         <input_file_ref idref="fl-d"/>
      </object_component>
      <object_component id="oc-384">
         <name>.text</name>
         <load_address>0x3ff0</load_address>
         <run_address>0x3ff0</run_address>
         <size>0x1b6</size>
         <input_file_ref idref="fl-15f"/>
      </object_component>
      <object_component id="oc-147">
         <name>.text</name>
         <load_address>0x41a6</load_address>
         <run_address>0x41a6</run_address>
         <size>0x160</size>
         <input_file_ref idref="fl-9"/>
      </object_component>
      <object_component id="oc-119">
         <name>.text:SysCtlClockSet</name>
         <load_address>0x4308</load_address>
         <run_address>0x4308</run_address>
         <size>0x144</size>
         <input_file_ref idref="fl-174"/>
      </object_component>
      <object_component id="oc-298">
         <name>.text</name>
         <load_address>0x444c</load_address>
         <run_address>0x444c</run_address>
         <size>0x136</size>
         <input_file_ref idref="fl-144"/>
      </object_component>
      <object_component id="oc-d0">
         <name>.text</name>
         <load_address>0x4582</load_address>
         <run_address>0x4582</run_address>
         <size>0x12e</size>
         <input_file_ref idref="fl-4"/>
      </object_component>
      <object_component id="oc-28a">
         <name>.text</name>
         <load_address>0x46b0</load_address>
         <run_address>0x46b0</run_address>
         <size>0xfc</size>
         <input_file_ref idref="fl-145"/>
      </object_component>
      <object_component id="oc-36">
         <name>.text</name>
         <load_address>0x47ac</load_address>
         <run_address>0x47ac</run_address>
         <size>0xe4</size>
         <input_file_ref idref="fl-e"/>
      </object_component>
      <object_component id="oc-1fb">
         <name>.text:GPIOPadConfigSet</name>
         <load_address>0x4890</load_address>
         <run_address>0x4890</run_address>
         <size>0xc8</size>
         <input_file_ref idref="fl-178"/>
      </object_component>
      <object_component id="oc-31">
         <name>.text</name>
         <load_address>0x4958</load_address>
         <run_address>0x4958</run_address>
         <size>0x9c</size>
         <input_file_ref idref="fl-f"/>
      </object_component>
      <object_component id="oc-54">
         <name>.text</name>
         <load_address>0x49f4</load_address>
         <run_address>0x49f4</run_address>
         <size>0x9c</size>
         <input_file_ref idref="fl-14b"/>
      </object_component>
      <object_component id="oc-3f">
         <name>.text</name>
         <load_address>0x4a90</load_address>
         <run_address>0x4a90</run_address>
         <size>0x94</size>
         <input_file_ref idref="fl-15c"/>
      </object_component>
      <object_component id="oc-36f">
         <name>.text:__aeabi_cdcmple</name>
         <load_address>0x4b24</load_address>
         <run_address>0x4b24</run_address>
         <size>0x86</size>
         <input_file_ref idref="fl-160"/>
      </object_component>
      <object_component id="oc-374">
         <name>.text:__aeabi_cdrcmple</name>
         <load_address>0x4baa</load_address>
         <run_address>0x4baa</run_address>
         <size>0x86</size>
         <input_file_ref idref="fl-160"/>
      </object_component>
      <object_component id="oc-f5">
         <name>.text</name>
         <load_address>0x4c30</load_address>
         <run_address>0x4c30</run_address>
         <size>0x78</size>
         <input_file_ref idref="fl-14d"/>
      </object_component>
      <object_component id="oc-26b">
         <name>.text:IntEnable</name>
         <load_address>0x4ca8</load_address>
         <run_address>0x4ca8</run_address>
         <size>0x64</size>
         <input_file_ref idref="fl-177"/>
      </object_component>
      <object_component id="oc-17b">
         <name>.text</name>
         <load_address>0x4d0c</load_address>
         <run_address>0x4d0c</run_address>
         <size>0x60</size>
         <input_file_ref idref="fl-14f"/>
      </object_component>
      <object_component id="oc-67">
         <name>.text</name>
         <load_address>0x4d6c</load_address>
         <run_address>0x4d6c</run_address>
         <size>0x5e</size>
         <input_file_ref idref="fl-140"/>
      </object_component>
      <object_component id="oc-37e">
         <name>.text</name>
         <load_address>0x4dca</load_address>
         <run_address>0x4dca</run_address>
         <size>0x5a</size>
         <input_file_ref idref="fl-165"/>
      </object_component>
      <object_component id="oc-11d">
         <name>.text:SysCtlPeripheralEnable</name>
         <load_address>0x4e24</load_address>
         <run_address>0x4e24</run_address>
         <size>0x58</size>
         <input_file_ref idref="fl-174"/>
      </object_component>
      <object_component id="oc-395">
         <name>.text</name>
         <load_address>0x4e7c</load_address>
         <run_address>0x4e7c</run_address>
         <size>0x4c</size>
         <input_file_ref idref="fl-15b"/>
      </object_component>
      <object_component id="oc-257">
         <name>.text:GPIOPinConfigure</name>
         <load_address>0x4ec8</load_address>
         <run_address>0x4ec8</run_address>
         <size>0x48</size>
         <input_file_ref idref="fl-178"/>
      </object_component>
      <object_component id="oc-379">
         <name>.text</name>
         <load_address>0x4f10</load_address>
         <run_address>0x4f10</run_address>
         <size>0x48</size>
         <input_file_ref idref="fl-161"/>
      </object_component>
      <object_component id="oc-224">
         <name>.text:SSIConfigSetExpClk</name>
         <load_address>0x4f58</load_address>
         <run_address>0x4f58</run_address>
         <size>0x44</size>
         <input_file_ref idref="fl-175"/>
      </object_component>
      <object_component id="oc-94">
         <name>.text</name>
         <load_address>0x4f9c</load_address>
         <run_address>0x4f9c</run_address>
         <size>0x44</size>
         <input_file_ref idref="fl-15d"/>
      </object_component>
      <object_component id="oc-4a">
         <name>.text</name>
         <load_address>0x4fe0</load_address>
         <run_address>0x4fe0</run_address>
         <size>0x44</size>
         <input_file_ref idref="fl-143"/>
      </object_component>
      <object_component id="oc-28f">
         <name>.text</name>
         <load_address>0x5024</load_address>
         <run_address>0x5024</run_address>
         <size>0x44</size>
         <input_file_ref idref="fl-146"/>
      </object_component>
      <object_component id="oc-3cd">
         <name>.text</name>
         <load_address>0x5068</load_address>
         <run_address>0x5068</run_address>
         <size>0x44</size>
         <input_file_ref idref="fl-16b"/>
      </object_component>
      <object_component id="oc-25f">
         <name>.text:UARTConfigSetExpClk</name>
         <load_address>0x50ac</load_address>
         <run_address>0x50ac</run_address>
         <size>0x42</size>
         <input_file_ref idref="fl-172"/>
      </object_component>
      <object_component id="oc-333">
         <name>.text:IntRegister</name>
         <load_address>0x50f0</load_address>
         <run_address>0x50f0</run_address>
         <size>0x34</size>
         <input_file_ref idref="fl-177"/>
      </object_component>
      <object_component id="oc-10">
         <name>.text</name>
         <load_address>0x5124</load_address>
         <run_address>0x5124</run_address>
         <size>0x34</size>
         <input_file_ref idref="fl-13e"/>
      </object_component>
      <object_component id="oc-e7">
         <name>.text</name>
         <load_address>0x5158</load_address>
         <run_address>0x5158</run_address>
         <size>0x30</size>
         <input_file_ref idref="fl-155"/>
      </object_component>
      <object_component id="oc-1ff">
         <name>.text:GPIODirModeSet</name>
         <load_address>0x5188</load_address>
         <run_address>0x5188</run_address>
         <size>0x2e</size>
         <input_file_ref idref="fl-178"/>
      </object_component>
      <object_component id="oc-285">
         <name>.text</name>
         <load_address>0x51b6</load_address>
         <run_address>0x51b6</run_address>
         <size>0x2e</size>
         <input_file_ref idref="fl-148"/>
      </object_component>
      <object_component id="oc-161">
         <name>.text</name>
         <load_address>0x51e4</load_address>
         <run_address>0x51e4</run_address>
         <size>0x26</size>
         <input_file_ref idref="fl-154"/>
      </object_component>
      <object_component id="oc-de">
         <name>.text</name>
         <load_address>0x520a</load_address>
         <run_address>0x520a</run_address>
         <size>0x22</size>
         <input_file_ref idref="fl-14a"/>
      </object_component>
      <object_component id="oc-32f">
         <name>.text:UARTIntNumberGet</name>
         <load_address>0x522c</load_address>
         <run_address>0x522c</run_address>
         <size>0x20</size>
         <input_file_ref idref="fl-172"/>
      </object_component>
      <object_component id="oc-29d">
         <name>.text:PWMPulseWidthSet</name>
         <load_address>0x524c</load_address>
         <run_address>0x524c</run_address>
         <size>0x1e</size>
         <input_file_ref idref="fl-176"/>
      </object_component>
      <object_component id="oc-329">
         <name>.text:UARTDisable</name>
         <load_address>0x526c</load_address>
         <run_address>0x526c</run_address>
         <size>0x1c</size>
         <input_file_ref idref="fl-172"/>
      </object_component>
      <object_component id="oc-38f">
         <name>.text</name>
         <load_address>0x5288</load_address>
         <run_address>0x5288</run_address>
         <size>0x1a</size>
         <input_file_ref idref="fl-166"/>
      </object_component>
      <object_component id="oc-267">
         <name>.text:UARTIntRegister</name>
         <load_address>0x52a2</load_address>
         <run_address>0x52a2</run_address>
         <size>0x18</size>
         <input_file_ref idref="fl-172"/>
      </object_component>
      <object_component id="oc-44">
         <name>.text</name>
         <load_address>0x52bc</load_address>
         <run_address>0x52bc</run_address>
         <size>0x18</size>
         <input_file_ref idref="fl-15a"/>
      </object_component>
      <object_component id="oc-36a">
         <name>.text</name>
         <load_address>0x52d4</load_address>
         <run_address>0x52d4</run_address>
         <size>0x18</size>
         <input_file_ref idref="fl-164"/>
      </object_component>
      <object_component id="oc-27d">
         <name>.text:PWMOutputState</name>
         <load_address>0x52ec</load_address>
         <run_address>0x52ec</run_address>
         <size>0x16</size>
         <input_file_ref idref="fl-176"/>
      </object_component>
      <object_component id="oc-294">
         <name>.text:PWMGenPeriodSet</name>
         <load_address>0x5302</load_address>
         <run_address>0x5302</run_address>
         <size>0x14</size>
         <input_file_ref idref="fl-176"/>
      </object_component>
      <object_component id="oc-263">
         <name>.text:UARTEnable</name>
         <load_address>0x5316</load_address>
         <run_address>0x5316</run_address>
         <size>0x14</size>
         <input_file_ref idref="fl-172"/>
      </object_component>
      <object_component id="oc-19c">
         <name>.text</name>
         <load_address>0x532c</load_address>
         <run_address>0x532c</run_address>
         <size>0x14</size>
         <input_file_ref idref="fl-158"/>
      </object_component>
      <object_component id="oc-155">
         <name>.text</name>
         <load_address>0x5340</load_address>
         <run_address>0x5340</run_address>
         <size>0x14</size>
         <input_file_ref idref="fl-153"/>
      </object_component>
      <object_component id="oc-121">
         <name>.text:GPIOPinTypeGPIOOutput</name>
         <load_address>0x5354</load_address>
         <run_address>0x5354</run_address>
         <size>0x12</size>
         <input_file_ref idref="fl-178"/>
      </object_component>
      <object_component id="oc-228">
         <name>.text:GPIOPinTypeSSI</name>
         <load_address>0x5366</load_address>
         <run_address>0x5366</run_address>
         <size>0x12</size>
         <input_file_ref idref="fl-178"/>
      </object_component>
      <object_component id="oc-25b">
         <name>.text:GPIOPinTypeUART</name>
         <load_address>0x5378</load_address>
         <run_address>0x5378</run_address>
         <size>0x12</size>
         <input_file_ref idref="fl-178"/>
      </object_component>
      <object_component id="oc-230">
         <name>.text:SSIDataGetNonBlocking</name>
         <load_address>0x538a</load_address>
         <run_address>0x538a</run_address>
         <size>0x12</size>
         <input_file_ref idref="fl-175"/>
      </object_component>
      <object_component id="oc-1b">
         <name>.text:decompress:ZI</name>
         <load_address>0x539c</load_address>
         <run_address>0x539c</run_address>
         <size>0x12</size>
         <input_file_ref idref="fl-141"/>
      </object_component>
      <object_component id="oc-2c4">
         <name>.text:SysTickPeriodGet</name>
         <load_address>0x53b0</load_address>
         <run_address>0x53b0</run_address>
         <size>0x10</size>
         <input_file_ref idref="fl-173"/>
      </object_component>
      <object_component id="oc-24b">
         <name>.text:UARTCharGetNonBlocking</name>
         <load_address>0x53c0</load_address>
         <run_address>0x53c0</run_address>
         <size>0x10</size>
         <input_file_ref idref="fl-172"/>
      </object_component>
      <object_component id="oc-253">
         <name>.text:UARTCharPutNonBlocking</name>
         <load_address>0x53d0</load_address>
         <run_address>0x53d0</run_address>
         <size>0x10</size>
         <input_file_ref idref="fl-172"/>
      </object_component>
      <object_component id="oc-15">
         <name>.text:decompress:none</name>
         <load_address>0x53e0</load_address>
         <run_address>0x53e0</run_address>
         <size>0xe</size>
         <input_file_ref idref="fl-13f"/>
      </object_component>
      <object_component id="oc-389">
         <name>.text</name>
         <load_address>0x53ee</load_address>
         <run_address>0x53ee</run_address>
         <size>0xe</size>
         <input_file_ref idref="fl-16a"/>
      </object_component>
      <object_component id="oc-204">
         <name>.text:CPUcpsie</name>
         <load_address>0x53fc</load_address>
         <run_address>0x53fc</run_address>
         <size>0xc</size>
         <input_file_ref idref="fl-179"/>
      </object_component>
      <object_component id="oc-2c0">
         <name>.text:SysTickValueGet</name>
         <load_address>0x5408</load_address>
         <run_address>0x5408</run_address>
         <size>0xc</size>
         <input_file_ref idref="fl-173"/>
      </object_component>
      <object_component id="oc-24f">
         <name>.text:UARTCharsAvail</name>
         <load_address>0x5414</load_address>
         <run_address>0x5414</run_address>
         <size>0xc</size>
         <input_file_ref idref="fl-172"/>
      </object_component>
      <object_component id="oc-2b">
         <name>.text</name>
         <load_address>0x5420</load_address>
         <run_address>0x5420</run_address>
         <size>0xc</size>
         <input_file_ref idref="fl-8"/>
      </object_component>
      <object_component id="oc-125">
         <name>.text:IntMasterEnable</name>
         <load_address>0x542c</load_address>
         <run_address>0x542c</run_address>
         <size>0xa</size>
         <input_file_ref idref="fl-177"/>
      </object_component>
      <object_component id="oc-279">
         <name>.text:PWMGenDisable</name>
         <load_address>0x5436</load_address>
         <run_address>0x5436</run_address>
         <size>0xa</size>
         <input_file_ref idref="fl-176"/>
      </object_component>
      <object_component id="oc-215">
         <name>.text:SSIDataPut</name>
         <load_address>0x5440</load_address>
         <run_address>0x5440</run_address>
         <size>0xa</size>
         <input_file_ref idref="fl-175"/>
      </object_component>
      <object_component id="oc-21c">
         <name>.text:SSIDisable</name>
         <load_address>0x544a</load_address>
         <run_address>0x544a</run_address>
         <size>0xa</size>
         <input_file_ref idref="fl-175"/>
      </object_component>
      <object_component id="oc-22c">
         <name>.text:SSIEnable</name>
         <load_address>0x5454</load_address>
         <run_address>0x5454</run_address>
         <size>0xa</size>
         <input_file_ref idref="fl-175"/>
      </object_component>
      <object_component id="oc-243">
         <name>.text:UARTIntStatus</name>
         <load_address>0x545e</load_address>
         <run_address>0x545e</run_address>
         <size>0xa</size>
         <input_file_ref idref="fl-172"/>
      </object_component>
      <object_component id="oc-20d">
         <name>.text:SSIBusy</name>
         <load_address>0x5468</load_address>
         <run_address>0x5468</run_address>
         <size>0x8</size>
         <input_file_ref idref="fl-175"/>
      </object_component>
      <object_component id="oc-26f">
         <name>.text:UARTIntEnable</name>
         <load_address>0x5470</load_address>
         <run_address>0x5470</run_address>
         <size>0x8</size>
         <input_file_ref idref="fl-172"/>
      </object_component>
      <object_component id="oc-281">
         <name>.text:GPIOPinIntClear</name>
         <load_address>0x5478</load_address>
         <run_address>0x5478</run_address>
         <size>0x6</size>
         <input_file_ref idref="fl-178"/>
      </object_component>
      <object_component id="oc-211">
         <name>.text:GPIOPinWrite</name>
         <load_address>0x547e</load_address>
         <run_address>0x547e</run_address>
         <size>0x6</size>
         <input_file_ref idref="fl-178"/>
      </object_component>
      <object_component id="oc-275">
         <name>.text:PWMGenIntClear</name>
         <load_address>0x5484</load_address>
         <run_address>0x5484</run_address>
         <size>0x6</size>
         <input_file_ref idref="fl-176"/>
      </object_component>
      <object_component id="oc-1f1">
         <name>.text:SysCtlDelay</name>
         <load_address>0x548a</load_address>
         <run_address>0x548a</run_address>
         <size>0x6</size>
         <input_file_ref idref="fl-174"/>
      </object_component>
      <object_component id="oc-21">
         <name>.text:decompress:rle24</name>
         <load_address>0x5490</load_address>
         <run_address>0x5490</run_address>
         <size>0x6</size>
         <input_file_ref idref="fl-140"/>
      </object_component>
      <object_component id="oc-247">
         <name>.text:UARTIntClear</name>
         <load_address>0x5496</load_address>
         <run_address>0x5496</run_address>
         <size>0x4</size>
         <input_file_ref idref="fl-172"/>
      </object_component>
      <object_component id="oc-23b">
         <name>.const:g_pucFont</name>
         <load_address>0x549c</load_address>
         <run_address>0x549c</run_address>
         <size>0x1e0</size>
         <input_file_ref idref="fl-7"/>
      </object_component>
      <object_component id="oc-3d6">
         <name>.const:.string:_ctypes_</name>
         <load_address>0x567c</load_address>
         <run_address>0x567c</run_address>
         <size>0x102</size>
         <input_file_ref idref="fl-15e"/>
      </object_component>
      <object_component id="oc-1ca">
         <name>.const</name>
         <load_address>0x577e</load_address>
         <run_address>0x577e</run_address>
         <size>0x2</size>
         <input_file_ref idref="fl-d"/>
      </object_component>
      <object_component id="oc-325">
         <name>.const:g_pulGPIOBaseAddrs</name>
         <load_address>0x5780</load_address>
         <run_address>0x5780</run_address>
         <size>0x78</size>
         <input_file_ref idref="fl-178"/>
      </object_component>
      <object_component id="oc-338">
         <name>.const</name>
         <load_address>0x57f8</load_address>
         <run_address>0x57f8</run_address>
         <size>0x70</size>
         <input_file_ref idref="fl-177"/>
      </object_component>
      <object_component id="oc-312">
         <name>.const:g_pulXtals</name>
         <load_address>0x5868</load_address>
         <run_address>0x5868</run_address>
         <size>0x6c</size>
         <input_file_ref idref="fl-174"/>
      </object_component>
      <object_component id="oc-23f">
         <name>.const:.string:g_pucRIT128x96x4Init</name>
         <load_address>0x58d4</load_address>
         <run_address>0x58d4</run_address>
         <size>0x4f</size>
         <input_file_ref idref="fl-7"/>
      </object_component>
      <object_component id="oc-1f8">
         <name>.const</name>
         <load_address>0x5924</load_address>
         <run_address>0x5924</run_address>
         <size>0x40</size>
         <input_file_ref idref="fl-174"/>
      </object_component>
      <object_component id="oc-3b9">
         <name>.const:g_ppulUARTIntMap</name>
         <load_address>0x5964</load_address>
         <run_address>0x5964</run_address>
         <size>0x40</size>
         <input_file_ref idref="fl-172"/>
      </object_component>
      <object_component id="oc-174">
         <name>.const:.string</name>
         <load_address>0x59a4</load_address>
         <run_address>0x59a4</run_address>
         <size>0x3a</size>
         <input_file_ref idref="fl-5"/>
      </object_component>
      <object_component id="oc-16e">
         <name>.const:.string:$P$T0$1</name>
         <load_address>0x59de</load_address>
         <run_address>0x59de</run_address>
         <size>0x32</size>
         <input_file_ref idref="fl-5"/>
      </object_component>
      <object_component id="oc-171">
         <name>.const:.string:$P$T1$2</name>
         <load_address>0x5a10</load_address>
         <run_address>0x5a10</run_address>
         <size>0x32</size>
         <input_file_ref idref="fl-5"/>
      </object_component>
      <object_component id="oc-177">
         <name>.const</name>
         <load_address>0x5a44</load_address>
         <run_address>0x5a44</run_address>
         <size>0x28</size>
         <input_file_ref idref="fl-5"/>
      </object_component>
      <object_component id="oc-ed">
         <name>.const:.string</name>
         <load_address>0x5a6c</load_address>
         <run_address>0x5a6c</run_address>
         <size>0x14</size>
         <input_file_ref idref="fl-a"/>
      </object_component>
      <object_component id="oc-236">
         <name>.const:.string</name>
         <load_address>0x5a80</load_address>
         <run_address>0x5a80</run_address>
         <size>0xc</size>
         <input_file_ref idref="fl-7"/>
      </object_component>
      <object_component id="oc-413">
         <name>.cinit..data.load</name>
         <load_address>0x5a90</load_address>
         <run_address>0x5a90</run_address>
         <size>0x35</size>
      </object_component>
      <object_component id="oc-410">
         <name>__TI_handler_table</name>
         <load_address>0x5ac8</load_address>
         <run_address>0x5ac8</run_address>
         <size>0xc</size>
      </object_component>
      <object_component id="oc-414">
         <name>.cinit..bss.load</name>
         <load_address>0x5ad8</load_address>
         <run_address>0x5ad8</run_address>
         <size>0x8</size>
      </object_component>
      <object_component id="oc-412">
         <name>.cinit..vtable.load</name>
         <load_address>0x5ae0</load_address>
         <run_address>0x5ae0</run_address>
         <size>0x8</size>
      </object_component>
      <object_component id="oc-411">
         <name>__TI_cinit_table</name>
         <load_address>0x5ae8</load_address>
         <run_address>0x5ae8</run_address>
         <size>0x18</size>
      </object_component>
      <object_component id="oc-3bc">
         <name>.vtable</name>
         <uninitialized>true</uninitialized>
         <run_address>0x20000000</run_address>
         <size>0x26c</size>
         <input_file_ref idref="fl-177"/>
      </object_component>
      <object_component id="oc-50">
         <name>.data</name>
         <load_address>0x20006870</load_address>
         <run_address>0x20006870</run_address>
         <size>0x4</size>
         <input_file_ref idref="fl-150"/>
      </object_component>
      <object_component id="oc-79">
         <name>.data</name>
         <load_address>0x200067fc</load_address>
         <run_address>0x200067fc</run_address>
         <size>0x30</size>
         <input_file_ref idref="fl-a"/>
      </object_component>
      <object_component id="oc-83">
         <name>.data</name>
         <load_address>0x2000686c</load_address>
         <run_address>0x2000686c</run_address>
         <size>0x4</size>
         <input_file_ref idref="fl-e"/>
      </object_component>
      <object_component id="oc-a3">
         <name>.data</name>
         <load_address>0x2000685c</load_address>
         <run_address>0x2000685c</run_address>
         <size>0x8</size>
         <input_file_ref idref="fl-158"/>
      </object_component>
      <object_component id="oc-a6">
         <name>.data</name>
         <load_address>0x20006864</load_address>
         <run_address>0x20006864</run_address>
         <size>0x8</size>
         <input_file_ref idref="fl-143"/>
      </object_component>
      <object_component id="oc-1be">
         <name>.data</name>
         <load_address>0x20006854</load_address>
         <run_address>0x20006854</run_address>
         <size>0x8</size>
         <input_file_ref idref="fl-d"/>
      </object_component>
      <object_component id="oc-2a1">
         <name>.data</name>
         <load_address>0x2000682c</load_address>
         <run_address>0x2000682c</run_address>
         <size>0x1c</size>
         <input_file_ref idref="fl-c"/>
      </object_component>
      <object_component id="oc-2a4">
         <name>.data:g_airspeed_times</name>
         <load_address>0x200021ac</load_address>
         <run_address>0x200021ac</run_address>
         <size>0x1f40</size>
         <input_file_ref idref="fl-c"/>
      </object_component>
      <object_component id="oc-2aa">
         <name>.data:g_transponder_times</name>
         <load_address>0x200040ec</load_address>
         <run_address>0x200040ec</run_address>
         <size>0x1f40</size>
         <input_file_ref idref="fl-c"/>
      </object_component>
      <object_component id="oc-2ae">
         <name>.data:g_airspeed_response_flags</name>
         <load_address>0x2000026c</load_address>
         <run_address>0x2000026c</run_address>
         <size>0x1f40</size>
         <input_file_ref idref="fl-c"/>
      </object_component>
      <object_component id="oc-2b1">
         <name>.data:g_transponder_response_flags</name>
         <load_address>0x2000602c</load_address>
         <run_address>0x2000602c</run_address>
         <size>0x7d0</size>
         <input_file_ref idref="fl-c"/>
      </object_component>
      <object_component id="oc-2ce">
         <name>.data</name>
         <load_address>0x20006848</load_address>
         <run_address>0x20006848</run_address>
         <size>0xc</size>
         <input_file_ref idref="fl-14c"/>
      </object_component>
      <object_component id="oc-d6">
         <name>.bss:pxReadyTasksLists</name>
         <uninitialized>true</uninitialized>
         <run_address>0x2000f078</run_address>
         <size>0x64</size>
         <input_file_ref idref="fl-a"/>
      </object_component>
      <object_component id="oc-1c4">
         <name>.bss:xHeap</name>
         <uninitialized>true</uninitialized>
         <run_address>0x2000c878</run_address>
         <size>0x2800</size>
         <input_file_ref idref="fl-d"/>
      </object_component>
      <object_component id="oc-273">
         <name>.common:xUARTReadQueue</name>
         <uninitialized>true</uninitialized>
         <run_address>0x2000f1b0</run_address>
         <size>0x4</size>
      </object_component>
      <object_component id="oc-2b6">
         <name>.common:xSEND_RESULTS_Queue</name>
         <uninitialized>true</uninitialized>
         <run_address>0x2000f19c</run_address>
         <size>0x4</size>
      </object_component>
      <object_component id="oc-2b5">
         <name>.common:xCOMMS_FROM_PC_Queue</name>
         <uninitialized>true</uninitialized>
         <run_address>0x2000f18c</run_address>
         <size>0x4</size>
      </object_component>
      <object_component id="oc-2b7">
         <name>.common:xPC_SENT</name>
         <uninitialized>true</uninitialized>
         <run_address>0x2000f198</run_address>
         <size>0x4</size>
      </object_component>
      <object_component id="oc-152">
         <name>.common:xMirrorTX</name>
         <uninitialized>true</uninitialized>
         <run_address>0x2000f194</run_address>
         <size>0x4</size>
      </object_component>
      <object_component id="oc-153">
         <name>.common:xClockSpeed</name>
         <uninitialized>true</uninitialized>
         <run_address>0x2000f190</run_address>
         <size>0x4</size>
      </object_component>
      <object_component id="oc-154">
         <name>.common:xTimeout</name>
         <uninitialized>true</uninitialized>
         <run_address>0x2000f1a4</run_address>
         <size>0x4</size>
      </object_component>
      <object_component id="oc-14d">
         <name>.common:xTestMutex</name>
         <uninitialized>true</uninitialized>
         <run_address>0x2000f1a0</run_address>
         <size>0x4</size>
      </object_component>
      <object_component id="oc-182">
         <name>.common:xToTest</name>
         <uninitialized>true</uninitialized>
         <run_address>0x2000f1a8</run_address>
         <size>0x4</size>
      </object_component>
      <object_component id="oc-181">
         <name>.common:xToTimeout</name>
         <uninitialized>true</uninitialized>
         <run_address>0x2000f1ac</run_address>
         <size>0x4</size>
      </object_component>
      <object_component id="oc-23e">
         <name>.common:g_ulSSIFlags</name>
         <uninitialized>true</uninitialized>
         <run_address>0x2000f180</run_address>
         <size>0x4</size>
      </object_component>
      <object_component id="oc-23a">
         <name>.common:g_pucBuffer</name>
         <uninitialized>true</uninitialized>
         <run_address>0x2000f168</run_address>
         <size>0x8</size>
      </object_component>
      <object_component id="oc-fb">
         <name>.common:xDelayedTaskList1</name>
         <uninitialized>true</uninitialized>
         <run_address>0x2000f104</run_address>
         <size>0x14</size>
      </object_component>
      <object_component id="oc-fc">
         <name>.common:xDelayedTaskList2</name>
         <uninitialized>true</uninitialized>
         <run_address>0x2000f118</run_address>
         <size>0x14</size>
      </object_component>
      <object_component id="oc-fe">
         <name>.common:pxDelayedTaskList</name>
         <uninitialized>true</uninitialized>
         <run_address>0x2000f184</run_address>
         <size>0x4</size>
      </object_component>
      <object_component id="oc-ff">
         <name>.common:pxOverflowDelayedTaskList</name>
         <uninitialized>true</uninitialized>
         <run_address>0x2000f188</run_address>
         <size>0x4</size>
      </object_component>
      <object_component id="oc-fa">
         <name>.common:xPendingReadyList</name>
         <uninitialized>true</uninitialized>
         <run_address>0x2000f12c</run_address>
         <size>0x14</size>
      </object_component>
      <object_component id="oc-100">
         <name>.common:xTasksWaitingTermination</name>
         <uninitialized>true</uninitialized>
         <run_address>0x2000f154</run_address>
         <size>0x14</size>
      </object_component>
      <object_component id="oc-ee">
         <name>.common:xSuspendedTaskList</name>
         <uninitialized>true</uninitialized>
         <run_address>0x2000f140</run_address>
         <size>0x14</size>
      </object_component>
      <object_component id="oc-2a7">
         <name>.common:g_airspeed_stopwatch</name>
         <uninitialized>true</uninitialized>
         <run_address>0x2000f0dc</run_address>
         <size>0x14</size>
      </object_component>
      <object_component id="oc-2ad">
         <name>.common:g_transponder_stopwatch</name>
         <uninitialized>true</uninitialized>
         <run_address>0x2000f0f0</run_address>
         <size>0x14</size>
      </object_component>
      <object_component id="oc-1c7">
         <name>.common:xStart</name>
         <uninitialized>true</uninitialized>
         <run_address>0x2000f178</run_address>
         <size>0x8</size>
      </object_component>
      <object_component id="oc-1c9">
         <name>.common:xEnd</name>
         <uninitialized>true</uninitialized>
         <run_address>0x2000f170</run_address>
         <size>0x8</size>
      </object_component>
      <object_component id="oc-28">
         <name>.sysmem</name>
         <uninitialized>true</uninitialized>
         <run_address>0x20009878</run_address>
         <size>0x8</size>
         <input_file_ref idref="fl-14c"/>
      </object_component>
      <object_component id="oc-416">
         <name>.sysmem</name>
         <uninitialized>true</uninitialized>
         <run_address>0x20009878</run_address>
         <size>0x0</size>
      </object_component>
      <object_component id="oc-27">
         <name>.stack</name>
         <uninitialized>true</uninitialized>
         <run_address>0x20006874</run_address>
         <size>0x0</size>
         <input_file_ref idref="fl-13e"/>
      </object_component>
      <object_component id="oc-415">
         <name>.stack</name>
         <uninitialized>true</uninitialized>
         <run_address>0x20006874</run_address>
         <size>0x0</size>
      </object_component>
      <object_component id="oc-e">
         <name>.debug_info</name>
         <load_address>0x0</load_address>
         <run_address>0x0</run_address>
         <size>0xe1</size>
         <input_file_ref idref="fl-8"/>
      </object_component>
      <object_component id="oc-11">
         <name>.debug_info</name>
         <load_address>0xe1</load_address>
         <run_address>0xe1</run_address>
         <size>0xf3</size>
         <input_file_ref idref="fl-13e"/>
      </object_component>
      <object_component id="oc-18">
         <name>.debug_info</name>
         <load_address>0x1d4</load_address>
         <run_address>0x1d4</run_address>
         <size>0x194</size>
         <input_file_ref idref="fl-13f"/>
      </object_component>
      <object_component id="oc-1d">
         <name>.debug_info</name>
         <load_address>0x368</load_address>
         <run_address>0x368</run_address>
         <size>0x16a</size>
         <input_file_ref idref="fl-141"/>
      </object_component>
      <object_component id="oc-22">
         <name>.debug_info</name>
         <load_address>0x4d2</load_address>
         <run_address>0x4d2</run_address>
         <size>0x18e</size>
         <input_file_ref idref="fl-140"/>
      </object_component>
      <object_component id="oc-29">
         <name>.debug_info</name>
         <load_address>0x660</load_address>
         <run_address>0x660</run_address>
         <size>0xb6</size>
         <input_file_ref idref="fl-14c"/>
      </object_component>
      <object_component id="oc-2c">
         <name>.debug_info</name>
         <load_address>0x716</load_address>
         <run_address>0x716</run_address>
         <size>0x1ec</size>
         <input_file_ref idref="fl-8"/>
      </object_component>
      <object_component id="oc-32">
         <name>.debug_info</name>
         <load_address>0x902</load_address>
         <run_address>0x902</run_address>
         <size>0x13f</size>
         <input_file_ref idref="fl-f"/>
      </object_component>
      <object_component id="oc-37">
         <name>.debug_info</name>
         <load_address>0xa41</load_address>
         <run_address>0xa41</run_address>
         <size>0x5aa</size>
         <input_file_ref idref="fl-e"/>
      </object_component>
      <object_component id="oc-3e">
         <name>.debug_info</name>
         <load_address>0xfeb</load_address>
         <run_address>0xfeb</run_address>
         <size>0x175</size>
         <input_file_ref idref="fl-8"/>
      </object_component>
      <object_component id="oc-41">
         <name>.debug_info</name>
         <load_address>0x1160</load_address>
         <run_address>0x1160</run_address>
         <size>0x13d</size>
         <input_file_ref idref="fl-15c"/>
      </object_component>
      <object_component id="oc-45">
         <name>.debug_info</name>
         <load_address>0x129d</load_address>
         <run_address>0x129d</run_address>
         <size>0x11c</size>
         <input_file_ref idref="fl-15a"/>
      </object_component>
      <object_component id="oc-4d">
         <name>.debug_info</name>
         <load_address>0x13b9</load_address>
         <run_address>0x13b9</run_address>
         <size>0x1c2</size>
         <input_file_ref idref="fl-143"/>
      </object_component>
      <object_component id="oc-51">
         <name>.debug_info</name>
         <load_address>0x157b</load_address>
         <run_address>0x157b</run_address>
         <size>0xbe</size>
         <input_file_ref idref="fl-150"/>
      </object_component>
      <object_component id="oc-57">
         <name>.debug_info</name>
         <load_address>0x1639</load_address>
         <run_address>0x1639</run_address>
         <size>0xcc</size>
         <input_file_ref idref="fl-14b"/>
      </object_component>
      <object_component id="oc-5a">
         <name>.debug_info</name>
         <load_address>0x1705</load_address>
         <run_address>0x1705</run_address>
         <size>0x46</size>
         <input_file_ref idref="fl-13f"/>
      </object_component>
      <object_component id="oc-5f">
         <name>.debug_info</name>
         <load_address>0x174b</load_address>
         <run_address>0x174b</run_address>
         <size>0xf2</size>
         <input_file_ref idref="fl-13f"/>
      </object_component>
      <object_component id="oc-61">
         <name>.debug_info</name>
         <load_address>0x183d</load_address>
         <run_address>0x183d</run_address>
         <size>0x46</size>
         <input_file_ref idref="fl-141"/>
      </object_component>
      <object_component id="oc-66">
         <name>.debug_info</name>
         <load_address>0x1883</load_address>
         <run_address>0x1883</run_address>
         <size>0xad</size>
         <input_file_ref idref="fl-141"/>
      </object_component>
      <object_component id="oc-68">
         <name>.debug_info</name>
         <load_address>0x1930</load_address>
         <run_address>0x1930</run_address>
         <size>0x1ef</size>
         <input_file_ref idref="fl-140"/>
      </object_component>
      <object_component id="oc-6e">
         <name>.debug_info</name>
         <load_address>0x1b1f</load_address>
         <run_address>0x1b1f</run_address>
         <size>0xb7</size>
         <input_file_ref idref="fl-140"/>
      </object_component>
      <object_component id="oc-6f">
         <name>.debug_info</name>
         <load_address>0x1bd6</load_address>
         <run_address>0x1bd6</run_address>
         <size>0x39</size>
         <input_file_ref idref="fl-140"/>
      </object_component>
      <object_component id="oc-76">
         <name>.debug_info</name>
         <load_address>0x1c0f</load_address>
         <run_address>0x1c0f</run_address>
         <size>0x1d7</size>
         <input_file_ref idref="fl-14c"/>
      </object_component>
      <object_component id="oc-7a">
         <name>.debug_info</name>
         <load_address>0x1de6</load_address>
         <run_address>0x1de6</run_address>
         <size>0x2df</size>
         <input_file_ref idref="fl-a"/>
      </object_component>
      <object_component id="oc-7d">
         <name>.debug_info</name>
         <load_address>0x20c5</load_address>
         <run_address>0x20c5</run_address>
         <size>0x22fe</size>
         <input_file_ref idref="fl-a"/>
      </object_component>
      <object_component id="oc-84">
         <name>.debug_info</name>
         <load_address>0x43c3</load_address>
         <run_address>0x43c3</run_address>
         <size>0xec</size>
         <input_file_ref idref="fl-e"/>
      </object_component>
      <object_component id="oc-87">
         <name>.debug_info</name>
         <load_address>0x44af</load_address>
         <run_address>0x44af</run_address>
         <size>0x1ef</size>
         <input_file_ref idref="fl-e"/>
      </object_component>
      <object_component id="oc-88">
         <name>.debug_info</name>
         <load_address>0x469e</load_address>
         <run_address>0x469e</run_address>
         <size>0x2c</size>
         <input_file_ref idref="fl-2"/>
      </object_component>
      <object_component id="oc-8d">
         <name>.debug_info</name>
         <load_address>0x46ca</load_address>
         <run_address>0x46ca</run_address>
         <size>0x84</size>
         <input_file_ref idref="fl-2"/>
      </object_component>
      <object_component id="oc-95">
         <name>.debug_info</name>
         <load_address>0x474e</load_address>
         <run_address>0x474e</run_address>
         <size>0x14b</size>
         <input_file_ref idref="fl-15d"/>
      </object_component>
      <object_component id="oc-9c">
         <name>.debug_info</name>
         <load_address>0x4899</load_address>
         <run_address>0x4899</run_address>
         <size>0xea8</size>
         <input_file_ref idref="fl-5"/>
      </object_component>
      <object_component id="oc-a2">
         <name>.debug_info</name>
         <load_address>0x5741</load_address>
         <run_address>0x5741</run_address>
         <size>0x11b</size>
         <input_file_ref idref="fl-15a"/>
      </object_component>
      <object_component id="oc-a4">
         <name>.debug_info</name>
         <load_address>0x585c</load_address>
         <run_address>0x585c</run_address>
         <size>0xc8</size>
         <input_file_ref idref="fl-158"/>
      </object_component>
      <object_component id="oc-a7">
         <name>.debug_info</name>
         <load_address>0x5924</load_address>
         <run_address>0x5924</run_address>
         <size>0xeb</size>
         <input_file_ref idref="fl-143"/>
      </object_component>
      <object_component id="oc-aa">
         <name>.debug_info</name>
         <load_address>0x5a0f</load_address>
         <run_address>0x5a0f</run_address>
         <size>0x146</size>
         <input_file_ref idref="fl-143"/>
      </object_component>
      <object_component id="oc-af">
         <name>.debug_info</name>
         <load_address>0x5b55</load_address>
         <run_address>0x5b55</run_address>
         <size>0x2c</size>
         <input_file_ref idref="fl-13f"/>
      </object_component>
      <object_component id="oc-b6">
         <name>.debug_info</name>
         <load_address>0x5b81</load_address>
         <run_address>0x5b81</run_address>
         <size>0x2c</size>
         <input_file_ref idref="fl-141"/>
      </object_component>
      <object_component id="oc-c2">
         <name>.debug_info</name>
         <load_address>0x5bad</load_address>
         <run_address>0x5bad</run_address>
         <size>0x2c</size>
         <input_file_ref idref="fl-14c"/>
      </object_component>
      <object_component id="oc-c7">
         <name>.debug_info</name>
         <load_address>0x5bd9</load_address>
         <run_address>0x5bd9</run_address>
         <size>0x62</size>
         <input_file_ref idref="fl-14c"/>
      </object_component>
      <object_component id="oc-ce">
         <name>.debug_info</name>
         <load_address>0x5c3b</load_address>
         <run_address>0x5c3b</run_address>
         <size>0x783</size>
         <input_file_ref idref="fl-a"/>
      </object_component>
      <object_component id="oc-d1">
         <name>.debug_info</name>
         <load_address>0x63be</load_address>
         <run_address>0x63be</run_address>
         <size>0x441</size>
         <input_file_ref idref="fl-4"/>
      </object_component>
      <object_component id="oc-d7">
         <name>.debug_info</name>
         <load_address>0x67ff</load_address>
         <run_address>0x67ff</run_address>
         <size>0xe4</size>
         <input_file_ref idref="fl-a"/>
      </object_component>
      <object_component id="oc-e2">
         <name>.debug_info</name>
         <load_address>0x68e3</load_address>
         <run_address>0x68e3</run_address>
         <size>0x1a0</size>
         <input_file_ref idref="fl-14a"/>
      </object_component>
      <object_component id="oc-eb">
         <name>.debug_info</name>
         <load_address>0x6a83</load_address>
         <run_address>0x6a83</run_address>
         <size>0x182</size>
         <input_file_ref idref="fl-155"/>
      </object_component>
      <object_component id="oc-f0">
         <name>.debug_info</name>
         <load_address>0x6c05</load_address>
         <run_address>0x6c05</run_address>
         <size>0x4ef</size>
         <input_file_ref idref="fl-d"/>
      </object_component>
      <object_component id="oc-f8">
         <name>.debug_info</name>
         <load_address>0x70f4</load_address>
         <run_address>0x70f4</run_address>
         <size>0xfc</size>
         <input_file_ref idref="fl-14d"/>
      </object_component>
      <object_component id="oc-102">
         <name>.debug_info</name>
         <load_address>0x71f0</load_address>
         <run_address>0x71f0</run_address>
         <size>0x16d</size>
         <input_file_ref idref="fl-2"/>
      </object_component>
      <object_component id="oc-107">
         <name>.debug_info</name>
         <load_address>0x735d</load_address>
         <run_address>0x735d</run_address>
         <size>0x2c</size>
         <input_file_ref idref="fl-2"/>
      </object_component>
      <object_component id="oc-110">
         <name>.debug_info</name>
         <load_address>0x7389</load_address>
         <run_address>0x7389</run_address>
         <size>0x14c</size>
         <input_file_ref idref="fl-2"/>
      </object_component>
      <object_component id="oc-115">
         <name>.debug_info</name>
         <load_address>0x74d5</load_address>
         <run_address>0x74d5</run_address>
         <size>0x775</size>
         <input_file_ref idref="fl-2"/>
      </object_component>
      <object_component id="oc-118">
         <name>.debug_info</name>
         <load_address>0x7c4a</load_address>
         <run_address>0x7c4a</run_address>
         <size>0x148</size>
         <input_file_ref idref="fl-15d"/>
      </object_component>
      <object_component id="oc-11a">
         <name>.debug_info</name>
         <load_address>0x7d92</load_address>
         <run_address>0x7d92</run_address>
         <size>0x2cb</size>
         <input_file_ref idref="fl-174"/>
      </object_component>
      <object_component id="oc-11e">
         <name>.debug_info</name>
         <load_address>0x805d</load_address>
         <run_address>0x805d</run_address>
         <size>0x1d6</size>
         <input_file_ref idref="fl-174"/>
      </object_component>
      <object_component id="oc-122">
         <name>.debug_info</name>
         <load_address>0x8233</load_address>
         <run_address>0x8233</run_address>
         <size>0x1e2</size>
         <input_file_ref idref="fl-178"/>
      </object_component>
      <object_component id="oc-126">
         <name>.debug_info</name>
         <load_address>0x8415</load_address>
         <run_address>0x8415</run_address>
         <size>0x19f</size>
         <input_file_ref idref="fl-177"/>
      </object_component>
      <object_component id="oc-12a">
         <name>.debug_info</name>
         <load_address>0x85b4</load_address>
         <run_address>0x85b4</run_address>
         <size>0xc12</size>
         <input_file_ref idref="fl-7"/>
      </object_component>
      <object_component id="oc-130">
         <name>.debug_info</name>
         <load_address>0x91c6</load_address>
         <run_address>0x91c6</run_address>
         <size>0x6a2</size>
         <input_file_ref idref="fl-3"/>
      </object_component>
      <object_component id="oc-136">
         <name>.debug_info</name>
         <load_address>0x9868</load_address>
         <run_address>0x9868</run_address>
         <size>0xaa7</size>
         <input_file_ref idref="fl-c"/>
      </object_component>
      <object_component id="oc-13c">
         <name>.debug_info</name>
         <load_address>0xa30f</load_address>
         <run_address>0xa30f</run_address>
         <size>0x511</size>
         <input_file_ref idref="fl-2"/>
      </object_component>
      <object_component id="oc-142">
         <name>.debug_info</name>
         <load_address>0xa820</load_address>
         <run_address>0xa820</run_address>
         <size>0x18f7</size>
         <input_file_ref idref="fl-6"/>
      </object_component>
      <object_component id="oc-148">
         <name>.debug_info</name>
         <load_address>0xc117</load_address>
         <run_address>0xc117</run_address>
         <size>0x67c</size>
         <input_file_ref idref="fl-9"/>
      </object_component>
      <object_component id="oc-14e">
         <name>.debug_info</name>
         <load_address>0xc793</load_address>
         <run_address>0xc793</run_address>
         <size>0x95a</size>
         <input_file_ref idref="fl-5"/>
      </object_component>
      <object_component id="oc-157">
         <name>.debug_info</name>
         <load_address>0xd0ed</load_address>
         <run_address>0xd0ed</run_address>
         <size>0x153</size>
         <input_file_ref idref="fl-153"/>
      </object_component>
      <object_component id="oc-15d">
         <name>.debug_info</name>
         <load_address>0xd240</load_address>
         <run_address>0xd240</run_address>
         <size>0x855</size>
         <input_file_ref idref="fl-14c"/>
      </object_component>
      <object_component id="oc-163">
         <name>.debug_info</name>
         <load_address>0xda95</load_address>
         <run_address>0xda95</run_address>
         <size>0x1b0</size>
         <input_file_ref idref="fl-154"/>
      </object_component>
      <object_component id="oc-16a">
         <name>.debug_info</name>
         <load_address>0xdc45</load_address>
         <run_address>0xdc45</run_address>
         <size>0x53f</size>
         <input_file_ref idref="fl-3"/>
      </object_component>
      <object_component id="oc-16c">
         <name>.debug_info</name>
         <load_address>0xe184</load_address>
         <run_address>0xe184</run_address>
         <size>0x5ec</size>
         <input_file_ref idref="fl-b"/>
      </object_component>
      <object_component id="oc-16f">
         <name>.debug_info</name>
         <load_address>0xe770</load_address>
         <run_address>0xe770</run_address>
         <size>0xd0</size>
         <input_file_ref idref="fl-5"/>
      </object_component>
      <object_component id="oc-172">
         <name>.debug_info</name>
         <load_address>0xe840</load_address>
         <run_address>0xe840</run_address>
         <size>0xd0</size>
         <input_file_ref idref="fl-5"/>
      </object_component>
      <object_component id="oc-175">
         <name>.debug_info</name>
         <load_address>0xe910</load_address>
         <run_address>0xe910</run_address>
         <size>0x16b</size>
         <input_file_ref idref="fl-5"/>
      </object_component>
      <object_component id="oc-178">
         <name>.debug_info</name>
         <load_address>0xea7b</load_address>
         <run_address>0xea7b</run_address>
         <size>0xf1</size>
         <input_file_ref idref="fl-5"/>
      </object_component>
      <object_component id="oc-17f">
         <name>.debug_info</name>
         <load_address>0xeb6c</load_address>
         <run_address>0xeb6c</run_address>
         <size>0x2b5</size>
         <input_file_ref idref="fl-14f"/>
      </object_component>
      <object_component id="oc-186">
         <name>.debug_info</name>
         <load_address>0xee21</load_address>
         <run_address>0xee21</run_address>
         <size>0x90</size>
         <input_file_ref idref="fl-5"/>
      </object_component>
      <object_component id="oc-18b">
         <name>.debug_info</name>
         <load_address>0xeeb1</load_address>
         <run_address>0xeeb1</run_address>
         <size>0x9e</size>
         <input_file_ref idref="fl-5"/>
      </object_component>
      <object_component id="oc-190">
         <name>.debug_info</name>
         <load_address>0xef4f</load_address>
         <run_address>0xef4f</run_address>
         <size>0x9e</size>
         <input_file_ref idref="fl-2"/>
      </object_component>
      <object_component id="oc-197">
         <name>.debug_info</name>
         <load_address>0xefed</load_address>
         <run_address>0xefed</run_address>
         <size>0x5e</size>
         <input_file_ref idref="fl-15a"/>
      </object_component>
      <object_component id="oc-19d">
         <name>.debug_info</name>
         <load_address>0xf04b</load_address>
         <run_address>0xf04b</run_address>
         <size>0x1d4</size>
         <input_file_ref idref="fl-158"/>
      </object_component>
      <object_component id="oc-1a4">
         <name>.debug_info</name>
         <load_address>0xf21f</load_address>
         <run_address>0xf21f</run_address>
         <size>0xd9</size>
         <input_file_ref idref="fl-158"/>
      </object_component>
      <object_component id="oc-1ac">
         <name>.debug_info</name>
         <load_address>0xf2f8</load_address>
         <run_address>0xf2f8</run_address>
         <size>0xc6</size>
         <input_file_ref idref="fl-a"/>
      </object_component>
      <object_component id="oc-1b1">
         <name>.debug_info</name>
         <load_address>0xf3be</load_address>
         <run_address>0xf3be</run_address>
         <size>0xc8</size>
         <input_file_ref idref="fl-a"/>
      </object_component>
      <object_component id="oc-1b7">
         <name>.debug_info</name>
         <load_address>0xf486</load_address>
         <run_address>0xf486</run_address>
         <size>0x139</size>
         <input_file_ref idref="fl-4"/>
      </object_component>
      <object_component id="oc-1bb">
         <name>.debug_info</name>
         <load_address>0xf5bf</load_address>
         <run_address>0xf5bf</run_address>
         <size>0xaa</size>
         <input_file_ref idref="fl-14a"/>
      </object_component>
      <object_component id="oc-1bd">
         <name>.debug_info</name>
         <load_address>0xf669</load_address>
         <run_address>0xf669</run_address>
         <size>0xab</size>
         <input_file_ref idref="fl-155"/>
      </object_component>
      <object_component id="oc-1bf">
         <name>.debug_info</name>
         <load_address>0xf714</load_address>
         <run_address>0xf714</run_address>
         <size>0xf2</size>
         <input_file_ref idref="fl-d"/>
      </object_component>
      <object_component id="oc-1c2">
         <name>.debug_info</name>
         <load_address>0xf806</load_address>
         <run_address>0xf806</run_address>
         <size>0x24c</size>
         <input_file_ref idref="fl-d"/>
      </object_component>
      <object_component id="oc-1c5">
         <name>.debug_info</name>
         <load_address>0xfa52</load_address>
         <run_address>0xfa52</run_address>
         <size>0xd6</size>
         <input_file_ref idref="fl-d"/>
      </object_component>
      <object_component id="oc-1cb">
         <name>.debug_info</name>
         <load_address>0xfb28</load_address>
         <run_address>0xfb28</run_address>
         <size>0xea</size>
         <input_file_ref idref="fl-d"/>
      </object_component>
      <object_component id="oc-1ce">
         <name>.debug_info</name>
         <load_address>0xfc12</load_address>
         <run_address>0xfc12</run_address>
         <size>0x110</size>
         <input_file_ref idref="fl-4"/>
      </object_component>
      <object_component id="oc-1d6">
         <name>.debug_info</name>
         <load_address>0xfd22</load_address>
         <run_address>0xfd22</run_address>
         <size>0x2c</size>
         <input_file_ref idref="fl-2"/>
      </object_component>
      <object_component id="oc-1db">
         <name>.debug_info</name>
         <load_address>0xfd4e</load_address>
         <run_address>0xfd4e</run_address>
         <size>0x2c</size>
         <input_file_ref idref="fl-2"/>
      </object_component>
      <object_component id="oc-1e0">
         <name>.debug_info</name>
         <load_address>0xfd7a</load_address>
         <run_address>0xfd7a</run_address>
         <size>0x2c</size>
         <input_file_ref idref="fl-2"/>
      </object_component>
      <object_component id="oc-1e5">
         <name>.debug_info</name>
         <load_address>0xfda6</load_address>
         <run_address>0xfda6</run_address>
         <size>0x46</size>
         <input_file_ref idref="fl-2"/>
      </object_component>
      <object_component id="oc-1ec">
         <name>.debug_info</name>
         <load_address>0xfdec</load_address>
         <run_address>0xfdec</run_address>
         <size>0xcd</size>
         <input_file_ref idref="fl-15d"/>
      </object_component>
      <object_component id="oc-1f3">
         <name>.debug_info</name>
         <load_address>0xfeb9</load_address>
         <run_address>0xfeb9</run_address>
         <size>0x84</size>
         <input_file_ref idref="fl-172"/>
      </object_component>
      <object_component id="oc-1f7">
         <name>.debug_info</name>
         <load_address>0xff3d</load_address>
         <run_address>0xff3d</run_address>
         <size>0x4c2</size>
         <input_file_ref idref="fl-174"/>
      </object_component>
      <object_component id="oc-1f9">
         <name>.debug_info</name>
         <load_address>0x103ff</load_address>
         <run_address>0x103ff</run_address>
         <size>0x1ae</size>
         <input_file_ref idref="fl-174"/>
      </object_component>
      <object_component id="oc-1fc">
         <name>.debug_info</name>
         <load_address>0x105ad</load_address>
         <run_address>0x105ad</run_address>
         <size>0x246</size>
         <input_file_ref idref="fl-178"/>
      </object_component>
      <object_component id="oc-200">
         <name>.debug_info</name>
         <load_address>0x107f3</load_address>
         <run_address>0x107f3</run_address>
         <size>0x200</size>
         <input_file_ref idref="fl-178"/>
      </object_component>
      <object_component id="oc-205">
         <name>.debug_info</name>
         <load_address>0x109f3</load_address>
         <run_address>0x109f3</run_address>
         <size>0x173</size>
         <input_file_ref idref="fl-179"/>
      </object_component>
      <object_component id="oc-209">
         <name>.debug_info</name>
         <load_address>0x10b66</load_address>
         <run_address>0x10b66</run_address>
         <size>0x2c</size>
         <input_file_ref idref="fl-172"/>
      </object_component>
      <object_component id="oc-20e">
         <name>.debug_info</name>
         <load_address>0x10b92</load_address>
         <run_address>0x10b92</run_address>
         <size>0x19b</size>
         <input_file_ref idref="fl-175"/>
      </object_component>
      <object_component id="oc-212">
         <name>.debug_info</name>
         <load_address>0x10d2d</load_address>
         <run_address>0x10d2d</run_address>
         <size>0x1f4</size>
         <input_file_ref idref="fl-178"/>
      </object_component>
      <object_component id="oc-216">
         <name>.debug_info</name>
         <load_address>0x10f21</load_address>
         <run_address>0x10f21</run_address>
         <size>0x248</size>
[...]
      </symbol>
      <symbol id="sm-46d">
         <name>test_one_frequency_mod</name>
         <value>0x343f</value>
         <object_component_ref idref="oc-135"/>
      </symbol>
      <symbol id="sm-46e">
         <name>transponder_pulse_isr</name>
         <value>0x32c7</value>
         <object_component_ref idref="oc-135"/>
      </symbol>
      <symbol id="sm-46f">
         <name>test_b_output_toggle</name>
         <value>0x330d</value>
         <object_component_ref idref="oc-135"/>
      </symbol>
      <symbol id="sm-470">
         <name>InitGPIO</name>
         <value>0x352b</value>
         <object_component_ref idref="oc-135"/>
      </symbol>
      <symbol id="sm-471">
         <name>g_airspeed_pulse_count</name>
         <value>0x2000682c</value>
         <object_component_ref idref="oc-2a1"/>
      </symbol>
      <symbol id="sm-4b5">
         <name>vPortInitialiseBlocks</name>
         <value>0x3fcf</value>
         <object_component_ref idref="oc-ef"/>
      </symbol>
      <symbol id="sm-4b6">
         <name>xPortGetFreeHeapSize</name>
         <value>0x3fc9</value>
         <object_component_ref idref="oc-ef"/>
      </symbol>
      <symbol id="sm-4b7">
         <name>pvPortMalloc</name>
         <value>0x3e35</value>
         <object_component_ref idref="oc-ef"/>
      </symbol>
      <symbol id="sm-4b8">
         <name>vPortFree</name>
         <value>0x3f67</value>
         <object_component_ref idref="oc-ef"/>
      </symbol>
      <symbol id="sm-4db">
         <name>vPortEndScheduler</name>
         <value>0x481d</value>
         <object_component_ref idref="oc-36"/>
      </symbol>
      <symbol id="sm-4dc">
         <name>xPortSysTickHandler</name>
         <value>0x484f</value>
         <object_component_ref idref="oc-36"/>
      </symbol>
      <symbol id="sm-4dd">
         <name>vPortYieldFromISR</name>
         <value>0x481f</value>
         <object_component_ref idref="oc-36"/>
      </symbol>
      <symbol id="sm-4de">
         <name>pxPortInitialiseStack</name>
         <value>0x47ad</value>
         <object_component_ref idref="oc-36"/>
      </symbol>
      <symbol id="sm-4df">
         <name>vPortExitCritical</name>
         <value>0x4839</value>
         <object_component_ref idref="oc-36"/>
      </symbol>
      <symbol id="sm-4e0">
         <name>xPortStartScheduler</name>
         <value>0x47f5</value>
         <object_component_ref idref="oc-36"/>
      </symbol>
      <symbol id="sm-4e1">
         <name>vPortEnterCritical</name>
         <value>0x4829</value>
         <object_component_ref idref="oc-36"/>
      </symbol>
      <symbol id="sm-4ec">
         <name>vPortStartFirstTask</name>
         <value>0x49d1</value>
         <object_component_ref idref="oc-31"/>
      </symbol>
      <symbol id="sm-4ed">
         <name>vPortEnableVFP</name>
         <value>0x49e3</value>
         <object_component_ref idref="oc-31"/>
      </symbol>
      <symbol id="sm-4ee">
         <name>xPortPendSVHandler</name>
         <value>0x495d</value>
         <object_component_ref idref="oc-31"/>
      </symbol>
      <symbol id="sm-4ef">
         <name>vPortClearInterruptMask</name>
         <value>0x49a5</value>
         <object_component_ref idref="oc-31"/>
      </symbol>
      <symbol id="sm-4f0">
         <name>vPortSetInterruptMask</name>
         <value>0x4997</value>
         <object_component_ref idref="oc-31"/>
      </symbol>
      <symbol id="sm-4f1">
         <name>vPortSVCHandler</name>
         <value>0x49b3</value>
         <object_component_ref idref="oc-31"/>
      </symbol>
      <symbol id="sm-501">
         <name>_c_int00</name>
         <value>0x5125</value>
         <object_component_ref idref="oc-10"/>
      </symbol>
      <symbol id="sm-502">
         <name>__stack</name>
         <value>0x20006874</value>
         <object_component_ref idref="oc-27"/>
      </symbol>
      <symbol id="sm-519">
         <name>__TI_decompress_none</name>
         <value>0x53e1</value>
         <object_component_ref idref="oc-15"/>
      </symbol>
      <symbol id="sm-53d">
         <name>__TI_decompress_rle24</name>
         <value>0x5491</value>
         <object_component_ref idref="oc-21"/>
      </symbol>
      <symbol id="sm-556">
         <name>__TI_zero_init</name>
         <value>0x539d</value>
         <object_component_ref idref="oc-1b"/>
      </symbol>
      <symbol id="sm-576">
         <name>C$$EXIT</name>
         <value>0x4fe1</value>
         <object_component_ref idref="oc-4a"/>
      </symbol>
      <symbol id="sm-577">
         <name>abort</name>
         <value>0x4fe5</value>
         <object_component_ref idref="oc-4a"/>
      </symbol>
      <symbol id="sm-578">
         <name>exit</name>
         <value>0x4fed</value>
         <object_component_ref idref="oc-4a"/>
      </symbol>
      <symbol id="sm-579">
         <name>__TI_dtors_ptr</name>
         <value>0x20006868</value>
         <object_component_ref idref="oc-a6"/>
      </symbol>
      <symbol id="sm-57a">
         <name>__TI_cleanup_ptr</name>
         <value>0x20006864</value>
         <object_component_ref idref="oc-a6"/>
      </symbol>
      <symbol id="sm-58e">
         <name>__aeabi_ddiv</name>
         <value>0x444d</value>
         <object_component_ref idref="oc-298"/>
      </symbol>
      <symbol id="sm-599">
         <name>__aeabi_dmul</name>
         <value>0x46b1</value>
         <object_component_ref idref="oc-28a"/>
      </symbol>
      <symbol id="sm-5a3">
         <name>__aeabi_d2uiz</name>
         <value>0x5025</value>
         <object_component_ref idref="oc-28f"/>
      </symbol>
      <symbol id="sm-5ae">
         <name>__aeabi_i2d</name>
         <value>0x51b7</value>
         <object_component_ref idref="oc-285"/>
      </symbol>
      <symbol id="sm-5c4">
         <name>memcmp</name>
         <value>0x520b</value>
         <object_component_ref idref="oc-de"/>
      </symbol>
      <symbol id="sm-5df">
         <name>memcpy</name>
         <value>0x49f5</value>
         <object_component_ref idref="oc-54"/>
      </symbol>
      <symbol id="sm-5e0">
         <name>__aeabi_memcpy</name>
         <value>0x49f5</value>
         <object_component_ref idref="oc-54"/>
      </symbol>
      <symbol id="sm-5e1">
         <name>__aeabi_memcpy8</name>
         <value>0x49f5</value>
         <object_component_ref idref="oc-54"/>
      </symbol>
      <symbol id="sm-5e2">
         <name>__aeabi_memcpy4</name>
         <value>0x49f5</value>
         <object_component_ref idref="oc-54"/>
      </symbol>
      <symbol id="sm-657">
         <name>_sys_memory</name>
         <value>0x20009878</value>
         <object_component_ref idref="oc-28"/>
      </symbol>
      <symbol id="sm-658">
         <name>free</name>
         <value>0x2fa3</value>
         <object_component_ref idref="oc-15b"/>
      </symbol>
      <symbol id="sm-659">
         <name>realloc</name>
         <value>0x3063</value>
         <object_component_ref idref="oc-15b"/>
      </symbol>
      <symbol id="sm-65a">
         <name>memalign</name>
         <value>0x3169</value>
         <object_component_ref idref="oc-15b"/>
      </symbol>
      <symbol id="sm-65b">
         <name>calloc</name>
         <value>0x3249</value>
         <object_component_ref idref="oc-15b"/>
      </symbol>
      <symbol id="sm-65c">
         <name>malloc</name>
         <value>0x2f41</value>
         <object_component_ref idref="oc-15b"/>
      </symbol>
      <symbol id="sm-65d">
         <name>minit</name>
         <value>0x2eb5</value>
         <object_component_ref idref="oc-15b"/>
      </symbol>
      <symbol id="sm-66c">
         <name>__aeabi_memset</name>
         <value>0x4c33</value>
         <object_component_ref idref="oc-f5"/>
      </symbol>
      <symbol id="sm-66d">
         <name>memset</name>
         <value>0x4c39</value>
         <object_component_ref idref="oc-f5"/>
      </symbol>
      <symbol id="sm-66e">
         <name>__aeabi_memset8</name>
         <value>0x4c33</value>
         <object_component_ref idref="oc-f5"/>
      </symbol>
      <symbol id="sm-66f">
         <name>__aeabi_memset4</name>
         <value>0x4c33</value>
         <object_component_ref idref="oc-f5"/>
      </symbol>
      <symbol id="sm-670">
         <name>__aeabi_memclr8</name>
         <value>0x4c31</value>
         <object_component_ref idref="oc-f5"/>
      </symbol>
      <symbol id="sm-671">
         <name>__aeabi_memclr4</name>
         <value>0x4c31</value>
         <object_component_ref idref="oc-f5"/>
      </symbol>
      <symbol id="sm-672">
         <name>__aeabi_memclr</name>
         <value>0x4c31</value>
         <object_component_ref idref="oc-f5"/>
      </symbol>
      <symbol id="sm-687">
         <name>sprintf</name>
         <value>0x4d0d</value>
         <object_component_ref idref="oc-17b"/>
      </symbol>
      <symbol id="sm-68f">
         <name>main_func_sp</name>
         <value>0x20006870</value>
         <object_component_ref idref="oc-50"/>
      </symbol>
      <symbol id="sm-69f">
         <name>strlen</name>
         <value>0x5341</value>
         <object_component_ref idref="oc-155"/>
      </symbol>
      <symbol id="sm-6af">
         <name>strncmp</name>
         <value>0x51e5</value>
         <object_component_ref idref="oc-161"/>
      </symbol>
      <symbol id="sm-6bf">
         <name>strncpy</name>
         <value>0x5159</value>
         <object_component_ref idref="oc-e7"/>
      </symbol>
      <symbol id="sm-6da">
         <name>_nop</name>
         <value>0x533b</value>
         <object_component_ref idref="oc-19c"/>
      </symbol>
      <symbol id="sm-6db">
         <name>_lock</name>
         <value>0x2000685c</value>
         <object_component_ref idref="oc-a3"/>
      </symbol>
      <symbol id="sm-6dc">
         <name>_unlock</name>
         <value>0x20006860</value>
         <object_component_ref idref="oc-a3"/>
      </symbol>
      <symbol id="sm-6dd">
         <name>_register_lock</name>
         <value>0x5333</value>
         <object_component_ref idref="oc-19c"/>
      </symbol>
      <symbol id="sm-6de">
         <name>_register_unlock</name>
         <value>0x532d</value>
         <object_component_ref idref="oc-19c"/>
      </symbol>
      <symbol id="sm-7ca">
         <name>__TI_printfi</name>
         <value>0xca3</value>
         <object_component_ref idref="oc-2e0"/>
      </symbol>
      <symbol id="sm-7de">
         <name>_args_main</name>
         <value>0x52bd</value>
         <object_component_ref idref="oc-44"/>
      </symbol>
      <symbol id="sm-7f4">
         <name>atoi</name>
         <value>0x4e7d</value>
         <object_component_ref idref="oc-395"/>
      </symbol>
      <symbol id="sm-811">
         <name>__TI_auto_init</name>
         <value>0x4a91</value>
         <object_component_ref idref="oc-3f"/>
      </symbol>
      <symbol id="sm-82a">
         <name>copy_in</name>
         <value>0x4f9d</value>
         <object_component_ref idref="oc-94"/>
      </symbol>
      <symbol id="sm-835">
         <name>_ctypes_</name>
         <value>0x567c</value>
         <object_component_ref idref="oc-3d6"/>
      </symbol>
      <symbol id="sm-84c">
         <name>__aeabi_dsub</name>
         <value>0x3ff1</value>
         <object_component_ref idref="oc-384"/>
      </symbol>
      <symbol id="sm-84d">
         <name>__aeabi_dadd</name>
         <value>0x3ffb</value>
         <object_component_ref idref="oc-384"/>
      </symbol>
      <symbol id="sm-86f">
         <name>__aeabi_cdcmpeq</name>
         <value>0x4b25</value>
         <object_component_ref idref="oc-36f"/>
      </symbol>
      <symbol id="sm-870">
         <name>__aeabi_cdcmple</name>
         <value>0x4b25</value>
         <object_component_ref idref="oc-36f"/>
      </symbol>
      <symbol id="sm-871">
         <name>__aeabi_cdrcmple</name>
         <value>0x4bab</value>
         <object_component_ref idref="oc-374"/>
      </symbol>
      <symbol id="sm-87b">
         <name>__aeabi_d2iz</name>
         <value>0x4f11</value>
         <object_component_ref idref="oc-379"/>
      </symbol>
      <symbol id="sm-886">
         <name>__aeabi_lmul</name>
         <value>0x52d5</value>
         <object_component_ref idref="oc-36a"/>
      </symbol>
      <symbol id="sm-895">
         <name>ltoa</name>
         <value>0x4dcb</value>
         <object_component_ref idref="oc-37e"/>
      </symbol>
      <symbol id="sm-8a5">
         <name>memccpy</name>
         <value>0x5289</value>
         <object_component_ref idref="oc-38f"/>
      </symbol>
      <symbol id="sm-8c3">
         <name>__aeabi_uldivmod</name>
         <value>0x3a69</value>
         <object_component_ref idref="oc-365"/>
      </symbol>
      <symbol id="sm-8cd">
         <name>_Dclass</name>
         <value>0x53ef</value>
         <object_component_ref idref="oc-389"/>
      </symbol>
      <symbol id="sm-8df">
         <name>_Dtest</name>
         <value>0x5069</value>
         <object_component_ref idref="oc-3cd"/>
      </symbol>
      <symbol id="sm-951">
         <name>UARTCharPutNonBlocking</name>
         <value>0x53d1</value>
         <object_component_ref idref="oc-253"/>
      </symbol>
      <symbol id="sm-952">
         <name>UARTConfigSetExpClk</name>
         <value>0x50ad</value>
         <object_component_ref idref="oc-25f"/>
      </symbol>
      <symbol id="sm-953">
         <name>UARTDisable</name>
         <value>0x526d</value>
         <object_component_ref idref="oc-329"/>
      </symbol>
      <symbol id="sm-954">
         <name>UARTIntEnable</name>
         <value>0x5471</value>
         <object_component_ref idref="oc-26f"/>
      </symbol>
      <symbol id="sm-955">
         <name>UARTCharsAvail</name>
         <value>0x5415</value>
         <object_component_ref idref="oc-24f"/>
      </symbol>
      <symbol id="sm-956">
         <name>UARTCharGetNonBlocking</name>
         <value>0x53c1</value>
         <object_component_ref idref="oc-24b"/>
      </symbol>
      <symbol id="sm-957">
         <name>UARTEnable</name>
         <value>0x5317</value>
         <object_component_ref idref="oc-263"/>
      </symbol>
      <symbol id="sm-958">
         <name>UARTIntClear</name>
         <value>0x5497</value>
         <object_component_ref idref="oc-247"/>
      </symbol>
      <symbol id="sm-959">
         <name>UARTIntStatus</name>
         <value>0x545f</value>
         <object_component_ref idref="oc-243"/>
      </symbol>
      <symbol id="sm-95a">
         <name>UARTIntRegister</name>
         <value>0x52a3</value>
         <object_component_ref idref="oc-267"/>
      </symbol>
      <symbol id="sm-96c">
         <name>SysTickPeriodGet</name>
         <value>0x53b1</value>
         <object_component_ref idref="oc-2c4"/>
      </symbol>
      <symbol id="sm-96d">
         <name>SysTickValueGet</name>
         <value>0x5409</value>
         <object_component_ref idref="oc-2c0"/>
      </symbol>
      <symbol id="sm-9e0">
         <name>SysCtlClockSet</name>
         <value>0x4309</value>
         <object_component_ref idref="oc-119"/>
      </symbol>
      <symbol id="sm-9e1">
         <name>SysCtlDelay</name>
         <value>0x548b</value>
         <object_component_ref idref="oc-1f1"/>
      </symbol>
      <symbol id="sm-9e2">
         <name>SysCtlPeripheralEnable</name>
         <value>0x4e25</value>
         <object_component_ref idref="oc-11d"/>
      </symbol>
      <symbol id="sm-9e3">
         <name>SysCtlClockGet</name>
         <value>0x3c5d</value>
         <object_component_ref idref="oc-220"/>
      </symbol>
      <symbol id="sm-a17">
         <name>SSIDataPut</name>
         <value>0x5441</value>
         <object_component_ref idref="oc-215"/>
      </symbol>
      <symbol id="sm-a18">
         <name>SSIDataGetNonBlocking</name>
         <value>0x538b</value>
         <object_component_ref idref="oc-230"/>
      </symbol>
      <symbol id="sm-a19">
         <name>SSIConfigSetExpClk</name>
         <value>0x4f59</value>
         <object_component_ref idref="oc-224"/>
      </symbol>
      <symbol id="sm-a1a">
         <name>SSIEnable</name>
         <value>0x5455</value>
         <object_component_ref idref="oc-22c"/>
      </symbol>
      <symbol id="sm-a1b">
         <name>SSIBusy</name>
         <value>0x5469</value>
         <object_component_ref idref="oc-20d"/>
      </symbol>
      <symbol id="sm-a1c">
         <name>SSIDisable</name>
         <value>0x544b</value>
         <object_component_ref idref="oc-21c"/>
      </symbol>
      <symbol id="sm-a46">
         <name>PWMGenPeriodSet</name>
         <value>0x5303</value>
         <object_component_ref idref="oc-294"/>
      </symbol>
      <symbol id="sm-a47">
         <name>PWMGenDisable</name>
         <value>0x5437</value>
         <object_component_ref idref="oc-279"/>
      </symbol>
      <symbol id="sm-a48">
         <name>PWMPulseWidthSet</name>
         <value>0x524d</value>
         <object_component_ref idref="oc-29d"/>
      </symbol>
      <symbol id="sm-a49">
         <name>PWMGenIntClear</name>
         <value>0x5485</value>
         <object_component_ref idref="oc-275"/>
      </symbol>
      <symbol id="sm-a4a">
         <name>PWMOutputState</name>
         <value>0x52ed</value>
         <object_component_ref idref="oc-27d"/>
      </symbol>
      <symbol id="sm-a83">
         <name>IntEnable</name>
         <value>0x4ca9</value>
         <object_component_ref idref="oc-26b"/>
      </symbol>
      <symbol id="sm-a84">
         <name>IntRegister</name>
         <value>0x50f1</value>
         <object_component_ref idref="oc-333"/>
      </symbol>
      <symbol id="sm-a85">
         <name>g_pfnRAMVectors</name>
         <value>0x20000000</value>
         <object_component_ref idref="oc-3bc"/>
      </symbol>
      <symbol id="sm-a86">
         <name>IntMasterEnable</name>
         <value>0x542d</value>
         <object_component_ref idref="oc-125"/>
      </symbol>
      <symbol id="sm-adc">
         <name>GPIOPinIntClear</name>
         <value>0x5479</value>
         <object_component_ref idref="oc-281"/>
      </symbol>
      <symbol id="sm-add">
         <name>GPIOPinConfigure</name>
         <value>0x4ec9</value>
         <object_component_ref idref="oc-257"/>
      </symbol>
      <symbol id="sm-ade">
         <name>GPIOPinTypeUART</name>
         <value>0x5379</value>
         <object_component_ref idref="oc-25b"/>
      </symbol>
      <symbol id="sm-adf">
         <name>GPIOPinTypeGPIOOutput</name>
         <value>0x5355</value>
         <object_component_ref idref="oc-121"/>
      </symbol>
      <symbol id="sm-ae0">
         <name>GPIODirModeSet</name>
         <value>0x5189</value>
         <object_component_ref idref="oc-1ff"/>
      </symbol>
      <symbol id="sm-ae1">
         <name>GPIOPinWrite</name>
         <value>0x547f</value>
         <object_component_ref idref="oc-211"/>
      </symbol>
      <symbol id="sm-ae2">
         <name>GPIOPadConfigSet</name>
         <value>0x4891</value>
         <object_component_ref idref="oc-1fb"/>
      </symbol>
      <symbol id="sm-ae3">
         <name>GPIOPinTypeSSI</name>
         <value>0x5367</value>
         <object_component_ref idref="oc-228"/>
      </symbol>
      <symbol id="sm-aeb">
         <name>CPUcpsie</name>
         <value>0x53fd</value>
         <object_component_ref idref="oc-204"/>
      </symbol>
      <symbol id="sm-aec">
         <name>__TI_static_base__</name>
         <value>0x0</value>
      </symbol>
      <symbol id="sm-aed">
         <name>__TI_args_main</name>
         <value>0x1</value>
      </symbol>
      <symbol id="sm-aee">
         <name>SHT$$INIT_ARRAY$$Limit</name>
         <value>0x0</value>
      </symbol>
      <symbol id="sm-aef">
         <name>SHT$$INIT_ARRAY$$Base</name>
         <value>0x0</value>
      </symbol>
   </symbol_table>
   <title>Link successful</title>
</link_info>
